2026-08-31T11:30:40.0429830Z Current runner version: '2.336.0'
2026-08-31T11:30:40.0451430Z ##[group]Runner Image Provisioner
2026-08-31T11:30:40.0452080Z Hosted Compute Agent
2026-08-31T11:30:40.0452470Z Version: 20260707.563
2026-08-31T11:30:40.0452920Z Commit: 02667638d2b423fbc733a8e32a88b44996a3ba6e
2026-08-31T11:30:40.0453540Z Build Date: 2026-07-07T19:33:50Z
2026-08-31T11:30:40.0454020Z Worker ID: {9064e38e-c956-4880-b13f-eb8971085139}
2026-08-31T11:30:40.0454620Z Azure Region: westus
2026-08-31T11:30:40.0455080Z ##[endgroup]
2026-08-31T11:30:40.0456290Z ##[group]Operating System
2026-08-31T11:30:40.0456700Z macOS
2026-08-31T11:30:40.0457100Z 26.5.2
2026-08-31T11:30:40.0457500Z 25F84
2026-08-31T11:30:40.0457840Z ##[endgroup]
2026-08-31T11:30:40.0458210Z ##[group]Runner Image
2026-08-31T11:30:40.0458610Z Image: macos-26-arm64
2026-08-31T11:30:40.0459010Z Version: 20260728.0273.1
2026-08-31T11:30:40.0460650Z Included Software: https://github.com/actions/runner-images/blob/macos-26-arm64/20260728.0273/images/macos/macos-26-arm64-Readme.md
2026-08-31T11:30:40.0462230Z Image Release: https://github.com/actions/runner-images/releases/tag/macos-26-arm64%2F20260728.0273
2026-08-31T11:30:40.0463030Z ##[endgroup]
2026-08-31T11:30:40.0463950Z ##[group]GITHUB_TOKEN Permissions
2026-08-31T11:30:40.0465890Z Contents: read
2026-08-31T11:30:40.0466280Z Metadata: read
2026-08-31T11:30:40.0466660Z Packages: read
2026-08-31T11:30:40.0467580Z ##[endgroup]
2026-08-31T11:30:40.0469470Z Secret source: Actions
2026-08-31T11:30:40.0470180Z Prepare workflow directory
2026-08-31T11:30:40.0873080Z Prepare all required actions
2026-08-31T11:30:40.0921520Z Getting action download info
2026-08-31T11:30:40.4267420Z Download action repository 'actions/checkout@v4' (SHA:11d5960a326750d5838078e36cf38b85af677262)
2026-08-31T11:30:40.7004740Z Download action repository 'waruhachi/theos-action@v2.4.6' (SHA:9c45aeddc8a587a7b9d4a17d107e6a68b9bc910e)
2026-08-31T11:30:41.1211160Z Download action repository 'actions/upload-artifact@v4' (SHA:ea165f8d65b6e75b540449e92b4886f43607fa02)
2026-08-31T11:30:41.3926440Z Getting action download info
2026-08-31T11:30:41.5171890Z Download action repository 'actions/cache@v4' (SHA:0057852bfaa89a56745cba8c7296529d2fc39830)
2026-08-31T11:30:41.7291450Z Complete job name: build
2026-08-31T11:30:41.8098950Z Node 20 is being deprecated. This workflow is running with Node 24 by default. If you need to temporarily use Node 20, you can set the ACTIONS_ALLOW_USE_UNSECURE_NODE_VERSION=true environment variable. For more information see: https://github.blog/changelog/2025-09-19-deprecation-of-node-20-on-github-actions-runners/
2026-08-31T11:30:41.8106660Z ##[group]Run actions/checkout@v4
2026-08-31T11:30:41.8107180Z with:
2026-08-31T11:30:41.8107550Z   repository: sky5566jf/matisu-replica
2026-08-31T11:30:41.8110640Z   token: ***
2026-08-31T11:30:41.8111030Z   ssh-strict: true
2026-08-31T11:30:41.8111420Z   ssh-user: git
2026-08-31T11:30:41.8111760Z   persist-credentials: true
2026-08-31T11:30:41.8112190Z   clean: true
2026-08-31T11:30:41.8112570Z   sparse-checkout-cone-mode: true
2026-08-31T11:30:41.8113000Z   fetch-depth: 1
2026-08-31T11:30:41.8113330Z   fetch-tags: false
2026-08-31T11:30:41.8113660Z   show-progress: true
2026-08-31T11:30:41.8114000Z   lfs: false
2026-08-31T11:30:41.8114370Z   submodules: false
2026-08-31T11:30:41.8114710Z   set-safe-directory: true
2026-08-31T11:30:41.8115090Z   allow-unsafe-pr-checkout: false
2026-08-31T11:30:41.8115760Z ##[endgroup]
2026-08-31T11:30:42.3914160Z Syncing repository: sky5566jf/matisu-replica
2026-08-31T11:30:42.3915990Z ##[group]Getting Git version info
2026-08-31T11:30:42.3916730Z Working directory is '/Users/runner/work/matisu-replica/matisu-replica'
2026-08-31T11:30:42.3918160Z [command]/opt/homebrew/bin/git version
2026-08-31T11:30:42.4621850Z git version 2.55.0
2026-08-31T11:30:42.4640630Z ##[endgroup]
2026-08-31T11:30:42.4652060Z Copying '/Users/runner/.gitconfig' to '/Users/runner/work/_temp/85639d75-3426-4cc5-9e5b-12b8067ed827/.gitconfig'
2026-08-31T11:30:42.4658310Z Temporarily overriding HOME='/Users/runner/work/_temp/85639d75-3426-4cc5-9e5b-12b8067ed827' before making global git config changes
2026-08-31T11:30:42.4660540Z Adding repository directory to the temporary git global config as a safe directory
2026-08-31T11:30:42.4669950Z [command]/opt/homebrew/bin/git config --global --add safe.directory /Users/runner/work/matisu-replica/matisu-replica
2026-08-31T11:30:42.4827740Z Deleting the contents of '/Users/runner/work/matisu-replica/matisu-replica'
2026-08-31T11:30:42.4835480Z ##[group]Initializing the repository
2026-08-31T11:30:42.4840150Z [command]/opt/homebrew/bin/git init /Users/runner/work/matisu-replica/matisu-replica
2026-08-31T11:30:42.5248500Z hint: Using 'master' as the name for the initial branch. This default branch name
2026-08-31T11:30:42.5250890Z hint: will change to "main" in Git 3.0. To configure the initial branch name
2026-08-31T11:30:42.5252970Z hint: to use in all of your new repositories, which will suppress this warning,
2026-08-31T11:30:42.5254530Z hint: call:
2026-08-31T11:30:42.5255570Z hint:
2026-08-31T11:30:42.5256720Z hint: 	git config --global init.defaultBranch <name>
2026-08-31T11:30:42.5258010Z hint:
2026-08-31T11:30:42.5259420Z hint: Names commonly chosen instead of 'master' are 'main', 'trunk' and
2026-08-31T11:30:42.5261370Z hint: 'development'. The just-created branch can be renamed via this command:
2026-08-31T11:30:42.5262950Z hint:
2026-08-31T11:30:42.5263880Z hint: 	git branch -m <name>
2026-08-31T11:30:42.5265000Z hint:
2026-08-31T11:30:42.5266480Z hint: Disable this message with "git config set advice.defaultBranchName false"
2026-08-31T11:30:42.5268960Z Initialized empty Git repository in /Users/runner/work/matisu-replica/matisu-replica/.git/
2026-08-31T11:30:42.5273400Z [command]/opt/homebrew/bin/git remote add origin https://github.com/sky5566jf/matisu-replica
2026-08-31T11:30:42.5363610Z ##[endgroup]
2026-08-31T11:30:42.5365580Z ##[group]Disabling automatic garbage collection
2026-08-31T11:30:42.5367300Z [command]/opt/homebrew/bin/git config --local gc.auto 0
2026-08-31T11:30:42.5502920Z ##[endgroup]
2026-08-31T11:30:42.5504100Z ##[group]Setting up auth
2026-08-31T11:30:42.5508130Z [command]/opt/homebrew/bin/git config --local --name-only --get-regexp core\.sshCommand
2026-08-31T11:30:42.5606520Z [command]/opt/homebrew/bin/git submodule foreach --recursive sh -c "git config --local --name-only --get-regexp 'core\.sshCommand' && git config --local --unset-all 'core.sshCommand' || :"
2026-08-31T11:30:42.6958700Z [command]/opt/homebrew/bin/git config --local --name-only --get-regexp http\.https\:\/\/github\.com\/\.extraheader
2026-08-31T11:30:42.7083520Z [command]/opt/homebrew/bin/git submodule foreach --recursive sh -c "git config --local --name-only --get-regexp 'http\.https\:\/\/github\.com\/\.extraheader' && git config --local --unset-all 'http.https://github.com/.extraheader' || :"
2026-08-31T11:30:42.8529730Z [command]/opt/homebrew/bin/git config --local --name-only --get-regexp ^includeIf\.gitdir:
2026-08-31T11:30:42.8856330Z [command]/opt/homebrew/bin/git submodule foreach --recursive git config --local --show-origin --name-only --get-regexp remote.origin.url
2026-08-31T11:30:43.0088620Z [command]/opt/homebrew/bin/git config --local http.https://github.com/.extraheader AUTHORIZATION: basic ***
2026-08-31T11:30:43.0397270Z ##[endgroup]
2026-08-31T11:30:43.0491880Z ##[group]Fetching the repository
2026-08-31T11:30:43.0573830Z [command]/opt/homebrew/bin/git -c protocol.version=2 fetch --no-tags --prune --no-recurse-submodules --depth=1 origin +394c81eb2ea4be8f3b5c0674155280d9ef81f914:refs/remotes/origin/main
2026-08-31T11:30:43.7105170Z From https://github.com/sky5566jf/matisu-replica
2026-08-31T11:30:43.7107040Z  * [new ref]         394c81eb2ea4be8f3b5c0674155280d9ef81f914 -> origin/main
2026-08-31T11:30:43.7115550Z ##[endgroup]
2026-08-31T11:30:43.7146060Z ##[group]Determining the checkout info
2026-08-31T11:30:43.7158550Z ##[endgroup]
2026-08-31T11:30:43.7159310Z [command]/opt/homebrew/bin/git sparse-checkout disable
2026-08-31T11:30:43.7317880Z [command]/opt/homebrew/bin/git config --local --unset-all extensions.worktreeConfig
2026-08-31T11:30:43.7375400Z ##[group]Checking out the ref
2026-08-31T11:30:43.7377720Z [command]/opt/homebrew/bin/git checkout --progress --force -B main refs/remotes/origin/main
2026-08-31T11:30:43.7856190Z Switched to a new branch 'main'
2026-08-31T11:30:43.7877330Z branch 'main' set up to track 'origin/main'.
2026-08-31T11:30:43.7888910Z ##[endgroup]
2026-08-31T11:30:43.8079640Z [command]/opt/homebrew/bin/git log -1 --format=%H
2026-08-31T11:30:43.8163960Z 394c81eb2ea4be8f3b5c0674155280d9ef81f914
2026-08-31T11:30:43.8889280Z ##[group]Run waruhachi/theos-action@v2.4.6
2026-08-31T11:30:43.8890160Z with:
2026-08-31T11:30:43.8890890Z   theos-src: theos/theos
2026-08-31T11:30:43.8891660Z   theos-branch: master
2026-08-31T11:30:43.8892440Z   sdks-src: theos/sdks
2026-08-31T11:30:43.8893220Z   sdks-branch: master
2026-08-31T11:30:43.8893860Z   libgcuniversal: false
2026-08-31T11:30:43.8894700Z   libgcuniversal-src: MrGcGamer/LibGcUniversalDocumentation
2026-08-31T11:30:43.8895710Z   libgcuniversal-branch: master
2026-08-31T11:30:43.8896410Z   altlist: false
2026-08-31T11:30:43.8897020Z   altlist-src: opa334/AltList
2026-08-31T11:30:43.8897720Z   altlist-branch: main
2026-08-31T11:30:43.8898480Z ##[endgroup]
2026-08-31T11:30:43.8974820Z ##[start-action display=Adding Theos Environment Variables;id=__waruhachi_theos-action.__run]
2026-08-31T11:30:43.9035670Z ##[group]Run echo "THEOS=/Users/runner/work/matisu-replica/matisu-replica/theos" >> $GITHUB_ENV
2026-08-31T11:30:43.9037510Z [36;1mecho "THEOS=/Users/runner/work/matisu-replica/matisu-replica/theos" >> $GITHUB_ENV[0m
2026-08-31T11:30:43.9083270Z shell: /bin/bash --noprofile --norc -e -o pipefail {0}
2026-08-31T11:30:43.9084300Z ##[endgroup]
2026-08-31T11:30:43.9608470Z ##[end-action id=__waruhachi_theos-action.__run;outcome=success;conclusion=success;duration_ms=63]
2026-08-31T11:30:43.9625290Z ##[start-action display=Generate Cache Key;id=__waruhachi_theos-action.cache-key]
2026-08-31T11:30:43.9712400Z ##[group]Run set -euo pipefail
2026-08-31T11:30:43.9713370Z [36;1mset -euo pipefail[0m
2026-08-31T11:30:43.9714070Z [36;1m[0m
2026-08-31T11:30:43.9715440Z [36;1mtheos_sha=$(gh api -H 'Accept: application/vnd.github.sha' /repos/theos/theos/commits/master)[0m
2026-08-31T11:30:43.9717560Z [36;1msdks_sha=$(gh api -H 'Accept: application/vnd.github.sha' /repos/theos/sdks/commits/master)[0m
2026-08-31T11:30:43.9719020Z [36;1m[0m
2026-08-31T11:30:43.9719640Z [36;1mif [[ "false" == 'true' ]]; then[0m
2026-08-31T11:30:43.9721150Z [36;1m  libgc_sha=$(gh api -H 'Accept: application/vnd.github.sha' /repos/MrGcGamer/LibGcUniversalDocumentation/commits/master)[0m
2026-08-31T11:30:43.9722600Z [36;1melse[0m
2026-08-31T11:30:43.9723210Z [36;1m  libgc_sha="none"[0m
2026-08-31T11:30:43.9723880Z [36;1mfi[0m
2026-08-31T11:30:43.9724440Z [36;1m[0m
2026-08-31T11:30:43.9725060Z [36;1mif [[ "false" == 'true' ]]; then[0m
2026-08-31T11:30:43.9726350Z [36;1m  altlist_sha=$(gh api -H 'Accept: application/vnd.github.sha' /repos/opa334/AltList/commits/main)[0m
2026-08-31T11:30:43.9727650Z [36;1melse[0m
2026-08-31T11:30:43.9728280Z [36;1m  altlist_sha="none"[0m
2026-08-31T11:30:43.9728960Z [36;1mfi[0m
2026-08-31T11:30:43.9729530Z [36;1m[0m
2026-08-31T11:30:43.9731550Z [36;1mecho "key=theos/theos-master-$theos_sha|theos/sdks-master-$sdks_sha|MrGcGamer/LibGcUniversalDocumentation-master-$libgc_sha|opa334/AltList-main-$altlist_sha" >> $GITHUB_OUTPUT[0m
2026-08-31T11:30:43.9779240Z shell: /bin/bash --noprofile --norc -e -o pipefail {0}
2026-08-31T11:30:43.9780350Z env:
2026-08-31T11:30:43.9781280Z   THEOS: /Users/runner/work/matisu-replica/matisu-replica/theos
2026-08-31T11:30:43.9788870Z   GH_TOKEN: ***
2026-08-31T11:30:43.9789510Z ##[endgroup]
2026-08-31T11:30:45.0617100Z ##[end-action id=__waruhachi_theos-action.cache-key;outcome=success;conclusion=success;duration_ms=1098]
2026-08-31T11:30:45.0624420Z ##[start-action display=Install dependencies;id=__waruhachi_theos-action.__run_2]
2026-08-31T11:30:45.0658560Z ##[group]Run set -euo pipefail
2026-08-31T11:30:45.0659320Z [36;1mset -euo pipefail[0m
2026-08-31T11:30:45.0659990Z [36;1m[0m
2026-08-31T11:30:45.0660580Z [36;1mbrew install make ldid[0m
2026-08-31T11:30:45.0661460Z [36;1mecho "$(brew --prefix make)/libexec/gnubin" >> $GITHUB_PATH[0m
2026-08-31T11:30:45.0695130Z shell: /bin/bash --noprofile --norc -e -o pipefail {0}
2026-08-31T11:30:45.0696000Z env:
2026-08-31T11:30:45.0696750Z   THEOS: /Users/runner/work/matisu-replica/matisu-replica/theos
2026-08-31T11:30:45.0697680Z ##[endgroup]
2026-08-31T11:30:47.9502550Z ##[warning]The following taps are not trusted:
  aws/tap

Homebrew is currently ignoring formulae, casks and commands from these taps because tap trust is required.

Untap them with:
  brew untap aws/tap
Trust specific formulae, casks and commands with:
  brew trust --formula <user>/<tap>/<formula>
  brew trust --cask <user>/<tap>/<cask>
  brew trust --command <user>/<tap>/<command>
Whole-tap trust is broader and includes all current and future formulae,
casks and commands from the listed taps. Trust whole taps with:
  brew trust aws/tap
To disable trust checks:
  export HOMEBREW_NO_REQUIRE_TAP_TRUST=1
This is not recommended and will be removed in a later release.
For more information, see:
  https://docs.brew.sh/Tap-Trust
2026-08-31T11:30:48.4949800Z [34m==>[0m [1mWould install 2 formulae:[0m
2026-08-31T11:30:48.5018230Z make ldid
2026-08-31T11:30:48.5023520Z [34m==>[0m [1mDownloading https://ghcr.io/v2/homebrew/core/make/manifests/4.4.1-1[0m
2026-08-31T11:30:48.8113080Z [34m==>[0m [1mDownloading https://ghcr.io/v2/homebrew/core/ldid/manifests/2.1.5_1-1[0m
2026-08-31T11:30:49.0350650Z [34m==>[0m [1mWould install 1 dependency for ldid:[0m
2026-08-31T11:30:49.0453200Z libplist
2026-08-31T11:30:49.0556610Z [32m==>[0m [1mFetching downloads for: [32mmake[39m and [32mldid[39m[0m
2026-08-31T11:30:49.2930800Z ✔︎ Bottle Manifest libplist (2.7.0)
2026-08-31T11:30:49.3706220Z ✔︎ Bottle ldid (2.1.5_1)
2026-08-31T11:30:49.3867240Z ✔︎ Bottle libplist (2.7.0)
2026-08-31T11:30:49.4021290Z ✔︎ Bottle make (4.4.1)
2026-08-31T11:30:49.4048310Z [34m==>[0m [1mPouring make--4.4.1.arm64_tahoe.bottle.1.tar.gz[0m
2026-08-31T11:30:49.4990020Z [34m==>[0m [1mCaveats[0m
2026-08-31T11:30:49.4990380Z GNU "make" has been installed as "gmake".
2026-08-31T11:30:49.4990790Z If you need to use it as "make", you can add a "gnubin" directory
2026-08-31T11:30:49.4991200Z to your PATH from your bashrc like:
2026-08-31T11:30:49.4991360Z 
2026-08-31T11:30:49.4991510Z     PATH="/opt/homebrew/opt/make/libexec/gnubin:$PATH"
2026-08-31T11:30:49.4991820Z [34m==>[0m [1mSummary[0m
2026-08-31T11:30:49.4996680Z 🍺  /opt/homebrew/Cellar/make/4.4.1: 17 files, 1.3MB
2026-08-31T11:30:49.5093260Z [32m==>[0m [1mInstalling ldid dependency: [32mlibplist[39m[0m
2026-08-31T11:30:49.5129320Z [34m==>[0m [1mPouring libplist--2.7.0.arm64_tahoe.bottle.tar.gz[0m
2026-08-31T11:30:49.5397090Z 🍺  /opt/homebrew/Cellar/libplist/2.7.0: 32 files, 605.5KB
2026-08-31T11:30:49.5398570Z [32m==>[0m [1mInstalling [32mldid[39m[0m
2026-08-31T11:30:49.5399820Z [34m==>[0m [1mPouring ldid--2.1.5_1.arm64_tahoe.bottle.1.tar.gz[0m
2026-08-31T11:30:49.6104500Z 🍺  /opt/homebrew/Cellar/ldid/2.1.5_1: 6 files, 271KB
2026-08-31T11:30:49.6205990Z [32m==>[0m [1mCaveats[0m
2026-08-31T11:30:49.6262250Z [34m==>[0m [1mmake[0m
2026-08-31T11:30:49.6263380Z GNU "make" has been installed as "gmake".
2026-08-31T11:30:49.6272700Z If you need to use it as "make", you can add a "gnubin" directory
2026-08-31T11:30:49.6273540Z to your PATH from your bashrc like:
2026-08-31T11:30:49.6273920Z 
2026-08-31T11:30:49.6274190Z     PATH="/opt/homebrew/opt/make/libexec/gnubin:$PATH"
2026-08-31T11:30:49.6674600Z ##[end-action id=__waruhachi_theos-action.__run_2;outcome=success;conclusion=success;duration_ms=4604]
2026-08-31T11:30:49.6678240Z ##[start-action display=Theos Cache;id=__waruhachi_theos-action.theos-cache]
2026-08-31T11:30:49.6755030Z Node 20 is being deprecated. This workflow is running with Node 24 by default. If you need to temporarily use Node 20, you can set the ACTIONS_ALLOW_USE_UNSECURE_NODE_VERSION=true environment variable. For more information see: https://github.blog/changelog/2025-09-19-deprecation-of-node-20-on-github-actions-runners/
2026-08-31T11:30:49.6760120Z ##[group]Run actions/cache@v4
2026-08-31T11:30:49.6760430Z with:
2026-08-31T11:30:49.6760750Z   path: /Users/runner/work/matisu-replica/matisu-replica/theos
2026-08-31T11:30:49.6761820Z   key: theos/theos-master-5280bd038207e14f8bd76f5417aa2fe641c03228|theos/sdks-master-0222fd5413cf4b9af096f37b4621afa2688572f7|MrGcGamer/LibGcUniversalDocumentation-master-none|opa334/AltList-main-none
2026-08-31T11:30:49.6762540Z   enableCrossOsArchive: false
2026-08-31T11:30:49.6762830Z   fail-on-cache-miss: false
2026-08-31T11:30:49.6763020Z   lookup-only: false
2026-08-31T11:30:49.6763310Z   save-always: false
2026-08-31T11:30:49.6763530Z env:
2026-08-31T11:30:49.6763800Z   THEOS: /Users/runner/work/matisu-replica/matisu-replica/theos
2026-08-31T11:30:49.6764170Z ##[endgroup]
2026-08-31T11:30:49.8290040Z (node:1573) [DEP0040] DeprecationWarning: The `punycode` module is deprecated. Please use a userland alternative instead.
2026-08-31T11:30:49.8292310Z (Use `node --trace-deprecation ...` to show where the warning was created)
2026-08-31T11:30:50.0265000Z Cache hit for: theos/theos-master-5280bd038207e14f8bd76f5417aa2fe641c03228|theos/sdks-master-0222fd5413cf4b9af096f37b4621afa2688572f7|MrGcGamer/LibGcUniversalDocumentation-master-none|opa334/AltList-main-none
2026-08-31T11:30:50.0376080Z (node:1573) [DEP0169] DeprecationWarning: `url.parse()` behavior is not standardized and prone to errors that have security implications. Use the WHATWG URL API instead. CVEs are not issued for `url.parse()` vulnerabilities.
2026-08-31T11:30:51.1845770Z Received 46137344 of 224393996 (20.6%), 44.0 MBs/sec
2026-08-31T11:30:52.1866520Z Received 134217728 of 224393996 (59.8%), 63.9 MBs/sec
2026-08-31T11:30:53.1110260Z Received 224393996 of 224393996 (100.0%), 73.1 MBs/sec
2026-08-31T11:30:53.1112700Z Cache Size: ~214 MB (224393996 B)
2026-08-31T11:30:53.1526250Z [command]/opt/homebrew/bin/gtar -xf /Users/runner/work/_temp/ce1da56b-0d81-4db3-9ea1-9d11081d843b/cache.tzst -P -C /Users/runner/work/matisu-replica/matisu-replica --delay-directory-restore --use-compress-program unzstd
2026-08-31T11:31:06.6776420Z Cache restored successfully
2026-08-31T11:31:06.7214670Z Cache restored from key: theos/theos-master-5280bd038207e14f8bd76f5417aa2fe641c03228|theos/sdks-master-0222fd5413cf4b9af096f37b4621afa2688572f7|MrGcGamer/LibGcUniversalDocumentation-master-none|opa334/AltList-main-none
2026-08-31T11:31:06.7478230Z ##[end-action id=__waruhachi_theos-action.theos-cache;outcome=success;conclusion=success;duration_ms=17079]
2026-08-31T11:31:06.7513470Z ##[start-action display=Setup Theos;id=__waruhachi_theos-action.__actions_checkout]
2026-08-31T11:31:06.7590510Z ##[end-action id=__waruhachi_theos-action.__actions_checkout;outcome=skipped;conclusion=skipped;duration_ms=0]
2026-08-31T11:31:06.7593940Z ##[start-action display=Setup SDKs;id=__waruhachi_theos-action.__actions_checkout_2]
2026-08-31T11:31:06.7605000Z ##[end-action id=__waruhachi_theos-action.__actions_checkout_2;outcome=skipped;conclusion=skipped;duration_ms=0]
2026-08-31T11:31:06.7609670Z ##[start-action display=Setup LibGcUniversal;id=__waruhachi_theos-action.__actions_checkout_3]
2026-08-31T11:31:06.7625050Z ##[end-action id=__waruhachi_theos-action.__actions_checkout_3;outcome=skipped;conclusion=skipped;duration_ms=0]
2026-08-31T11:31:06.7628530Z ##[start-action display=Install LibGcUniversal;id=__waruhachi_theos-action.__run_3]
2026-08-31T11:31:06.7635020Z ##[end-action id=__waruhachi_theos-action.__run_3;outcome=skipped;conclusion=skipped;duration_ms=0]
2026-08-31T11:31:06.7640000Z ##[start-action display=Setup AltList;id=__waruhachi_theos-action.__actions_checkout_4]
2026-08-31T11:31:06.7647930Z ##[end-action id=__waruhachi_theos-action.__actions_checkout_4;outcome=skipped;conclusion=skipped;duration_ms=0]
2026-08-31T11:31:06.7653240Z ##[start-action display=Install AltList;id=__waruhachi_theos-action.__run_4]
2026-08-31T11:31:06.7661470Z ##[end-action id=__waruhachi_theos-action.__run_4;outcome=skipped;conclusion=skipped;duration_ms=0]
2026-08-31T11:31:06.7664180Z ##[start-action display=Update Theos;id=__waruhachi_theos-action.__run_5]
2026-08-31T11:31:06.7733470Z ##[group]Run $THEOS/bin/update-theos
2026-08-31T11:31:06.7733790Z [36;1m$THEOS/bin/update-theos[0m
2026-08-31T11:31:06.9638810Z shell: /bin/bash --noprofile --norc -e -o pipefail {0}
2026-08-31T11:31:06.9643190Z env:
2026-08-31T11:31:06.9643510Z   THEOS: /Users/runner/work/matisu-replica/matisu-replica/theos
2026-08-31T11:31:06.9643820Z ##[endgroup]
2026-08-31T11:31:08.4789080Z From https://github.com/theos/theos
2026-08-31T11:31:08.5017290Z  * [new branch]      dhowett/dev/experimental-rebased -> origin/dhowett/dev/experimental-rebased
2026-08-31T11:31:08.5119720Z  * [new branch]      dhowett/dev/instance-target -> origin/dhowett/dev/instance-target
2026-08-31T11:31:08.5220510Z  * [new branch]      dhowett/dev/syntel    -> origin/dhowett/dev/syntel
2026-08-31T11:31:08.5322040Z  * [new branch]      dhowett/dev/testing   -> origin/dhowett/dev/testing
2026-08-31T11:31:08.5424040Z  * [new branch]      kabiroberai/arch-schemas -> origin/kabiroberai/arch-schemas
2026-08-31T11:31:08.5480370Z  * [new branch]      kirb/break-stuff      -> origin/kirb/break-stuff
2026-08-31T11:31:08.5481130Z  * [new branch]      kirb/experimental/uikitformac-support -> origin/kirb/experimental/uikitformac-support
2026-08-31T11:31:08.5481800Z  * [new branch]      kirb/rootless         -> origin/kirb/rootless
2026-08-31T11:31:08.5482550Z  * [new branch]      kirb/unfinished/better-troubleshoot -> origin/kirb/unfinished/better-troubleshoot
2026-08-31T11:31:08.5483220Z  * [new branch]      legacy                -> origin/legacy
2026-08-31T11:31:08.5483770Z  * [new branch]      libhooker-rpaths      -> origin/libhooker-rpaths
2026-08-31T11:31:08.5484280Z  * [new branch]      orion                 -> origin/orion
2026-08-31T11:31:08.5484710Z  * [new branch]      orion-dev             -> origin/orion-dev
2026-08-31T11:31:08.5485330Z  * [new branch]      uroboro-minor-changes -> origin/uroboro-minor-changes
2026-08-31T11:31:08.5485980Z  * [new tag]         1.0.0                 -> 1.0.0
2026-08-31T11:31:08.5486440Z  * [new tag]         2.0.0                 -> 2.0.0
2026-08-31T11:31:08.5487080Z  * [new tag]         2.1.0                 -> 2.1.0
2026-08-31T11:31:08.5494920Z  * [new tag]         2.1.1                 -> 2.1.1
2026-08-31T11:31:08.5495320Z  * [new tag]         2.2                   -> 2.2
2026-08-31T11:31:08.5495960Z  * [new tag]         2.3                   -> 2.3
2026-08-31T11:31:08.5496460Z  * [new tag]         2.4                   -> 2.4
2026-08-31T11:31:08.5504950Z  * [new tag]         2.5                   -> 2.5
2026-08-31T11:31:08.7495050Z Fetching submodule vendor/dm.pl
2026-08-31T11:31:08.9866700Z Fetching submodule vendor/include
2026-08-31T11:31:09.2188480Z Fetching submodule vendor/logos
2026-08-31T11:31:09.2213340Z Fetching submodule vendor/lib
2026-08-31T11:31:09.2995240Z Fetching submodule vendor/swift-support
2026-08-31T11:31:09.6872740Z Fetching submodule vendor/nic
2026-08-31T11:31:09.6873080Z Fetching submodule vendor/orion
2026-08-31T11:31:09.6873330Z Fetching submodule vendor/templates
2026-08-31T11:31:10.1675030Z From https://github.com/theos/orion
2026-08-31T11:31:10.1675680Z  * branch            0031cd86865084f8e491182772a10e749cfc4e67 -> FETCH_HEAD
2026-08-31T11:31:10.1676190Z  * branch            06cb86f32e73e48241afa29df0861f55991cca61 -> FETCH_HEAD
2026-08-31T11:31:10.1676580Z  * branch            152dd53a25de653c4870a808ddfefb7e625b3294 -> FETCH_HEAD
2026-08-31T11:31:10.1676950Z  * branch            17357242fb4e60c60d3b86b260fba0a8b75cb11d -> FETCH_HEAD
2026-08-31T11:31:10.1677320Z  * branch            1cd69055ca503b2c6334f64211d3bc937fca4fc0 -> FETCH_HEAD
2026-08-31T11:31:10.1677700Z  * branch            225c463b57b268fcc02380c40356b585682bd67a -> FETCH_HEAD
2026-08-31T11:31:10.1678510Z  * branch            2e4d368231e88c797ab9879f8c018a50f4e25209 -> FETCH_HEAD
2026-08-31T11:31:10.1678910Z  * branch            335ba6eff3bedf06d2745aacca73cd9612dfa314 -> FETCH_HEAD
2026-08-31T11:31:10.1679370Z  * branch            3b7c6dc91fe5ede50c475f7f4f1a9c70ab5289db -> FETCH_HEAD
2026-08-31T11:31:10.1679830Z  * branch            3da7f4e5127e37e33fb6e4bc7de0e51768fbbc60 -> FETCH_HEAD
2026-08-31T11:31:10.1680200Z  * branch            42ea032b7ee01cea0121cbcecd47b998db3ce136 -> FETCH_HEAD
2026-08-31T11:31:10.1680930Z  * branch            485f5cc6f945035afc64027157e2f5cfa7c7059d -> FETCH_HEAD
2026-08-31T11:31:10.1681340Z  * branch            4a80d885e83a049b59cf90c81e40286eed160f08 -> FETCH_HEAD
2026-08-31T11:31:10.1681710Z  * branch            52c0c12b34fc358f04bc3052b82b72c2dfe2f42d -> FETCH_HEAD
2026-08-31T11:31:10.1682090Z  * branch            5a0bc2c9b87f2171b3c58bf3688cc89f39cfe4e7 -> FETCH_HEAD
2026-08-31T11:31:10.1682460Z  * branch            67b3c2a59e016a9951d471e7c9f1852203091753 -> FETCH_HEAD
2026-08-31T11:31:10.1682820Z  * branch            6f8ed1a59e70d7bf7dc5080ef7579ba2b9c975b0 -> FETCH_HEAD
2026-08-31T11:31:10.1683200Z  * branch            78df9785cc985260fb6eb2371876f5d8a3f180c8 -> FETCH_HEAD
2026-08-31T11:31:10.1683610Z  * branch            79b3835410a6f4be2c913334acb2b6a0055d3708 -> FETCH_HEAD
2026-08-31T11:31:10.1683990Z  * branch            9e7333bb9d529b4c41a43248fbdb5d2daf69cb0f -> FETCH_HEAD
2026-08-31T11:31:10.1684900Z  * branch            9eb6b9de83071ef7063c8d52545c87acd43e50ed -> FETCH_HEAD
2026-08-31T11:31:10.1685270Z  * branch            ae9fbf2f3a242506d79a49776f578f055a9ebf3c -> FETCH_HEAD
2026-08-31T11:31:10.1685640Z  * branch            b0349d6d540c956239148a95d05bea6dc559d8f7 -> FETCH_HEAD
2026-08-31T11:31:10.1686010Z  * branch            b4946bb467b450e04be7e25f8dcb5ed55349e2cc -> FETCH_HEAD
2026-08-31T11:31:10.1686370Z  * branch            b799eda1f1e86469db859df5384fb91094b52aed -> FETCH_HEAD
2026-08-31T11:31:10.1686740Z  * branch            b828e186278a3d29a5a10c5f3dea128e5d413a31 -> FETCH_HEAD
2026-08-31T11:31:10.1687110Z  * branch            cea8f533e199ba62cc543b9f44971bb295f9e8d2 -> FETCH_HEAD
2026-08-31T11:31:10.1687460Z  * branch            d4bc4a55170df50c137945923b381af13c1f7f34 -> FETCH_HEAD
2026-08-31T11:31:10.1687870Z  * branch            e37259fe10493ae95fa0d823b5f1469a26dc56db -> FETCH_HEAD
2026-08-31T11:31:10.1688270Z  * branch            e7a029a6bb37424cd9a4c474cb71d3f2a9071d66 -> FETCH_HEAD
2026-08-31T11:31:10.1688680Z  * branch            e8267b7324a2ff9e4a1d9ac0e618a1ee91573ec7 -> FETCH_HEAD
2026-08-31T11:31:10.2752710Z Fetching submodule vendor/orion/fishhook
2026-08-31T11:31:11.7283620Z From https://github.com/facebook/fishhook
2026-08-31T11:31:11.7284640Z  * branch            8ef82f0711494ecc78d16bf6ce76f5ad92e5f67b -> FETCH_HEAD
2026-08-31T11:31:11.7291990Z From https://github.com/theos/nic
2026-08-31T11:31:11.7292420Z  * branch            12db01f67994a232f8282f3ae0d0b61314ce0230 -> FETCH_HEAD
2026-08-31T11:31:11.7292940Z  * branch            1f2e89d4acb805a81503ac3ea4c7115ca55f75a1 -> FETCH_HEAD
2026-08-31T11:31:11.7294460Z  * branch            28d562c54f2d335a5f392191e7d2e8f08aca88fa -> FETCH_HEAD
2026-08-31T11:31:11.7295180Z  * branch            40464a39bfb31306521212936dbae3406ef4822c -> FETCH_HEAD
2026-08-31T11:31:11.7295600Z  * branch            6585e1e2d29bcd2452e14f8e92e62c76a1909554 -> FETCH_HEAD
2026-08-31T11:31:11.7295970Z  * branch            794d210f81198c6aef4f0ab8d04bd74ffe149f51 -> FETCH_HEAD
2026-08-31T11:31:11.7296370Z  * branch            8f065ac109706335661a6f8e9edfeacdbff0d80e -> FETCH_HEAD
2026-08-31T11:31:11.7296740Z  * branch            941bbf0173e3c9674331715f433c1ae6f9156362 -> FETCH_HEAD
2026-08-31T11:31:11.7297160Z  * branch            fd02465ca53cdb3bb07b4ff723c517e9a808641c -> FETCH_HEAD
2026-08-31T11:31:11.7297960Z  * branch            fe9f859d3aaba987ed19ef52dbfb57bc02a4973d -> FETCH_HEAD
2026-08-31T11:31:11.7298310Z From https://github.com/theos/templates
2026-08-31T11:31:11.7298690Z  * branch            022f31fd3457c8a0c181cd23b59c2980ca4d36b2 -> FETCH_HEAD
2026-08-31T11:31:11.7299630Z  * branch            0886f5a8ebb6f0e142f9e9a8a8924370939d1146 -> FETCH_HEAD
2026-08-31T11:31:11.7300020Z  * branch            09894865a641bae0b67456a6df6475df8d8a6ac7 -> FETCH_HEAD
2026-08-31T11:31:11.7300390Z  * branch            11488a997e6dc1ac4a5ae8612ab46a6e45394709 -> FETCH_HEAD
2026-08-31T11:31:11.7300780Z  * branch            1576043fbcea15b79a9b7931d93266fc1aedbecc -> FETCH_HEAD
2026-08-31T11:31:11.7301870Z  * branch            300ee0f33196f55ec7a7bb02b05910974216b831 -> FETCH_HEAD
2026-08-31T11:31:11.7302390Z  * branch            349468fc3d8f84cd38080f80f99bfe49a1ddc162 -> FETCH_HEAD
2026-08-31T11:31:11.7302870Z  * branch            3a20da8b1c61ec888ae1a926af3065366094ee77 -> FETCH_HEAD
2026-08-31T11:31:11.7303270Z  * branch            49defb6d052709417bc61e4c0c8f732639b28c1e -> FETCH_HEAD
2026-08-31T11:31:11.7303680Z  * branch            4c75fa2361f67deb4fe6c554e010cb1aaa48ca3d -> FETCH_HEAD
2026-08-31T11:31:11.7304060Z  * branch            5917b9947fbb3099df3c48e1001a3d8b17a8e55a -> FETCH_HEAD
2026-08-31T11:31:11.7304420Z  * branch            645bcd195b44e076474e097990bea47bcb3ed772 -> FETCH_HEAD
2026-08-31T11:31:11.7304800Z  * branch            7d98646871281e5b71e280e8f80d3fc27b69aeef -> FETCH_HEAD
2026-08-31T11:31:11.7305170Z  * branch            7e6b80d6f98c8b1ad4ab05b2e8bc659741d26d02 -> FETCH_HEAD
2026-08-31T11:31:11.7305550Z  * branch            8af2906bf6f6dd13d97302405316bd8a5419a265 -> FETCH_HEAD
2026-08-31T11:31:11.7305930Z  * branch            8d1a9f5a42ae2a48435303ea8fb07c3c1ccbd9d2 -> FETCH_HEAD
2026-08-31T11:31:11.7306290Z  * branch            8d9599b9054c93319ed35b35b3a826e437931904 -> FETCH_HEAD
2026-08-31T11:31:11.7306810Z  * branch            a22176f8b1a1759fec55a3b62c8200cc751f1638 -> FETCH_HEAD
2026-08-31T11:31:11.7307270Z  * branch            b3afce164abdeda0c9b1aa69fdc2f9fec0673792 -> FETCH_HEAD
2026-08-31T11:31:11.7307640Z  * branch            b68586f216239fe73f74326b59b1e66cd0a1b664 -> FETCH_HEAD
2026-08-31T11:31:11.7308000Z  * branch            da6a60b1d3f6bf4b7398000448209cd505eb1a74 -> FETCH_HEAD
2026-08-31T11:31:11.7308400Z  * branch            e3c1d67b1e8faae69b37fb525bd7f2c435ef9dab -> FETCH_HEAD
2026-08-31T11:31:11.7308770Z  * branch            efc61c3afeee514482f1702ffd5f6c07d14ecd2e -> FETCH_HEAD
2026-08-31T11:31:11.7309150Z  * branch            f466826075cc2acbd755ca096f4fdf7a82a27922 -> FETCH_HEAD
2026-08-31T11:31:11.7309460Z From https://github.com/theos/swift-support
2026-08-31T11:31:11.7309780Z  * branch            0093a4ebcc9027c383c5d56d35a4d418d4592658 -> FETCH_HEAD
2026-08-31T11:31:11.7310190Z  * branch            019861f92a7ff16d422a63911e2313c877e1b828 -> FETCH_HEAD
2026-08-31T11:31:11.7310550Z  * branch            0205d5ab2d73fa52a1d9ff3eba0612c4e08c1003 -> FETCH_HEAD
2026-08-31T11:31:11.7310910Z  * branch            26d567b27545ed5830775ae8a487bdf4d67ff4b5 -> FETCH_HEAD
2026-08-31T11:31:11.7311280Z  * branch            2b9346b2e48a72e534d667cd45f83749ae278a15 -> FETCH_HEAD
2026-08-31T11:31:11.7311640Z  * branch            2ca7b66fc689058636242fe898b76df73e4d5609 -> FETCH_HEAD
2026-08-31T11:31:11.7312010Z  * branch            3b0005b557331b5df67913b98d003ec1e87d78bd -> FETCH_HEAD
2026-08-31T11:31:11.7312380Z  * branch            43055290ede755acbd186c398cae72dc4f12247d -> FETCH_HEAD
2026-08-31T11:31:11.7312890Z  * branch            5d427efa62c1bbb137e00e51f378d031b1d15699 -> FETCH_HEAD
2026-08-31T11:31:11.7313320Z  * branch            69b5d150a05272fc6273eaa3801c47d06d7f2813 -> FETCH_HEAD
2026-08-31T11:31:11.7313700Z  * branch            7ca75d0edc2ba7cc6f2928333d617292ac4683dd -> FETCH_HEAD
2026-08-31T11:31:11.7314130Z  * branch            86dd8e6a8dd9eac1195dbdacdc7e79a5c532d1f9 -> FETCH_HEAD
2026-08-31T11:31:11.7314520Z  * branch            b9b4ef3ed1d6a48b5e9e52db2eb27c5c9de35da9 -> FETCH_HEAD
2026-08-31T11:31:11.7314910Z  * branch            bb1ad344db2df5f099335cd6bff6045f71b8438c -> FETCH_HEAD
2026-08-31T11:31:11.7315340Z  * branch            c630ca8723ed631f896e10484934c336a26b83be -> FETCH_HEAD
2026-08-31T11:31:11.7316040Z  * branch            d9af6143ccc1bbd316b898def3fef732f87d9653 -> FETCH_HEAD
2026-08-31T11:31:11.7316470Z  * branch            fd6ff75bb620a4754f124381f0d7bce9bba79ca2 -> FETCH_HEAD
2026-08-31T11:31:11.7316830Z From https://github.com/theos/lib
2026-08-31T11:31:11.7317180Z  * branch            013ea40121136f36ed67e6bd7dcc1b99613daa98 -> FETCH_HEAD
2026-08-31T11:31:11.7317570Z  * branch            07909619e8911d3ae14b07b9514a8209fe8e57cb -> FETCH_HEAD
2026-08-31T11:31:11.7318120Z  * branch            113e0cd132df53649a6bbee2572b2d39fd2beaa1 -> FETCH_HEAD
2026-08-31T11:31:11.7318530Z  * branch            1144e7b79effdcbdf3c0f2626bde3340365d6c41 -> FETCH_HEAD
2026-08-31T11:31:11.7318930Z  * branch            126a2dd4852ad435991bd8ac761ac56ec39869f2 -> FETCH_HEAD
2026-08-31T11:31:11.7319310Z  * branch            1397f8278d240a27482cbb94dda541ad9a57fd65 -> FETCH_HEAD
2026-08-31T11:31:11.7319690Z  * branch            18dbcbc41f9c95b8c7eaedc553fddfdd6201fd4b -> FETCH_HEAD
2026-08-31T11:31:11.7320080Z  * branch            194675ae21925e7e3efd71d0056222f79ea04aa7 -> FETCH_HEAD
2026-08-31T11:31:11.7320630Z  * branch            1eef222ea55cc5fb3b52435465b06f9b7d6dfba9 -> FETCH_HEAD
2026-08-31T11:31:11.7321130Z  * branch            2b6ab0c074c976d757dff0b4ecfc0efd0b5cdd1d -> FETCH_HEAD
2026-08-31T11:31:11.7321510Z  * branch            306eba89a20109cd37c878f008ef99c4eb8ae88d -> FETCH_HEAD
2026-08-31T11:31:11.7321910Z  * branch            34bb72035653a4abb6594be0a976cc766fcdc9c2 -> FETCH_HEAD
2026-08-31T11:31:11.7322300Z  * branch            3b9ec52b8d4150cfe372e946c7e18f4ea4cada66 -> FETCH_HEAD
2026-08-31T11:31:11.7322670Z  * branch            4047e8cd5e2fa602c6e38412dc7c197eacfbca50 -> FETCH_HEAD
2026-08-31T11:31:11.7323050Z  * branch            41b5b0d1ccdc483eb87b9c721e337c9f9548f456 -> FETCH_HEAD
2026-08-31T11:31:11.7323450Z  * branch            4648559115ed390c528d450c0d4b76689c579f2b -> FETCH_HEAD
2026-08-31T11:31:11.7324280Z  * branch            53ff05006e9a35c03787f05e3b4cdd44ff224452 -> FETCH_HEAD
2026-08-31T11:31:11.7324750Z  * branch            617dcfcbb6b7c28f9a565de872c8c993dbfe13ea -> FETCH_HEAD
2026-08-31T11:31:11.7325160Z  * branch            639633b40f1b3e0b9cedfad7ec1feab2e5432033 -> FETCH_HEAD
2026-08-31T11:31:11.7325560Z  * branch            6e3233aa73e67723cba49f89cabcfe3b2dca6ad9 -> FETCH_HEAD
2026-08-31T11:31:11.7325940Z  * branch            6e454510fa71fe6015f8e4febf44945308c014d3 -> FETCH_HEAD
2026-08-31T11:31:11.7326300Z  * branch            6e55e932c719f5ef42ac20e7e31d28169d5593fd -> FETCH_HEAD
2026-08-31T11:31:11.7326730Z  * branch            845205b1bafbb45a50fa4d5f3f29da097b433b7c -> FETCH_HEAD
2026-08-31T11:31:11.7327310Z  * branch            85494d2d30520edb9bbdf3c4066352811c8884d5 -> FETCH_HEAD
2026-08-31T11:31:11.7327670Z  * branch            8b7f487ee82d6a1357432ab2599f617ce8e5a82e -> FETCH_HEAD
2026-08-31T11:31:11.7328060Z  * branch            8df1bccbc66922d7b5d7b7c86d18dadc1d87ef91 -> FETCH_HEAD
2026-08-31T11:31:11.7328470Z  * branch            92f4e8ddb1a49654181f0414c3eff031cc876bcc -> FETCH_HEAD
2026-08-31T11:31:11.7328840Z  * branch            a27acf42f7d72eb8d7cf52ecf504d1d871155680 -> FETCH_HEAD
2026-08-31T11:31:11.7329230Z  * branch            b1d502cc632ec349f8e2b3df9d7630bad64fd25e -> FETCH_HEAD
2026-08-31T11:31:11.7329600Z  * branch            bc2fee541beb43e92db1c1558db3f34ec584efb8 -> FETCH_HEAD
2026-08-31T11:31:11.7330070Z  * branch            c15cf4f84cf4e8d294bac94aebf7ff0329e27f3f -> FETCH_HEAD
2026-08-31T11:31:11.7330500Z  * branch            c3b877651f50c4f683b9e02dc3e36dad551f5472 -> FETCH_HEAD
2026-08-31T11:31:11.7330900Z  * branch            cae351458c00f823d9ff9acb4695ce65d337671d -> FETCH_HEAD
2026-08-31T11:31:11.7331270Z  * branch            cd9b1d660c48529c9ae8a84becf5bcd147a350de -> FETCH_HEAD
2026-08-31T11:31:11.7331650Z  * branch            d4570cd03387bd9add3ba00449af11b49b1c8160 -> FETCH_HEAD
2026-08-31T11:31:11.7332020Z  * branch            df713f0dcd6efaa0ac9800844a895180ef74b483 -> FETCH_HEAD
2026-08-31T11:31:11.7332860Z  * branch            e66cb6851ea6d5b62898d322b02ce82def1148be -> FETCH_HEAD
2026-08-31T11:31:11.7333220Z  * branch            edb99bc316b019b8579103f189282bf10289e88a -> FETCH_HEAD
2026-08-31T11:31:11.7333600Z  * branch            eeaecc08b2ce111dd056fc2232c1a41be7091a7e -> FETCH_HEAD
2026-08-31T11:31:11.7333990Z  * branch            ef66c7316d186eddfdf4d0cb12a0a35cee41b3fe -> FETCH_HEAD
2026-08-31T11:31:11.7334350Z  * branch            f2a857a00e038df3a92a1c85d4e93b65a30cd7e9 -> FETCH_HEAD
2026-08-31T11:31:11.7334910Z  * branch            fd6b6e58b23b5b2f8f4e5c3757604a73bfdec7ea -> FETCH_HEAD
2026-08-31T11:31:11.7335320Z  * branch            ffeb5055506be882b0732f99673b9ff31795ba7b -> FETCH_HEAD
2026-08-31T11:31:11.7335680Z  * branch            ffec3480ec8016ebb9b13a09017807b62f5c9156 -> FETCH_HEAD
2026-08-31T11:31:11.7336000Z From https://github.com/theos/logos
2026-08-31T11:31:11.7336320Z  * branch            06726377b5603d03d7deb6c9bdd7b718ad1a63a4 -> FETCH_HEAD
2026-08-31T11:31:11.7336680Z  * branch            067802d95eb531006087d66f8a7b067e5d6bf237 -> FETCH_HEAD
2026-08-31T11:31:11.7337050Z  * branch            0aeaca09cb193a3fb9fb461ae972252585f5c0c8 -> FETCH_HEAD
2026-08-31T11:31:11.7337420Z  * branch            170f048edea7014debf8d628e7da495f5dbe4ea4 -> FETCH_HEAD
2026-08-31T11:31:11.7337790Z  * branch            197cb80c634a403bf812594f4adc9c7fc354271f -> FETCH_HEAD
2026-08-31T11:31:11.7338220Z  * branch            1fa39ebd22e4421eaa778e7dfb0f5d4b02c6f9f4 -> FETCH_HEAD
2026-08-31T11:31:11.7338580Z  * branch            404fed419a566c4d68fae1110a18fce63c85d619 -> FETCH_HEAD
2026-08-31T11:31:11.7338990Z  * branch            40ec61ef0d699ccd6b10dfd5511ede6213a9a278 -> FETCH_HEAD
2026-08-31T11:31:11.7339370Z  * branch            4f35cb65b1bc96ef1d7c9633ef0f6129f0e4036c -> FETCH_HEAD
2026-08-31T11:31:11.7339730Z  * branch            57c507eb9ef2da5765b1b7aab785c032b117d56a -> FETCH_HEAD
2026-08-31T11:31:11.7340110Z  * branch            5f1138cf79cc546e8cde64c93a1dab74b9918c3c -> FETCH_HEAD
2026-08-31T11:31:11.7340480Z  * branch            62814c1d7dbc9158a0f231ded9edc07f94debe23 -> FETCH_HEAD
2026-08-31T11:31:11.7340900Z  * branch            75623490073e68e457fe6680462d11c217d29341 -> FETCH_HEAD
2026-08-31T11:31:11.7341340Z  * branch            75b6c2e81c08c1efff4a4e558ce2e245a8956d10 -> FETCH_HEAD
2026-08-31T11:31:11.7341760Z  * branch            76488dfebd541dbd128994bc12c4647d8182c220 -> FETCH_HEAD
2026-08-31T11:31:11.7342220Z  * branch            7b81c55f97ac7dbd6696ebb4cb36b83900960964 -> FETCH_HEAD
2026-08-31T11:31:11.7342840Z  * branch            81cf08c23f886df2fb1db1d9ce9d87a2edadcceb -> FETCH_HEAD
2026-08-31T11:31:11.7352030Z  * branch            886885b273d38092687616c83ec5f452c3b2e965 -> FETCH_HEAD
2026-08-31T11:31:11.7352370Z  * branch            90051eb040590c25ea66f2dd886d72b8148e8801 -> FETCH_HEAD
2026-08-31T11:31:11.7352760Z  * branch            a54760ea60acf45fa48267b9fb344c0317d9351c -> FETCH_HEAD
2026-08-31T11:31:11.7353140Z  * branch            a733c99539ed9ef2a3914528d8c5522dc2396789 -> FETCH_HEAD
2026-08-31T11:31:11.7353550Z  * branch            ac2070c812f70579879a2b91ca77cb578c795c7b -> FETCH_HEAD
2026-08-31T11:31:11.7353910Z  * branch            c7d1cdbdc36880714dd9052d4f63f9c2a7bc102a -> FETCH_HEAD
2026-08-31T11:31:11.7354270Z  * branch            c920e6bb00854f6e2efe903def4aa87295d58627 -> FETCH_HEAD
2026-08-31T11:31:11.7354650Z  * branch            d57afb4417bca9198c5b165a7a4a07934add5c8b -> FETCH_HEAD
2026-08-31T11:31:11.7355030Z  * branch            e8a95e7ea3554d7ec2fabed3bb84d8e5b19898f4 -> FETCH_HEAD
2026-08-31T11:31:11.7355460Z  * branch            ecd39a797b2d17b6583b782fd661068b30eff61f -> FETCH_HEAD
2026-08-31T11:31:11.7355840Z  * branch            fd66169442a26c3609254a6f83ee383a154ddb8c -> FETCH_HEAD
2026-08-31T11:31:11.7356170Z From https://github.com/theos/headers
2026-08-31T11:31:11.7356480Z  * branch            03c20cce033cfb9eafcb9ecf21c6eaaf0c26a7da -> FETCH_HEAD
2026-08-31T11:31:11.7356830Z  * branch            05405174749d912f7726121fcb5f27de73af0f08 -> FETCH_HEAD
2026-08-31T11:31:11.7357770Z  * branch            09a80f652d65b1caba560d8f50ad4c584d45d6a1 -> FETCH_HEAD
2026-08-31T11:31:11.7358120Z  * branch            0be47c237ef990d2d5c099e81d51f5c49cfe21ac -> FETCH_HEAD
2026-08-31T11:31:11.7358520Z  * branch            10c212801ce4ba99ff410b62637c7d50c3f6a37f -> FETCH_HEAD
2026-08-31T11:31:11.7358930Z  * branch            159a952c71bba3e7e3ae68b16d29c7fc549f5cdc -> FETCH_HEAD
2026-08-31T11:31:11.7359300Z  * branch            1bb142b515f5ff7c0b8e8f7ae173616e8cf2705e -> FETCH_HEAD
2026-08-31T11:31:11.7360220Z  * branch            1c6404be46f71071eb7d33b2ce30de30895bc2be -> FETCH_HEAD
2026-08-31T11:31:11.7360760Z  * branch            1c8c6efb030ff7221d97b8d4864847851aba9a67 -> FETCH_HEAD
2026-08-31T11:31:11.7361150Z  * branch            1fbaaf37d263538ee3e19aa2a78a2fd66f63b241 -> FETCH_HEAD
2026-08-31T11:31:11.7361500Z  * branch            27f17e2c2413d8f18d5d580f30bb0f67159d89be -> FETCH_HEAD
2026-08-31T11:31:11.7361860Z  * branch            28df0feeba0cdb768852e13920ad599c2375c96a -> FETCH_HEAD
2026-08-31T11:31:11.7362220Z  * branch            2c1421a4d6d24a9f930ad74924e628e95d383682 -> FETCH_HEAD
2026-08-31T11:31:11.7362580Z  * branch            30aabe179bb275646086a6249953a9f617395dcb -> FETCH_HEAD
2026-08-31T11:31:11.7362920Z  * branch            387230da73d43e19fff86a8b6cd5d3193ad99c9f -> FETCH_HEAD
2026-08-31T11:31:11.7363280Z  * branch            3998ff8c46acecb3c13dd8a65999111f41464357 -> FETCH_HEAD
2026-08-31T11:31:11.7363660Z  * branch            3ae47e085e9b4dc72613c99503f81f9d8ce093a6 -> FETCH_HEAD
2026-08-31T11:31:11.7364160Z  * branch            3d2c25b9f1202b5d97c374e64b719e7b2e565e8a -> FETCH_HEAD
2026-08-31T11:31:11.7364540Z  * branch            3f26abfa9d7f4d5c0185cf4c99e60086b9ad9ca9 -> FETCH_HEAD
2026-08-31T11:31:11.7364920Z  * branch            49424c3ed7e5545bd53c3250cea9fa45b2fabdd6 -> FETCH_HEAD
2026-08-31T11:31:11.7365300Z  * branch            4c7409e29260a7c47a27d52531a0ebc4bc034e72 -> FETCH_HEAD
2026-08-31T11:31:11.7365650Z  * branch            4daa96661264879b6545a14ac936bca51d8afd7f -> FETCH_HEAD
2026-08-31T11:31:11.7366020Z  * branch            521fa5563c7d6a6bf881d6cc7b36841c35e5e0d2 -> FETCH_HEAD
2026-08-31T11:31:11.7366370Z  * branch            55c97299b7064afd07f6acddeccb3154dd1ee69f -> FETCH_HEAD
2026-08-31T11:31:11.7366740Z  * branch            56bfc22d38c0cfbbbd9317ce9bf58e7915166c59 -> FETCH_HEAD
2026-08-31T11:31:11.7367200Z  * branch            5c13703c2c210a4347fc75dc87031e9cc597626d -> FETCH_HEAD
2026-08-31T11:31:11.7367640Z  * branch            609a308c1333ac3c409307fdd5ae2071981e4242 -> FETCH_HEAD
2026-08-31T11:31:11.7368040Z  * branch            64ba1fb3425ee69d568baa5bb59d22e8b04908af -> FETCH_HEAD
2026-08-31T11:31:11.7368400Z  * branch            6611d3b2c22527283cdcf81cb6c81327fbdcbaff -> FETCH_HEAD
2026-08-31T11:31:11.7368750Z  * branch            69fcaa7d2ecfbb6b2ecd38646f0ff3c9135cabc4 -> FETCH_HEAD
2026-08-31T11:31:11.7369200Z  * branch            6afc5085a16f51a36d0b49b45eaeeb09a13eb810 -> FETCH_HEAD
2026-08-31T11:31:11.7369590Z  * branch            6ee8506035aa5e48e76b423c89d66a4c7406e050 -> FETCH_HEAD
2026-08-31T11:31:11.7369970Z  * branch            6f59e8391b27b169067656601acbed30f4f205cc -> FETCH_HEAD
2026-08-31T11:31:11.7370460Z  * branch            77d639826e51e3f40517cfd96c616127a514e941 -> FETCH_HEAD
2026-08-31T11:31:11.7370950Z  * branch            79dd09fd14441e0e74394c5651de2a7ed0a60ffd -> FETCH_HEAD
2026-08-31T11:31:11.7371350Z  * branch            80bd5638d9e8e2437997f33f9f92f08f0e2705b7 -> FETCH_HEAD
2026-08-31T11:31:11.7373140Z  * branch            80da6b2d0bbe3806b9f6c8b6e43eca29c4c066d4 -> FETCH_HEAD
2026-08-31T11:31:11.7373570Z  * branch            819f49385304805f9a81e4210ae392c620505ea8 -> FETCH_HEAD
2026-08-31T11:31:11.7373910Z  * branch            85ffc75138a5fefce0b699b9e16fa514cb7ffc5c -> FETCH_HEAD
2026-08-31T11:31:11.7374260Z  * branch            889f159f6dd834ac35e193387b823539045cd374 -> FETCH_HEAD
2026-08-31T11:31:11.7374610Z  * branch            8fec425716958c1b709c0459d7f6762b73b2e291 -> FETCH_HEAD
2026-08-31T11:31:11.7375440Z  * branch            9220e3de07a7e24a50bf668796793d9bca5ad4c8 -> FETCH_HEAD
2026-08-31T11:31:11.7375830Z  * branch            9a50a89c6d0a92693427579dd0e4b46565d5d0de -> FETCH_HEAD
2026-08-31T11:31:11.7376270Z  * branch            9f00c9663aff892b512f87666dbfbf8fe4943e84 -> FETCH_HEAD
2026-08-31T11:31:11.7376640Z  * branch            a322ffce6b029caff5ce43e53678d276b2d86ff4 -> FETCH_HEAD
2026-08-31T11:31:11.7377000Z  * branch            aa509d29c41b7d27b201a9f477f0cb4e34dad108 -> FETCH_HEAD
2026-08-31T11:31:11.7377850Z  * branch            ad10b0115808b53cf825e034bc22d66af3481cfc -> FETCH_HEAD
2026-08-31T11:31:11.7378220Z  * branch            ad80ca22becd0748e1f11729b8f88d5c17206178 -> FETCH_HEAD
2026-08-31T11:31:11.7378570Z  * branch            b0b5198bc97bc56668f7fc071ae47a8a9f1e1b10 -> FETCH_HEAD
2026-08-31T11:31:11.7378920Z  * branch            b6ab96de6ba747eb7dd623d47c8865dd674f11fc -> FETCH_HEAD
2026-08-31T11:31:11.7379270Z  * branch            b875591e9b780872861d143cf973c142aace9bdb -> FETCH_HEAD
2026-08-31T11:31:11.7379630Z  * branch            bf8ff89cfa235410ac374e27fadee73982d44296 -> FETCH_HEAD
2026-08-31T11:31:11.7379980Z  * branch            c9f56473e9f2c7b72a2555963c49b7b7579acfbb -> FETCH_HEAD
2026-08-31T11:31:11.7380320Z  * branch            d09634a4dedb6be617f3b576102fc16b9403ba5e -> FETCH_HEAD
2026-08-31T11:31:11.7380710Z  * branch            e61600418fe6fe07f8e30c2c0d0c002ba31b99d1 -> FETCH_HEAD
2026-08-31T11:31:11.7381130Z  * branch            e8a358066f7426c285684aeaaff8ff23b3dd6b61 -> FETCH_HEAD
2026-08-31T11:31:11.7381500Z  * branch            ea1b95dba9530d2017907ec7542d309215d84e15 -> FETCH_HEAD
2026-08-31T11:31:11.7381870Z  * branch            ea969daefb5026b3aaed326b2db2fac80e410df0 -> FETCH_HEAD
2026-08-31T11:31:11.7382230Z  * branch            f3e596d896bae8f07c43cfb00ef55bf6224b4cdc -> FETCH_HEAD
2026-08-31T11:31:11.7382580Z  * branch            f3eef2127548c631b325a0b28c907cc59b1716ac -> FETCH_HEAD
2026-08-31T11:31:11.7382930Z  * branch            f82d323a5a50b4d6e3a21bce0aa20b0e531b118d -> FETCH_HEAD
2026-08-31T11:31:11.7383240Z From https://github.com/theos/dm.pl
2026-08-31T11:31:11.7383560Z  * branch            08d522b0b0723c2eff72505bf7cd9ae69614c0c0 -> FETCH_HEAD
2026-08-31T11:31:11.7383910Z  * branch            2f1417d7db30bba7ba58c4275e07b02521f52aa3 -> FETCH_HEAD
2026-08-31T11:31:11.7384260Z  * branch            34471b945dd5865544f0cf0c7d1a3151e6aa4c06 -> FETCH_HEAD
2026-08-31T11:31:11.7384630Z  * branch            3726df3e714e8189c23cb7e0c5505f0dbae2f88f -> FETCH_HEAD
2026-08-31T11:31:11.7384990Z  * branch            431955c2e5a2ca5e62ae773ef7036b1df14c80d7 -> FETCH_HEAD
2026-08-31T11:31:11.7385340Z  * branch            4699b543fdb9d3ebacde0b23db38322d27f20974 -> FETCH_HEAD
2026-08-31T11:31:11.7385700Z  * branch            4d3e455f632f77bbf500e03c3670b7cd951f546f -> FETCH_HEAD
2026-08-31T11:31:11.7386050Z  * branch            5b64eb9355f965f8ab0ffbe8c5ec92b0c8316432 -> FETCH_HEAD
2026-08-31T11:31:11.7386390Z  * branch            88d9005b0dbbfaf6d6e2f4948079e96c7b281957 -> FETCH_HEAD
2026-08-31T11:31:11.7386750Z  * branch            892a7c7266055a93013ab81002a8adcb578a2b25 -> FETCH_HEAD
2026-08-31T11:31:11.7387090Z  * branch            9462015e0f7e82f51b6df05bd223a484a6988042 -> FETCH_HEAD
2026-08-31T11:31:11.7387440Z  * branch            9723deb8b99cd7aa071ec1fad310df2ff80d1cf2 -> FETCH_HEAD
2026-08-31T11:31:11.7387800Z  * branch            af6fcc8ebfef5fc4c31d65b52556474409b2ed97 -> FETCH_HEAD
2026-08-31T11:31:11.7388160Z  * branch            b4f1d815d73a75edb5691ef0634e2264513a3ec8 -> FETCH_HEAD
2026-08-31T11:31:11.7388510Z  * branch            b77a3775a95b6929f5c2c44475eb1d0965e073f1 -> FETCH_HEAD
2026-08-31T11:31:11.7423880Z Already up to date.
2026-08-31T11:31:11.9619870Z 
2026-08-31T11:31:11.9623490Z [0;36m==> [1;36mNotice:[m Visit https://github.com/theos/theos/commits/master to view recent changes.
2026-08-31T11:31:11.9631780Z ##[end-action id=__waruhachi_theos-action.__run_5;outcome=success;conclusion=success;duration_ms=5196]
2026-08-31T11:31:11.9683490Z ##[group]Run make clean package FINALPACKAGE=1 THEOS_PACKAGE_SCHEME=rootless
2026-08-31T11:31:11.9684020Z [36;1mmake clean package FINALPACKAGE=1 THEOS_PACKAGE_SCHEME=rootless[0m
2026-08-31T11:31:11.9723550Z shell: /bin/bash -e {0}
2026-08-31T11:31:11.9723750Z env:
2026-08-31T11:31:11.9724040Z   THEOS: /Users/runner/work/matisu-replica/matisu-replica/theos
2026-08-31T11:31:11.9724380Z ##[endgroup]
2026-08-31T11:31:19.7302660Z [0;36m==> [1;39mCleaning…[m
2026-08-31T11:31:19.8955740Z [1;31m> [1;3;39mMaking all for tweak MatisuAuto…[m
2026-08-31T11:31:22.0636210Z [0;31m==> [1;39mPreprocessing Tweak.xm…[m
2026-08-31T11:31:22.0637400Z [0;31m==> [1;39mPreprocessing Tweak.xm…[m
2026-08-31T11:31:23.2005690Z [0;32m==> [1;39mCompiling ../src/MatisuTouch.m (arm64e)…[m
2026-08-31T11:31:23.2044130Z [0;32m==> [1;39mCompiling ../src/MatisuTouch.m (arm64)…[m
2026-08-31T11:31:24.9007420Z [0;32m==> [1;39mCompiling ../app/AXNodeDump.m (arm64e)…[m
2026-08-31T11:31:24.9059630Z [0;32m==> [1;39mCompiling ../app/AXNodeDump.m (arm64)…[m
2026-08-31T11:31:25.0373900Z [0;32m==> [1;39mCompiling ../app/DeviceInfo.m (arm64e)…[m
2026-08-31T11:31:25.2029790Z [0;32m==> [1;39mCompiling ../app/DeviceInfo.m (arm64)…[m
2026-08-31T11:31:27.1040050Z [0;32m==> [1;39mCompiling Tweak.xm (arm64)…[m
2026-08-31T11:31:27.2035230Z [0;32m==> [1;39mCompiling Tweak.xm (arm64e)…[m
2026-08-31T11:31:27.6434690Z ld: warning: -undefined dynamic_lookup is deprecated on iOS
2026-08-31T11:31:27.6435440Z [0;33m==> [1;39mLinking tweak MatisuAuto (arm64)…[m
2026-08-31T11:31:27.6437110Z ld: warning: -multiply_defined is obsolete
2026-08-31T11:31:27.6437780Z [0;34m==> [1;39mGenerating debug symbols for MatisuAuto…[m
2026-08-31T11:31:27.6438160Z ld: warning: -undefined dynamic_lookup is deprecated on iOS
2026-08-31T11:31:27.6438470Z ld: warning: -multiply_defined is obsolete
2026-08-31T11:31:27.6438770Z [0;34m==> [1;39mStripping MatisuAuto (arm64)…[m
2026-08-31T11:31:27.6439120Z [0;33m==> [1;39mLinking tweak MatisuAuto (arm64e)…[m
2026-08-31T11:31:27.6439470Z [0;34m==> [1;39mGenerating debug symbols for MatisuAuto…[m
2026-08-31T11:31:27.6439810Z [0;34m==> [1;39mStripping MatisuAuto (arm64e)…[m
2026-08-31T11:31:27.6544470Z [0;34m==> [1;39mMerging tweak MatisuAuto…[m
2026-08-31T11:31:27.7183820Z [0;34m==> [1;39mSigning MatisuAuto…[m
2026-08-31T11:31:27.8577800Z [1;31m> [1;3;39mMaking stage for tweak MatisuAuto…[m
2026-08-31T11:31:28.9637770Z dm.pl: building package `com.matisu.auto.tweak:iphoneos-arm64' in `./packages/com.matisu.auto.tweak_0.1.0_iphoneos-arm64.deb'
2026-08-31T11:31:29.0056660Z ##[group]Run make clean
2026-08-31T11:31:29.0056930Z [36;1mmake clean[0m
2026-08-31T11:31:29.0057110Z [36;1mmake FINALPACKAGE=1[0m
2026-08-31T11:31:29.0057460Z [36;1mBIN=$(find .theos/obj/MatisuAuto.app -name MatisuAuto -type f 2>/dev/null | head -1)[0m
2026-08-31T11:31:29.0057900Z [36;1m[ -z "$BIN" ] && { echo "!! binary not built"; exit 1; }[0m
2026-08-31T11:31:29.0058170Z [36;1mrm -rf /tmp/tipa[0m
2026-08-31T11:31:29.0058410Z [36;1mmkdir -p /tmp/tipa/Payload/MatisuAuto.app[0m
2026-08-31T11:31:29.0058730Z [36;1mcp "$BIN" /tmp/tipa/Payload/MatisuAuto.app/MatisuAuto[0m
2026-08-31T11:31:29.0059110Z [36;1mcp Info.plist Entitlements.plist /tmp/tipa/Payload/MatisuAuto.app/[0m
2026-08-31T11:31:29.0059510Z [36;1mLDID="$THEOS/bin/ldid"; [ -x "$LDID" ] || LDID=$(command -v ldid || true)[0m
2026-08-31T11:31:29.0059840Z [36;1mif [ -n "$LDID" ]; then[0m
2026-08-31T11:31:29.0060270Z [36;1m  "$LDID" -SEntitlements.plist /tmp/tipa/Payload/MatisuAuto.app/MatisuAuto && echo "signed with ldid"[0m
2026-08-31T11:31:29.0060660Z [36;1melse[0m
2026-08-31T11:31:29.0060890Z [36;1m  echo "!! ldid not found; TrollStore will re-sign on install"[0m
2026-08-31T11:31:29.0061280Z [36;1mfi[0m
2026-08-31T11:31:29.0061520Z [36;1mecho "== tipa app contents =="[0m
2026-08-31T11:31:29.0061770Z [36;1mls -la /tmp/tipa/Payload/MatisuAuto.app[0m
2026-08-31T11:31:29.0062110Z [36;1mcd /tmp/tipa && zip -r "$GITHUB_WORKSPACE/matisu-auto.tipa" Payload[0m
2026-08-31T11:31:29.0062760Z [36;1mecho "tipa size: $(wc -c < $GITHUB_WORKSPACE/matisu-auto.tipa) bytes"[0m
2026-08-31T11:31:29.0121390Z shell: /bin/bash -e {0}
2026-08-31T11:31:29.0121680Z env:
2026-08-31T11:31:29.0122210Z   THEOS: /Users/runner/work/matisu-replica/matisu-replica/theos
2026-08-31T11:31:29.0123880Z ##[endgroup]
2026-08-31T11:31:29.6006610Z [0;36m==> [1;39mCleaning…[m
2026-08-31T11:31:30.3253430Z [1;31m> [1;3;39mMaking all for application MatisuAuto…[m
2026-08-31T11:31:32.7258000Z [0;32m==> [1;39mCompiling AppDelegate.mm (arm64)…[m
2026-08-31T11:31:32.7807340Z [0;32m==> [1;39mCompiling main.mm (arm64e)…[m
2026-08-31T11:31:32.8547880Z [0;32m==> [1;39mCompiling TouchInject.mm (arm64)…[m
2026-08-31T11:31:32.8583060Z [0;32m==> [1;39mCompiling AppDelegate.mm (arm64e)…[m
2026-08-31T11:31:32.9462390Z [0;32m==> [1;39mCompiling TouchInject.mm (arm64e)…[m
2026-08-31T11:31:32.9544790Z [0;32m==> [1;39mCompiling ControlServer.mm (arm64)…[m
2026-08-31T11:31:33.0463080Z [0;32m==> [1;39mCompiling ControlServer.mm (arm64e)…[m
2026-08-31T11:31:33.1078900Z [0;32m==> [1;39mCompiling main.mm (arm64)…[m
2026-08-31T11:31:34.4323860Z [0;32m==> [1;39mCompiling ScreenShot.m (arm64)…[m
2026-08-31T11:31:34.5633000Z [0;32m==> [1;39mCompiling ScreenShot.m (arm64e)…[m
2026-08-31T11:31:34.5701010Z [0;32m==> [1;39mCompiling DeviceInfo.m (arm64)…[m
2026-08-31T11:31:34.7140670Z [0;32m==> [1;39mCompiling AXNodeDump.m (arm64)…[m
2026-08-31T11:31:34.7307830Z [0;32m==> [1;39mCompiling AXNodeDump.m (arm64e)…[m
2026-08-31T11:31:34.7996920Z In file included from LuaEngine.mm:19:
2026-08-31T11:31:34.7997600Z [0;32m==> [1;39mCompiling LuaEngine.mm (arm64)…[m
2026-08-31T11:31:34.8098940Z In file included from ./lua/lua.h:16:
2026-08-31T11:31:34.8200090Z [1m./lua/luaconf.h:11:1: [0m[0;1;31merror: [0m[1mimport of C++ module '_Builtin_limits' appears within extern "C" language linkage specification [-Wmodule-import-in-extern-c][0m
2026-08-31T11:31:34.8301150Z    11 | #include <limits.h>[0m
2026-08-31T11:31:34.8402350Z       | [0;1;32m^
2026-08-31T11:31:34.8541480Z [0m[1mLuaEngine.mm:18:1: [0m[0;1;36mnote: [0mextern "C" language linkage specification begins here[0m
2026-08-31T11:31:34.8644210Z    18 | extern "C" {[0m
2026-08-31T11:31:34.8745700Z       | [0;1;32m^
2026-08-31T11:31:34.8846860Z [0m1 error generated.
2026-08-31T11:31:34.8847240Z [0;32m==> [1;39mCompiling DeviceInfo.m (arm64e)…[m
2026-08-31T11:31:34.8949990Z make[3]: *** [/Users/runner/work/matisu-replica/matisu-replica/theos/makefiles/instance/rules.mk:313: /Users/runner/work/matisu-replica/matisu-replica/ios/app/.theos/obj/arm64/LuaEngine.mm.bcd70028.o] Error 1
2026-08-31T11:31:34.9049020Z make[3]: *** Waiting for unfinished jobs....
2026-08-31T11:31:34.9689880Z In file included from LuaEngine.mm:19:
2026-08-31T11:31:34.9690500Z [0;32m==> [1;39mCompiling LuaEngine.mm (arm64e)…[m
2026-08-31T11:31:34.9790030Z In file included from ./lua/lua.h:16:
2026-08-31T11:31:34.9891800Z [1m./lua/luaconf.h:11:1: [0m[0;1;31merror: [0m[1mimport of C++ module '_Builtin_limits' appears within extern "C" language linkage specification [-Wmodule-import-in-extern-c][0m
2026-08-31T11:31:34.9993380Z    11 | #include <limits.h>[0m
2026-08-31T11:31:35.0095260Z       | [0;1;32m^
2026-08-31T11:31:35.0206170Z [0m[1mLuaEngine.mm:18:1: [0m[0;1;36mnote: [0mextern "C" language linkage specification begins here[0m
2026-08-31T11:31:35.0307090Z    18 | extern "C" {[0m
2026-08-31T11:31:35.0417980Z       | [0;1;32m^
2026-08-31T11:31:35.0519100Z [0m1 error generated.
2026-08-31T11:31:35.0554950Z make[3]: *** [/Users/runner/work/matisu-replica/matisu-replica/theos/makefiles/instance/rules.mk:313: /Users/runner/work/matisu-replica/matisu-replica/ios/app/.theos/obj/arm64e/LuaEngine.mm.3510d680.o] Error 1
2026-08-31T11:31:35.0555830Z make[3]: *** Waiting for unfinished jobs....
2026-08-31T11:31:35.0658880Z [0;32m==> [1;39mCompiling sthid/STHIDEventGenerator.mm (arm64)…[m
2026-08-31T11:31:35.0662940Z make[2]: *** [/Users/runner/work/matisu-replica/matisu-replica/theos/makefiles/instance/application.mk:50: /Users/runner/work/matisu-replica/matisu-replica/ios/app/.theos/obj/arm64/MatisuAuto.app/MatisuAuto] Error 2
2026-08-31T11:31:35.0663880Z make[2]: *** Waiting for unfinished jobs....
2026-08-31T11:31:35.1095170Z [0;32m==> [1;39mCompiling sthid/STHIDEventGenerator.mm (arm64e)…[m
2026-08-31T11:31:35.1115980Z make[2]: *** [/Users/runner/work/matisu-replica/matisu-replica/theos/makefiles/instance/application.mk:50: /Users/runner/work/matisu-replica/matisu-replica/ios/app/.theos/obj/arm64e/MatisuAuto.app/MatisuAuto] Error 2
2026-08-31T11:31:35.1118460Z make[1]: *** [/Users/runner/work/matisu-replica/matisu-replica/theos/makefiles/instance/application.mk:41: internal-application-all_] Error 2
2026-08-31T11:31:35.1119920Z make: *** [/Users/runner/work/matisu-replica/matisu-replica/theos/makefiles/master/rules.mk:146: MatisuAuto.all.application.variables] Error 2
2026-08-31T11:31:35.1126940Z ##[error]Process completed with exit code 2.
2026-08-31T11:31:35.1325130Z Post job cleanup.
2026-08-31T11:31:35.1330080Z ##[start-action display=Theos Cache;id=__d250dc3d-3d69-4fd2-9143-d78fb2bcdd96.theos-cache]
2026-08-31T11:31:35.1332280Z ##[end-action id=__d250dc3d-3d69-4fd2-9143-d78fb2bcdd96.theos-cache;outcome=skipped;conclusion=skipped;duration_ms=0]
2026-08-31T11:31:35.1398210Z Node 20 is being deprecated. This workflow is running with Node 24 by default. If you need to temporarily use Node 20, you can set the ACTIONS_ALLOW_USE_UNSECURE_NODE_VERSION=true environment variable. For more information see: https://github.blog/changelog/2025-09-19-deprecation-of-node-20-on-github-actions-runners/
2026-08-31T11:31:35.1399990Z Post job cleanup.
2026-08-31T11:31:35.4455540Z [command]/opt/homebrew/bin/git version
2026-08-31T11:31:35.4653070Z git version 2.55.0
2026-08-31T11:31:35.4678250Z Copying '/Users/runner/.gitconfig' to '/Users/runner/work/_temp/321633f3-0caa-42a5-adce-9c5581a9c9fa/.gitconfig'
2026-08-31T11:31:35.4685770Z Temporarily overriding HOME='/Users/runner/work/_temp/321633f3-0caa-42a5-adce-9c5581a9c9fa' before making global git config changes
2026-08-31T11:31:35.4686540Z Adding repository directory to the temporary git global config as a safe directory
2026-08-31T11:31:35.4688610Z [command]/opt/homebrew/bin/git config --global --add safe.directory /Users/runner/work/matisu-replica/matisu-replica
2026-08-31T11:31:35.4803530Z [command]/opt/homebrew/bin/git config --local --name-only --get-regexp core\.sshCommand
2026-08-31T11:31:35.4865550Z [command]/opt/homebrew/bin/git submodule foreach --recursive sh -c "git config --local --name-only --get-regexp 'core\.sshCommand' && git config --local --unset-all 'core.sshCommand' || :"
2026-08-31T11:31:35.6628920Z [command]/opt/homebrew/bin/git config --local --name-only --get-regexp http\.https\:\/\/github\.com\/\.extraheader
2026-08-31T11:31:35.6690360Z http.https://github.com/.extraheader
2026-08-31T11:31:35.6705330Z [command]/opt/homebrew/bin/git config --local --unset-all http.https://github.com/.extraheader
2026-08-31T11:31:35.6801670Z [command]/opt/homebrew/bin/git submodule foreach --recursive sh -c "git config --local --name-only --get-regexp 'http\.https\:\/\/github\.com\/\.extraheader' && git config --local --unset-all 'http.https://github.com/.extraheader' || :"
2026-08-31T11:31:35.8193080Z [command]/opt/homebrew/bin/git config --local --name-only --get-regexp ^includeIf\.gitdir:
2026-08-31T11:31:35.8498340Z [command]/opt/homebrew/bin/git submodule foreach --recursive git config --local --show-origin --name-only --get-regexp remote.origin.url
2026-08-31T11:31:35.9913490Z Cleaning up orphan processes
2026-08-31T11:31:36.6910420Z ##[warning]Node.js 20 is deprecated. The following actions target Node.js 20 but are being forced to run on Node.js 24: actions/cache@v4, actions/checkout@v4. For more information see: https://github.blog/changelog/2025-09-19-deprecation-of-node-20-on-github-actions-runners/
