2026-08-31T11:19:06.9638630Z Current runner version: '2.336.0'
2026-08-31T11:19:06.9657580Z ##[group]Runner Image Provisioner
2026-08-31T11:19:06.9658190Z Hosted Compute Agent
2026-08-31T11:19:06.9658630Z Version: 20260707.563
2026-08-31T11:19:06.9659070Z Commit: 02667638d2b423fbc733a8e32a88b44996a3ba6e
2026-08-31T11:19:06.9659530Z Build Date: 2026-07-07T19:33:50Z
2026-08-31T11:19:06.9659960Z Worker ID: {bfaf7004-7d7f-408b-83ec-30bf2d198b11}
2026-08-31T11:19:06.9660440Z Azure Region: westus
2026-08-31T11:19:06.9660880Z ##[endgroup]
2026-08-31T11:19:06.9661850Z ##[group]Operating System
2026-08-31T11:19:06.9662230Z macOS
2026-08-31T11:19:06.9662550Z 26.5.2
2026-08-31T11:19:06.9662940Z 25F84
2026-08-31T11:19:06.9663290Z ##[endgroup]
2026-08-31T11:19:06.9663650Z ##[group]Runner Image
2026-08-31T11:19:06.9664040Z Image: macos-26-arm64
2026-08-31T11:19:06.9664440Z Version: 20260728.0273.1
2026-08-31T11:19:06.9665320Z Included Software: https://github.com/actions/runner-images/blob/macos-26-arm64/20260728.0273/images/macos/macos-26-arm64-Readme.md
2026-08-31T11:19:06.9666320Z Image Release: https://github.com/actions/runner-images/releases/tag/macos-26-arm64%2F20260728.0273
2026-08-31T11:19:06.9666960Z ##[endgroup]
2026-08-31T11:19:06.9667760Z ##[group]GITHUB_TOKEN Permissions
2026-08-31T11:19:06.9669140Z Contents: read
2026-08-31T11:19:06.9669500Z Metadata: read
2026-08-31T11:19:06.9669850Z Packages: read
2026-08-31T11:19:06.9670190Z ##[endgroup]
2026-08-31T11:19:06.9671670Z Secret source: Actions
2026-08-31T11:19:06.9672290Z Prepare workflow directory
2026-08-31T11:19:06.9941010Z Prepare all required actions
2026-08-31T11:19:06.9983140Z Getting action download info
2026-08-31T11:19:07.2728510Z Download action repository 'actions/checkout@v4' (SHA:11d5960a326750d5838078e36cf38b85af677262)
2026-08-31T11:19:07.5770590Z Download action repository 'waruhachi/theos-action@v2.4.6' (SHA:9c45aeddc8a587a7b9d4a17d107e6a68b9bc910e)
2026-08-31T11:19:08.1612320Z Download action repository 'actions/upload-artifact@v4' (SHA:ea165f8d65b6e75b540449e92b4886f43607fa02)
2026-08-31T11:19:08.4574990Z Getting action download info
2026-08-31T11:19:08.5522310Z Download action repository 'actions/cache@v4' (SHA:0057852bfaa89a56745cba8c7296529d2fc39830)
2026-08-31T11:19:08.7564520Z Complete job name: build
2026-08-31T11:19:08.8205010Z Node 20 is being deprecated. This workflow is running with Node 24 by default. If you need to temporarily use Node 20, you can set the ACTIONS_ALLOW_USE_UNSECURE_NODE_VERSION=true environment variable. For more information see: https://github.blog/changelog/2025-09-19-deprecation-of-node-20-on-github-actions-runners/
2026-08-31T11:19:08.8213130Z ##[group]Run actions/checkout@v4
2026-08-31T11:19:08.8213860Z with:
2026-08-31T11:19:08.8214380Z   repository: sky5566jf/matisu-replica
2026-08-31T11:19:08.8220540Z   token: ***
2026-08-31T11:19:08.8221030Z   ssh-strict: true
2026-08-31T11:19:08.8221520Z   ssh-user: git
2026-08-31T11:19:08.8222030Z   persist-credentials: true
2026-08-31T11:19:08.8222590Z   clean: true
2026-08-31T11:19:08.8223120Z   sparse-checkout-cone-mode: true
2026-08-31T11:19:08.8223750Z   fetch-depth: 1
2026-08-31T11:19:08.8224260Z   fetch-tags: false
2026-08-31T11:19:08.8224780Z   show-progress: true
2026-08-31T11:19:08.8225310Z   lfs: false
2026-08-31T11:19:08.8225840Z   submodules: false
2026-08-31T11:19:08.8226370Z   set-safe-directory: true
2026-08-31T11:19:08.8226960Z   allow-unsafe-pr-checkout: false
2026-08-31T11:19:08.8227690Z ##[endgroup]
2026-08-31T11:19:09.4864770Z Syncing repository: sky5566jf/matisu-replica
2026-08-31T11:19:09.4867040Z ##[group]Getting Git version info
2026-08-31T11:19:09.4868110Z Working directory is '/Users/runner/work/matisu-replica/matisu-replica'
2026-08-31T11:19:09.4869470Z [command]/opt/homebrew/bin/git version
2026-08-31T11:19:09.5157420Z git version 2.55.0
2026-08-31T11:19:09.5177450Z ##[endgroup]
2026-08-31T11:19:09.5185610Z Copying '/Users/runner/.gitconfig' to '/Users/runner/work/_temp/11a2d8d3-a364-4a42-b978-06e0fb3a5d24/.gitconfig'
2026-08-31T11:19:09.5191920Z Temporarily overriding HOME='/Users/runner/work/_temp/11a2d8d3-a364-4a42-b978-06e0fb3a5d24' before making global git config changes
2026-08-31T11:19:09.5194490Z Adding repository directory to the temporary git global config as a safe directory
2026-08-31T11:19:09.5197190Z [command]/opt/homebrew/bin/git config --global --add safe.directory /Users/runner/work/matisu-replica/matisu-replica
2026-08-31T11:19:09.5309970Z Deleting the contents of '/Users/runner/work/matisu-replica/matisu-replica'
2026-08-31T11:19:09.5313000Z ##[group]Initializing the repository
2026-08-31T11:19:09.5317030Z [command]/opt/homebrew/bin/git init /Users/runner/work/matisu-replica/matisu-replica
2026-08-31T11:19:09.5535410Z hint: Using 'master' as the name for the initial branch. This default branch name
2026-08-31T11:19:09.5537430Z hint: will change to "main" in Git 3.0. To configure the initial branch name
2026-08-31T11:19:09.5538700Z hint: to use in all of your new repositories, which will suppress this warning,
2026-08-31T11:19:09.5539890Z hint: call:
2026-08-31T11:19:09.5540510Z hint:
2026-08-31T11:19:09.5541220Z hint: 	git config --global init.defaultBranch <name>
2026-08-31T11:19:09.5541990Z hint:
2026-08-31T11:19:09.5542740Z hint: Names commonly chosen instead of 'master' are 'main', 'trunk' and
2026-08-31T11:19:09.5543870Z hint: 'development'. The just-created branch can be renamed via this command:
2026-08-31T11:19:09.5544750Z hint:
2026-08-31T11:19:09.5545290Z hint: 	git branch -m <name>
2026-08-31T11:19:09.5545880Z hint:
2026-08-31T11:19:09.5546770Z hint: Disable this message with "git config set advice.defaultBranchName false"
2026-08-31T11:19:09.5548400Z Initialized empty Git repository in /Users/runner/work/matisu-replica/matisu-replica/.git/
2026-08-31T11:19:09.5552200Z [command]/opt/homebrew/bin/git remote add origin https://github.com/sky5566jf/matisu-replica
2026-08-31T11:19:09.5629500Z ##[endgroup]
2026-08-31T11:19:09.5630830Z ##[group]Disabling automatic garbage collection
2026-08-31T11:19:09.5632030Z [command]/opt/homebrew/bin/git config --local gc.auto 0
2026-08-31T11:19:09.5694630Z ##[endgroup]
2026-08-31T11:19:09.5698910Z ##[group]Setting up auth
2026-08-31T11:19:09.5700180Z [command]/opt/homebrew/bin/git config --local --name-only --get-regexp core\.sshCommand
2026-08-31T11:19:09.5765840Z [command]/opt/homebrew/bin/git submodule foreach --recursive sh -c "git config --local --name-only --get-regexp 'core\.sshCommand' && git config --local --unset-all 'core.sshCommand' || :"
2026-08-31T11:19:09.6785070Z [command]/opt/homebrew/bin/git config --local --name-only --get-regexp http\.https\:\/\/github\.com\/\.extraheader
2026-08-31T11:19:09.6848270Z [command]/opt/homebrew/bin/git submodule foreach --recursive sh -c "git config --local --name-only --get-regexp 'http\.https\:\/\/github\.com\/\.extraheader' && git config --local --unset-all 'http.https://github.com/.extraheader' || :"
2026-08-31T11:19:09.7678080Z [command]/opt/homebrew/bin/git config --local --name-only --get-regexp ^includeIf\.gitdir:
2026-08-31T11:19:09.7741190Z [command]/opt/homebrew/bin/git submodule foreach --recursive git config --local --show-origin --name-only --get-regexp remote.origin.url
2026-08-31T11:19:09.9510480Z [command]/opt/homebrew/bin/git config --local http.https://github.com/.extraheader AUTHORIZATION: basic ***
2026-08-31T11:19:09.9802110Z ##[endgroup]
2026-08-31T11:19:09.9904660Z ##[group]Fetching the repository
2026-08-31T11:19:09.9905910Z [command]/opt/homebrew/bin/git -c protocol.version=2 fetch --no-tags --prune --no-recurse-submodules --depth=1 origin +f8f63289f4309044583aef0f9bea37205342166a:refs/remotes/origin/main
2026-08-31T11:19:10.8635740Z From https://github.com/sky5566jf/matisu-replica
2026-08-31T11:19:10.8637630Z  * [new ref]         f8f63289f4309044583aef0f9bea37205342166a -> origin/main
2026-08-31T11:19:10.8640860Z ##[endgroup]
2026-08-31T11:19:10.8658720Z ##[group]Determining the checkout info
2026-08-31T11:19:10.8659490Z ##[endgroup]
2026-08-31T11:19:10.8659830Z [command]/opt/homebrew/bin/git sparse-checkout disable
2026-08-31T11:19:10.8730910Z [command]/opt/homebrew/bin/git config --local --unset-all extensions.worktreeConfig
2026-08-31T11:19:10.8800590Z ##[group]Checking out the ref
2026-08-31T11:19:10.8802610Z [command]/opt/homebrew/bin/git checkout --progress --force -B main refs/remotes/origin/main
2026-08-31T11:19:10.9122130Z Switched to a new branch 'main'
2026-08-31T11:19:10.9222750Z branch 'main' set up to track 'origin/main'.
2026-08-31T11:19:10.9525460Z ##[endgroup]
2026-08-31T11:19:10.9827750Z [command]/opt/homebrew/bin/git log -1 --format=%H
2026-08-31T11:19:10.9895880Z f8f63289f4309044583aef0f9bea37205342166a
2026-08-31T11:19:11.0444050Z ##[group]Run waruhachi/theos-action@v2.4.6
2026-08-31T11:19:11.0444530Z with:
2026-08-31T11:19:11.0444760Z   theos-src: theos/theos
2026-08-31T11:19:11.0444960Z   theos-branch: master
2026-08-31T11:19:11.0445150Z   sdks-src: theos/sdks
2026-08-31T11:19:11.0445370Z   sdks-branch: master
2026-08-31T11:19:11.0445600Z   libgcuniversal: false
2026-08-31T11:19:11.0445900Z   libgcuniversal-src: MrGcGamer/LibGcUniversalDocumentation
2026-08-31T11:19:11.0446230Z   libgcuniversal-branch: master
2026-08-31T11:19:11.0446450Z   altlist: false
2026-08-31T11:19:11.0446640Z   altlist-src: opa334/AltList
2026-08-31T11:19:11.0446860Z   altlist-branch: main
2026-08-31T11:19:11.0447060Z ##[endgroup]
2026-08-31T11:19:11.0515120Z ##[start-action display=Adding Theos Environment Variables;id=__waruhachi_theos-action.__run]
2026-08-31T11:19:11.0597330Z ##[group]Run echo "THEOS=/Users/runner/work/matisu-replica/matisu-replica/theos" >> $GITHUB_ENV
2026-08-31T11:19:11.0598030Z [36;1mecho "THEOS=/Users/runner/work/matisu-replica/matisu-replica/theos" >> $GITHUB_ENV[0m
2026-08-31T11:19:11.0670240Z shell: /bin/bash --noprofile --norc -e -o pipefail {0}
2026-08-31T11:19:11.0670650Z ##[endgroup]
2026-08-31T11:19:11.1193390Z ##[end-action id=__waruhachi_theos-action.__run;outcome=success;conclusion=success;duration_ms=67]
2026-08-31T11:19:11.1205280Z ##[start-action display=Generate Cache Key;id=__waruhachi_theos-action.cache-key]
2026-08-31T11:19:11.1252480Z ##[group]Run set -euo pipefail
2026-08-31T11:19:11.1254300Z [36;1mset -euo pipefail[0m
2026-08-31T11:19:11.1254590Z [36;1m[0m
2026-08-31T11:19:11.1255030Z [36;1mtheos_sha=$(gh api -H 'Accept: application/vnd.github.sha' /repos/theos/theos/commits/master)[0m
2026-08-31T11:19:11.1255710Z [36;1msdks_sha=$(gh api -H 'Accept: application/vnd.github.sha' /repos/theos/sdks/commits/master)[0m
2026-08-31T11:19:11.1256120Z [36;1m[0m
2026-08-31T11:19:11.1256320Z [36;1mif [[ "false" == 'true' ]]; then[0m
2026-08-31T11:19:11.1256850Z [36;1m  libgc_sha=$(gh api -H 'Accept: application/vnd.github.sha' /repos/MrGcGamer/LibGcUniversalDocumentation/commits/master)[0m
2026-08-31T11:19:11.1257420Z [36;1melse[0m
2026-08-31T11:19:11.1257640Z [36;1m  libgc_sha="none"[0m
2026-08-31T11:19:11.1257850Z [36;1mfi[0m
2026-08-31T11:19:11.1258050Z [36;1m[0m
2026-08-31T11:19:11.1258230Z [36;1mif [[ "false" == 'true' ]]; then[0m
2026-08-31T11:19:11.1258660Z [36;1m  altlist_sha=$(gh api -H 'Accept: application/vnd.github.sha' /repos/opa334/AltList/commits/main)[0m
2026-08-31T11:19:11.1259110Z [36;1melse[0m
2026-08-31T11:19:11.1259300Z [36;1m  altlist_sha="none"[0m
2026-08-31T11:19:11.1259510Z [36;1mfi[0m
2026-08-31T11:19:11.1259670Z [36;1m[0m
2026-08-31T11:19:11.1260250Z [36;1mecho "key=theos/theos-master-$theos_sha|theos/sdks-master-$sdks_sha|MrGcGamer/LibGcUniversalDocumentation-master-$libgc_sha|opa334/AltList-main-$altlist_sha" >> $GITHUB_OUTPUT[0m
2026-08-31T11:19:11.1332040Z shell: /bin/bash --noprofile --norc -e -o pipefail {0}
2026-08-31T11:19:11.1332950Z env:
2026-08-31T11:19:11.1333700Z   THEOS: /Users/runner/work/matisu-replica/matisu-replica/theos
2026-08-31T11:19:11.1340710Z   GH_TOKEN: ***
2026-08-31T11:19:11.1341010Z ##[endgroup]
2026-08-31T11:19:12.0971970Z ##[end-action id=__waruhachi_theos-action.cache-key;outcome=success;conclusion=success;duration_ms=976]
2026-08-31T11:19:12.0975670Z ##[start-action display=Install dependencies;id=__waruhachi_theos-action.__run_2]
2026-08-31T11:19:12.0993580Z ##[group]Run set -euo pipefail
2026-08-31T11:19:12.0993830Z [36;1mset -euo pipefail[0m
2026-08-31T11:19:12.0994020Z [36;1m[0m
2026-08-31T11:19:12.0994170Z [36;1mbrew install make ldid[0m
2026-08-31T11:19:12.0994440Z [36;1mecho "$(brew --prefix make)/libexec/gnubin" >> $GITHUB_PATH[0m
2026-08-31T11:19:12.1026010Z shell: /bin/bash --noprofile --norc -e -o pipefail {0}
2026-08-31T11:19:12.1026280Z env:
2026-08-31T11:19:12.1026500Z   THEOS: /Users/runner/work/matisu-replica/matisu-replica/theos
2026-08-31T11:19:12.1026790Z ##[endgroup]
2026-08-31T11:19:14.3805770Z ##[warning]The following taps are not trusted:
  aws/tap

Homebrew is currently ignoring formulae, casks and commands from these taps because tap trust is required.

Untap them with:
  brew untap aws/tap
Trust specific formulae, casks and commands with:
  brew trust --formula <user>/<tap>/<formula>
  brew trust --cask <user>/<tap>/<cask>
  brew trust --command <user>/<tap>/<command>
Whole-tap trust is broader and includes all current and future formulae,
casks and commands from the listed taps. Trust whole taps with:
  brew trust aws/tap
To disable trust checks:
  export HOMEBREW_NO_REQUIRE_TAP_TRUST=1
This is not recommended and will be removed in a later release.
For more information, see:
  https://docs.brew.sh/Tap-Trust
2026-08-31T11:19:14.7661570Z [34m==>[0m [1mWould install 2 formulae:[0m
2026-08-31T11:19:14.7662150Z make ldid
2026-08-31T11:19:14.7676860Z [34m==>[0m [1mDownloading https://ghcr.io/v2/homebrew/core/make/manifests/4.4.1-1[0m
2026-08-31T11:19:15.1409720Z [34m==>[0m [1mDownloading https://ghcr.io/v2/homebrew/core/ldid/manifests/2.1.5_1-1[0m
2026-08-31T11:19:15.4737120Z [34m==>[0m [1mWould install 1 dependency for ldid:[0m
2026-08-31T11:19:15.4738280Z libplist
2026-08-31T11:19:15.4739500Z [32m==>[0m [1mFetching downloads for: [32mmake[39m and [32mldid[39m[0m
2026-08-31T11:19:15.8300310Z ✔︎ Bottle Manifest libplist (2.7.0)
2026-08-31T11:19:15.8716090Z ✔︎ Bottle ldid (2.1.5_1)
2026-08-31T11:19:15.9016150Z ✔︎ Bottle libplist (2.7.0)
2026-08-31T11:19:15.9064560Z ✔︎ Bottle make (4.4.1)
2026-08-31T11:19:15.9088020Z [34m==>[0m [1mPouring make--4.4.1.arm64_tahoe.bottle.1.tar.gz[0m
2026-08-31T11:19:16.0091840Z [34m==>[0m [1mCaveats[0m
2026-08-31T11:19:16.0092160Z GNU "make" has been installed as "gmake".
2026-08-31T11:19:16.0092490Z If you need to use it as "make", you can add a "gnubin" directory
2026-08-31T11:19:16.0092870Z to your PATH from your bashrc like:
2026-08-31T11:19:16.0093090Z 
2026-08-31T11:19:16.0093350Z     PATH="/opt/homebrew/opt/make/libexec/gnubin:$PATH"
2026-08-31T11:19:16.0093760Z [34m==>[0m [1mSummary[0m
2026-08-31T11:19:16.0122690Z 🍺  /opt/homebrew/Cellar/make/4.4.1: 17 files, 1.3MB
2026-08-31T11:19:16.0223120Z [32m==>[0m [1mInstalling ldid dependency: [32mlibplist[39m[0m
2026-08-31T11:19:16.0270280Z [34m==>[0m [1mPouring libplist--2.7.0.arm64_tahoe.bottle.tar.gz[0m
2026-08-31T11:19:16.0582910Z 🍺  /opt/homebrew/Cellar/libplist/2.7.0: 32 files, 605.5KB
2026-08-31T11:19:16.0594400Z [32m==>[0m [1mInstalling [32mldid[39m[0m
2026-08-31T11:19:16.0595420Z [34m==>[0m [1mPouring ldid--2.1.5_1.arm64_tahoe.bottle.1.tar.gz[0m
2026-08-31T11:19:16.1115500Z 🍺  /opt/homebrew/Cellar/ldid/2.1.5_1: 6 files, 271KB
2026-08-31T11:19:16.1126300Z [32m==>[0m [1mCaveats[0m
2026-08-31T11:19:16.1126620Z [34m==>[0m [1mmake[0m
2026-08-31T11:19:16.1127220Z GNU "make" has been installed as "gmake".
2026-08-31T11:19:16.1127760Z If you need to use it as "make", you can add a "gnubin" directory
2026-08-31T11:19:16.1128270Z to your PATH from your bashrc like:
2026-08-31T11:19:16.1128580Z 
2026-08-31T11:19:16.1128810Z     PATH="/opt/homebrew/opt/make/libexec/gnubin:$PATH"
2026-08-31T11:19:16.1528820Z ##[end-action id=__waruhachi_theos-action.__run_2;outcome=success;conclusion=success;duration_ms=4055]
2026-08-31T11:19:16.1532090Z ##[start-action display=Theos Cache;id=__waruhachi_theos-action.theos-cache]
2026-08-31T11:19:16.1598410Z Node 20 is being deprecated. This workflow is running with Node 24 by default. If you need to temporarily use Node 20, you can set the ACTIONS_ALLOW_USE_UNSECURE_NODE_VERSION=true environment variable. For more information see: https://github.blog/changelog/2025-09-19-deprecation-of-node-20-on-github-actions-runners/
2026-08-31T11:19:16.1604460Z ##[group]Run actions/cache@v4
2026-08-31T11:19:16.1604660Z with:
2026-08-31T11:19:16.1604880Z   path: /Users/runner/work/matisu-replica/matisu-replica/theos
2026-08-31T11:19:16.1605870Z   key: theos/theos-master-5280bd038207e14f8bd76f5417aa2fe641c03228|theos/sdks-master-0222fd5413cf4b9af096f37b4621afa2688572f7|MrGcGamer/LibGcUniversalDocumentation-master-none|opa334/AltList-main-none
2026-08-31T11:19:16.1606620Z   enableCrossOsArchive: false
2026-08-31T11:19:16.1606840Z   fail-on-cache-miss: false
2026-08-31T11:19:16.1607020Z   lookup-only: false
2026-08-31T11:19:16.1607240Z   save-always: false
2026-08-31T11:19:16.1607400Z env:
2026-08-31T11:19:16.1607660Z   THEOS: /Users/runner/work/matisu-replica/matisu-replica/theos
2026-08-31T11:19:16.1607960Z ##[endgroup]
2026-08-31T11:19:16.2839700Z (node:8175) [DEP0040] DeprecationWarning: The `punycode` module is deprecated. Please use a userland alternative instead.
2026-08-31T11:19:16.2840520Z (Use `node --trace-deprecation ...` to show where the warning was created)
2026-08-31T11:19:16.5175810Z Cache hit for: theos/theos-master-5280bd038207e14f8bd76f5417aa2fe641c03228|theos/sdks-master-0222fd5413cf4b9af096f37b4621afa2688572f7|MrGcGamer/LibGcUniversalDocumentation-master-none|opa334/AltList-main-none
2026-08-31T11:19:16.5252260Z (node:8175) [DEP0169] DeprecationWarning: `url.parse()` behavior is not standardized and prone to errors that have security implications. Use the WHATWG URL API instead. CVEs are not issued for `url.parse()` vulnerabilities.
2026-08-31T11:19:17.6708820Z Received 71303168 of 224393996 (31.8%), 67.8 MBs/sec
2026-08-31T11:19:18.6705930Z Received 171966464 of 224393996 (76.6%), 81.9 MBs/sec
2026-08-31T11:19:19.0298610Z Received 224393996 of 224393996 (100.0%), 90.6 MBs/sec
2026-08-31T11:19:19.0442290Z Cache Size: ~214 MB (224393996 B)
2026-08-31T11:19:19.0563400Z [command]/opt/homebrew/bin/gtar -xf /Users/runner/work/_temp/55b276ff-bea2-468c-b933-e29f5a67091c/cache.tzst -P -C /Users/runner/work/matisu-replica/matisu-replica --delay-directory-restore --use-compress-program unzstd
2026-08-31T11:19:34.8993230Z Cache restored successfully
2026-08-31T11:19:34.9867790Z Cache restored from key: theos/theos-master-5280bd038207e14f8bd76f5417aa2fe641c03228|theos/sdks-master-0222fd5413cf4b9af096f37b4621afa2688572f7|MrGcGamer/LibGcUniversalDocumentation-master-none|opa334/AltList-main-none
2026-08-31T11:19:35.0049080Z ##[end-action id=__waruhachi_theos-action.theos-cache;outcome=success;conclusion=success;duration_ms=18851]
2026-08-31T11:19:35.0054270Z ##[start-action display=Setup Theos;id=__waruhachi_theos-action.__actions_checkout]
2026-08-31T11:19:35.0077750Z ##[end-action id=__waruhachi_theos-action.__actions_checkout;outcome=skipped;conclusion=skipped;duration_ms=0]
2026-08-31T11:19:35.0080610Z ##[start-action display=Setup SDKs;id=__waruhachi_theos-action.__actions_checkout_2]
2026-08-31T11:19:35.0086050Z ##[end-action id=__waruhachi_theos-action.__actions_checkout_2;outcome=skipped;conclusion=skipped;duration_ms=0]
2026-08-31T11:19:35.0088480Z ##[start-action display=Setup LibGcUniversal;id=__waruhachi_theos-action.__actions_checkout_3]
2026-08-31T11:19:35.0095200Z ##[end-action id=__waruhachi_theos-action.__actions_checkout_3;outcome=skipped;conclusion=skipped;duration_ms=0]
2026-08-31T11:19:35.0097240Z ##[start-action display=Install LibGcUniversal;id=__waruhachi_theos-action.__run_3]
2026-08-31T11:19:35.0102290Z ##[end-action id=__waruhachi_theos-action.__run_3;outcome=skipped;conclusion=skipped;duration_ms=0]
2026-08-31T11:19:35.0104460Z ##[start-action display=Setup AltList;id=__waruhachi_theos-action.__actions_checkout_4]
2026-08-31T11:19:35.0109220Z ##[end-action id=__waruhachi_theos-action.__actions_checkout_4;outcome=skipped;conclusion=skipped;duration_ms=0]
2026-08-31T11:19:35.0116830Z ##[start-action display=Install AltList;id=__waruhachi_theos-action.__run_4]
2026-08-31T11:19:35.0122250Z ##[end-action id=__waruhachi_theos-action.__run_4;outcome=skipped;conclusion=skipped;duration_ms=0]
2026-08-31T11:19:35.0124210Z ##[start-action display=Update Theos;id=__waruhachi_theos-action.__run_5]
2026-08-31T11:19:35.0191520Z ##[group]Run $THEOS/bin/update-theos
2026-08-31T11:19:35.0191850Z [36;1m$THEOS/bin/update-theos[0m
2026-08-31T11:19:35.1689420Z shell: /bin/bash --noprofile --norc -e -o pipefail {0}
2026-08-31T11:19:35.1693930Z env:
2026-08-31T11:19:35.1694430Z   THEOS: /Users/runner/work/matisu-replica/matisu-replica/theos
2026-08-31T11:19:35.1694700Z ##[endgroup]
2026-08-31T11:19:36.8194480Z From https://github.com/theos/theos
2026-08-31T11:19:36.8195710Z  * [new branch]      dhowett/dev/experimental-rebased -> origin/dhowett/dev/experimental-rebased
2026-08-31T11:19:36.8196550Z  * [new branch]      dhowett/dev/instance-target -> origin/dhowett/dev/instance-target
2026-08-31T11:19:36.8197370Z  * [new branch]      dhowett/dev/syntel    -> origin/dhowett/dev/syntel
2026-08-31T11:19:36.8197980Z  * [new branch]      dhowett/dev/testing   -> origin/dhowett/dev/testing
2026-08-31T11:19:36.8198900Z  * [new branch]      kabiroberai/arch-schemas -> origin/kabiroberai/arch-schemas
2026-08-31T11:19:36.8209880Z  * [new branch]      kirb/break-stuff      -> origin/kirb/break-stuff
2026-08-31T11:19:36.8210510Z  * [new branch]      kirb/experimental/uikitformac-support -> origin/kirb/experimental/uikitformac-support
2026-08-31T11:19:36.8211180Z  * [new branch]      kirb/rootless         -> origin/kirb/rootless
2026-08-31T11:19:36.8211860Z  * [new branch]      kirb/unfinished/better-troubleshoot -> origin/kirb/unfinished/better-troubleshoot
2026-08-31T11:19:36.8212410Z  * [new branch]      legacy                -> origin/legacy
2026-08-31T11:19:36.8212960Z  * [new branch]      libhooker-rpaths      -> origin/libhooker-rpaths
2026-08-31T11:19:36.8213470Z  * [new branch]      orion                 -> origin/orion
2026-08-31T11:19:36.8213930Z  * [new branch]      orion-dev             -> origin/orion-dev
2026-08-31T11:19:36.8214530Z  * [new branch]      uroboro-minor-changes -> origin/uroboro-minor-changes
2026-08-31T11:19:36.8215090Z  * [new tag]         1.0.0                 -> 1.0.0
2026-08-31T11:19:36.8215730Z  * [new tag]         2.0.0                 -> 2.0.0
2026-08-31T11:19:36.8216110Z  * [new tag]         2.1.0                 -> 2.1.0
2026-08-31T11:19:36.8216550Z  * [new tag]         2.1.1                 -> 2.1.1
2026-08-31T11:19:36.8217110Z  * [new tag]         2.2                   -> 2.2
2026-08-31T11:19:36.8217470Z  * [new tag]         2.3                   -> 2.3
2026-08-31T11:19:36.8218180Z  * [new tag]         2.4                   -> 2.4
2026-08-31T11:19:36.8223140Z  * [new tag]         2.5                   -> 2.5
2026-08-31T11:19:37.0361030Z Fetching submodule vendor/dm.pl
2026-08-31T11:19:37.4558930Z Fetching submodule vendor/include
2026-08-31T11:19:37.5295980Z Fetching submodule vendor/lib
2026-08-31T11:19:37.6335810Z Fetching submodule vendor/orion
2026-08-31T11:19:37.9519840Z Fetching submodule vendor/logos
2026-08-31T11:19:37.9721140Z Fetching submodule vendor/templates
2026-08-31T11:19:38.1596980Z Fetching submodule vendor/nic
2026-08-31T11:19:38.9562500Z From https://github.com/theos/nic
2026-08-31T11:19:38.9563530Z  * branch            12db01f67994a232f8282f3ae0d0b61314ce0230 -> FETCH_HEAD
2026-08-31T11:19:38.9564090Z  * branch            1f2e89d4acb805a81503ac3ea4c7115ca55f75a1 -> FETCH_HEAD
2026-08-31T11:19:38.9564640Z  * branch            28d562c54f2d335a5f392191e7d2e8f08aca88fa -> FETCH_HEAD
2026-08-31T11:19:38.9565100Z  * branch            40464a39bfb31306521212936dbae3406ef4822c -> FETCH_HEAD
2026-08-31T11:19:38.9566420Z  * branch            6585e1e2d29bcd2452e14f8e92e62c76a1909554 -> FETCH_HEAD
2026-08-31T11:19:38.9566850Z  * branch            794d210f81198c6aef4f0ab8d04bd74ffe149f51 -> FETCH_HEAD
2026-08-31T11:19:38.9567380Z  * branch            8f065ac109706335661a6f8e9edfeacdbff0d80e -> FETCH_HEAD
2026-08-31T11:19:38.9568140Z  * branch            941bbf0173e3c9674331715f433c1ae6f9156362 -> FETCH_HEAD
2026-08-31T11:19:38.9568670Z  * branch            fd02465ca53cdb3bb07b4ff723c517e9a808641c -> FETCH_HEAD
2026-08-31T11:19:38.9569160Z  * branch            fe9f859d3aaba987ed19ef52dbfb57bc02a4973d -> FETCH_HEAD
2026-08-31T11:19:38.9569580Z Fetching submodule vendor/swift-support
2026-08-31T11:19:39.6994410Z From https://github.com/theos/swift-support
2026-08-31T11:19:39.6995490Z  * branch            0093a4ebcc9027c383c5d56d35a4d418d4592658 -> FETCH_HEAD
2026-08-31T11:19:39.6996000Z  * branch            019861f92a7ff16d422a63911e2313c877e1b828 -> FETCH_HEAD
2026-08-31T11:19:39.6996520Z  * branch            0205d5ab2d73fa52a1d9ff3eba0612c4e08c1003 -> FETCH_HEAD
2026-08-31T11:19:39.6996970Z  * branch            26d567b27545ed5830775ae8a487bdf4d67ff4b5 -> FETCH_HEAD
2026-08-31T11:19:39.6997330Z  * branch            2b9346b2e48a72e534d667cd45f83749ae278a15 -> FETCH_HEAD
2026-08-31T11:19:39.6997820Z  * branch            2ca7b66fc689058636242fe898b76df73e4d5609 -> FETCH_HEAD
2026-08-31T11:19:39.6998250Z  * branch            3b0005b557331b5df67913b98d003ec1e87d78bd -> FETCH_HEAD
2026-08-31T11:19:39.6998680Z  * branch            43055290ede755acbd186c398cae72dc4f12247d -> FETCH_HEAD
2026-08-31T11:19:39.6999070Z  * branch            5d427efa62c1bbb137e00e51f378d031b1d15699 -> FETCH_HEAD
2026-08-31T11:19:39.6999460Z  * branch            69b5d150a05272fc6273eaa3801c47d06d7f2813 -> FETCH_HEAD
2026-08-31T11:19:39.6999830Z  * branch            7ca75d0edc2ba7cc6f2928333d617292ac4683dd -> FETCH_HEAD
2026-08-31T11:19:39.7000210Z  * branch            86dd8e6a8dd9eac1195dbdacdc7e79a5c532d1f9 -> FETCH_HEAD
2026-08-31T11:19:39.7000590Z  * branch            b9b4ef3ed1d6a48b5e9e52db2eb27c5c9de35da9 -> FETCH_HEAD
2026-08-31T11:19:39.7001040Z  * branch            bb1ad344db2df5f099335cd6bff6045f71b8438c -> FETCH_HEAD
2026-08-31T11:19:39.7001440Z  * branch            c630ca8723ed631f896e10484934c336a26b83be -> FETCH_HEAD
2026-08-31T11:19:39.7001800Z  * branch            d9af6143ccc1bbd316b898def3fef732f87d9653 -> FETCH_HEAD
2026-08-31T11:19:39.7002180Z  * branch            fd6ff75bb620a4754f124381f0d7bce9bba79ca2 -> FETCH_HEAD
2026-08-31T11:19:39.7002520Z From https://github.com/theos/templates
2026-08-31T11:19:39.7002850Z  * branch            022f31fd3457c8a0c181cd23b59c2980ca4d36b2 -> FETCH_HEAD
2026-08-31T11:19:39.7003230Z  * branch            0886f5a8ebb6f0e142f9e9a8a8924370939d1146 -> FETCH_HEAD
2026-08-31T11:19:39.7003600Z  * branch            09894865a641bae0b67456a6df6475df8d8a6ac7 -> FETCH_HEAD
2026-08-31T11:19:39.7003950Z  * branch            11488a997e6dc1ac4a5ae8612ab46a6e45394709 -> FETCH_HEAD
2026-08-31T11:19:39.7004310Z  * branch            1576043fbcea15b79a9b7931d93266fc1aedbecc -> FETCH_HEAD
2026-08-31T11:19:39.7004690Z  * branch            300ee0f33196f55ec7a7bb02b05910974216b831 -> FETCH_HEAD
2026-08-31T11:19:39.7005060Z  * branch            349468fc3d8f84cd38080f80f99bfe49a1ddc162 -> FETCH_HEAD
2026-08-31T11:19:39.7005430Z  * branch            3a20da8b1c61ec888ae1a926af3065366094ee77 -> FETCH_HEAD
2026-08-31T11:19:39.7005800Z  * branch            49defb6d052709417bc61e4c0c8f732639b28c1e -> FETCH_HEAD
2026-08-31T11:19:39.7006260Z  * branch            4c75fa2361f67deb4fe6c554e010cb1aaa48ca3d -> FETCH_HEAD
2026-08-31T11:19:39.7006660Z  * branch            5917b9947fbb3099df3c48e1001a3d8b17a8e55a -> FETCH_HEAD
2026-08-31T11:19:39.7007050Z  * branch            645bcd195b44e076474e097990bea47bcb3ed772 -> FETCH_HEAD
2026-08-31T11:19:39.7007420Z  * branch            7d98646871281e5b71e280e8f80d3fc27b69aeef -> FETCH_HEAD
2026-08-31T11:19:39.7007790Z  * branch            7e6b80d6f98c8b1ad4ab05b2e8bc659741d26d02 -> FETCH_HEAD
2026-08-31T11:19:39.7008140Z  * branch            8af2906bf6f6dd13d97302405316bd8a5419a265 -> FETCH_HEAD
2026-08-31T11:19:39.7008510Z  * branch            8d1a9f5a42ae2a48435303ea8fb07c3c1ccbd9d2 -> FETCH_HEAD
2026-08-31T11:19:39.7008860Z  * branch            8d9599b9054c93319ed35b35b3a826e437931904 -> FETCH_HEAD
2026-08-31T11:19:39.7009650Z  * branch            a22176f8b1a1759fec55a3b62c8200cc751f1638 -> FETCH_HEAD
2026-08-31T11:19:39.7010060Z  * branch            b3afce164abdeda0c9b1aa69fdc2f9fec0673792 -> FETCH_HEAD
2026-08-31T11:19:39.7010430Z  * branch            b68586f216239fe73f74326b59b1e66cd0a1b664 -> FETCH_HEAD
2026-08-31T11:19:39.7010770Z  * branch            da6a60b1d3f6bf4b7398000448209cd505eb1a74 -> FETCH_HEAD
2026-08-31T11:19:39.7011170Z  * branch            e3c1d67b1e8faae69b37fb525bd7f2c435ef9dab -> FETCH_HEAD
2026-08-31T11:19:39.7011710Z  * branch            efc61c3afeee514482f1702ffd5f6c07d14ecd2e -> FETCH_HEAD
2026-08-31T11:19:39.7012070Z  * branch            f466826075cc2acbd755ca096f4fdf7a82a27922 -> FETCH_HEAD
2026-08-31T11:19:39.8095470Z From https://github.com/theos/orion
2026-08-31T11:19:39.8096240Z  * branch            0031cd86865084f8e491182772a10e749cfc4e67 -> FETCH_HEAD
2026-08-31T11:19:39.8097900Z  * branch            06cb86f32e73e48241afa29df0861f55991cca61 -> FETCH_HEAD
2026-08-31T11:19:39.8098460Z  * branch            152dd53a25de653c4870a808ddfefb7e625b3294 -> FETCH_HEAD
2026-08-31T11:19:39.8099190Z  * branch            17357242fb4e60c60d3b86b260fba0a8b75cb11d -> FETCH_HEAD
2026-08-31T11:19:39.8099790Z  * branch            1cd69055ca503b2c6334f64211d3bc937fca4fc0 -> FETCH_HEAD
2026-08-31T11:19:39.8100440Z  * branch            225c463b57b268fcc02380c40356b585682bd67a -> FETCH_HEAD
2026-08-31T11:19:39.8100880Z  * branch            2e4d368231e88c797ab9879f8c018a50f4e25209 -> FETCH_HEAD
2026-08-31T11:19:39.8101300Z  * branch            335ba6eff3bedf06d2745aacca73cd9612dfa314 -> FETCH_HEAD
2026-08-31T11:19:39.8101680Z  * branch            3b7c6dc91fe5ede50c475f7f4f1a9c70ab5289db -> FETCH_HEAD
2026-08-31T11:19:39.8102050Z  * branch            3da7f4e5127e37e33fb6e4bc7de0e51768fbbc60 -> FETCH_HEAD
2026-08-31T11:19:39.8102420Z  * branch            42ea032b7ee01cea0121cbcecd47b998db3ce136 -> FETCH_HEAD
2026-08-31T11:19:39.8102790Z  * branch            485f5cc6f945035afc64027157e2f5cfa7c7059d -> FETCH_HEAD
2026-08-31T11:19:39.8103140Z  * branch            4a80d885e83a049b59cf90c81e40286eed160f08 -> FETCH_HEAD
2026-08-31T11:19:39.8103520Z  * branch            52c0c12b34fc358f04bc3052b82b72c2dfe2f42d -> FETCH_HEAD
2026-08-31T11:19:39.8103890Z  * branch            5a0bc2c9b87f2171b3c58bf3688cc89f39cfe4e7 -> FETCH_HEAD
2026-08-31T11:19:39.8104280Z  * branch            67b3c2a59e016a9951d471e7c9f1852203091753 -> FETCH_HEAD
2026-08-31T11:19:39.8104640Z  * branch            6f8ed1a59e70d7bf7dc5080ef7579ba2b9c975b0 -> FETCH_HEAD
2026-08-31T11:19:39.8105000Z  * branch            78df9785cc985260fb6eb2371876f5d8a3f180c8 -> FETCH_HEAD
2026-08-31T11:19:39.8105350Z  * branch            79b3835410a6f4be2c913334acb2b6a0055d3708 -> FETCH_HEAD
2026-08-31T11:19:39.8105710Z  * branch            9e7333bb9d529b4c41a43248fbdb5d2daf69cb0f -> FETCH_HEAD
2026-08-31T11:19:39.8106060Z  * branch            9eb6b9de83071ef7063c8d52545c87acd43e50ed -> FETCH_HEAD
2026-08-31T11:19:39.8106500Z  * branch            ae9fbf2f3a242506d79a49776f578f055a9ebf3c -> FETCH_HEAD
2026-08-31T11:19:39.8106900Z  * branch            b0349d6d540c956239148a95d05bea6dc559d8f7 -> FETCH_HEAD
2026-08-31T11:19:39.8107280Z  * branch            b4946bb467b450e04be7e25f8dcb5ed55349e2cc -> FETCH_HEAD
2026-08-31T11:19:39.8107640Z  * branch            b799eda1f1e86469db859df5384fb91094b52aed -> FETCH_HEAD
2026-08-31T11:19:39.8108000Z  * branch            b828e186278a3d29a5a10c5f3dea128e5d413a31 -> FETCH_HEAD
2026-08-31T11:19:39.8108360Z  * branch            cea8f533e199ba62cc543b9f44971bb295f9e8d2 -> FETCH_HEAD
2026-08-31T11:19:39.8108730Z  * branch            d4bc4a55170df50c137945923b381af13c1f7f34 -> FETCH_HEAD
2026-08-31T11:19:39.8109080Z  * branch            e37259fe10493ae95fa0d823b5f1469a26dc56db -> FETCH_HEAD
2026-08-31T11:19:39.8109440Z  * branch            e7a029a6bb37424cd9a4c474cb71d3f2a9071d66 -> FETCH_HEAD
2026-08-31T11:19:39.8109810Z  * branch            e8267b7324a2ff9e4a1d9ac0e618a1ee91573ec7 -> FETCH_HEAD
2026-08-31T11:19:39.8110500Z Fetching submodule vendor/orion/fishhook
2026-08-31T11:19:40.9600950Z From https://github.com/facebook/fishhook
2026-08-31T11:19:40.9612460Z  * branch            8ef82f0711494ecc78d16bf6ce76f5ad92e5f67b -> FETCH_HEAD
2026-08-31T11:19:40.9625150Z From https://github.com/theos/headers
2026-08-31T11:19:40.9638480Z  * branch            03c20cce033cfb9eafcb9ecf21c6eaaf0c26a7da -> FETCH_HEAD
2026-08-31T11:19:40.9640450Z  * branch            05405174749d912f7726121fcb5f27de73af0f08 -> FETCH_HEAD
2026-08-31T11:19:40.9641470Z  * branch            09a80f652d65b1caba560d8f50ad4c584d45d6a1 -> FETCH_HEAD
2026-08-31T11:19:40.9642070Z  * branch            0be47c237ef990d2d5c099e81d51f5c49cfe21ac -> FETCH_HEAD
2026-08-31T11:19:40.9642590Z  * branch            10c212801ce4ba99ff410b62637c7d50c3f6a37f -> FETCH_HEAD
2026-08-31T11:19:40.9642960Z  * branch            159a952c71bba3e7e3ae68b16d29c7fc549f5cdc -> FETCH_HEAD
2026-08-31T11:19:40.9643370Z  * branch            1bb142b515f5ff7c0b8e8f7ae173616e8cf2705e -> FETCH_HEAD
2026-08-31T11:19:40.9643800Z  * branch            1c6404be46f71071eb7d33b2ce30de30895bc2be -> FETCH_HEAD
2026-08-31T11:19:40.9644170Z  * branch            1c8c6efb030ff7221d97b8d4864847851aba9a67 -> FETCH_HEAD
2026-08-31T11:19:40.9644550Z  * branch            1fbaaf37d263538ee3e19aa2a78a2fd66f63b241 -> FETCH_HEAD
2026-08-31T11:19:40.9644900Z  * branch            27f17e2c2413d8f18d5d580f30bb0f67159d89be -> FETCH_HEAD
2026-08-31T11:19:40.9645270Z  * branch            28df0feeba0cdb768852e13920ad599c2375c96a -> FETCH_HEAD
2026-08-31T11:19:40.9645640Z  * branch            2c1421a4d6d24a9f930ad74924e628e95d383682 -> FETCH_HEAD
2026-08-31T11:19:40.9645990Z  * branch            30aabe179bb275646086a6249953a9f617395dcb -> FETCH_HEAD
2026-08-31T11:19:40.9646440Z  * branch            387230da73d43e19fff86a8b6cd5d3193ad99c9f -> FETCH_HEAD
2026-08-31T11:19:40.9646830Z  * branch            3998ff8c46acecb3c13dd8a65999111f41464357 -> FETCH_HEAD
2026-08-31T11:19:40.9647200Z  * branch            3ae47e085e9b4dc72613c99503f81f9d8ce093a6 -> FETCH_HEAD
2026-08-31T11:19:40.9647590Z  * branch            3d2c25b9f1202b5d97c374e64b719e7b2e565e8a -> FETCH_HEAD
2026-08-31T11:19:40.9647940Z  * branch            3f26abfa9d7f4d5c0185cf4c99e60086b9ad9ca9 -> FETCH_HEAD
2026-08-31T11:19:40.9648310Z  * branch            49424c3ed7e5545bd53c3250cea9fa45b2fabdd6 -> FETCH_HEAD
2026-08-31T11:19:40.9648670Z  * branch            4c7409e29260a7c47a27d52531a0ebc4bc034e72 -> FETCH_HEAD
2026-08-31T11:19:40.9649020Z  * branch            4daa96661264879b6545a14ac936bca51d8afd7f -> FETCH_HEAD
2026-08-31T11:19:40.9649390Z  * branch            521fa5563c7d6a6bf881d6cc7b36841c35e5e0d2 -> FETCH_HEAD
2026-08-31T11:19:40.9649770Z  * branch            55c97299b7064afd07f6acddeccb3154dd1ee69f -> FETCH_HEAD
2026-08-31T11:19:40.9650120Z  * branch            56bfc22d38c0cfbbbd9317ce9bf58e7915166c59 -> FETCH_HEAD
2026-08-31T11:19:40.9650480Z  * branch            5c13703c2c210a4347fc75dc87031e9cc597626d -> FETCH_HEAD
2026-08-31T11:19:40.9650830Z  * branch            609a308c1333ac3c409307fdd5ae2071981e4242 -> FETCH_HEAD
2026-08-31T11:19:40.9651200Z  * branch            64ba1fb3425ee69d568baa5bb59d22e8b04908af -> FETCH_HEAD
2026-08-31T11:19:40.9651580Z  * branch            6611d3b2c22527283cdcf81cb6c81327fbdcbaff -> FETCH_HEAD
2026-08-31T11:19:40.9652020Z  * branch            69fcaa7d2ecfbb6b2ecd38646f0ff3c9135cabc4 -> FETCH_HEAD
2026-08-31T11:19:40.9652430Z  * branch            6afc5085a16f51a36d0b49b45eaeeb09a13eb810 -> FETCH_HEAD
2026-08-31T11:19:40.9652800Z  * branch            6ee8506035aa5e48e76b423c89d66a4c7406e050 -> FETCH_HEAD
2026-08-31T11:19:40.9653150Z  * branch            6f59e8391b27b169067656601acbed30f4f205cc -> FETCH_HEAD
2026-08-31T11:19:40.9653520Z  * branch            77d639826e51e3f40517cfd96c616127a514e941 -> FETCH_HEAD
2026-08-31T11:19:40.9653880Z  * branch            79dd09fd14441e0e74394c5651de2a7ed0a60ffd -> FETCH_HEAD
2026-08-31T11:19:40.9654230Z  * branch            80bd5638d9e8e2437997f33f9f92f08f0e2705b7 -> FETCH_HEAD
2026-08-31T11:19:40.9654880Z  * branch            80da6b2d0bbe3806b9f6c8b6e43eca29c4c066d4 -> FETCH_HEAD
2026-08-31T11:19:40.9655230Z  * branch            819f49385304805f9a81e4210ae392c620505ea8 -> FETCH_HEAD
2026-08-31T11:19:40.9655600Z  * branch            85ffc75138a5fefce0b699b9e16fa514cb7ffc5c -> FETCH_HEAD
2026-08-31T11:19:40.9655960Z  * branch            889f159f6dd834ac35e193387b823539045cd374 -> FETCH_HEAD
2026-08-31T11:19:40.9656310Z  * branch            8fec425716958c1b709c0459d7f6762b73b2e291 -> FETCH_HEAD
2026-08-31T11:19:40.9656800Z  * branch            9220e3de07a7e24a50bf668796793d9bca5ad4c8 -> FETCH_HEAD
2026-08-31T11:19:40.9657170Z  * branch            9a50a89c6d0a92693427579dd0e4b46565d5d0de -> FETCH_HEAD
2026-08-31T11:19:40.9657530Z  * branch            9f00c9663aff892b512f87666dbfbf8fe4943e84 -> FETCH_HEAD
2026-08-31T11:19:40.9657900Z  * branch            a322ffce6b029caff5ce43e53678d276b2d86ff4 -> FETCH_HEAD
2026-08-31T11:19:40.9658260Z  * branch            aa509d29c41b7d27b201a9f477f0cb4e34dad108 -> FETCH_HEAD
2026-08-31T11:19:40.9658620Z  * branch            ad10b0115808b53cf825e034bc22d66af3481cfc -> FETCH_HEAD
2026-08-31T11:19:40.9658980Z  * branch            ad80ca22becd0748e1f11729b8f88d5c17206178 -> FETCH_HEAD
2026-08-31T11:19:40.9659340Z  * branch            b0b5198bc97bc56668f7fc071ae47a8a9f1e1b10 -> FETCH_HEAD
2026-08-31T11:19:40.9659700Z  * branch            b6ab96de6ba747eb7dd623d47c8865dd674f11fc -> FETCH_HEAD
2026-08-31T11:19:40.9660070Z  * branch            b875591e9b780872861d143cf973c142aace9bdb -> FETCH_HEAD
2026-08-31T11:19:40.9660420Z  * branch            bf8ff89cfa235410ac374e27fadee73982d44296 -> FETCH_HEAD
2026-08-31T11:19:40.9660920Z  * branch            c9f56473e9f2c7b72a2555963c49b7b7579acfbb -> FETCH_HEAD
2026-08-31T11:19:40.9661720Z  * branch            d09634a4dedb6be617f3b576102fc16b9403ba5e -> FETCH_HEAD
2026-08-31T11:19:40.9662170Z  * branch            e61600418fe6fe07f8e30c2c0d0c002ba31b99d1 -> FETCH_HEAD
2026-08-31T11:19:40.9662700Z  * branch            e8a358066f7426c285684aeaaff8ff23b3dd6b61 -> FETCH_HEAD
2026-08-31T11:19:40.9670320Z  * branch            ea1b95dba9530d2017907ec7542d309215d84e15 -> FETCH_HEAD
2026-08-31T11:19:40.9670770Z  * branch            ea969daefb5026b3aaed326b2db2fac80e410df0 -> FETCH_HEAD
2026-08-31T11:19:40.9671130Z  * branch            f3e596d896bae8f07c43cfb00ef55bf6224b4cdc -> FETCH_HEAD
2026-08-31T11:19:40.9671470Z  * branch            f3eef2127548c631b325a0b28c907cc59b1716ac -> FETCH_HEAD
2026-08-31T11:19:40.9671880Z  * branch            f82d323a5a50b4d6e3a21bce0aa20b0e531b118d -> FETCH_HEAD
2026-08-31T11:19:40.9672280Z From https://github.com/theos/logos
2026-08-31T11:19:40.9672630Z  * branch            06726377b5603d03d7deb6c9bdd7b718ad1a63a4 -> FETCH_HEAD
2026-08-31T11:19:40.9673020Z  * branch            067802d95eb531006087d66f8a7b067e5d6bf237 -> FETCH_HEAD
2026-08-31T11:19:40.9673420Z  * branch            0aeaca09cb193a3fb9fb461ae972252585f5c0c8 -> FETCH_HEAD
2026-08-31T11:19:40.9673850Z  * branch            170f048edea7014debf8d628e7da495f5dbe4ea4 -> FETCH_HEAD
2026-08-31T11:19:40.9674210Z  * branch            197cb80c634a403bf812594f4adc9c7fc354271f -> FETCH_HEAD
2026-08-31T11:19:40.9674580Z  * branch            1fa39ebd22e4421eaa778e7dfb0f5d4b02c6f9f4 -> FETCH_HEAD
2026-08-31T11:19:40.9674980Z  * branch            404fed419a566c4d68fae1110a18fce63c85d619 -> FETCH_HEAD
2026-08-31T11:19:40.9675410Z  * branch            40ec61ef0d699ccd6b10dfd5511ede6213a9a278 -> FETCH_HEAD
2026-08-31T11:19:40.9675860Z  * branch            4f35cb65b1bc96ef1d7c9633ef0f6129f0e4036c -> FETCH_HEAD
2026-08-31T11:19:40.9676240Z  * branch            57c507eb9ef2da5765b1b7aab785c032b117d56a -> FETCH_HEAD
2026-08-31T11:19:40.9676640Z  * branch            5f1138cf79cc546e8cde64c93a1dab74b9918c3c -> FETCH_HEAD
2026-08-31T11:19:40.9677080Z  * branch            62814c1d7dbc9158a0f231ded9edc07f94debe23 -> FETCH_HEAD
2026-08-31T11:19:40.9677420Z  * branch            75623490073e68e457fe6680462d11c217d29341 -> FETCH_HEAD
2026-08-31T11:19:40.9677810Z  * branch            75b6c2e81c08c1efff4a4e558ce2e245a8956d10 -> FETCH_HEAD
2026-08-31T11:19:40.9678620Z  * branch            76488dfebd541dbd128994bc12c4647d8182c220 -> FETCH_HEAD
2026-08-31T11:19:40.9679050Z  * branch            7b81c55f97ac7dbd6696ebb4cb36b83900960964 -> FETCH_HEAD
2026-08-31T11:19:40.9679510Z  * branch            81cf08c23f886df2fb1db1d9ce9d87a2edadcceb -> FETCH_HEAD
2026-08-31T11:19:40.9679960Z  * branch            886885b273d38092687616c83ec5f452c3b2e965 -> FETCH_HEAD
2026-08-31T11:19:40.9680490Z  * branch            90051eb040590c25ea66f2dd886d72b8148e8801 -> FETCH_HEAD
2026-08-31T11:19:40.9680890Z  * branch            a54760ea60acf45fa48267b9fb344c0317d9351c -> FETCH_HEAD
2026-08-31T11:19:40.9681250Z  * branch            a733c99539ed9ef2a3914528d8c5522dc2396789 -> FETCH_HEAD
2026-08-31T11:19:40.9681590Z  * branch            ac2070c812f70579879a2b91ca77cb578c795c7b -> FETCH_HEAD
2026-08-31T11:19:40.9681940Z  * branch            c7d1cdbdc36880714dd9052d4f63f9c2a7bc102a -> FETCH_HEAD
2026-08-31T11:19:40.9682290Z  * branch            c920e6bb00854f6e2efe903def4aa87295d58627 -> FETCH_HEAD
2026-08-31T11:19:40.9682640Z  * branch            d57afb4417bca9198c5b165a7a4a07934add5c8b -> FETCH_HEAD
2026-08-31T11:19:40.9682980Z  * branch            e8a95e7ea3554d7ec2fabed3bb84d8e5b19898f4 -> FETCH_HEAD
2026-08-31T11:19:40.9683320Z  * branch            ecd39a797b2d17b6583b782fd661068b30eff61f -> FETCH_HEAD
2026-08-31T11:19:40.9683660Z  * branch            fd66169442a26c3609254a6f83ee383a154ddb8c -> FETCH_HEAD
2026-08-31T11:19:40.9683980Z From https://github.com/theos/lib
2026-08-31T11:19:40.9684260Z  * branch            013ea40121136f36ed67e6bd7dcc1b99613daa98 -> FETCH_HEAD
2026-08-31T11:19:40.9684630Z  * branch            07909619e8911d3ae14b07b9514a8209fe8e57cb -> FETCH_HEAD
2026-08-31T11:19:40.9684980Z  * branch            113e0cd132df53649a6bbee2572b2d39fd2beaa1 -> FETCH_HEAD
2026-08-31T11:19:40.9685350Z  * branch            1144e7b79effdcbdf3c0f2626bde3340365d6c41 -> FETCH_HEAD
2026-08-31T11:19:40.9685690Z  * branch            126a2dd4852ad435991bd8ac761ac56ec39869f2 -> FETCH_HEAD
2026-08-31T11:19:40.9686020Z  * branch            1397f8278d240a27482cbb94dda541ad9a57fd65 -> FETCH_HEAD
2026-08-31T11:19:40.9686440Z  * branch            18dbcbc41f9c95b8c7eaedc553fddfdd6201fd4b -> FETCH_HEAD
2026-08-31T11:19:40.9686830Z  * branch            194675ae21925e7e3efd71d0056222f79ea04aa7 -> FETCH_HEAD
2026-08-31T11:19:40.9687170Z  * branch            1eef222ea55cc5fb3b52435465b06f9b7d6dfba9 -> FETCH_HEAD
2026-08-31T11:19:40.9687520Z  * branch            2b6ab0c074c976d757dff0b4ecfc0efd0b5cdd1d -> FETCH_HEAD
2026-08-31T11:19:40.9687860Z  * branch            306eba89a20109cd37c878f008ef99c4eb8ae88d -> FETCH_HEAD
2026-08-31T11:19:40.9688200Z  * branch            34bb72035653a4abb6594be0a976cc766fcdc9c2 -> FETCH_HEAD
2026-08-31T11:19:40.9688550Z  * branch            3b9ec52b8d4150cfe372e946c7e18f4ea4cada66 -> FETCH_HEAD
2026-08-31T11:19:40.9688900Z  * branch            4047e8cd5e2fa602c6e38412dc7c197eacfbca50 -> FETCH_HEAD
2026-08-31T11:19:40.9689240Z  * branch            41b5b0d1ccdc483eb87b9c721e337c9f9548f456 -> FETCH_HEAD
2026-08-31T11:19:40.9689570Z  * branch            4648559115ed390c528d450c0d4b76689c579f2b -> FETCH_HEAD
2026-08-31T11:19:40.9689910Z  * branch            53ff05006e9a35c03787f05e3b4cdd44ff224452 -> FETCH_HEAD
2026-08-31T11:19:40.9690250Z  * branch            617dcfcbb6b7c28f9a565de872c8c993dbfe13ea -> FETCH_HEAD
2026-08-31T11:19:40.9690590Z  * branch            639633b40f1b3e0b9cedfad7ec1feab2e5432033 -> FETCH_HEAD
2026-08-31T11:19:40.9690940Z  * branch            6e3233aa73e67723cba49f89cabcfe3b2dca6ad9 -> FETCH_HEAD
2026-08-31T11:19:40.9691280Z  * branch            6e454510fa71fe6015f8e4febf44945308c014d3 -> FETCH_HEAD
2026-08-31T11:19:40.9691620Z  * branch            6e55e932c719f5ef42ac20e7e31d28169d5593fd -> FETCH_HEAD
2026-08-31T11:19:40.9691960Z  * branch            845205b1bafbb45a50fa4d5f3f29da097b433b7c -> FETCH_HEAD
2026-08-31T11:19:40.9692300Z  * branch            85494d2d30520edb9bbdf3c4066352811c8884d5 -> FETCH_HEAD
2026-08-31T11:19:40.9692760Z  * branch            8b7f487ee82d6a1357432ab2599f617ce8e5a82e -> FETCH_HEAD
2026-08-31T11:19:40.9693100Z  * branch            8df1bccbc66922d7b5d7b7c86d18dadc1d87ef91 -> FETCH_HEAD
2026-08-31T11:19:40.9693490Z  * branch            92f4e8ddb1a49654181f0414c3eff031cc876bcc -> FETCH_HEAD
2026-08-31T11:19:40.9693910Z  * branch            a27acf42f7d72eb8d7cf52ecf504d1d871155680 -> FETCH_HEAD
2026-08-31T11:19:40.9694250Z  * branch            b1d502cc632ec349f8e2b3df9d7630bad64fd25e -> FETCH_HEAD
2026-08-31T11:19:40.9694730Z  * branch            bc2fee541beb43e92db1c1558db3f34ec584efb8 -> FETCH_HEAD
2026-08-31T11:19:40.9695090Z  * branch            c15cf4f84cf4e8d294bac94aebf7ff0329e27f3f -> FETCH_HEAD
2026-08-31T11:19:40.9695430Z  * branch            c3b877651f50c4f683b9e02dc3e36dad551f5472 -> FETCH_HEAD
2026-08-31T11:19:40.9695770Z  * branch            cae351458c00f823d9ff9acb4695ce65d337671d -> FETCH_HEAD
2026-08-31T11:19:40.9696110Z  * branch            cd9b1d660c48529c9ae8a84becf5bcd147a350de -> FETCH_HEAD
2026-08-31T11:19:40.9696460Z  * branch            d4570cd03387bd9add3ba00449af11b49b1c8160 -> FETCH_HEAD
2026-08-31T11:19:40.9696790Z  * branch            df713f0dcd6efaa0ac9800844a895180ef74b483 -> FETCH_HEAD
2026-08-31T11:19:40.9697140Z  * branch            e66cb6851ea6d5b62898d322b02ce82def1148be -> FETCH_HEAD
2026-08-31T11:19:40.9697470Z  * branch            edb99bc316b019b8579103f189282bf10289e88a -> FETCH_HEAD
2026-08-31T11:19:40.9697820Z  * branch            eeaecc08b2ce111dd056fc2232c1a41be7091a7e -> FETCH_HEAD
2026-08-31T11:19:40.9698160Z  * branch            ef66c7316d186eddfdf4d0cb12a0a35cee41b3fe -> FETCH_HEAD
2026-08-31T11:19:40.9698510Z  * branch            f2a857a00e038df3a92a1c85d4e93b65a30cd7e9 -> FETCH_HEAD
2026-08-31T11:19:40.9698850Z  * branch            fd6b6e58b23b5b2f8f4e5c3757604a73bfdec7ea -> FETCH_HEAD
2026-08-31T11:19:40.9699260Z  * branch            ffeb5055506be882b0732f99673b9ff31795ba7b -> FETCH_HEAD
2026-08-31T11:19:40.9699590Z  * branch            ffec3480ec8016ebb9b13a09017807b62f5c9156 -> FETCH_HEAD
2026-08-31T11:19:41.3907650Z From https://github.com/theos/dm.pl
2026-08-31T11:19:41.3907990Z  * branch            08d522b0b0723c2eff72505bf7cd9ae69614c0c0 -> FETCH_HEAD
2026-08-31T11:19:41.3908350Z  * branch            2f1417d7db30bba7ba58c4275e07b02521f52aa3 -> FETCH_HEAD
2026-08-31T11:19:41.3908730Z  * branch            34471b945dd5865544f0cf0c7d1a3151e6aa4c06 -> FETCH_HEAD
2026-08-31T11:19:41.3909080Z  * branch            3726df3e714e8189c23cb7e0c5505f0dbae2f88f -> FETCH_HEAD
2026-08-31T11:19:41.3909520Z  * branch            431955c2e5a2ca5e62ae773ef7036b1df14c80d7 -> FETCH_HEAD
2026-08-31T11:19:41.3909930Z  * branch            4699b543fdb9d3ebacde0b23db38322d27f20974 -> FETCH_HEAD
2026-08-31T11:19:41.3910320Z  * branch            4d3e455f632f77bbf500e03c3670b7cd951f546f -> FETCH_HEAD
2026-08-31T11:19:41.3910750Z  * branch            5b64eb9355f965f8ab0ffbe8c5ec92b0c8316432 -> FETCH_HEAD
2026-08-31T11:19:41.3911100Z  * branch            88d9005b0dbbfaf6d6e2f4948079e96c7b281957 -> FETCH_HEAD
2026-08-31T11:19:41.3912670Z  * branch            892a7c7266055a93013ab81002a8adcb578a2b25 -> FETCH_HEAD
2026-08-31T11:19:41.3913030Z  * branch            9462015e0f7e82f51b6df05bd223a484a6988042 -> FETCH_HEAD
2026-08-31T11:19:41.3913380Z  * branch            9723deb8b99cd7aa071ec1fad310df2ff80d1cf2 -> FETCH_HEAD
2026-08-31T11:19:41.3913740Z  * branch            af6fcc8ebfef5fc4c31d65b52556474409b2ed97 -> FETCH_HEAD
2026-08-31T11:19:41.3914090Z  * branch            b4f1d815d73a75edb5691ef0634e2264513a3ec8 -> FETCH_HEAD
2026-08-31T11:19:41.3914430Z  * branch            b77a3775a95b6929f5c2c44475eb1d0965e073f1 -> FETCH_HEAD
2026-08-31T11:19:41.4006560Z Already up to date.
2026-08-31T11:19:41.5585560Z 
2026-08-31T11:19:41.5587670Z [0;36m==> [1;36mNotice:[m Visit https://github.com/theos/theos/commits/master to view recent changes.
2026-08-31T11:19:41.5594400Z ##[end-action id=__waruhachi_theos-action.__run_5;outcome=success;conclusion=success;duration_ms=6546]
2026-08-31T11:19:41.5642730Z ##[group]Run make clean package FINALPACKAGE=1 THEOS_PACKAGE_SCHEME=rootless
2026-08-31T11:19:41.5643170Z [36;1mmake clean package FINALPACKAGE=1 THEOS_PACKAGE_SCHEME=rootless[0m
2026-08-31T11:19:41.5678160Z shell: /bin/bash -e {0}
2026-08-31T11:19:41.5678330Z env:
2026-08-31T11:19:41.5678560Z   THEOS: /Users/runner/work/matisu-replica/matisu-replica/theos
2026-08-31T11:19:41.5678830Z ##[endgroup]
2026-08-31T11:19:48.2831740Z [0;36m==> [1;39mCleaning…[m
2026-08-31T11:19:48.4167660Z [1;31m> [1;3;39mMaking all for tweak MatisuAuto…[m
2026-08-31T11:19:50.3956920Z [0;31m==> [1;39mPreprocessing Tweak.xm…[m
2026-08-31T11:19:50.3960040Z [0;31m==> [1;39mPreprocessing Tweak.xm…[m
2026-08-31T11:19:51.4801010Z [0;32m==> [1;39mCompiling ../src/MatisuTouch.m (arm64)…[m
2026-08-31T11:19:51.4802050Z [0;32m==> [1;39mCompiling ../src/MatisuTouch.m (arm64e)…[m
2026-08-31T11:19:52.9554840Z [0;32m==> [1;39mCompiling ../app/AXNodeDump.m (arm64)…[m
2026-08-31T11:19:52.9556410Z [0;32m==> [1;39mCompiling ../app/AXNodeDump.m (arm64e)…[m
2026-08-31T11:19:53.0734480Z [0;32m==> [1;39mCompiling ../app/DeviceInfo.m (arm64e)…[m
2026-08-31T11:19:53.1958020Z [0;32m==> [1;39mCompiling ../app/DeviceInfo.m (arm64)…[m
2026-08-31T11:19:55.3407420Z [0;32m==> [1;39mCompiling Tweak.xm (arm64)…[m
2026-08-31T11:19:55.3734100Z [0;32m==> [1;39mCompiling Tweak.xm (arm64e)…[m
2026-08-31T11:19:55.9127630Z ld: warning: -undefined dynamic_lookup is deprecated on iOS
2026-08-31T11:19:55.9128160Z [0;33m==> [1;39mLinking tweak MatisuAuto (arm64)…[m
2026-08-31T11:19:55.9142360Z ld: warning: -multiply_defined is obsolete
2026-08-31T11:19:55.9142900Z [0;34m==> [1;39mGenerating debug symbols for MatisuAuto…[m
2026-08-31T11:19:55.9154630Z ld: warning: -undefined dynamic_lookup is deprecated on iOS
2026-08-31T11:19:55.9155070Z [0;34m==> [1;39mStripping MatisuAuto (arm64)…[m
2026-08-31T11:19:55.9155550Z ld: warning: -multiply_defined is obsolete
2026-08-31T11:19:55.9155900Z [0;33m==> [1;39mLinking tweak MatisuAuto (arm64e)…[m
2026-08-31T11:19:55.9156380Z [0;34m==> [1;39mGenerating debug symbols for MatisuAuto…[m
2026-08-31T11:19:55.9156900Z [0;34m==> [1;39mStripping MatisuAuto (arm64e)…[m
2026-08-31T11:19:55.9225570Z [0;34m==> [1;39mMerging tweak MatisuAuto…[m
2026-08-31T11:19:55.9617750Z [0;34m==> [1;39mSigning MatisuAuto…[m
2026-08-31T11:19:56.1294680Z [1;31m> [1;3;39mMaking stage for tweak MatisuAuto…[m
2026-08-31T11:19:57.1074670Z dm.pl: building package `com.matisu.auto.tweak:iphoneos-arm64' in `./packages/com.matisu.auto.tweak_0.1.0_iphoneos-arm64.deb'
2026-08-31T11:19:57.1496370Z ##[group]Run make clean
2026-08-31T11:19:57.1496620Z [36;1mmake clean[0m
2026-08-31T11:19:57.1496790Z [36;1mmake FINALPACKAGE=1[0m
2026-08-31T11:19:57.1497150Z [36;1mBIN=$(find .theos/obj/MatisuAuto.app -name MatisuAuto -type f 2>/dev/null | head -1)[0m
2026-08-31T11:19:57.1497560Z [36;1m[ -z "$BIN" ] && { echo "!! binary not built"; exit 1; }[0m
2026-08-31T11:19:57.1497840Z [36;1mrm -rf /tmp/tipa[0m
2026-08-31T11:19:57.1498090Z [36;1mmkdir -p /tmp/tipa/Payload/MatisuAuto.app[0m
2026-08-31T11:19:57.1498400Z [36;1mcp "$BIN" /tmp/tipa/Payload/MatisuAuto.app/MatisuAuto[0m
2026-08-31T11:19:57.1498850Z [36;1mcp Info.plist Entitlements.plist /tmp/tipa/Payload/MatisuAuto.app/[0m
2026-08-31T11:19:57.1499320Z [36;1mLDID="$THEOS/bin/ldid"; [ -x "$LDID" ] || LDID=$(command -v ldid || true)[0m
2026-08-31T11:19:57.1499640Z [36;1mif [ -n "$LDID" ]; then[0m
2026-08-31T11:19:57.1500080Z [36;1m  "$LDID" -SEntitlements.plist /tmp/tipa/Payload/MatisuAuto.app/MatisuAuto && echo "signed with ldid"[0m
2026-08-31T11:19:57.1500470Z [36;1melse[0m
2026-08-31T11:19:57.1500710Z [36;1m  echo "!! ldid not found; TrollStore will re-sign on install"[0m
2026-08-31T11:19:57.1501020Z [36;1mfi[0m
2026-08-31T11:19:57.1501210Z [36;1mecho "== tipa app contents =="[0m
2026-08-31T11:19:57.1501500Z [36;1mls -la /tmp/tipa/Payload/MatisuAuto.app[0m
2026-08-31T11:19:57.1501830Z [36;1mcd /tmp/tipa && zip -r "$GITHUB_WORKSPACE/matisu-auto.tipa" Payload[0m
2026-08-31T11:19:57.1502700Z [36;1mecho "tipa size: $(wc -c < $GITHUB_WORKSPACE/matisu-auto.tipa) bytes"[0m
2026-08-31T11:19:57.1638220Z shell: /bin/bash -e {0}
2026-08-31T11:19:57.1641040Z env:
2026-08-31T11:19:57.1641290Z   THEOS: /Users/runner/work/matisu-replica/matisu-replica/theos
2026-08-31T11:19:57.1641560Z ##[endgroup]
2026-08-31T11:19:57.7368710Z [0;36m==> [1;39mCleaning…[m
2026-08-31T11:19:58.4699480Z [1;31m> [1;3;39mMaking all for application MatisuAuto…[m
2026-08-31T11:20:01.2713810Z [0;32m==> [1;39mCompiling main.mm (arm64)…[m
2026-08-31T11:20:01.3741570Z [0;32m==> [1;39mCompiling main.mm (arm64e)…[m
2026-08-31T11:20:01.3842960Z [0;32m==> [1;39mCompiling AppDelegate.mm (arm64)…[m
2026-08-31T11:20:01.4547510Z [0;32m==> [1;39mCompiling TouchInject.mm (arm64)…[m
2026-08-31T11:20:01.4748680Z [0;32m==> [1;39mCompiling AppDelegate.mm (arm64e)…[m
2026-08-31T11:20:01.5251120Z [0;32m==> [1;39mCompiling ControlServer.mm (arm64)…[m
2026-08-31T11:20:01.6057160Z [0;32m==> [1;39mCompiling TouchInject.mm (arm64e)…[m
2026-08-31T11:20:01.7373150Z [0;32m==> [1;39mCompiling ControlServer.mm (arm64e)…[m
2026-08-31T11:20:02.7598620Z [0;32m==> [1;39mCompiling ScreenShot.m (arm64)…[m
2026-08-31T11:20:02.8726660Z [0;32m==> [1;39mCompiling DeviceInfo.m (arm64)…[m
2026-08-31T11:20:02.9705120Z [0;32m==> [1;39mCompiling AXNodeDump.m (arm64)…[m
2026-08-31T11:20:03.0637640Z [0;32m==> [1;39mCompiling ScreenShot.m (arm64e)…[m
2026-08-31T11:20:03.0739000Z [0;32m==> [1;39mCompiling LuaEngine.mm (arm64)…[m
2026-08-31T11:20:03.1691540Z [0;32m==> [1;39mCompiling sthid/STHIDEventGenerator.mm (arm64)…[m
2026-08-31T11:20:03.1955060Z [0;32m==> [1;39mCompiling AXNodeDump.m (arm64e)…[m
2026-08-31T11:20:03.3070120Z [0;32m==> [1;39mCompiling DeviceInfo.m (arm64e)…[m
2026-08-31T11:20:03.3172700Z [0;32m==> [1;39mCompiling lua/lauxlib.c (arm64)…[m
2026-08-31T11:20:03.3553100Z [0;32m==> [1;39mCompiling lua/lapi.c (arm64)…[m
2026-08-31T11:20:03.4063920Z [0;32m==> [1;39mCompiling lua/lbaselib.c (arm64)…[m
2026-08-31T11:20:03.4593960Z [0;32m==> [1;39mCompiling lua/lcorolib.c (arm64)…[m
2026-08-31T11:20:03.5122580Z [0;32m==> [1;39mCompiling lua/lctype.c (arm64)…[m
2026-08-31T11:20:03.5516250Z [0;32m==> [1;39mCompiling lua/lcode.c (arm64)…[m
2026-08-31T11:20:03.5907710Z [0;32m==> [1;39mCompiling lua/ldblib.c (arm64)…[m
2026-08-31T11:20:03.6051250Z [0;32m==> [1;39mCompiling sthid/STHIDEventGenerator.mm (arm64e)…[m
2026-08-31T11:20:03.6775390Z [0;32m==> [1;39mCompiling lua/ldebug.c (arm64)…[m
2026-08-31T11:20:03.7081670Z [0;32m==> [1;39mCompiling LuaEngine.mm (arm64e)…[m
2026-08-31T11:20:03.7168670Z [0;32m==> [1;39mCompiling lua/ldo.c (arm64)…[m
2026-08-31T11:20:03.7500670Z [0;32m==> [1;39mCompiling lua/ldump.c (arm64)…[m
2026-08-31T11:20:03.7872180Z [0;32m==> [1;39mCompiling lua/lfunc.c (arm64)…[m
2026-08-31T11:20:03.8331270Z [0;32m==> [1;39mCompiling lua/linit.c (arm64)…[m
2026-08-31T11:20:03.9331990Z [0;32m==> [1;39mCompiling lua/lgc.c (arm64)…[m
2026-08-31T11:20:03.9364910Z [0;32m==> [1;39mCompiling lua/liolib.c (arm64)…[m
2026-08-31T11:20:03.9893050Z [0;32m==> [1;39mCompiling lua/lapi.c (arm64e)…[m
2026-08-31T11:20:04.0159310Z [0;32m==> [1;39mCompiling lua/lmathlib.c (arm64)…[m
2026-08-31T11:20:04.0381210Z [0;32m==> [1;39mCompiling lua/llex.c (arm64)…[m
2026-08-31T11:20:04.0678970Z [0;32m==> [1;39mCompiling lua/lmem.c (arm64)…[m
2026-08-31T11:20:04.1087680Z [0;32m==> [1;39mCompiling lua/lauxlib.c (arm64e)…[m
2026-08-31T11:20:04.1125240Z [0;32m==> [1;39mCompiling lua/loadlib.c (arm64)…[m
2026-08-31T11:20:04.1536060Z [0;32m==> [1;39mCompiling lua/lopcodes.c (arm64)…[m
2026-08-31T11:20:04.1566070Z [0;32m==> [1;39mCompiling lua/lobject.c (arm64)…[m
2026-08-31T11:20:04.1936000Z [0;32m==> [1;39mCompiling lua/lbaselib.c (arm64e)…[m
2026-08-31T11:20:04.2026370Z [1mlua/loslib.c:146:10: [0m[0;1;31merror: [0m[1m'system' is unavailable: not available on iOS[0m
2026-08-31T11:20:04.2027620Z [0;32m==> [1;39mCompiling lua/loslib.c (arm64)…[m
2026-08-31T11:20:04.2033430Z   146 |   stat = l_system(cmd);[0m
2026-08-31T11:20:04.2040950Z       | [0;1;32m         ^
2026-08-31T11:20:04.2049250Z [0m[1mlua/loslib.c:137:23: [0m[0;1;36mnote: [0mexpanded from macro 'l_system'[0m
2026-08-31T11:20:04.2054750Z   137 | #define l_system(cmd)   system(cmd)  /* default definition */[0m
2026-08-31T11:20:04.2059620Z       | [0;1;32m                        ^
2026-08-31T11:20:04.2064230Z [0m[1m/Applications/Xcode_26.6.app/Contents/Developer/Platforms/iPhoneOS.platform/Developer/SDKs/iPhoneOS26.5.sdk/usr/include/_stdlib.h:208:6: [0m[0;1;36mnote: [0m'system' has been explicitly marked unavailable here[0m
2026-08-31T11:20:04.2083400Z   208 | int      system(const char *) __DARWIN_ALIAS_C(system);[0m
2026-08-31T11:20:04.2088400Z       | [0;1;32m         ^
2026-08-31T11:20:04.2094040Z [0m[1mlua/loslib.c:174:3: [0m[0;1;31merror: [0m[1m'tmpnam' is deprecated: This function is provided for compatibility reasons only.  Due to security concerns inherent in the design of tmpnam(3), it is highly recommended that you use mkstemp(3) instead. [-Werror,-Wdeprecated-declarations][0m
2026-08-31T11:20:04.2125910Z   174 |   lua_tmpnam(buff, err);[0m
2026-08-31T11:20:04.2162900Z       | [0;1;32m  ^
2026-08-31T11:20:04.2276030Z [0m[1mlua/loslib.c:124:33: [0m[0;1;36mnote: [0mexpanded from macro 'lua_tmpnam'[0m
2026-08-31T11:20:04.2408250Z   124 | #define lua_tmpnam(b,e)         { e = (tmpnam(b) == NULL); }[0m
2026-08-31T11:20:04.2510580Z       | [0;1;32m                                       ^
2026-08-31T11:20:04.2529720Z [0m[1m/Applications/Xcode_26.6.app/Contents/Developer/Platforms/iPhoneOS.platform/Developer/SDKs/iPhoneOS26.5.sdk/usr/include/_stdio.h:287:1: [0m[0;1;36mnote: [0m'tmpnam' has been explicitly marked deprecated here[0m
2026-08-31T11:20:04.2530670Z [0;32m==> [1;39mCompiling lua/lcorolib.c (arm64e)…[m
2026-08-31T11:20:04.2572430Z   287 | __deprecated_msg("This function is provided for compatibility reasons only.  Due to security concerns inherent in the design of tmpnam(3), it is highly recommended that you use mkstemp(3) instead.")[0m
2026-08-31T11:20:04.2595820Z       | [0;1;32m^
2026-08-31T11:20:04.2617230Z [0m[1m/Applications/Xcode_26.6.app/Contents/Developer/Platforms/iPhoneOS.platform/Developer/SDKs/iPhoneOS26.5.sdk/usr/include/sys/cdefs.h:227:48: [0m[0;1;36mnote: [0mexpanded from macro '__deprecated_msg'[0m
2026-08-31T11:20:04.2632510Z   227 |         #define __deprecated_msg(_msg) __attribute__((__deprecated__(_msg)))[0m
2026-08-31T11:20:04.2637720Z       | [0;1;32m                                                      ^
2026-08-31T11:20:04.2702700Z [0m2 errors generated.
2026-08-31T11:20:04.2808780Z make[3]: *** [/Users/runner/work/matisu-replica/matisu-replica/theos/makefiles/instance/rules.mk:321: /Users/runner/work/matisu-replica/matisu-replica/ios/app/.theos/obj/arm64/lua/loslib.c.bcd70028.o] Error 1
2026-08-31T11:20:04.2912900Z make[3]: *** Waiting for unfinished jobs....
2026-08-31T11:20:04.2913550Z [0;32m==> [1;39mCompiling lua/lctype.c (arm64e)…[m
2026-08-31T11:20:04.3567430Z make[2]: *** [/Users/runner/work/matisu-replica/matisu-replica/theos/makefiles/instance/application.mk:50: /Users/runner/work/matisu-replica/matisu-replica/ios/app/.theos/obj/arm64/MatisuAuto.app/MatisuAuto] Error 2
2026-08-31T11:20:04.3568460Z [0;32m==> [1;39mCompiling lua/lparser.c (arm64)…[m
2026-08-31T11:20:04.3569640Z make[2]: *** Waiting for unfinished jobs....
2026-08-31T11:20:04.3599700Z [0;32m==> [1;39mCompiling lua/ldblib.c (arm64e)…[m
2026-08-31T11:20:04.3630700Z [0;32m==> [1;39mCompiling lua/lcode.c (arm64e)…[m
2026-08-31T11:20:04.4390730Z [0;32m==> [1;39mCompiling lua/ldump.c (arm64e)…[m
2026-08-31T11:20:04.4825850Z [0;32m==> [1;39mCompiling lua/ldebug.c (arm64e)…[m
2026-08-31T11:20:04.4844780Z [0;32m==> [1;39mCompiling lua/ldo.c (arm64e)…[m
2026-08-31T11:20:04.5068640Z [0;32m==> [1;39mCompiling lua/lfunc.c (arm64e)…[m
2026-08-31T11:20:04.5282210Z [0;32m==> [1;39mCompiling lua/linit.c (arm64e)…[m
2026-08-31T11:20:04.6120940Z [0;32m==> [1;39mCompiling lua/liolib.c (arm64e)…[m
2026-08-31T11:20:04.6272850Z [0;32m==> [1;39mCompiling lua/llex.c (arm64e)…[m
2026-08-31T11:20:04.6706270Z [0;32m==> [1;39mCompiling lua/lgc.c (arm64e)…[m
2026-08-31T11:20:04.6885410Z [0;32m==> [1;39mCompiling lua/lmem.c (arm64e)…[m
2026-08-31T11:20:04.6916680Z [0;32m==> [1;39mCompiling lua/lmathlib.c (arm64e)…[m
2026-08-31T11:20:04.7368110Z [0;32m==> [1;39mCompiling lua/lopcodes.c (arm64e)…[m
2026-08-31T11:20:04.7414930Z [0;32m==> [1;39mCompiling lua/loadlib.c (arm64e)…[m
2026-08-31T11:20:04.7827820Z [0;32m==> [1;39mCompiling lua/lobject.c (arm64e)…[m
2026-08-31T11:20:04.7912470Z [1mlua/loslib.c:146:10: [0m[0;1;31merror: [0m[1m'system' is unavailable: not available on iOS[0m
2026-08-31T11:20:04.7913050Z [0;32m==> [1;39mCompiling lua/loslib.c (arm64e)…[m
2026-08-31T11:20:04.7925180Z   146 |   stat = l_system(cmd);[0m
2026-08-31T11:20:04.7925800Z       | [0;1;32m         ^
2026-08-31T11:20:04.7926400Z [0m[1mlua/loslib.c:137:23: [0m[0;1;36mnote: [0mexpanded from macro 'l_system'[0m
2026-08-31T11:20:04.7927180Z   137 | #define l_system(cmd)   system(cmd)  /* default definition */[0m
2026-08-31T11:20:04.7927740Z       | [0;1;32m                        ^
2026-08-31T11:20:04.7928680Z [0m[1m/Applications/Xcode_26.6.app/Contents/Developer/Platforms/iPhoneOS.platform/Developer/SDKs/iPhoneOS26.5.sdk/usr/include/_stdlib.h:208:6: [0m[0;1;36mnote: [0m'system' has been explicitly marked unavailable here[0m
2026-08-31T11:20:04.7929700Z   208 | int      system(const char *) __DARWIN_ALIAS_C(system);[0m
2026-08-31T11:20:04.7930210Z       | [0;1;32m         ^
2026-08-31T11:20:04.7931320Z [0m[1mlua/loslib.c:174:3: [0m[0;1;31merror: [0m[1m'tmpnam' is deprecated: This function is provided for compatibility reasons only.  Due to security concerns inherent in the design of tmpnam(3), it is highly recommended that you use mkstemp(3) instead. [-Werror,-Wdeprecated-declarations][0m
2026-08-31T11:20:04.7932430Z   174 |   lua_tmpnam(buff, err);[0m
2026-08-31T11:20:04.7932850Z       | [0;1;32m  ^
2026-08-31T11:20:04.7933350Z [0m[1mlua/loslib.c:124:33: [0m[0;1;36mnote: [0mexpanded from macro 'lua_tmpnam'[0m
2026-08-31T11:20:04.7933930Z   124 | #define lua_tmpnam(b,e)         { e = (tmpnam(b) == NULL); }[0m
2026-08-31T11:20:04.7934490Z       | [0;1;32m                                       ^
2026-08-31T11:20:04.7935840Z [0m[1m/Applications/Xcode_26.6.app/Contents/Developer/Platforms/iPhoneOS.platform/Developer/SDKs/iPhoneOS26.5.sdk/usr/include/_stdio.h:287:1: [0m[0;1;36mnote: [0m'tmpnam' has been explicitly marked deprecated here[0m
2026-08-31T11:20:04.7937260Z   287 | __deprecated_msg("This function is provided for compatibility reasons only.  Due to security concerns inherent in the design of tmpnam(3), it is highly recommended that you use mkstemp(3) instead.")[0m
2026-08-31T11:20:04.7938090Z       | [0;1;32m^
2026-08-31T11:20:04.7938860Z [0m[1m/Applications/Xcode_26.6.app/Contents/Developer/Platforms/iPhoneOS.platform/Developer/SDKs/iPhoneOS26.5.sdk/usr/include/sys/cdefs.h:227:48: [0m[0;1;36mnote: [0mexpanded from macro '__deprecated_msg'[0m
2026-08-31T11:20:04.7939890Z   227 |         #define __deprecated_msg(_msg) __attribute__((__deprecated__(_msg)))[0m
2026-08-31T11:20:04.7940400Z       | [0;1;32m                                                      ^
2026-08-31T11:20:04.7940930Z [0m2 errors generated.
2026-08-31T11:20:04.7941720Z make[3]: *** [/Users/runner/work/matisu-replica/matisu-replica/theos/makefiles/instance/rules.mk:320: /Users/runner/work/matisu-replica/matisu-replica/ios/app/.theos/obj/arm64e/lua/loslib.c.3510d680.o] Error 1
2026-08-31T11:20:04.7942900Z make[3]: *** Waiting for unfinished jobs....
2026-08-31T11:20:04.8518740Z [0;32m==> [1;39mCompiling lua/lstate.c (arm64e)…[m
2026-08-31T11:20:04.9474600Z [0;32m==> [1;39mCompiling lua/lparser.c (arm64e)…[m
2026-08-31T11:20:04.9479710Z make[2]: *** [/Users/runner/work/matisu-replica/matisu-replica/theos/makefiles/instance/application.mk:50: /Users/runner/work/matisu-replica/matisu-replica/ios/app/.theos/obj/arm64e/MatisuAuto.app/MatisuAuto] Error 2
2026-08-31T11:20:04.9487200Z make[1]: *** [/Users/runner/work/matisu-replica/matisu-replica/theos/makefiles/instance/application.mk:41: internal-application-all_] Error 2
2026-08-31T11:20:04.9489770Z make: *** [/Users/runner/work/matisu-replica/matisu-replica/theos/makefiles/master/rules.mk:146: MatisuAuto.all.application.variables] Error 2
2026-08-31T11:20:04.9516780Z ##[error]Process completed with exit code 2.
2026-08-31T11:20:04.9694870Z Post job cleanup.
2026-08-31T11:20:04.9699570Z ##[start-action display=Theos Cache;id=__3ed9b0bc-d70f-4ddf-937b-7b9d18539fad.theos-cache]
2026-08-31T11:20:04.9701480Z ##[end-action id=__3ed9b0bc-d70f-4ddf-937b-7b9d18539fad.theos-cache;outcome=skipped;conclusion=skipped;duration_ms=0]
2026-08-31T11:20:04.9775340Z Node 20 is being deprecated. This workflow is running with Node 24 by default. If you need to temporarily use Node 20, you can set the ACTIONS_ALLOW_USE_UNSECURE_NODE_VERSION=true environment variable. For more information see: https://github.blog/changelog/2025-09-19-deprecation-of-node-20-on-github-actions-runners/
2026-08-31T11:20:04.9776590Z Post job cleanup.
2026-08-31T11:20:05.3012960Z [command]/opt/homebrew/bin/git version
2026-08-31T11:20:05.3222990Z git version 2.55.0
2026-08-31T11:20:05.3244670Z Copying '/Users/runner/.gitconfig' to '/Users/runner/work/_temp/959a80ab-b01b-4089-a99e-0c9b9f81fbf1/.gitconfig'
2026-08-31T11:20:05.3254050Z Temporarily overriding HOME='/Users/runner/work/_temp/959a80ab-b01b-4089-a99e-0c9b9f81fbf1' before making global git config changes
2026-08-31T11:20:05.3254790Z Adding repository directory to the temporary git global config as a safe directory
2026-08-31T11:20:05.3256540Z [command]/opt/homebrew/bin/git config --global --add safe.directory /Users/runner/work/matisu-replica/matisu-replica
2026-08-31T11:20:05.3737690Z [command]/opt/homebrew/bin/git config --local --name-only --get-regexp core\.sshCommand
2026-08-31T11:20:05.3819120Z [command]/opt/homebrew/bin/git submodule foreach --recursive sh -c "git config --local --name-only --get-regexp 'core\.sshCommand' && git config --local --unset-all 'core.sshCommand' || :"
2026-08-31T11:20:05.4742120Z [command]/opt/homebrew/bin/git config --local --name-only --get-regexp http\.https\:\/\/github\.com\/\.extraheader
2026-08-31T11:20:05.4795000Z http.https://github.com/.extraheader
2026-08-31T11:20:05.4802460Z [command]/opt/homebrew/bin/git config --local --unset-all http.https://github.com/.extraheader
2026-08-31T11:20:05.4861740Z [command]/opt/homebrew/bin/git submodule foreach --recursive sh -c "git config --local --name-only --get-regexp 'http\.https\:\/\/github\.com\/\.extraheader' && git config --local --unset-all 'http.https://github.com/.extraheader' || :"
2026-08-31T11:20:05.5579220Z [command]/opt/homebrew/bin/git config --local --name-only --get-regexp ^includeIf\.gitdir:
2026-08-31T11:20:05.5642120Z [command]/opt/homebrew/bin/git submodule foreach --recursive git config --local --show-origin --name-only --get-regexp remote.origin.url
2026-08-31T11:20:05.7117300Z Cleaning up orphan processes
2026-08-31T11:20:06.7294930Z ##[warning]Node.js 20 is deprecated. The following actions target Node.js 20 but are being forced to run on Node.js 24: actions/cache@v4, actions/checkout@v4. For more information see: https://github.blog/changelog/2025-09-19-deprecation-of-node-20-on-github-actions-runners/
