2026-08-31T11:24:25.2824600Z Current runner version: '2.336.0'
2026-08-31T11:24:25.2846140Z ##[group]Runner Image Provisioner
2026-08-31T11:24:25.2847920Z Hosted Compute Agent
2026-08-31T11:24:25.2849030Z Version: 20260707.563
2026-08-31T11:24:25.2850150Z Commit: 02667638d2b423fbc733a8e32a88b44996a3ba6e
2026-08-31T11:24:25.2851520Z Build Date: 2026-07-07T19:33:50Z
2026-08-31T11:24:25.2852790Z Worker ID: {63aa3624-2211-424a-b7ef-92767b44f44d}
2026-08-31T11:24:25.2854110Z Azure Region: westus
2026-08-31T11:24:25.2855240Z ##[endgroup]
2026-08-31T11:24:25.2858240Z ##[group]Operating System
2026-08-31T11:24:25.2859420Z macOS
2026-08-31T11:24:25.2860710Z 26.5.2
2026-08-31T11:24:25.2861540Z 25F84
2026-08-31T11:24:25.2862380Z ##[endgroup]
2026-08-31T11:24:25.2863310Z ##[group]Runner Image
2026-08-31T11:24:25.2864280Z Image: macos-26-arm64
2026-08-31T11:24:25.2865260Z Version: 20260728.0273.1
2026-08-31T11:24:25.2867710Z Included Software: https://github.com/actions/runner-images/blob/macos-26-arm64/20260728.0273/images/macos/macos-26-arm64-Readme.md
2026-08-31T11:24:25.2870640Z Image Release: https://github.com/actions/runner-images/releases/tag/macos-26-arm64%2F20260728.0273
2026-08-31T11:24:25.2872530Z ##[endgroup]
2026-08-31T11:24:25.2874970Z ##[group]GITHUB_TOKEN Permissions
2026-08-31T11:24:25.2879800Z Contents: read
2026-08-31T11:24:25.2880840Z Metadata: read
2026-08-31T11:24:25.2881800Z Packages: read
2026-08-31T11:24:25.2883730Z ##[endgroup]
2026-08-31T11:24:25.2886200Z Secret source: Actions
2026-08-31T11:24:25.2886960Z Prepare workflow directory
2026-08-31T11:24:25.3248850Z Prepare all required actions
2026-08-31T11:24:25.3288770Z Getting action download info
2026-08-31T11:24:25.7485100Z Download action repository 'actions/checkout@v4' (SHA:11d5960a326750d5838078e36cf38b85af677262)
2026-08-31T11:24:26.0338980Z Download action repository 'waruhachi/theos-action@v2.4.6' (SHA:9c45aeddc8a587a7b9d4a17d107e6a68b9bc910e)
2026-08-31T11:24:26.3193820Z Download action repository 'actions/upload-artifact@v4' (SHA:ea165f8d65b6e75b540449e92b4886f43607fa02)
2026-08-31T11:24:26.5829570Z Getting action download info
2026-08-31T11:24:26.7199060Z Download action repository 'actions/cache@v4' (SHA:0057852bfaa89a56745cba8c7296529d2fc39830)
2026-08-31T11:24:26.9722700Z Complete job name: build
2026-08-31T11:24:27.0635860Z Node 20 is being deprecated. This workflow is running with Node 24 by default. If you need to temporarily use Node 20, you can set the ACTIONS_ALLOW_USE_UNSECURE_NODE_VERSION=true environment variable. For more information see: https://github.blog/changelog/2025-09-19-deprecation-of-node-20-on-github-actions-runners/
2026-08-31T11:24:27.0644690Z ##[group]Run actions/checkout@v4
2026-08-31T11:24:27.0645430Z with:
2026-08-31T11:24:27.0645970Z   repository: sky5566jf/matisu-replica
2026-08-31T11:24:27.0651540Z   token: ***
2026-08-31T11:24:27.0652050Z   ssh-strict: true
2026-08-31T11:24:27.0652650Z   ssh-user: git
2026-08-31T11:24:27.0653180Z   persist-credentials: true
2026-08-31T11:24:27.0653880Z   clean: true
2026-08-31T11:24:27.0654450Z   sparse-checkout-cone-mode: true
2026-08-31T11:24:27.0655100Z   fetch-depth: 1
2026-08-31T11:24:27.0655590Z   fetch-tags: false
2026-08-31T11:24:27.0656130Z   show-progress: true
2026-08-31T11:24:27.0656680Z   lfs: false
2026-08-31T11:24:27.0657240Z   submodules: false
2026-08-31T11:24:27.0657800Z   set-safe-directory: true
2026-08-31T11:24:27.0658480Z   allow-unsafe-pr-checkout: false
2026-08-31T11:24:27.0659640Z ##[endgroup]
2026-08-31T11:24:27.5465920Z Syncing repository: sky5566jf/matisu-replica
2026-08-31T11:24:27.5468120Z ##[group]Getting Git version info
2026-08-31T11:24:27.5469160Z Working directory is '/Users/runner/work/matisu-replica/matisu-replica'
2026-08-31T11:24:27.5470710Z [command]/opt/homebrew/bin/git version
2026-08-31T11:24:27.5792250Z git version 2.55.0
2026-08-31T11:24:27.5804660Z ##[endgroup]
2026-08-31T11:24:27.5817290Z Copying '/Users/runner/.gitconfig' to '/Users/runner/work/_temp/0030f3b4-937e-41a6-8974-c42d560b1b76/.gitconfig'
2026-08-31T11:24:27.5823550Z Temporarily overriding HOME='/Users/runner/work/_temp/0030f3b4-937e-41a6-8974-c42d560b1b76' before making global git config changes
2026-08-31T11:24:27.5825900Z Adding repository directory to the temporary git global config as a safe directory
2026-08-31T11:24:27.5834250Z [command]/opt/homebrew/bin/git config --global --add safe.directory /Users/runner/work/matisu-replica/matisu-replica
2026-08-31T11:24:27.5981600Z Deleting the contents of '/Users/runner/work/matisu-replica/matisu-replica'
2026-08-31T11:24:27.5986140Z ##[group]Initializing the repository
2026-08-31T11:24:27.5989110Z [command]/opt/homebrew/bin/git init /Users/runner/work/matisu-replica/matisu-replica
2026-08-31T11:24:27.6284400Z hint: Using 'master' as the name for the initial branch. This default branch name
2026-08-31T11:24:27.6285890Z hint: will change to "main" in Git 3.0. To configure the initial branch name
2026-08-31T11:24:27.6288650Z hint: to use in all of your new repositories, which will suppress this warning,
2026-08-31T11:24:27.6290190Z hint: call:
2026-08-31T11:24:27.6291240Z hint:
2026-08-31T11:24:27.6292050Z hint: 	git config --global init.defaultBranch <name>
2026-08-31T11:24:27.6300930Z hint:
2026-08-31T11:24:27.6303540Z hint: Names commonly chosen instead of 'master' are 'main', 'trunk' and
2026-08-31T11:24:27.6306500Z hint: 'development'. The just-created branch can be renamed via this command:
2026-08-31T11:24:27.6307480Z hint:
2026-08-31T11:24:27.6308100Z hint: 	git branch -m <name>
2026-08-31T11:24:27.6308760Z hint:
2026-08-31T11:24:27.6309520Z hint: Disable this message with "git config set advice.defaultBranchName false"
2026-08-31T11:24:27.6310780Z Initialized empty Git repository in /Users/runner/work/matisu-replica/matisu-replica/.git/
2026-08-31T11:24:27.6313200Z [command]/opt/homebrew/bin/git remote add origin https://github.com/sky5566jf/matisu-replica
2026-08-31T11:24:27.6381660Z ##[endgroup]
2026-08-31T11:24:27.6382780Z ##[group]Disabling automatic garbage collection
2026-08-31T11:24:27.6383970Z [command]/opt/homebrew/bin/git config --local gc.auto 0
2026-08-31T11:24:27.6489610Z ##[endgroup]
2026-08-31T11:24:27.6490560Z ##[group]Setting up auth
2026-08-31T11:24:27.6496020Z [command]/opt/homebrew/bin/git config --local --name-only --get-regexp core\.sshCommand
2026-08-31T11:24:27.6575410Z [command]/opt/homebrew/bin/git submodule foreach --recursive sh -c "git config --local --name-only --get-regexp 'core\.sshCommand' && git config --local --unset-all 'core.sshCommand' || :"
2026-08-31T11:24:27.7923780Z [command]/opt/homebrew/bin/git config --local --name-only --get-regexp http\.https\:\/\/github\.com\/\.extraheader
2026-08-31T11:24:27.8016400Z [command]/opt/homebrew/bin/git submodule foreach --recursive sh -c "git config --local --name-only --get-regexp 'http\.https\:\/\/github\.com\/\.extraheader' && git config --local --unset-all 'http.https://github.com/.extraheader' || :"
2026-08-31T11:24:27.9235960Z [command]/opt/homebrew/bin/git config --local --name-only --get-regexp ^includeIf\.gitdir:
2026-08-31T11:24:27.9544290Z [command]/opt/homebrew/bin/git submodule foreach --recursive git config --local --show-origin --name-only --get-regexp remote.origin.url
2026-08-31T11:24:28.0727980Z [command]/opt/homebrew/bin/git config --local http.https://github.com/.extraheader AUTHORIZATION: basic ***
2026-08-31T11:24:28.0809980Z ##[endgroup]
2026-08-31T11:24:28.0810940Z ##[group]Fetching the repository
2026-08-31T11:24:28.0815880Z [command]/opt/homebrew/bin/git -c protocol.version=2 fetch --no-tags --prune --no-recurse-submodules --depth=1 origin +cf1842e31343285e732a7b23720eac20663d44a4:refs/remotes/origin/main
2026-08-31T11:24:28.6461840Z From https://github.com/sky5566jf/matisu-replica
2026-08-31T11:24:28.6564710Z  * [new ref]         cf1842e31343285e732a7b23720eac20663d44a4 -> origin/main
2026-08-31T11:24:28.6605800Z ##[endgroup]
2026-08-31T11:24:28.6606420Z ##[group]Determining the checkout info
2026-08-31T11:24:28.6607130Z ##[endgroup]
2026-08-31T11:24:28.6652890Z [command]/opt/homebrew/bin/git sparse-checkout disable
2026-08-31T11:24:28.6656340Z [command]/opt/homebrew/bin/git config --local --unset-all extensions.worktreeConfig
2026-08-31T11:24:28.6723600Z ##[group]Checking out the ref
2026-08-31T11:24:28.6747620Z [command]/opt/homebrew/bin/git checkout --progress --force -B main refs/remotes/origin/main
2026-08-31T11:24:28.7081690Z Switched to a new branch 'main'
2026-08-31T11:24:28.7086380Z branch 'main' set up to track 'origin/main'.
2026-08-31T11:24:28.7091730Z ##[endgroup]
2026-08-31T11:24:28.7241230Z [command]/opt/homebrew/bin/git log -1 --format=%H
2026-08-31T11:24:28.7367700Z cf1842e31343285e732a7b23720eac20663d44a4
2026-08-31T11:24:28.7770240Z ##[group]Run waruhachi/theos-action@v2.4.6
2026-08-31T11:24:28.7770630Z with:
2026-08-31T11:24:28.7770870Z   theos-src: theos/theos
2026-08-31T11:24:28.7771140Z   theos-branch: master
2026-08-31T11:24:28.7771400Z   sdks-src: theos/sdks
2026-08-31T11:24:28.7771650Z   sdks-branch: master
2026-08-31T11:24:28.7771910Z   libgcuniversal: false
2026-08-31T11:24:28.7772250Z   libgcuniversal-src: MrGcGamer/LibGcUniversalDocumentation
2026-08-31T11:24:28.7772640Z   libgcuniversal-branch: master
2026-08-31T11:24:28.7772920Z   altlist: false
2026-08-31T11:24:28.7773220Z   altlist-src: opa334/AltList
2026-08-31T11:24:28.7774280Z   altlist-branch: main
2026-08-31T11:24:28.7775370Z ##[endgroup]
2026-08-31T11:24:28.7842300Z ##[start-action display=Adding Theos Environment Variables;id=__waruhachi_theos-action.__run]
2026-08-31T11:24:28.7898850Z ##[group]Run echo "THEOS=/Users/runner/work/matisu-replica/matisu-replica/theos" >> $GITHUB_ENV
2026-08-31T11:24:28.7899600Z [36;1mecho "THEOS=/Users/runner/work/matisu-replica/matisu-replica/theos" >> $GITHUB_ENV[0m
2026-08-31T11:24:28.7943500Z shell: /bin/bash --noprofile --norc -e -o pipefail {0}
2026-08-31T11:24:28.7943910Z ##[endgroup]
2026-08-31T11:24:28.8898720Z ##[end-action id=__waruhachi_theos-action.__run;outcome=success;conclusion=success;duration_ms=105]
2026-08-31T11:24:28.8903700Z ##[start-action display=Generate Cache Key;id=__waruhachi_theos-action.cache-key]
2026-08-31T11:24:28.8958140Z ##[group]Run set -euo pipefail
2026-08-31T11:24:28.8958520Z [36;1mset -euo pipefail[0m
2026-08-31T11:24:28.8958860Z [36;1m[0m
2026-08-31T11:24:28.8959370Z [36;1mtheos_sha=$(gh api -H 'Accept: application/vnd.github.sha' /repos/theos/theos/commits/master)[0m
2026-08-31T11:24:28.8960060Z [36;1msdks_sha=$(gh api -H 'Accept: application/vnd.github.sha' /repos/theos/sdks/commits/master)[0m
2026-08-31T11:24:28.8960550Z [36;1m[0m
2026-08-31T11:24:28.8960810Z [36;1mif [[ "false" == 'true' ]]; then[0m
2026-08-31T11:24:28.8961610Z [36;1m  libgc_sha=$(gh api -H 'Accept: application/vnd.github.sha' /repos/MrGcGamer/LibGcUniversalDocumentation/commits/master)[0m
2026-08-31T11:24:28.8962180Z [36;1melse[0m
2026-08-31T11:24:28.8962430Z [36;1m  libgc_sha="none"[0m
2026-08-31T11:24:28.8962700Z [36;1mfi[0m
2026-08-31T11:24:28.8962940Z [36;1m[0m
2026-08-31T11:24:28.8963190Z [36;1mif [[ "false" == 'true' ]]; then[0m
2026-08-31T11:24:28.8963720Z [36;1m  altlist_sha=$(gh api -H 'Accept: application/vnd.github.sha' /repos/opa334/AltList/commits/main)[0m
2026-08-31T11:24:28.8964290Z [36;1melse[0m
2026-08-31T11:24:28.8964560Z [36;1m  altlist_sha="none"[0m
2026-08-31T11:24:28.8964830Z [36;1mfi[0m
2026-08-31T11:24:28.8965060Z [36;1m[0m
2026-08-31T11:24:28.8965760Z [36;1mecho "key=theos/theos-master-$theos_sha|theos/sdks-master-$sdks_sha|MrGcGamer/LibGcUniversalDocumentation-master-$libgc_sha|opa334/AltList-main-$altlist_sha" >> $GITHUB_OUTPUT[0m
2026-08-31T11:24:28.9001210Z shell: /bin/bash --noprofile --norc -e -o pipefail {0}
2026-08-31T11:24:28.9001630Z env:
2026-08-31T11:24:28.9001960Z   THEOS: /Users/runner/work/matisu-replica/matisu-replica/theos
2026-08-31T11:24:28.9004480Z   GH_TOKEN: ***
2026-08-31T11:24:28.9004730Z ##[endgroup]
2026-08-31T11:24:29.8637150Z ##[end-action id=__waruhachi_theos-action.cache-key;outcome=success;conclusion=success;duration_ms=973]
2026-08-31T11:24:29.8642090Z ##[start-action display=Install dependencies;id=__waruhachi_theos-action.__run_2]
2026-08-31T11:24:29.8673350Z ##[group]Run set -euo pipefail
2026-08-31T11:24:29.8673830Z [36;1mset -euo pipefail[0m
2026-08-31T11:24:29.8674180Z [36;1m[0m
2026-08-31T11:24:29.8674460Z [36;1mbrew install make ldid[0m
2026-08-31T11:24:29.8674850Z [36;1mecho "$(brew --prefix make)/libexec/gnubin" >> $GITHUB_PATH[0m
2026-08-31T11:24:29.8724380Z shell: /bin/bash --noprofile --norc -e -o pipefail {0}
2026-08-31T11:24:29.8724860Z env:
2026-08-31T11:24:29.8725210Z   THEOS: /Users/runner/work/matisu-replica/matisu-replica/theos
2026-08-31T11:24:29.8725590Z ##[endgroup]
2026-08-31T11:24:32.4698250Z ##[warning]The following taps are not trusted:
  aws/tap

Homebrew is currently ignoring formulae, casks and commands from these taps because tap trust is required.

Untap them with:
  brew untap aws/tap
Trust specific formulae, casks and commands with:
  brew trust --formula <user>/<tap>/<formula>
  brew trust --cask <user>/<tap>/<cask>
  brew trust --command <user>/<tap>/<command>
Whole-tap trust is broader and includes all current and future formulae,
casks and commands from the listed taps. Trust whole taps with:
  brew trust aws/tap
To disable trust checks:
  export HOMEBREW_NO_REQUIRE_TAP_TRUST=1
This is not recommended and will be removed in a later release.
For more information, see:
  https://docs.brew.sh/Tap-Trust
2026-08-31T11:24:33.0083330Z [34m==>[0m [1mWould install 2 formulae:[0m
2026-08-31T11:24:33.0089220Z make ldid
2026-08-31T11:24:33.0191590Z [34m==>[0m [1mDownloading https://ghcr.io/v2/homebrew/core/make/manifests/4.4.1-1[0m
2026-08-31T11:24:33.3971260Z [34m==>[0m [1mDownloading https://ghcr.io/v2/homebrew/core/ldid/manifests/2.1.5_1-1[0m
2026-08-31T11:24:33.6359900Z [34m==>[0m [1mWould install 1 dependency for ldid:[0m
2026-08-31T11:24:33.6360670Z libplist
2026-08-31T11:24:33.6362100Z [32m==>[0m [1mFetching downloads for: [32mmake[39m and [32mldid[39m[0m
2026-08-31T11:24:33.9430680Z ✔︎ Bottle libplist (2.7.0)
2026-08-31T11:24:33.9431540Z [34m==>[0m [1mPouring make--4.4.1.arm64_tahoe.bottle.1.tar.gz[0m
2026-08-31T11:24:33.9533400Z ✔︎ Bottle Manifest libplist (2.7.0)
2026-08-31T11:24:33.9633930Z ✔︎ Bottle make (4.4.1)
2026-08-31T11:24:33.9717020Z ✔︎ Bottle ldid (2.1.5_1)
2026-08-31T11:24:34.0871810Z [34m==>[0m [1mCaveats[0m
2026-08-31T11:24:34.0872420Z GNU "make" has been installed as "gmake".
2026-08-31T11:24:34.0872870Z If you need to use it as "make", you can add a "gnubin" directory
2026-08-31T11:24:34.0873240Z to your PATH from your bashrc like:
2026-08-31T11:24:34.0873600Z 
2026-08-31T11:24:34.0873860Z     PATH="/opt/homebrew/opt/make/libexec/gnubin:$PATH"
2026-08-31T11:24:34.0874270Z [34m==>[0m [1mSummary[0m
2026-08-31T11:24:34.0879840Z 🍺  /opt/homebrew/Cellar/make/4.4.1: 17 files, 1.3MB
2026-08-31T11:24:34.1001970Z [32m==>[0m [1mInstalling ldid dependency: [32mlibplist[39m[0m
2026-08-31T11:24:34.1043560Z [34m==>[0m [1mPouring libplist--2.7.0.arm64_tahoe.bottle.tar.gz[0m
2026-08-31T11:24:34.1427900Z 🍺  /opt/homebrew/Cellar/libplist/2.7.0: 32 files, 605.5KB
2026-08-31T11:24:34.1438150Z [32m==>[0m [1mInstalling [32mldid[39m[0m
2026-08-31T11:24:34.1442970Z [34m==>[0m [1mPouring ldid--2.1.5_1.arm64_tahoe.bottle.1.tar.gz[0m
2026-08-31T11:24:34.1943570Z 🍺  /opt/homebrew/Cellar/ldid/2.1.5_1: 6 files, 271KB
2026-08-31T11:24:34.1991540Z [32m==>[0m [1mCaveats[0m
2026-08-31T11:24:34.1992510Z [34m==>[0m [1mmake[0m
2026-08-31T11:24:34.1993410Z GNU "make" has been installed as "gmake".
2026-08-31T11:24:34.1994470Z If you need to use it as "make", you can add a "gnubin" directory
2026-08-31T11:24:34.1995410Z to your PATH from your bashrc like:
2026-08-31T11:24:34.1995890Z 
2026-08-31T11:24:34.1996320Z     PATH="/opt/homebrew/opt/make/libexec/gnubin:$PATH"
2026-08-31T11:24:34.2590640Z ##[end-action id=__waruhachi_theos-action.__run_2;outcome=success;conclusion=success;duration_ms=4394]
2026-08-31T11:24:34.2595700Z ##[start-action display=Theos Cache;id=__waruhachi_theos-action.theos-cache]
2026-08-31T11:24:34.2727660Z Node 20 is being deprecated. This workflow is running with Node 24 by default. If you need to temporarily use Node 20, you can set the ACTIONS_ALLOW_USE_UNSECURE_NODE_VERSION=true environment variable. For more information see: https://github.blog/changelog/2025-09-19-deprecation-of-node-20-on-github-actions-runners/
2026-08-31T11:24:34.2756640Z ##[group]Run actions/cache@v4
2026-08-31T11:24:34.2758000Z with:
2026-08-31T11:24:34.2758340Z   path: /Users/runner/work/matisu-replica/matisu-replica/theos
2026-08-31T11:24:34.2759740Z   key: theos/theos-master-5280bd038207e14f8bd76f5417aa2fe641c03228|theos/sdks-master-0222fd5413cf4b9af096f37b4621afa2688572f7|MrGcGamer/LibGcUniversalDocumentation-master-none|opa334/AltList-main-none
2026-08-31T11:24:34.2760520Z   enableCrossOsArchive: false
2026-08-31T11:24:34.2760940Z   fail-on-cache-miss: false
2026-08-31T11:24:34.2761260Z   lookup-only: false
2026-08-31T11:24:34.2761940Z   save-always: false
2026-08-31T11:24:34.2762960Z env:
2026-08-31T11:24:34.2763230Z   THEOS: /Users/runner/work/matisu-replica/matisu-replica/theos
2026-08-31T11:24:34.2763630Z ##[endgroup]
2026-08-31T11:24:34.5965180Z (node:1547) [DEP0040] DeprecationWarning: The `punycode` module is deprecated. Please use a userland alternative instead.
2026-08-31T11:24:34.5971970Z (Use `node --trace-deprecation ...` to show where the warning was created)
2026-08-31T11:24:35.0225800Z (node:1547) [DEP0169] DeprecationWarning: `url.parse()` behavior is not standardized and prone to errors that have security implications. Use the WHATWG URL API instead. CVEs are not issued for `url.parse()` vulnerabilities.
2026-08-31T11:24:35.0229650Z Cache hit for: theos/theos-master-5280bd038207e14f8bd76f5417aa2fe641c03228|theos/sdks-master-0222fd5413cf4b9af096f37b4621afa2688572f7|MrGcGamer/LibGcUniversalDocumentation-master-none|opa334/AltList-main-none
2026-08-31T11:24:36.3087540Z Received 0 of 224393996 (0.0%), 0.0 MBs/sec
2026-08-31T11:24:37.3144100Z Received 71303168 of 224393996 (31.8%), 34.0 MBs/sec
2026-08-31T11:24:38.3104840Z Received 134217728 of 224393996 (59.8%), 42.6 MBs/sec
2026-08-31T11:24:39.3113450Z Received 184549376 of 224393996 (82.2%), 44.0 MBs/sec
2026-08-31T11:24:40.3187500Z Received 220199692 of 224393996 (98.1%), 42.0 MBs/sec
2026-08-31T11:24:40.4547530Z Received 224393996 of 224393996 (100.0%), 41.6 MBs/sec
2026-08-31T11:24:40.4554920Z Cache Size: ~214 MB (224393996 B)
2026-08-31T11:24:40.4659180Z [command]/opt/homebrew/bin/gtar -xf /Users/runner/work/_temp/3642ccf4-fc84-4d97-98bc-e4fcd50f528c/cache.tzst -P -C /Users/runner/work/matisu-replica/matisu-replica --delay-directory-restore --use-compress-program unzstd
2026-08-31T11:24:56.2331560Z Cache restored successfully
2026-08-31T11:24:56.2741110Z Cache restored from key: theos/theos-master-5280bd038207e14f8bd76f5417aa2fe641c03228|theos/sdks-master-0222fd5413cf4b9af096f37b4621afa2688572f7|MrGcGamer/LibGcUniversalDocumentation-master-none|opa334/AltList-main-none
2026-08-31T11:24:56.2927380Z ##[end-action id=__waruhachi_theos-action.theos-cache;outcome=success;conclusion=success;duration_ms=22032]
2026-08-31T11:24:56.2933720Z ##[start-action display=Setup Theos;id=__waruhachi_theos-action.__actions_checkout]
2026-08-31T11:24:56.2960990Z ##[end-action id=__waruhachi_theos-action.__actions_checkout;outcome=skipped;conclusion=skipped;duration_ms=0]
2026-08-31T11:24:56.2963960Z ##[start-action display=Setup SDKs;id=__waruhachi_theos-action.__actions_checkout_2]
2026-08-31T11:24:56.2969960Z ##[end-action id=__waruhachi_theos-action.__actions_checkout_2;outcome=skipped;conclusion=skipped;duration_ms=0]
2026-08-31T11:24:56.2972450Z ##[start-action display=Setup LibGcUniversal;id=__waruhachi_theos-action.__actions_checkout_3]
2026-08-31T11:24:56.2979480Z ##[end-action id=__waruhachi_theos-action.__actions_checkout_3;outcome=skipped;conclusion=skipped;duration_ms=0]
2026-08-31T11:24:56.2981890Z ##[start-action display=Install LibGcUniversal;id=__waruhachi_theos-action.__run_3]
2026-08-31T11:24:56.2987240Z ##[end-action id=__waruhachi_theos-action.__run_3;outcome=skipped;conclusion=skipped;duration_ms=0]
2026-08-31T11:24:56.2993410Z ##[start-action display=Setup AltList;id=__waruhachi_theos-action.__actions_checkout_4]
2026-08-31T11:24:56.2999490Z ##[end-action id=__waruhachi_theos-action.__actions_checkout_4;outcome=skipped;conclusion=skipped;duration_ms=0]
2026-08-31T11:24:56.3001820Z ##[start-action display=Install AltList;id=__waruhachi_theos-action.__run_4]
2026-08-31T11:24:56.3007360Z ##[end-action id=__waruhachi_theos-action.__run_4;outcome=skipped;conclusion=skipped;duration_ms=0]
2026-08-31T11:24:56.3009610Z ##[start-action display=Update Theos;id=__waruhachi_theos-action.__run_5]
2026-08-31T11:24:56.3067130Z ##[group]Run $THEOS/bin/update-theos
2026-08-31T11:24:56.3067560Z [36;1m$THEOS/bin/update-theos[0m
2026-08-31T11:24:56.4928990Z shell: /bin/bash --noprofile --norc -e -o pipefail {0}
2026-08-31T11:24:56.4929250Z env:
2026-08-31T11:24:56.4929480Z   THEOS: /Users/runner/work/matisu-replica/matisu-replica/theos
2026-08-31T11:24:56.4929940Z ##[endgroup]
2026-08-31T11:24:57.7846610Z From https://github.com/theos/theos
2026-08-31T11:24:57.7847300Z  * [new branch]      dhowett/dev/experimental-rebased -> origin/dhowett/dev/experimental-rebased
2026-08-31T11:24:57.7847890Z  * [new branch]      dhowett/dev/instance-target -> origin/dhowett/dev/instance-target
2026-08-31T11:24:57.7848370Z  * [new branch]      dhowett/dev/syntel    -> origin/dhowett/dev/syntel
2026-08-31T11:24:57.7848830Z  * [new branch]      dhowett/dev/testing   -> origin/dhowett/dev/testing
2026-08-31T11:24:57.7849440Z  * [new branch]      kabiroberai/arch-schemas -> origin/kabiroberai/arch-schemas
2026-08-31T11:24:57.7849930Z  * [new branch]      kirb/break-stuff      -> origin/kirb/break-stuff
2026-08-31T11:24:57.7850520Z  * [new branch]      kirb/experimental/uikitformac-support -> origin/kirb/experimental/uikitformac-support
2026-08-31T11:24:57.7851180Z  * [new branch]      kirb/rootless         -> origin/kirb/rootless
2026-08-31T11:24:57.7851740Z  * [new branch]      kirb/unfinished/better-troubleshoot -> origin/kirb/unfinished/better-troubleshoot
2026-08-31T11:24:57.7852260Z  * [new branch]      legacy                -> origin/legacy
2026-08-31T11:24:57.7853370Z  * [new branch]      libhooker-rpaths      -> origin/libhooker-rpaths
2026-08-31T11:24:57.7853760Z  * [new branch]      orion                 -> origin/orion
2026-08-31T11:24:57.7854140Z  * [new branch]      orion-dev             -> origin/orion-dev
2026-08-31T11:24:57.7854650Z  * [new branch]      uroboro-minor-changes -> origin/uroboro-minor-changes
2026-08-31T11:24:57.7854970Z  * [new tag]         1.0.0                 -> 1.0.0
2026-08-31T11:24:57.7855370Z  * [new tag]         2.0.0                 -> 2.0.0
2026-08-31T11:24:57.7855680Z  * [new tag]         2.1.0                 -> 2.1.0
2026-08-31T11:24:57.7856060Z  * [new tag]         2.1.1                 -> 2.1.1
2026-08-31T11:24:57.7856380Z  * [new tag]         2.2                   -> 2.2
2026-08-31T11:24:57.7856670Z  * [new tag]         2.3                   -> 2.3
2026-08-31T11:24:57.7856970Z  * [new tag]         2.4                   -> 2.4
2026-08-31T11:24:57.7857290Z  * [new tag]         2.5                   -> 2.5
2026-08-31T11:24:58.0052780Z Fetching submodule vendor/dm.pl
2026-08-31T11:24:58.2313590Z Fetching submodule vendor/include
2026-08-31T11:24:58.2866930Z Fetching submodule vendor/logos
2026-08-31T11:24:58.2867450Z Fetching submodule vendor/lib
2026-08-31T11:24:58.3888870Z Fetching submodule vendor/swift-support
2026-08-31T11:24:58.5622540Z Fetching submodule vendor/nic
2026-08-31T11:24:58.5727440Z Fetching submodule vendor/orion
2026-08-31T11:24:59.2033310Z From https://github.com/theos/nic
2026-08-31T11:24:59.2136370Z  * branch            12db01f67994a232f8282f3ae0d0b61314ce0230 -> FETCH_HEAD
2026-08-31T11:24:59.2176470Z  * branch            1f2e89d4acb805a81503ac3ea4c7115ca55f75a1 -> FETCH_HEAD
2026-08-31T11:24:59.2213150Z  * branch            28d562c54f2d335a5f392191e7d2e8f08aca88fa -> FETCH_HEAD
2026-08-31T11:24:59.2315720Z  * branch            40464a39bfb31306521212936dbae3406ef4822c -> FETCH_HEAD
2026-08-31T11:24:59.2322190Z  * branch            6585e1e2d29bcd2452e14f8e92e62c76a1909554 -> FETCH_HEAD
2026-08-31T11:24:59.2322830Z  * branch            794d210f81198c6aef4f0ab8d04bd74ffe149f51 -> FETCH_HEAD
2026-08-31T11:24:59.2323950Z  * branch            8f065ac109706335661a6f8e9edfeacdbff0d80e -> FETCH_HEAD
2026-08-31T11:24:59.2326580Z  * branch            941bbf0173e3c9674331715f433c1ae6f9156362 -> FETCH_HEAD
2026-08-31T11:24:59.2327630Z  * branch            fd02465ca53cdb3bb07b4ff723c517e9a808641c -> FETCH_HEAD
2026-08-31T11:24:59.2329770Z  * branch            fe9f859d3aaba987ed19ef52dbfb57bc02a4973d -> FETCH_HEAD
2026-08-31T11:24:59.2331450Z Fetching submodule vendor/templates
2026-08-31T11:24:59.3726250Z From https://github.com/theos/templates
2026-08-31T11:24:59.3830980Z  * branch            022f31fd3457c8a0c181cd23b59c2980ca4d36b2 -> FETCH_HEAD
2026-08-31T11:24:59.3857490Z  * branch            0886f5a8ebb6f0e142f9e9a8a8924370939d1146 -> FETCH_HEAD
2026-08-31T11:24:59.3863990Z  * branch            09894865a641bae0b67456a6df6475df8d8a6ac7 -> FETCH_HEAD
2026-08-31T11:24:59.3924140Z  * branch            11488a997e6dc1ac4a5ae8612ab46a6e45394709 -> FETCH_HEAD
2026-08-31T11:24:59.3954600Z  * branch            1576043fbcea15b79a9b7931d93266fc1aedbecc -> FETCH_HEAD
2026-08-31T11:24:59.3995500Z  * branch            300ee0f33196f55ec7a7bb02b05910974216b831 -> FETCH_HEAD
2026-08-31T11:24:59.3998880Z  * branch            349468fc3d8f84cd38080f80f99bfe49a1ddc162 -> FETCH_HEAD
2026-08-31T11:24:59.4005800Z  * branch            3a20da8b1c61ec888ae1a926af3065366094ee77 -> FETCH_HEAD
2026-08-31T11:24:59.4098620Z  * branch            49defb6d052709417bc61e4c0c8f732639b28c1e -> FETCH_HEAD
2026-08-31T11:24:59.4199970Z  * branch            4c75fa2361f67deb4fe6c554e010cb1aaa48ca3d -> FETCH_HEAD
2026-08-31T11:24:59.4229260Z  * branch            5917b9947fbb3099df3c48e1001a3d8b17a8e55a -> FETCH_HEAD
2026-08-31T11:24:59.4240590Z  * branch            645bcd195b44e076474e097990bea47bcb3ed772 -> FETCH_HEAD
2026-08-31T11:24:59.4246510Z  * branch            7d98646871281e5b71e280e8f80d3fc27b69aeef -> FETCH_HEAD
2026-08-31T11:24:59.4247790Z  * branch            7e6b80d6f98c8b1ad4ab05b2e8bc659741d26d02 -> FETCH_HEAD
2026-08-31T11:24:59.4250040Z  * branch            8af2906bf6f6dd13d97302405316bd8a5419a265 -> FETCH_HEAD
2026-08-31T11:24:59.4251830Z  * branch            8d1a9f5a42ae2a48435303ea8fb07c3c1ccbd9d2 -> FETCH_HEAD
2026-08-31T11:24:59.4253070Z  * branch            8d9599b9054c93319ed35b35b3a826e437931904 -> FETCH_HEAD
2026-08-31T11:24:59.4254200Z  * branch            a22176f8b1a1759fec55a3b62c8200cc751f1638 -> FETCH_HEAD
2026-08-31T11:24:59.4255480Z  * branch            b3afce164abdeda0c9b1aa69fdc2f9fec0673792 -> FETCH_HEAD
2026-08-31T11:24:59.4257190Z  * branch            b68586f216239fe73f74326b59b1e66cd0a1b664 -> FETCH_HEAD
2026-08-31T11:24:59.4258470Z  * branch            da6a60b1d3f6bf4b7398000448209cd505eb1a74 -> FETCH_HEAD
2026-08-31T11:24:59.4264390Z  * branch            e3c1d67b1e8faae69b37fb525bd7f2c435ef9dab -> FETCH_HEAD
2026-08-31T11:24:59.4264880Z  * branch            efc61c3afeee514482f1702ffd5f6c07d14ecd2e -> FETCH_HEAD
2026-08-31T11:24:59.4265310Z  * branch            f466826075cc2acbd755ca096f4fdf7a82a27922 -> FETCH_HEAD
2026-08-31T11:24:59.4265810Z From https://github.com/theos/swift-support
2026-08-31T11:24:59.4266210Z  * branch            0093a4ebcc9027c383c5d56d35a4d418d4592658 -> FETCH_HEAD
2026-08-31T11:24:59.4266620Z  * branch            019861f92a7ff16d422a63911e2313c877e1b828 -> FETCH_HEAD
2026-08-31T11:24:59.4267060Z  * branch            0205d5ab2d73fa52a1d9ff3eba0612c4e08c1003 -> FETCH_HEAD
2026-08-31T11:24:59.4267490Z  * branch            26d567b27545ed5830775ae8a487bdf4d67ff4b5 -> FETCH_HEAD
2026-08-31T11:24:59.4267890Z  * branch            2b9346b2e48a72e534d667cd45f83749ae278a15 -> FETCH_HEAD
2026-08-31T11:24:59.4268310Z  * branch            2ca7b66fc689058636242fe898b76df73e4d5609 -> FETCH_HEAD
2026-08-31T11:24:59.4268720Z  * branch            3b0005b557331b5df67913b98d003ec1e87d78bd -> FETCH_HEAD
2026-08-31T11:24:59.4269130Z  * branch            43055290ede755acbd186c398cae72dc4f12247d -> FETCH_HEAD
2026-08-31T11:24:59.4270050Z  * branch            5d427efa62c1bbb137e00e51f378d031b1d15699 -> FETCH_HEAD
2026-08-31T11:24:59.4270480Z  * branch            69b5d150a05272fc6273eaa3801c47d06d7f2813 -> FETCH_HEAD
2026-08-31T11:24:59.4270920Z  * branch            7ca75d0edc2ba7cc6f2928333d617292ac4683dd -> FETCH_HEAD
2026-08-31T11:24:59.4271340Z  * branch            86dd8e6a8dd9eac1195dbdacdc7e79a5c532d1f9 -> FETCH_HEAD
2026-08-31T11:24:59.4272000Z  * branch            b9b4ef3ed1d6a48b5e9e52db2eb27c5c9de35da9 -> FETCH_HEAD
2026-08-31T11:24:59.4272470Z  * branch            bb1ad344db2df5f099335cd6bff6045f71b8438c -> FETCH_HEAD
2026-08-31T11:24:59.4272880Z  * branch            c630ca8723ed631f896e10484934c336a26b83be -> FETCH_HEAD
2026-08-31T11:24:59.4273310Z  * branch            d9af6143ccc1bbd316b898def3fef732f87d9653 -> FETCH_HEAD
2026-08-31T11:24:59.4273740Z  * branch            fd6ff75bb620a4754f124381f0d7bce9bba79ca2 -> FETCH_HEAD
2026-08-31T11:24:59.9924670Z From https://github.com/theos/lib
2026-08-31T11:24:59.9933040Z  * branch            013ea40121136f36ed67e6bd7dcc1b99613daa98 -> FETCH_HEAD
2026-08-31T11:24:59.9937570Z  * branch            07909619e8911d3ae14b07b9514a8209fe8e57cb -> FETCH_HEAD
2026-08-31T11:24:59.9941290Z  * branch            113e0cd132df53649a6bbee2572b2d39fd2beaa1 -> FETCH_HEAD
2026-08-31T11:24:59.9944600Z  * branch            1144e7b79effdcbdf3c0f2626bde3340365d6c41 -> FETCH_HEAD
2026-08-31T11:24:59.9947670Z  * branch            126a2dd4852ad435991bd8ac761ac56ec39869f2 -> FETCH_HEAD
2026-08-31T11:24:59.9948190Z  * branch            1397f8278d240a27482cbb94dda541ad9a57fd65 -> FETCH_HEAD
2026-08-31T11:24:59.9948680Z  * branch            18dbcbc41f9c95b8c7eaedc553fddfdd6201fd4b -> FETCH_HEAD
2026-08-31T11:24:59.9949140Z  * branch            194675ae21925e7e3efd71d0056222f79ea04aa7 -> FETCH_HEAD
2026-08-31T11:24:59.9949610Z  * branch            1eef222ea55cc5fb3b52435465b06f9b7d6dfba9 -> FETCH_HEAD
2026-08-31T11:24:59.9950080Z  * branch            2b6ab0c074c976d757dff0b4ecfc0efd0b5cdd1d -> FETCH_HEAD
2026-08-31T11:24:59.9950580Z  * branch            306eba89a20109cd37c878f008ef99c4eb8ae88d -> FETCH_HEAD
2026-08-31T11:24:59.9951050Z  * branch            34bb72035653a4abb6594be0a976cc766fcdc9c2 -> FETCH_HEAD
2026-08-31T11:24:59.9951510Z  * branch            3b9ec52b8d4150cfe372e946c7e18f4ea4cada66 -> FETCH_HEAD
2026-08-31T11:24:59.9951980Z  * branch            4047e8cd5e2fa602c6e38412dc7c197eacfbca50 -> FETCH_HEAD
2026-08-31T11:24:59.9952480Z  * branch            41b5b0d1ccdc483eb87b9c721e337c9f9548f456 -> FETCH_HEAD
2026-08-31T11:24:59.9952950Z  * branch            4648559115ed390c528d450c0d4b76689c579f2b -> FETCH_HEAD
2026-08-31T11:24:59.9954470Z  * branch            53ff05006e9a35c03787f05e3b4cdd44ff224452 -> FETCH_HEAD
2026-08-31T11:24:59.9954980Z  * branch            617dcfcbb6b7c28f9a565de872c8c993dbfe13ea -> FETCH_HEAD
2026-08-31T11:24:59.9955550Z  * branch            639633b40f1b3e0b9cedfad7ec1feab2e5432033 -> FETCH_HEAD
2026-08-31T11:24:59.9956090Z  * branch            6e3233aa73e67723cba49f89cabcfe3b2dca6ad9 -> FETCH_HEAD
2026-08-31T11:24:59.9956570Z  * branch            6e454510fa71fe6015f8e4febf44945308c014d3 -> FETCH_HEAD
2026-08-31T11:24:59.9957110Z  * branch            6e55e932c719f5ef42ac20e7e31d28169d5593fd -> FETCH_HEAD
2026-08-31T11:24:59.9957630Z  * branch            845205b1bafbb45a50fa4d5f3f29da097b433b7c -> FETCH_HEAD
2026-08-31T11:24:59.9958110Z  * branch            85494d2d30520edb9bbdf3c4066352811c8884d5 -> FETCH_HEAD
2026-08-31T11:24:59.9958580Z  * branch            8b7f487ee82d6a1357432ab2599f617ce8e5a82e -> FETCH_HEAD
2026-08-31T11:24:59.9959030Z  * branch            8df1bccbc66922d7b5d7b7c86d18dadc1d87ef91 -> FETCH_HEAD
2026-08-31T11:24:59.9959500Z  * branch            92f4e8ddb1a49654181f0414c3eff031cc876bcc -> FETCH_HEAD
2026-08-31T11:24:59.9959990Z  * branch            a27acf42f7d72eb8d7cf52ecf504d1d871155680 -> FETCH_HEAD
2026-08-31T11:24:59.9960500Z  * branch            b1d502cc632ec349f8e2b3df9d7630bad64fd25e -> FETCH_HEAD
2026-08-31T11:24:59.9961460Z  * branch            bc2fee541beb43e92db1c1558db3f34ec584efb8 -> FETCH_HEAD
2026-08-31T11:24:59.9961940Z  * branch            c15cf4f84cf4e8d294bac94aebf7ff0329e27f3f -> FETCH_HEAD
2026-08-31T11:24:59.9962400Z  * branch            c3b877651f50c4f683b9e02dc3e36dad551f5472 -> FETCH_HEAD
2026-08-31T11:24:59.9962860Z  * branch            cae351458c00f823d9ff9acb4695ce65d337671d -> FETCH_HEAD
2026-08-31T11:24:59.9963340Z  * branch            cd9b1d660c48529c9ae8a84becf5bcd147a350de -> FETCH_HEAD
2026-08-31T11:24:59.9969740Z  * branch            d4570cd03387bd9add3ba00449af11b49b1c8160 -> FETCH_HEAD
2026-08-31T11:24:59.9970240Z  * branch            df713f0dcd6efaa0ac9800844a895180ef74b483 -> FETCH_HEAD
2026-08-31T11:24:59.9970720Z  * branch            e66cb6851ea6d5b62898d322b02ce82def1148be -> FETCH_HEAD
2026-08-31T11:24:59.9971200Z  * branch            edb99bc316b019b8579103f189282bf10289e88a -> FETCH_HEAD
2026-08-31T11:24:59.9971680Z  * branch            eeaecc08b2ce111dd056fc2232c1a41be7091a7e -> FETCH_HEAD
2026-08-31T11:24:59.9972160Z  * branch            ef66c7316d186eddfdf4d0cb12a0a35cee41b3fe -> FETCH_HEAD
2026-08-31T11:24:59.9972630Z  * branch            f2a857a00e038df3a92a1c85d4e93b65a30cd7e9 -> FETCH_HEAD
2026-08-31T11:24:59.9973080Z  * branch            fd6b6e58b23b5b2f8f4e5c3757604a73bfdec7ea -> FETCH_HEAD
2026-08-31T11:24:59.9973540Z  * branch            ffeb5055506be882b0732f99673b9ff31795ba7b -> FETCH_HEAD
2026-08-31T11:24:59.9974000Z  * branch            ffec3480ec8016ebb9b13a09017807b62f5c9156 -> FETCH_HEAD
2026-08-31T11:25:00.1071530Z From https://github.com/theos/orion
2026-08-31T11:25:00.1121810Z  * branch            0031cd86865084f8e491182772a10e749cfc4e67 -> FETCH_HEAD
2026-08-31T11:25:00.1126800Z  * branch            06cb86f32e73e48241afa29df0861f55991cca61 -> FETCH_HEAD
2026-08-31T11:25:00.1134320Z  * branch            152dd53a25de653c4870a808ddfefb7e625b3294 -> FETCH_HEAD
2026-08-31T11:25:00.1220480Z  * branch            17357242fb4e60c60d3b86b260fba0a8b75cb11d -> FETCH_HEAD
2026-08-31T11:25:00.1344750Z  * branch            1cd69055ca503b2c6334f64211d3bc937fca4fc0 -> FETCH_HEAD
2026-08-31T11:25:00.1345370Z  * branch            225c463b57b268fcc02380c40356b585682bd67a -> FETCH_HEAD
2026-08-31T11:25:00.1345750Z  * branch            2e4d368231e88c797ab9879f8c018a50f4e25209 -> FETCH_HEAD
2026-08-31T11:25:00.1447040Z  * branch            335ba6eff3bedf06d2745aacca73cd9612dfa314 -> FETCH_HEAD
2026-08-31T11:25:00.1560380Z  * branch            3b7c6dc91fe5ede50c475f7f4f1a9c70ab5289db -> FETCH_HEAD
2026-08-31T11:25:00.1583130Z  * branch            3da7f4e5127e37e33fb6e4bc7de0e51768fbbc60 -> FETCH_HEAD
2026-08-31T11:25:00.1594520Z  * branch            42ea032b7ee01cea0121cbcecd47b998db3ce136 -> FETCH_HEAD
2026-08-31T11:25:00.1603840Z  * branch            485f5cc6f945035afc64027157e2f5cfa7c7059d -> FETCH_HEAD
2026-08-31T11:25:00.1608640Z  * branch            4a80d885e83a049b59cf90c81e40286eed160f08 -> FETCH_HEAD
2026-08-31T11:25:00.1609950Z  * branch            52c0c12b34fc358f04bc3052b82b72c2dfe2f42d -> FETCH_HEAD
2026-08-31T11:25:00.1611200Z  * branch            5a0bc2c9b87f2171b3c58bf3688cc89f39cfe4e7 -> FETCH_HEAD
2026-08-31T11:25:00.1612370Z  * branch            67b3c2a59e016a9951d471e7c9f1852203091753 -> FETCH_HEAD
2026-08-31T11:25:00.1613540Z  * branch            6f8ed1a59e70d7bf7dc5080ef7579ba2b9c975b0 -> FETCH_HEAD
2026-08-31T11:25:00.1614700Z  * branch            78df9785cc985260fb6eb2371876f5d8a3f180c8 -> FETCH_HEAD
2026-08-31T11:25:00.1615860Z  * branch            79b3835410a6f4be2c913334acb2b6a0055d3708 -> FETCH_HEAD
2026-08-31T11:25:00.1617020Z  * branch            9e7333bb9d529b4c41a43248fbdb5d2daf69cb0f -> FETCH_HEAD
2026-08-31T11:25:00.1618550Z  * branch            9eb6b9de83071ef7063c8d52545c87acd43e50ed -> FETCH_HEAD
2026-08-31T11:25:00.1619520Z  * branch            ae9fbf2f3a242506d79a49776f578f055a9ebf3c -> FETCH_HEAD
2026-08-31T11:25:00.1620030Z  * branch            b0349d6d540c956239148a95d05bea6dc559d8f7 -> FETCH_HEAD
2026-08-31T11:25:00.1621020Z  * branch            b4946bb467b450e04be7e25f8dcb5ed55349e2cc -> FETCH_HEAD
2026-08-31T11:25:00.1621590Z  * branch            b799eda1f1e86469db859df5384fb91094b52aed -> FETCH_HEAD
2026-08-31T11:25:00.1622150Z  * branch            b828e186278a3d29a5a10c5f3dea128e5d413a31 -> FETCH_HEAD
2026-08-31T11:25:00.1622690Z  * branch            cea8f533e199ba62cc543b9f44971bb295f9e8d2 -> FETCH_HEAD
2026-08-31T11:25:00.1623230Z  * branch            d4bc4a55170df50c137945923b381af13c1f7f34 -> FETCH_HEAD
2026-08-31T11:25:00.1623900Z  * branch            e37259fe10493ae95fa0d823b5f1469a26dc56db -> FETCH_HEAD
2026-08-31T11:25:00.1624800Z  * branch            e7a029a6bb37424cd9a4c474cb71d3f2a9071d66 -> FETCH_HEAD
2026-08-31T11:25:00.1625370Z  * branch            e8267b7324a2ff9e4a1d9ac0e618a1ee91573ec7 -> FETCH_HEAD
2026-08-31T11:25:00.1625790Z Fetching submodule vendor/orion/fishhook
2026-08-31T11:25:00.3497090Z From https://github.com/facebook/fishhook
2026-08-31T11:25:00.3498380Z  * branch            8ef82f0711494ecc78d16bf6ce76f5ad92e5f67b -> FETCH_HEAD
2026-08-31T11:25:00.3505820Z From https://github.com/theos/logos
2026-08-31T11:25:00.3506840Z  * branch            06726377b5603d03d7deb6c9bdd7b718ad1a63a4 -> FETCH_HEAD
2026-08-31T11:25:00.3507400Z  * branch            067802d95eb531006087d66f8a7b067e5d6bf237 -> FETCH_HEAD
2026-08-31T11:25:00.3507870Z  * branch            0aeaca09cb193a3fb9fb461ae972252585f5c0c8 -> FETCH_HEAD
2026-08-31T11:25:00.3508280Z  * branch            170f048edea7014debf8d628e7da495f5dbe4ea4 -> FETCH_HEAD
2026-08-31T11:25:00.3508700Z  * branch            197cb80c634a403bf812594f4adc9c7fc354271f -> FETCH_HEAD
2026-08-31T11:25:00.3509100Z  * branch            1fa39ebd22e4421eaa778e7dfb0f5d4b02c6f9f4 -> FETCH_HEAD
2026-08-31T11:25:00.3509550Z  * branch            404fed419a566c4d68fae1110a18fce63c85d619 -> FETCH_HEAD
2026-08-31T11:25:00.3510040Z  * branch            40ec61ef0d699ccd6b10dfd5511ede6213a9a278 -> FETCH_HEAD
2026-08-31T11:25:00.3510430Z  * branch            4f35cb65b1bc96ef1d7c9633ef0f6129f0e4036c -> FETCH_HEAD
2026-08-31T11:25:00.3545600Z  * branch            57c507eb9ef2da5765b1b7aab785c032b117d56a -> FETCH_HEAD
2026-08-31T11:25:00.3546260Z  * branch            5f1138cf79cc546e8cde64c93a1dab74b9918c3c -> FETCH_HEAD
2026-08-31T11:25:00.3546640Z  * branch            62814c1d7dbc9158a0f231ded9edc07f94debe23 -> FETCH_HEAD
2026-08-31T11:25:00.3547000Z  * branch            75623490073e68e457fe6680462d11c217d29341 -> FETCH_HEAD
2026-08-31T11:25:00.3547370Z  * branch            75b6c2e81c08c1efff4a4e558ce2e245a8956d10 -> FETCH_HEAD
2026-08-31T11:25:00.3547990Z  * branch            76488dfebd541dbd128994bc12c4647d8182c220 -> FETCH_HEAD
2026-08-31T11:25:00.3548400Z  * branch            7b81c55f97ac7dbd6696ebb4cb36b83900960964 -> FETCH_HEAD
2026-08-31T11:25:00.3548770Z  * branch            81cf08c23f886df2fb1db1d9ce9d87a2edadcceb -> FETCH_HEAD
2026-08-31T11:25:00.3549120Z  * branch            886885b273d38092687616c83ec5f452c3b2e965 -> FETCH_HEAD
2026-08-31T11:25:00.3549830Z  * branch            90051eb040590c25ea66f2dd886d72b8148e8801 -> FETCH_HEAD
2026-08-31T11:25:00.3550290Z  * branch            a54760ea60acf45fa48267b9fb344c0317d9351c -> FETCH_HEAD
2026-08-31T11:25:00.3550640Z  * branch            a733c99539ed9ef2a3914528d8c5522dc2396789 -> FETCH_HEAD
2026-08-31T11:25:00.3551020Z  * branch            ac2070c812f70579879a2b91ca77cb578c795c7b -> FETCH_HEAD
2026-08-31T11:25:00.3551470Z  * branch            c7d1cdbdc36880714dd9052d4f63f9c2a7bc102a -> FETCH_HEAD
2026-08-31T11:25:00.3551860Z  * branch            c920e6bb00854f6e2efe903def4aa87295d58627 -> FETCH_HEAD
2026-08-31T11:25:00.3552240Z  * branch            d57afb4417bca9198c5b165a7a4a07934add5c8b -> FETCH_HEAD
2026-08-31T11:25:00.3552610Z  * branch            e8a95e7ea3554d7ec2fabed3bb84d8e5b19898f4 -> FETCH_HEAD
2026-08-31T11:25:00.3552990Z  * branch            ecd39a797b2d17b6583b782fd661068b30eff61f -> FETCH_HEAD
2026-08-31T11:25:00.3553350Z  * branch            fd66169442a26c3609254a6f83ee383a154ddb8c -> FETCH_HEAD
2026-08-31T11:25:00.3554290Z From https://github.com/theos/headers
2026-08-31T11:25:00.3554670Z  * branch            03c20cce033cfb9eafcb9ecf21c6eaaf0c26a7da -> FETCH_HEAD
2026-08-31T11:25:00.3555110Z  * branch            05405174749d912f7726121fcb5f27de73af0f08 -> FETCH_HEAD
2026-08-31T11:25:00.3555570Z  * branch            09a80f652d65b1caba560d8f50ad4c584d45d6a1 -> FETCH_HEAD
2026-08-31T11:25:00.3555980Z  * branch            0be47c237ef990d2d5c099e81d51f5c49cfe21ac -> FETCH_HEAD
2026-08-31T11:25:00.3557010Z  * branch            10c212801ce4ba99ff410b62637c7d50c3f6a37f -> FETCH_HEAD
2026-08-31T11:25:00.3557390Z  * branch            159a952c71bba3e7e3ae68b16d29c7fc549f5cdc -> FETCH_HEAD
2026-08-31T11:25:00.3557760Z  * branch            1bb142b515f5ff7c0b8e8f7ae173616e8cf2705e -> FETCH_HEAD
2026-08-31T11:25:00.3558160Z  * branch            1c6404be46f71071eb7d33b2ce30de30895bc2be -> FETCH_HEAD
2026-08-31T11:25:00.3558520Z  * branch            1c8c6efb030ff7221d97b8d4864847851aba9a67 -> FETCH_HEAD
2026-08-31T11:25:00.3558870Z  * branch            1fbaaf37d263538ee3e19aa2a78a2fd66f63b241 -> FETCH_HEAD
2026-08-31T11:25:00.3559250Z  * branch            27f17e2c2413d8f18d5d580f30bb0f67159d89be -> FETCH_HEAD
2026-08-31T11:25:00.3559680Z  * branch            28df0feeba0cdb768852e13920ad599c2375c96a -> FETCH_HEAD
2026-08-31T11:25:00.3560310Z  * branch            2c1421a4d6d24a9f930ad74924e628e95d383682 -> FETCH_HEAD
2026-08-31T11:25:00.3560710Z  * branch            30aabe179bb275646086a6249953a9f617395dcb -> FETCH_HEAD
2026-08-31T11:25:00.3561410Z  * branch            387230da73d43e19fff86a8b6cd5d3193ad99c9f -> FETCH_HEAD
2026-08-31T11:25:00.3562090Z  * branch            3998ff8c46acecb3c13dd8a65999111f41464357 -> FETCH_HEAD
2026-08-31T11:25:00.3562470Z  * branch            3ae47e085e9b4dc72613c99503f81f9d8ce093a6 -> FETCH_HEAD
2026-08-31T11:25:00.3562910Z  * branch            3d2c25b9f1202b5d97c374e64b719e7b2e565e8a -> FETCH_HEAD
2026-08-31T11:25:00.3563320Z  * branch            3f26abfa9d7f4d5c0185cf4c99e60086b9ad9ca9 -> FETCH_HEAD
2026-08-31T11:25:00.3563700Z  * branch            49424c3ed7e5545bd53c3250cea9fa45b2fabdd6 -> FETCH_HEAD
2026-08-31T11:25:00.3564080Z  * branch            4c7409e29260a7c47a27d52531a0ebc4bc034e72 -> FETCH_HEAD
2026-08-31T11:25:00.3564520Z  * branch            4daa96661264879b6545a14ac936bca51d8afd7f -> FETCH_HEAD
2026-08-31T11:25:00.3565320Z  * branch            521fa5563c7d6a6bf881d6cc7b36841c35e5e0d2 -> FETCH_HEAD
2026-08-31T11:25:00.3565670Z  * branch            55c97299b7064afd07f6acddeccb3154dd1ee69f -> FETCH_HEAD
2026-08-31T11:25:00.3566050Z  * branch            56bfc22d38c0cfbbbd9317ce9bf58e7915166c59 -> FETCH_HEAD
2026-08-31T11:25:00.3566420Z  * branch            5c13703c2c210a4347fc75dc87031e9cc597626d -> FETCH_HEAD
2026-08-31T11:25:00.3566840Z  * branch            609a308c1333ac3c409307fdd5ae2071981e4242 -> FETCH_HEAD
2026-08-31T11:25:00.3567180Z  * branch            64ba1fb3425ee69d568baa5bb59d22e8b04908af -> FETCH_HEAD
2026-08-31T11:25:00.3567540Z  * branch            6611d3b2c22527283cdcf81cb6c81327fbdcbaff -> FETCH_HEAD
2026-08-31T11:25:00.3567930Z  * branch            69fcaa7d2ecfbb6b2ecd38646f0ff3c9135cabc4 -> FETCH_HEAD
2026-08-31T11:25:00.3568400Z  * branch            6afc5085a16f51a36d0b49b45eaeeb09a13eb810 -> FETCH_HEAD
2026-08-31T11:25:00.3568770Z  * branch            6ee8506035aa5e48e76b423c89d66a4c7406e050 -> FETCH_HEAD
2026-08-31T11:25:00.3569140Z  * branch            6f59e8391b27b169067656601acbed30f4f205cc -> FETCH_HEAD
2026-08-31T11:25:00.3569500Z  * branch            77d639826e51e3f40517cfd96c616127a514e941 -> FETCH_HEAD
2026-08-31T11:25:00.3569870Z  * branch            79dd09fd14441e0e74394c5651de2a7ed0a60ffd -> FETCH_HEAD
2026-08-31T11:25:00.3570350Z  * branch            80bd5638d9e8e2437997f33f9f92f08f0e2705b7 -> FETCH_HEAD
2026-08-31T11:25:00.3570740Z  * branch            80da6b2d0bbe3806b9f6c8b6e43eca29c4c066d4 -> FETCH_HEAD
2026-08-31T11:25:00.3571540Z  * branch            819f49385304805f9a81e4210ae392c620505ea8 -> FETCH_HEAD
2026-08-31T11:25:00.3572320Z  * branch            85ffc75138a5fefce0b699b9e16fa514cb7ffc5c -> FETCH_HEAD
2026-08-31T11:25:00.3573620Z  * branch            889f159f6dd834ac35e193387b823539045cd374 -> FETCH_HEAD
2026-08-31T11:25:00.3573970Z  * branch            8fec425716958c1b709c0459d7f6762b73b2e291 -> FETCH_HEAD
2026-08-31T11:25:00.3574310Z  * branch            9220e3de07a7e24a50bf668796793d9bca5ad4c8 -> FETCH_HEAD
2026-08-31T11:25:00.3575070Z  * branch            9a50a89c6d0a92693427579dd0e4b46565d5d0de -> FETCH_HEAD
2026-08-31T11:25:00.3575650Z  * branch            9f00c9663aff892b512f87666dbfbf8fe4943e84 -> FETCH_HEAD
2026-08-31T11:25:00.3576060Z  * branch            a322ffce6b029caff5ce43e53678d276b2d86ff4 -> FETCH_HEAD
2026-08-31T11:25:00.3576470Z  * branch            aa509d29c41b7d27b201a9f477f0cb4e34dad108 -> FETCH_HEAD
2026-08-31T11:25:00.3577690Z  * branch            ad10b0115808b53cf825e034bc22d66af3481cfc -> FETCH_HEAD
2026-08-31T11:25:00.3578730Z  * branch            ad80ca22becd0748e1f11729b8f88d5c17206178 -> FETCH_HEAD
2026-08-31T11:25:00.3579710Z  * branch            b0b5198bc97bc56668f7fc071ae47a8a9f1e1b10 -> FETCH_HEAD
2026-08-31T11:25:00.3580660Z  * branch            b6ab96de6ba747eb7dd623d47c8865dd674f11fc -> FETCH_HEAD
2026-08-31T11:25:00.3581580Z  * branch            b875591e9b780872861d143cf973c142aace9bdb -> FETCH_HEAD
2026-08-31T11:25:00.3582520Z  * branch            bf8ff89cfa235410ac374e27fadee73982d44296 -> FETCH_HEAD
2026-08-31T11:25:00.3583000Z  * branch            c9f56473e9f2c7b72a2555963c49b7b7579acfbb -> FETCH_HEAD
2026-08-31T11:25:00.3583380Z  * branch            d09634a4dedb6be617f3b576102fc16b9403ba5e -> FETCH_HEAD
2026-08-31T11:25:00.3583760Z  * branch            e61600418fe6fe07f8e30c2c0d0c002ba31b99d1 -> FETCH_HEAD
2026-08-31T11:25:00.3584120Z  * branch            e8a358066f7426c285684aeaaff8ff23b3dd6b61 -> FETCH_HEAD
2026-08-31T11:25:00.3584470Z  * branch            ea1b95dba9530d2017907ec7542d309215d84e15 -> FETCH_HEAD
2026-08-31T11:25:00.3584820Z  * branch            ea969daefb5026b3aaed326b2db2fac80e410df0 -> FETCH_HEAD
2026-08-31T11:25:00.3585210Z  * branch            f3e596d896bae8f07c43cfb00ef55bf6224b4cdc -> FETCH_HEAD
2026-08-31T11:25:00.3585650Z  * branch            f3eef2127548c631b325a0b28c907cc59b1716ac -> FETCH_HEAD
2026-08-31T11:25:00.3586060Z  * branch            f82d323a5a50b4d6e3a21bce0aa20b0e531b118d -> FETCH_HEAD
2026-08-31T11:25:00.6806320Z From https://github.com/theos/dm.pl
2026-08-31T11:25:00.6808160Z  * branch            08d522b0b0723c2eff72505bf7cd9ae69614c0c0 -> FETCH_HEAD
2026-08-31T11:25:00.6809070Z  * branch            2f1417d7db30bba7ba58c4275e07b02521f52aa3 -> FETCH_HEAD
2026-08-31T11:25:00.6809480Z  * branch            34471b945dd5865544f0cf0c7d1a3151e6aa4c06 -> FETCH_HEAD
2026-08-31T11:25:00.6809840Z  * branch            3726df3e714e8189c23cb7e0c5505f0dbae2f88f -> FETCH_HEAD
2026-08-31T11:25:00.6810200Z  * branch            431955c2e5a2ca5e62ae773ef7036b1df14c80d7 -> FETCH_HEAD
2026-08-31T11:25:00.6810620Z  * branch            4699b543fdb9d3ebacde0b23db38322d27f20974 -> FETCH_HEAD
2026-08-31T11:25:00.6811030Z  * branch            4d3e455f632f77bbf500e03c3670b7cd951f546f -> FETCH_HEAD
2026-08-31T11:25:00.6811630Z  * branch            5b64eb9355f965f8ab0ffbe8c5ec92b0c8316432 -> FETCH_HEAD
2026-08-31T11:25:00.6812080Z  * branch            88d9005b0dbbfaf6d6e2f4948079e96c7b281957 -> FETCH_HEAD
2026-08-31T11:25:00.6812520Z  * branch            892a7c7266055a93013ab81002a8adcb578a2b25 -> FETCH_HEAD
2026-08-31T11:25:00.6812880Z  * branch            9462015e0f7e82f51b6df05bd223a484a6988042 -> FETCH_HEAD
2026-08-31T11:25:00.6813270Z  * branch            9723deb8b99cd7aa071ec1fad310df2ff80d1cf2 -> FETCH_HEAD
2026-08-31T11:25:00.6813640Z  * branch            af6fcc8ebfef5fc4c31d65b52556474409b2ed97 -> FETCH_HEAD
2026-08-31T11:25:00.6813990Z  * branch            b4f1d815d73a75edb5691ef0634e2264513a3ec8 -> FETCH_HEAD
2026-08-31T11:25:00.6814360Z  * branch            b77a3775a95b6929f5c2c44475eb1d0965e073f1 -> FETCH_HEAD
2026-08-31T11:25:00.7033340Z Already up to date.
2026-08-31T11:25:00.9330440Z 
2026-08-31T11:25:00.9333360Z [0;36m==> [1;36mNotice:[m Visit https://github.com/theos/theos/commits/master to view recent changes.
2026-08-31T11:25:00.9339900Z ##[end-action id=__waruhachi_theos-action.__run_5;outcome=success;conclusion=success;duration_ms=4632]
2026-08-31T11:25:00.9450440Z ##[group]Run make clean package FINALPACKAGE=1 THEOS_PACKAGE_SCHEME=rootless
2026-08-31T11:25:00.9451030Z [36;1mmake clean package FINALPACKAGE=1 THEOS_PACKAGE_SCHEME=rootless[0m
2026-08-31T11:25:00.9503070Z shell: /bin/bash -e {0}
2026-08-31T11:25:00.9503270Z env:
2026-08-31T11:25:00.9503500Z   THEOS: /Users/runner/work/matisu-replica/matisu-replica/theos
2026-08-31T11:25:00.9503820Z ##[endgroup]
2026-08-31T11:25:10.9026070Z [0;36m==> [1;39mCleaning…[m
2026-08-31T11:25:11.1709180Z [1;31m> [1;3;39mMaking all for tweak MatisuAuto…[m
2026-08-31T11:25:14.2768870Z [0;31m==> [1;39mPreprocessing Tweak.xm…[m
2026-08-31T11:25:14.2773430Z [0;31m==> [1;39mPreprocessing Tweak.xm…[m
2026-08-31T11:25:15.9695130Z [0;32m==> [1;39mCompiling ../src/MatisuTouch.m (arm64)…[m
2026-08-31T11:25:15.9701600Z [0;32m==> [1;39mCompiling ../src/MatisuTouch.m (arm64e)…[m
2026-08-31T11:25:18.8003830Z [0;32m==> [1;39mCompiling ../app/AXNodeDump.m (arm64)…[m
2026-08-31T11:25:18.8152880Z [0;32m==> [1;39mCompiling ../app/AXNodeDump.m (arm64e)…[m
2026-08-31T11:25:19.0104090Z [0;32m==> [1;39mCompiling ../app/DeviceInfo.m (arm64e)…[m
2026-08-31T11:25:19.0667180Z [0;32m==> [1;39mCompiling ../app/DeviceInfo.m (arm64)…[m
2026-08-31T11:25:22.6996780Z [0;32m==> [1;39mCompiling Tweak.xm (arm64)…[m
2026-08-31T11:25:22.7746390Z [0;32m==> [1;39mCompiling Tweak.xm (arm64e)…[m
2026-08-31T11:25:23.4970080Z ld: warning: -undefined dynamic_lookup is deprecated on iOS
2026-08-31T11:25:23.4972230Z [0;33m==> [1;39mLinking tweak MatisuAuto (arm64e)…[m
2026-08-31T11:25:23.4991560Z ld: warning: -multiply_defined is obsolete
2026-08-31T11:25:23.5000670Z [0;34m==> [1;39mGenerating debug symbols for MatisuAuto…[m
2026-08-31T11:25:23.5001660Z ld: warning: -undefined dynamic_lookup is deprecated on iOS
2026-08-31T11:25:23.5007260Z [0;34m==> [1;39mStripping MatisuAuto (arm64e)…[m
2026-08-31T11:25:23.5019320Z ld: warning: -multiply_defined is obsolete
2026-08-31T11:25:23.5019980Z [0;33m==> [1;39mLinking tweak MatisuAuto (arm64)…[m
2026-08-31T11:25:23.5047930Z [0;34m==> [1;39mGenerating debug symbols for MatisuAuto…[m
2026-08-31T11:25:23.5051010Z [0;34m==> [1;39mStripping MatisuAuto (arm64)…[m
2026-08-31T11:25:23.5190570Z [0;34m==> [1;39mMerging tweak MatisuAuto…[m
2026-08-31T11:25:23.5752460Z [0;34m==> [1;39mSigning MatisuAuto…[m
2026-08-31T11:25:23.9325960Z [1;31m> [1;3;39mMaking stage for tweak MatisuAuto…[m
2026-08-31T11:25:25.7844610Z dm.pl: building package `com.matisu.auto.tweak:iphoneos-arm64' in `./packages/com.matisu.auto.tweak_0.1.0_iphoneos-arm64.deb'
2026-08-31T11:25:25.8851170Z ##[group]Run make clean
2026-08-31T11:25:25.8853170Z [36;1mmake clean[0m
2026-08-31T11:25:25.8853790Z [36;1mmake FINALPACKAGE=1[0m
2026-08-31T11:25:25.8855030Z [36;1mBIN=$(find .theos/obj/MatisuAuto.app -name MatisuAuto -type f 2>/dev/null | head -1)[0m
2026-08-31T11:25:25.8856260Z [36;1m[ -z "$BIN" ] && { echo "!! binary not built"; exit 1; }[0m
2026-08-31T11:25:25.8856970Z [36;1mrm -rf /tmp/tipa[0m
2026-08-31T11:25:25.8857790Z [36;1mmkdir -p /tmp/tipa/Payload/MatisuAuto.app[0m
2026-08-31T11:25:25.8858750Z [36;1mcp "$BIN" /tmp/tipa/Payload/MatisuAuto.app/MatisuAuto[0m
2026-08-31T11:25:25.8859990Z [36;1mcp Info.plist Entitlements.plist /tmp/tipa/Payload/MatisuAuto.app/[0m
2026-08-31T11:25:25.8861300Z [36;1mLDID="$THEOS/bin/ldid"; [ -x "$LDID" ] || LDID=$(command -v ldid || true)[0m
2026-08-31T11:25:25.8862600Z [36;1mif [ -n "$LDID" ]; then[0m
2026-08-31T11:25:25.8864000Z [36;1m  "$LDID" -SEntitlements.plist /tmp/tipa/Payload/MatisuAuto.app/MatisuAuto && echo "signed with ldid"[0m
2026-08-31T11:25:25.8865460Z [36;1melse[0m
2026-08-31T11:25:25.8866230Z [36;1m  echo "!! ldid not found; TrollStore will re-sign on install"[0m
2026-08-31T11:25:25.8870150Z [36;1mfi[0m
2026-08-31T11:25:25.8870720Z [36;1mecho "== tipa app contents =="[0m
2026-08-31T11:25:25.8871760Z [36;1mls -la /tmp/tipa/Payload/MatisuAuto.app[0m
2026-08-31T11:25:25.8873020Z [36;1mcd /tmp/tipa && zip -r "$GITHUB_WORKSPACE/matisu-auto.tipa" Payload[0m
2026-08-31T11:25:25.8874280Z [36;1mecho "tipa size: $(wc -c < $GITHUB_WORKSPACE/matisu-auto.tipa) bytes"[0m
2026-08-31T11:25:25.9015810Z shell: /bin/bash -e {0}
2026-08-31T11:25:25.9016210Z env:
2026-08-31T11:25:25.9016780Z   THEOS: /Users/runner/work/matisu-replica/matisu-replica/theos
2026-08-31T11:25:25.9017160Z ##[endgroup]
2026-08-31T11:25:27.1047310Z [0;36m==> [1;39mCleaning…[m
2026-08-31T11:25:28.5973070Z [1;31m> [1;3;39mMaking all for application MatisuAuto…[m
2026-08-31T11:25:33.5285620Z [0;32m==> [1;39mCompiling main.mm (arm64)…[m
2026-08-31T11:25:33.6204590Z [0;32m==> [1;39mCompiling main.mm (arm64e)…[m
2026-08-31T11:25:33.6850210Z [0;32m==> [1;39mCompiling AppDelegate.mm (arm64)…[m
2026-08-31T11:25:33.8198380Z [0;32m==> [1;39mCompiling TouchInject.mm (arm64e)…[m
2026-08-31T11:25:33.8874310Z [0;32m==> [1;39mCompiling AppDelegate.mm (arm64e)…[m
2026-08-31T11:25:33.9192640Z [0;32m==> [1;39mCompiling TouchInject.mm (arm64)…[m
2026-08-31T11:25:34.0514120Z [0;32m==> [1;39mCompiling ControlServer.mm (arm64e)…[m
2026-08-31T11:25:34.1148980Z [0;32m==> [1;39mCompiling ControlServer.mm (arm64)…[m
2026-08-31T11:25:36.3057490Z [0;32m==> [1;39mCompiling ScreenShot.m (arm64e)…[m
2026-08-31T11:25:36.5244930Z [0;32m==> [1;39mCompiling ScreenShot.m (arm64)…[m
2026-08-31T11:25:36.5563970Z [0;32m==> [1;39mCompiling DeviceInfo.m (arm64e)…[m
2026-08-31T11:25:36.5666550Z [0;32m==> [1;39mCompiling AXNodeDump.m (arm64e)…[m
2026-08-31T11:25:36.7695850Z [0;32m==> [1;39mCompiling DeviceInfo.m (arm64)…[m
2026-08-31T11:25:36.7720090Z [0;32m==> [1;39mCompiling AXNodeDump.m (arm64)…[m
2026-08-31T11:25:36.9615930Z [0;32m==> [1;39mCompiling LuaEngine.mm (arm64)…[m
2026-08-31T11:25:37.1106870Z [0;32m==> [1;39mCompiling sthid/STHIDEventGenerator.mm (arm64e)…[m
2026-08-31T11:25:37.2657490Z [0;32m==> [1;39mCompiling sthid/STHIDEventGenerator.mm (arm64)…[m
2026-08-31T11:25:37.3039400Z [0;32m==> [1;39mCompiling LuaEngine.mm (arm64e)…[m
2026-08-31T11:25:37.4428560Z [0;32m==> [1;39mCompiling lua/lauxlib.c (arm64)…[m
2026-08-31T11:25:37.4593450Z [0;32m==> [1;39mCompiling lua/lapi.c (arm64)…[m
2026-08-31T11:25:37.5764340Z [0;32m==> [1;39mCompiling lua/lbaselib.c (arm64)…[m
2026-08-31T11:25:37.6899560Z [0;32m==> [1;39mCompiling lua/lcorolib.c (arm64)…[m
2026-08-31T11:25:37.7522290Z [0;32m==> [1;39mCompiling lua/lctype.c (arm64)…[m
2026-08-31T11:25:37.7586480Z [0;32m==> [1;39mCompiling lua/lapi.c (arm64e)…[m
2026-08-31T11:25:37.7587120Z [0;32m==> [1;39mCompiling lua/lcode.c (arm64)…[m
2026-08-31T11:25:38.1189130Z [0;32m==> [1;39mCompiling lua/ldblib.c (arm64)…[m
2026-08-31T11:25:38.1967880Z [0;32m==> [1;39mCompiling lua/ldebug.c (arm64)…[m
2026-08-31T11:25:38.3023770Z [0;32m==> [1;39mCompiling lua/lauxlib.c (arm64e)…[m
2026-08-31T11:25:38.3807090Z [0;32m==> [1;39mCompiling lua/ldump.c (arm64)…[m
2026-08-31T11:25:38.4232240Z [0;32m==> [1;39mCompiling lua/ldo.c (arm64)…[m
2026-08-31T11:25:38.4434870Z [0;32m==> [1;39mCompiling lua/lbaselib.c (arm64e)…[m
2026-08-31T11:25:38.5297770Z [0;32m==> [1;39mCompiling lua/lfunc.c (arm64)…[m
2026-08-31T11:25:38.6515090Z [0;32m==> [1;39mCompiling lua/linit.c (arm64)…[m
2026-08-31T11:25:38.9133250Z [0;32m==> [1;39mCompiling lua/lgc.c (arm64)…[m
2026-08-31T11:25:38.9446350Z [0;32m==> [1;39mCompiling lua/liolib.c (arm64)…[m
2026-08-31T11:25:38.9696790Z [0;32m==> [1;39mCompiling lua/lcode.c (arm64e)…[m
2026-08-31T11:25:39.1258990Z [0;32m==> [1;39mCompiling lua/lcorolib.c (arm64e)…[m
2026-08-31T11:25:39.1665600Z [0;32m==> [1;39mCompiling lua/lmathlib.c (arm64)…[m
2026-08-31T11:25:39.1882930Z [0;32m==> [1;39mCompiling lua/llex.c (arm64)…[m
2026-08-31T11:25:39.2324500Z [0;32m==> [1;39mCompiling lua/lctype.c (arm64e)…[m
2026-08-31T11:25:39.3306200Z [0;32m==> [1;39mCompiling lua/lmem.c (arm64)…[m
2026-08-31T11:25:39.4062220Z [0;32m==> [1;39mCompiling lua/ldblib.c (arm64e)…[m
2026-08-31T11:25:39.4172100Z [0;32m==> [1;39mCompiling lua/loadlib.c (arm64)…[m
2026-08-31T11:25:39.5366490Z [0;32m==> [1;39mCompiling lua/lopcodes.c (arm64)…[m
2026-08-31T11:25:39.5999540Z [0;32m==> [1;39mCompiling lua/lobject.c (arm64)…[m
2026-08-31T11:25:39.6771210Z [1mlua/loslib.c:182:3: [0m[0;1;31merror: [0m[1m'tmpnam' is deprecated: This function is provided for compatibility reasons only.  Due to security concerns inherent in the design of tmpnam(3), it is highly recommended that you use mkstemp(3) instead. [-Werror,-Wdeprecated-declarations][0m
2026-08-31T11:25:39.6773020Z [0;32m==> [1;39mCompiling lua/loslib.c (arm64)…[m
2026-08-31T11:25:39.6830310Z   182 |   lua_tmpnam(buff, err);[0m
2026-08-31T11:25:39.6844050Z       | [0;1;32m  ^
2026-08-31T11:25:39.6854610Z [0m[1mlua/loslib.c:124:33: [0m[0;1;36mnote: [0mexpanded from macro 'lua_tmpnam'[0m
2026-08-31T11:25:39.6858870Z   124 | #define lua_tmpnam(b,e)         { e = (tmpnam(b) == NULL); }[0m
2026-08-31T11:25:39.6865370Z       | [0;1;32m                                       ^
2026-08-31T11:25:39.6866560Z [0m[1m/Applications/Xcode_26.6.app/Contents/Developer/Platforms/iPhoneOS.platform/Developer/SDKs/iPhoneOS26.5.sdk/usr/include/_stdio.h:287:1: [0m[0;1;36mnote: [0m'tmpnam' has been explicitly marked deprecated here[0m
2026-08-31T11:25:39.6868790Z   287 | __deprecated_msg("This function is provided for compatibility reasons only.  Due to security concerns inherent in the design of tmpnam(3), it is highly recommended that you use mkstemp(3) instead.")[0m
2026-08-31T11:25:39.6869830Z       | [0;1;32m^
2026-08-31T11:25:39.6871260Z [0m[1m/Applications/Xcode_26.6.app/Contents/Developer/Platforms/iPhoneOS.platform/Developer/SDKs/iPhoneOS26.5.sdk/usr/include/sys/cdefs.h:227:48: [0m[0;1;36mnote: [0mexpanded from macro '__deprecated_msg'[0m
2026-08-31T11:25:39.6872500Z   227 |         #define __deprecated_msg(_msg) __attribute__((__deprecated__(_msg)))[0m
2026-08-31T11:25:39.6873210Z       | [0;1;32m                                                      ^
2026-08-31T11:25:39.6873790Z [0m1 error generated.
2026-08-31T11:25:39.6874700Z make[3]: *** [/Users/runner/work/matisu-replica/matisu-replica/theos/makefiles/instance/rules.mk:321: /Users/runner/work/matisu-replica/matisu-replica/ios/app/.theos/obj/arm64/lua/loslib.c.bcd70028.o] Error 1
2026-08-31T11:25:39.6876210Z make[3]: *** Waiting for unfinished jobs....
2026-08-31T11:25:39.7223970Z [0;32m==> [1;39mCompiling lua/ldebug.c (arm64e)…[m
2026-08-31T11:25:39.9391050Z [0;32m==> [1;39mCompiling lua/ldump.c (arm64e)…[m
2026-08-31T11:25:39.9769690Z [0;32m==> [1;39mCompiling lua/ldo.c (arm64e)…[m
2026-08-31T11:25:40.1333450Z [0;32m==> [1;39mCompiling lua/lfunc.c (arm64e)…[m
2026-08-31T11:25:40.1589220Z make[2]: *** [/Users/runner/work/matisu-replica/matisu-replica/theos/makefiles/instance/application.mk:50: /Users/runner/work/matisu-replica/matisu-replica/ios/app/.theos/obj/arm64/MatisuAuto.app/MatisuAuto] Error 2
2026-08-31T11:25:40.1590430Z [0;32m==> [1;39mCompiling lua/lparser.c (arm64)…[m
2026-08-31T11:25:40.1694970Z make[2]: *** Waiting for unfinished jobs....
2026-08-31T11:25:40.2406150Z [0;32m==> [1;39mCompiling lua/linit.c (arm64e)…[m
2026-08-31T11:25:40.4075010Z [0;32m==> [1;39mCompiling lua/liolib.c (arm64e)…[m
2026-08-31T11:25:40.4195850Z [0;32m==> [1;39mCompiling lua/lgc.c (arm64e)…[m
2026-08-31T11:25:40.4662450Z [0;32m==> [1;39mCompiling lua/llex.c (arm64e)…[m
2026-08-31T11:25:40.5568980Z [0;32m==> [1;39mCompiling lua/lmem.c (arm64e)…[m
2026-08-31T11:25:40.5933040Z [0;32m==> [1;39mCompiling lua/lmathlib.c (arm64e)…[m
2026-08-31T11:25:40.6705240Z [0;32m==> [1;39mCompiling lua/loadlib.c (arm64e)…[m
2026-08-31T11:25:40.7214230Z [0;32m==> [1;39mCompiling lua/lopcodes.c (arm64e)…[m
2026-08-31T11:25:40.8075430Z [1mlua/loslib.c:182:3: [0m[0;1;31merror: [0m[1m'tmpnam' is deprecated: This function is provided for compatibility reasons only.  Due to security concerns inherent in the design of tmpnam(3), it is highly recommended that you use mkstemp(3) instead. [-Werror,-Wdeprecated-declarations][0m
2026-08-31T11:25:40.8079490Z [0;32m==> [1;39mCompiling lua/loslib.c (arm64e)…[m
2026-08-31T11:25:40.8182000Z   182 |   lua_tmpnam(buff, err);[0m
2026-08-31T11:25:40.8288090Z       | [0;1;32m  ^
2026-08-31T11:25:40.8407970Z [0m[1mlua/loslib.c:124:33: [0m[0;1;36mnote: [0mexpanded from macro 'lua_tmpnam'[0m
2026-08-31T11:25:40.8511150Z   124 | #define lua_tmpnam(b,e)         { e = (tmpnam(b) == NULL); }[0m
2026-08-31T11:25:40.8511630Z [0;32m==> [1;39mCompiling lua/lobject.c (arm64e)…[m
2026-08-31T11:25:40.8512120Z       | [0;1;32m                                       ^
2026-08-31T11:25:40.8544610Z [0m[1m/Applications/Xcode_26.6.app/Contents/Developer/Platforms/iPhoneOS.platform/Developer/SDKs/iPhoneOS26.5.sdk/usr/include/_stdio.h:287:1: [0m[0;1;36mnote: [0m'tmpnam' has been explicitly marked deprecated here[0m
2026-08-31T11:25:40.8546130Z   287 | __deprecated_msg("This function is provided for compatibility reasons only.  Due to security concerns inherent in the design of tmpnam(3), it is highly recommended that you use mkstemp(3) instead.")[0m
2026-08-31T11:25:40.8547010Z       | [0;1;32m^
2026-08-31T11:25:40.8547920Z [0m[1m/Applications/Xcode_26.6.app/Contents/Developer/Platforms/iPhoneOS.platform/Developer/SDKs/iPhoneOS26.5.sdk/usr/include/sys/cdefs.h:227:48: [0m[0;1;36mnote: [0mexpanded from macro '__deprecated_msg'[0m
2026-08-31T11:25:40.8555670Z   227 |         #define __deprecated_msg(_msg) __attribute__((__deprecated__(_msg)))[0m
2026-08-31T11:25:40.8556360Z       | [0;1;32m                                                      ^
2026-08-31T11:25:40.8557180Z [0m1 error generated.
2026-08-31T11:25:40.8557970Z make[3]: *** [/Users/runner/work/matisu-replica/matisu-replica/theos/makefiles/instance/rules.mk:321: /Users/runner/work/matisu-replica/matisu-replica/ios/app/.theos/obj/arm64e/lua/loslib.c.3510d680.o] Error 1
2026-08-31T11:25:40.8559090Z make[3]: *** Waiting for unfinished jobs....
2026-08-31T11:25:41.0991620Z [0;32m==> [1;39mCompiling lua/lparser.c (arm64e)…[m
2026-08-31T11:25:41.1029010Z make[2]: *** [/Users/runner/work/matisu-replica/matisu-replica/theos/makefiles/instance/application.mk:50: /Users/runner/work/matisu-replica/matisu-replica/ios/app/.theos/obj/arm64e/MatisuAuto.app/MatisuAuto] Error 2
2026-08-31T11:25:41.1030800Z make[1]: *** [/Users/runner/work/matisu-replica/matisu-replica/theos/makefiles/instance/application.mk:41: internal-application-all_] Error 2
2026-08-31T11:25:41.1039200Z make: *** [/Users/runner/work/matisu-replica/matisu-replica/theos/makefiles/master/rules.mk:146: MatisuAuto.all.application.variables] Error 2
2026-08-31T11:25:41.1076740Z ##[error]Process completed with exit code 2.
2026-08-31T11:25:41.1396070Z Post job cleanup.
2026-08-31T11:25:41.1416720Z ##[start-action display=Theos Cache;id=__97822bcb-ccd9-409e-a03d-387947ec32ca.theos-cache]
2026-08-31T11:25:41.1424730Z ##[end-action id=__97822bcb-ccd9-409e-a03d-387947ec32ca.theos-cache;outcome=skipped;conclusion=skipped;duration_ms=0]
2026-08-31T11:25:41.1536160Z Node 20 is being deprecated. This workflow is running with Node 24 by default. If you need to temporarily use Node 20, you can set the ACTIONS_ALLOW_USE_UNSECURE_NODE_VERSION=true environment variable. For more information see: https://github.blog/changelog/2025-09-19-deprecation-of-node-20-on-github-actions-runners/
2026-08-31T11:25:41.1537520Z Post job cleanup.
2026-08-31T11:25:41.7101120Z [command]/opt/homebrew/bin/git version
2026-08-31T11:25:41.7467740Z git version 2.55.0
2026-08-31T11:25:41.7495300Z Copying '/Users/runner/.gitconfig' to '/Users/runner/work/_temp/2258245b-351c-464e-b2ee-b5aa4a7ce860/.gitconfig'
2026-08-31T11:25:41.7505750Z Temporarily overriding HOME='/Users/runner/work/_temp/2258245b-351c-464e-b2ee-b5aa4a7ce860' before making global git config changes
2026-08-31T11:25:41.7509350Z Adding repository directory to the temporary git global config as a safe directory
2026-08-31T11:25:41.7510630Z [command]/opt/homebrew/bin/git config --global --add safe.directory /Users/runner/work/matisu-replica/matisu-replica
2026-08-31T11:25:41.7659000Z [command]/opt/homebrew/bin/git config --local --name-only --get-regexp core\.sshCommand
2026-08-31T11:25:41.7765700Z [command]/opt/homebrew/bin/git submodule foreach --recursive sh -c "git config --local --name-only --get-regexp 'core\.sshCommand' && git config --local --unset-all 'core.sshCommand' || :"
2026-08-31T11:25:41.9195710Z [command]/opt/homebrew/bin/git config --local --name-only --get-regexp http\.https\:\/\/github\.com\/\.extraheader
2026-08-31T11:25:41.9264380Z http.https://github.com/.extraheader
2026-08-31T11:25:41.9273480Z [command]/opt/homebrew/bin/git config --local --unset-all http.https://github.com/.extraheader
2026-08-31T11:25:41.9376650Z [command]/opt/homebrew/bin/git submodule foreach --recursive sh -c "git config --local --name-only --get-regexp 'http\.https\:\/\/github\.com\/\.extraheader' && git config --local --unset-all 'http.https://github.com/.extraheader' || :"
2026-08-31T11:25:42.1082230Z [command]/opt/homebrew/bin/git config --local --name-only --get-regexp ^includeIf\.gitdir:
2026-08-31T11:25:42.1144480Z [command]/opt/homebrew/bin/git submodule foreach --recursive git config --local --show-origin --name-only --get-regexp remote.origin.url
2026-08-31T11:25:42.2741560Z Cleaning up orphan processes
2026-08-31T11:25:43.4576830Z ##[warning]Node.js 20 is deprecated. The following actions target Node.js 20 but are being forced to run on Node.js 24: actions/cache@v4, actions/checkout@v4. For more information see: https://github.blog/changelog/2025-09-19-deprecation-of-node-20-on-github-actions-runners/
