2026-08-31T12:34:42.8888480Z Current runner version: '2.336.0'
2026-08-31T12:34:42.8903720Z ##[group]Runner Image Provisioner
2026-08-31T12:34:42.8904450Z Hosted Compute Agent
2026-08-31T12:34:42.8904830Z Version: 20260707.563
2026-08-31T12:34:42.8905250Z Commit: 02667638d2b423fbc733a8e32a88b44996a3ba6e
2026-08-31T12:34:42.8905720Z Build Date: 2026-07-07T19:33:50Z
2026-08-31T12:34:42.8906170Z Worker ID: {564e6884-c2cc-4bf5-8392-26ad50fb332f}
2026-08-31T12:34:42.8906630Z Azure Region: westus
2026-08-31T12:34:42.8907000Z ##[endgroup]
2026-08-31T12:34:42.8907890Z ##[group]Operating System
2026-08-31T12:34:42.8908300Z macOS
2026-08-31T12:34:42.8908630Z 26.5.2
2026-08-31T12:34:42.8909000Z 25F84
2026-08-31T12:34:42.8909400Z ##[endgroup]
2026-08-31T12:34:42.8909750Z ##[group]Runner Image
2026-08-31T12:34:42.8910120Z Image: macos-26-arm64
2026-08-31T12:34:42.8910480Z Version: 20260728.0273.1
2026-08-31T12:34:42.8911310Z Included Software: https://github.com/actions/runner-images/blob/macos-26-arm64/20260728.0273/images/macos/macos-26-arm64-Readme.md
2026-08-31T12:34:42.8912350Z Image Release: https://github.com/actions/runner-images/releases/tag/macos-26-arm64%2F20260728.0273
2026-08-31T12:34:42.8913050Z ##[endgroup]
2026-08-31T12:34:42.8913840Z ##[group]GITHUB_TOKEN Permissions
2026-08-31T12:34:42.8914980Z Contents: read
2026-08-31T12:34:42.8915330Z Metadata: read
2026-08-31T12:34:42.8915680Z Packages: read
2026-08-31T12:34:42.8916030Z ##[endgroup]
2026-08-31T12:34:42.8917370Z Secret source: Actions
2026-08-31T12:34:42.8918000Z Prepare workflow directory
2026-08-31T12:34:42.9257090Z Prepare all required actions
2026-08-31T12:34:42.9292920Z Getting action download info
2026-08-31T12:34:43.3968910Z Download action repository 'actions/checkout@v4' (SHA:11d5960a326750d5838078e36cf38b85af677262)
2026-08-31T12:34:43.7216130Z Download action repository 'waruhachi/theos-action@v2.4.6' (SHA:9c45aeddc8a587a7b9d4a17d107e6a68b9bc910e)
2026-08-31T12:34:44.0775760Z Download action repository 'actions/upload-artifact@v4' (SHA:ea165f8d65b6e75b540449e92b4886f43607fa02)
2026-08-31T12:34:44.3462990Z Getting action download info
2026-08-31T12:34:44.4863370Z Download action repository 'actions/cache@v4' (SHA:0057852bfaa89a56745cba8c7296529d2fc39830)
2026-08-31T12:34:44.7343160Z Complete job name: build
2026-08-31T12:34:44.8173450Z Node 20 is being deprecated. This workflow is running with Node 24 by default. If you need to temporarily use Node 20, you can set the ACTIONS_ALLOW_USE_UNSECURE_NODE_VERSION=true environment variable. For more information see: https://github.blog/changelog/2025-09-19-deprecation-of-node-20-on-github-actions-runners/
2026-08-31T12:34:44.8184720Z ##[group]Run actions/checkout@v4
2026-08-31T12:34:44.8185320Z with:
2026-08-31T12:34:44.8185700Z   repository: sky5566jf/matisu-replica
2026-08-31T12:34:44.8191170Z   token: ***
2026-08-31T12:34:44.8191600Z   ssh-strict: true
2026-08-31T12:34:44.8191970Z   ssh-user: git
2026-08-31T12:34:44.8192360Z   persist-credentials: true
2026-08-31T12:34:44.8192830Z   clean: true
2026-08-31T12:34:44.8193200Z   sparse-checkout-cone-mode: true
2026-08-31T12:34:44.8193690Z   fetch-depth: 1
2026-08-31T12:34:44.8194050Z   fetch-tags: false
2026-08-31T12:34:44.8194450Z   show-progress: true
2026-08-31T12:34:44.8194820Z   lfs: false
2026-08-31T12:34:44.8195210Z   submodules: false
2026-08-31T12:34:44.8195590Z   set-safe-directory: true
2026-08-31T12:34:44.8196010Z   allow-unsafe-pr-checkout: false
2026-08-31T12:34:44.8196740Z ##[endgroup]
2026-08-31T12:34:45.4189010Z Syncing repository: sky5566jf/matisu-replica
2026-08-31T12:34:45.4191630Z ##[group]Getting Git version info
2026-08-31T12:34:45.4192450Z Working directory is '/Users/runner/work/matisu-replica/matisu-replica'
2026-08-31T12:34:45.4193700Z [command]/opt/homebrew/bin/git version
2026-08-31T12:34:45.4557780Z git version 2.55.0
2026-08-31T12:34:45.4599140Z ##[endgroup]
2026-08-31T12:34:45.4613040Z Copying '/Users/runner/.gitconfig' to '/Users/runner/work/_temp/e4c268af-5ab9-4f36-bea2-168774374d7d/.gitconfig'
2026-08-31T12:34:45.4624330Z Temporarily overriding HOME='/Users/runner/work/_temp/e4c268af-5ab9-4f36-bea2-168774374d7d' before making global git config changes
2026-08-31T12:34:45.4630740Z Adding repository directory to the temporary git global config as a safe directory
2026-08-31T12:34:45.4632630Z [command]/opt/homebrew/bin/git config --global --add safe.directory /Users/runner/work/matisu-replica/matisu-replica
2026-08-31T12:34:45.4836270Z Deleting the contents of '/Users/runner/work/matisu-replica/matisu-replica'
2026-08-31T12:34:45.4840600Z ##[group]Initializing the repository
2026-08-31T12:34:45.4843240Z [command]/opt/homebrew/bin/git init /Users/runner/work/matisu-replica/matisu-replica
2026-08-31T12:34:45.5161900Z hint: Using 'master' as the name for the initial branch. This default branch name
2026-08-31T12:34:45.5165660Z hint: will change to "main" in Git 3.0. To configure the initial branch name
2026-08-31T12:34:45.5167330Z hint: to use in all of your new repositories, which will suppress this warning,
2026-08-31T12:34:45.5168430Z hint: call:
2026-08-31T12:34:45.5169230Z hint:
2026-08-31T12:34:45.5170080Z hint: 	git config --global init.defaultBranch <name>
2026-08-31T12:34:45.5171010Z hint:
2026-08-31T12:34:45.5171970Z hint: Names commonly chosen instead of 'master' are 'main', 'trunk' and
2026-08-31T12:34:45.5173550Z hint: 'development'. The just-created branch can be renamed via this command:
2026-08-31T12:34:45.5174670Z hint:
2026-08-31T12:34:45.5175380Z hint: 	git branch -m <name>
2026-08-31T12:34:45.5176270Z hint:
2026-08-31T12:34:45.5177310Z hint: Disable this message with "git config set advice.defaultBranchName false"
2026-08-31T12:34:45.5179080Z Initialized empty Git repository in /Users/runner/work/matisu-replica/matisu-replica/.git/
2026-08-31T12:34:45.5182910Z [command]/opt/homebrew/bin/git remote add origin https://github.com/sky5566jf/matisu-replica
2026-08-31T12:34:45.5344810Z ##[endgroup]
2026-08-31T12:34:45.5346470Z ##[group]Disabling automatic garbage collection
2026-08-31T12:34:45.5348530Z [command]/opt/homebrew/bin/git config --local gc.auto 0
2026-08-31T12:34:45.5461130Z ##[endgroup]
2026-08-31T12:34:45.5462460Z ##[group]Setting up auth
2026-08-31T12:34:45.5473770Z [command]/opt/homebrew/bin/git config --local --name-only --get-regexp core\.sshCommand
2026-08-31T12:34:45.5630470Z [command]/opt/homebrew/bin/git submodule foreach --recursive sh -c "git config --local --name-only --get-regexp 'core\.sshCommand' && git config --local --unset-all 'core.sshCommand' || :"
2026-08-31T12:34:45.7040290Z [command]/opt/homebrew/bin/git config --local --name-only --get-regexp http\.https\:\/\/github\.com\/\.extraheader
2026-08-31T12:34:45.7133780Z [command]/opt/homebrew/bin/git submodule foreach --recursive sh -c "git config --local --name-only --get-regexp 'http\.https\:\/\/github\.com\/\.extraheader' && git config --local --unset-all 'http.https://github.com/.extraheader' || :"
2026-08-31T12:34:45.8473880Z [command]/opt/homebrew/bin/git config --local --name-only --get-regexp ^includeIf\.gitdir:
2026-08-31T12:34:45.8553220Z [command]/opt/homebrew/bin/git submodule foreach --recursive git config --local --show-origin --name-only --get-regexp remote.origin.url
2026-08-31T12:34:46.0007060Z [command]/opt/homebrew/bin/git config --local http.https://github.com/.extraheader AUTHORIZATION: basic ***
2026-08-31T12:34:46.0319250Z ##[endgroup]
2026-08-31T12:34:46.0422390Z ##[group]Fetching the repository
2026-08-31T12:34:46.0529380Z [command]/opt/homebrew/bin/git -c protocol.version=2 fetch --no-tags --prune --no-recurse-submodules --depth=1 origin +46edf377a10f5e480017561c82cbd9f8b2fe788a:refs/remotes/origin/main
2026-08-31T12:34:46.9361840Z From https://github.com/sky5566jf/matisu-replica
2026-08-31T12:34:46.9442590Z  * [new ref]         46edf377a10f5e480017561c82cbd9f8b2fe788a -> origin/main
2026-08-31T12:34:46.9928230Z ##[endgroup]
2026-08-31T12:34:47.0033510Z ##[group]Determining the checkout info
2026-08-31T12:34:47.0034910Z ##[endgroup]
2026-08-31T12:34:47.0137800Z [command]/opt/homebrew/bin/git sparse-checkout disable
2026-08-31T12:34:47.0450810Z [command]/opt/homebrew/bin/git config --local --unset-all extensions.worktreeConfig
2026-08-31T12:34:47.0760780Z ##[group]Checking out the ref
2026-08-31T12:34:47.0863980Z [command]/opt/homebrew/bin/git checkout --progress --force -B main refs/remotes/origin/main
2026-08-31T12:34:47.0872800Z Switched to a new branch 'main'
2026-08-31T12:34:47.0874240Z branch 'main' set up to track 'origin/main'.
2026-08-31T12:34:47.0878760Z ##[endgroup]
2026-08-31T12:34:47.0882960Z [command]/opt/homebrew/bin/git log -1 --format=%H
2026-08-31T12:34:47.0884280Z 46edf377a10f5e480017561c82cbd9f8b2fe788a
2026-08-31T12:34:47.1408080Z ##[group]Run waruhachi/theos-action@v2.4.6
2026-08-31T12:34:47.1408850Z with:
2026-08-31T12:34:47.1409410Z   theos-src: theos/theos
2026-08-31T12:34:47.1410030Z   theos-branch: master
2026-08-31T12:34:47.1410620Z   sdks-src: theos/sdks
2026-08-31T12:34:47.1411210Z   sdks-branch: master
2026-08-31T12:34:47.1411800Z   libgcuniversal: false
2026-08-31T12:34:47.1412530Z   libgcuniversal-src: MrGcGamer/LibGcUniversalDocumentation
2026-08-31T12:34:47.1413760Z   libgcuniversal-branch: master
2026-08-31T12:34:47.1414460Z   altlist: false
2026-08-31T12:34:47.1415060Z   altlist-src: opa334/AltList
2026-08-31T12:34:47.1415700Z   altlist-branch: main
2026-08-31T12:34:47.1416310Z ##[endgroup]
2026-08-31T12:34:47.1498350Z ##[start-action display=Adding Theos Environment Variables;id=__waruhachi_theos-action.__run]
2026-08-31T12:34:47.1588890Z ##[group]Run echo "THEOS=/Users/runner/work/matisu-replica/matisu-replica/theos" >> $GITHUB_ENV
2026-08-31T12:34:47.1591370Z [36;1mecho "THEOS=/Users/runner/work/matisu-replica/matisu-replica/theos" >> $GITHUB_ENV[0m
2026-08-31T12:34:47.1657750Z shell: /bin/bash --noprofile --norc -e -o pipefail {0}
2026-08-31T12:34:47.1658760Z ##[endgroup]
2026-08-31T12:34:47.2102790Z ##[end-action id=__waruhachi_theos-action.__run;outcome=success;conclusion=success;duration_ms=60]
2026-08-31T12:34:47.2109180Z ##[start-action display=Generate Cache Key;id=__waruhachi_theos-action.cache-key]
2026-08-31T12:34:47.2157990Z ##[group]Run set -euo pipefail
2026-08-31T12:34:47.2158820Z [36;1mset -euo pipefail[0m
2026-08-31T12:34:47.2159500Z [36;1m[0m
2026-08-31T12:34:47.2160530Z [36;1mtheos_sha=$(gh api -H 'Accept: application/vnd.github.sha' /repos/theos/theos/commits/master)[0m
2026-08-31T12:34:47.2162180Z [36;1msdks_sha=$(gh api -H 'Accept: application/vnd.github.sha' /repos/theos/sdks/commits/master)[0m
2026-08-31T12:34:47.2164920Z [36;1m[0m
2026-08-31T12:34:47.2166430Z [36;1mif [[ "false" == 'true' ]]; then[0m
2026-08-31T12:34:47.2169120Z [36;1m  libgc_sha=$(gh api -H 'Accept: application/vnd.github.sha' /repos/MrGcGamer/LibGcUniversalDocumentation/commits/master)[0m
2026-08-31T12:34:47.2170610Z [36;1melse[0m
2026-08-31T12:34:47.2171570Z [36;1m  libgc_sha="none"[0m
2026-08-31T12:34:47.2172200Z [36;1mfi[0m
2026-08-31T12:34:47.2172770Z [36;1m[0m
2026-08-31T12:34:47.2173340Z [36;1mif [[ "false" == 'true' ]]; then[0m
2026-08-31T12:34:47.2174540Z [36;1m  altlist_sha=$(gh api -H 'Accept: application/vnd.github.sha' /repos/opa334/AltList/commits/main)[0m
2026-08-31T12:34:47.2175750Z [36;1melse[0m
2026-08-31T12:34:47.2176380Z [36;1m  altlist_sha="none"[0m
2026-08-31T12:34:47.2177030Z [36;1mfi[0m
2026-08-31T12:34:47.2177630Z [36;1m[0m
2026-08-31T12:34:47.2180120Z [36;1mecho "key=theos/theos-master-$theos_sha|theos/sdks-master-$sdks_sha|MrGcGamer/LibGcUniversalDocumentation-master-$libgc_sha|opa334/AltList-main-$altlist_sha" >> $GITHUB_OUTPUT[0m
2026-08-31T12:34:47.2220590Z shell: /bin/bash --noprofile --norc -e -o pipefail {0}
2026-08-31T12:34:47.2221500Z env:
2026-08-31T12:34:47.2222730Z   THEOS: /Users/runner/work/matisu-replica/matisu-replica/theos
2026-08-31T12:34:47.2229830Z   GH_TOKEN: ***
2026-08-31T12:34:47.2230420Z ##[endgroup]
2026-08-31T12:34:48.2623350Z ##[end-action id=__waruhachi_theos-action.cache-key;outcome=success;conclusion=success;duration_ms=1051]
2026-08-31T12:34:48.2628550Z ##[start-action display=Install dependencies;id=__waruhachi_theos-action.__run_2]
2026-08-31T12:34:48.2654890Z ##[group]Run set -euo pipefail
2026-08-31T12:34:48.2655350Z [36;1mset -euo pipefail[0m
2026-08-31T12:34:48.2655700Z [36;1m[0m
2026-08-31T12:34:48.2655900Z [36;1mbrew install make ldid[0m
2026-08-31T12:34:48.2656210Z [36;1mecho "$(brew --prefix make)/libexec/gnubin" >> $GITHUB_PATH[0m
2026-08-31T12:34:48.2696050Z shell: /bin/bash --noprofile --norc -e -o pipefail {0}
2026-08-31T12:34:48.2696440Z env:
2026-08-31T12:34:48.2696760Z   THEOS: /Users/runner/work/matisu-replica/matisu-replica/theos
2026-08-31T12:34:48.2697060Z ##[endgroup]
2026-08-31T12:34:51.1373170Z ##[warning]The following taps are not trusted:
  aws/tap

Homebrew is currently ignoring formulae, casks and commands from these taps because tap trust is required.

Untap them with:
  brew untap aws/tap
Trust specific formulae, casks and commands with:
  brew trust --formula <user>/<tap>/<formula>
  brew trust --cask <user>/<tap>/<cask>
  brew trust --command <user>/<tap>/<command>
Whole-tap trust is broader and includes all current and future formulae,
casks and commands from the listed taps. Trust whole taps with:
  brew trust aws/tap
To disable trust checks:
  export HOMEBREW_NO_REQUIRE_TAP_TRUST=1
This is not recommended and will be removed in a later release.
For more information, see:
  https://docs.brew.sh/Tap-Trust
2026-08-31T12:34:51.7857440Z [34m==>[0m [1mWould install 2 formulae:[0m
2026-08-31T12:34:51.7945410Z make ldid
2026-08-31T12:34:51.7979650Z [34m==>[0m [1mDownloading https://ghcr.io/v2/homebrew/core/make/manifests/4.4.1-1[0m
2026-08-31T12:34:52.0948860Z [34m==>[0m [1mDownloading https://ghcr.io/v2/homebrew/core/ldid/manifests/2.1.5_1-1[0m
2026-08-31T12:34:52.4724500Z [34m==>[0m [1mWould install 1 dependency for ldid:[0m
2026-08-31T12:34:52.4726290Z libplist
2026-08-31T12:34:52.4727780Z [32m==>[0m [1mFetching downloads for: [32mmake[39m and [32mldid[39m[0m
2026-08-31T12:34:52.7535000Z ✔︎ Bottle Manifest libplist (2.7.0)
2026-08-31T12:34:52.7736900Z ✔︎ Bottle ldid (2.1.5_1)
2026-08-31T12:34:52.7788900Z ✔︎ Bottle make (4.4.1)
2026-08-31T12:34:52.8370170Z ✔︎ Bottle libplist (2.7.0)
2026-08-31T12:34:52.8398760Z [34m==>[0m [1mPouring make--4.4.1.arm64_tahoe.bottle.1.tar.gz[0m
2026-08-31T12:34:52.9551870Z [34m==>[0m [1mCaveats[0m
2026-08-31T12:34:52.9552890Z GNU "make" has been installed as "gmake".
2026-08-31T12:34:52.9553520Z If you need to use it as "make", you can add a "gnubin" directory
2026-08-31T12:34:52.9554200Z to your PATH from your bashrc like:
2026-08-31T12:34:52.9558900Z 
2026-08-31T12:34:52.9559340Z     PATH="/opt/homebrew/opt/make/libexec/gnubin:$PATH"
2026-08-31T12:34:52.9587700Z [34m==>[0m [1mSummary[0m
2026-08-31T12:34:52.9589170Z 🍺  /opt/homebrew/Cellar/make/4.4.1: 17 files, 1.3MB
2026-08-31T12:34:52.9706600Z [32m==>[0m [1mInstalling ldid dependency: [32mlibplist[39m[0m
2026-08-31T12:34:52.9753660Z [34m==>[0m [1mPouring libplist--2.7.0.arm64_tahoe.bottle.tar.gz[0m
2026-08-31T12:34:53.0083940Z 🍺  /opt/homebrew/Cellar/libplist/2.7.0: 32 files, 605.5KB
2026-08-31T12:34:53.0085600Z [32m==>[0m [1mInstalling [32mldid[39m[0m
2026-08-31T12:34:53.0087090Z [34m==>[0m [1mPouring ldid--2.1.5_1.arm64_tahoe.bottle.1.tar.gz[0m
2026-08-31T12:34:53.0633240Z 🍺  /opt/homebrew/Cellar/ldid/2.1.5_1: 6 files, 271KB
2026-08-31T12:34:53.0648250Z [32m==>[0m [1mCaveats[0m
2026-08-31T12:34:53.0680330Z [34m==>[0m [1mmake[0m
2026-08-31T12:34:53.0781810Z GNU "make" has been installed as "gmake".
2026-08-31T12:34:53.0821510Z If you need to use it as "make", you can add a "gnubin" directory
2026-08-31T12:34:53.0879420Z to your PATH from your bashrc like:
2026-08-31T12:34:53.0915350Z 
2026-08-31T12:34:53.0970000Z     PATH="/opt/homebrew/opt/make/libexec/gnubin:$PATH"
2026-08-31T12:34:53.1219370Z ##[end-action id=__waruhachi_theos-action.__run_2;outcome=success;conclusion=success;duration_ms=4858]
2026-08-31T12:34:53.1224490Z ##[start-action display=Theos Cache;id=__waruhachi_theos-action.theos-cache]
2026-08-31T12:34:53.1312040Z Node 20 is being deprecated. This workflow is running with Node 24 by default. If you need to temporarily use Node 20, you can set the ACTIONS_ALLOW_USE_UNSECURE_NODE_VERSION=true environment variable. For more information see: https://github.blog/changelog/2025-09-19-deprecation-of-node-20-on-github-actions-runners/
2026-08-31T12:34:53.1316300Z ##[group]Run actions/cache@v4
2026-08-31T12:34:53.1316850Z with:
2026-08-31T12:34:53.1317200Z   path: /Users/runner/work/matisu-replica/matisu-replica/theos
2026-08-31T12:34:53.1318500Z   key: theos/theos-master-5280bd038207e14f8bd76f5417aa2fe641c03228|theos/sdks-master-0222fd5413cf4b9af096f37b4621afa2688572f7|MrGcGamer/LibGcUniversalDocumentation-master-none|opa334/AltList-main-none
2026-08-31T12:34:53.1319560Z   enableCrossOsArchive: false
2026-08-31T12:34:53.1319830Z   fail-on-cache-miss: false
2026-08-31T12:34:53.1320180Z   lookup-only: false
2026-08-31T12:34:53.1320400Z   save-always: false
2026-08-31T12:34:53.1320630Z env:
2026-08-31T12:34:53.1320880Z   THEOS: /Users/runner/work/matisu-replica/matisu-replica/theos
2026-08-31T12:34:53.1321290Z ##[endgroup]
2026-08-31T12:34:53.3069080Z (node:1516) [DEP0040] DeprecationWarning: The `punycode` module is deprecated. Please use a userland alternative instead.
2026-08-31T12:34:53.3070340Z (Use `node --trace-deprecation ...` to show where the warning was created)
2026-08-31T12:34:53.6094100Z Cache hit for: theos/theos-master-5280bd038207e14f8bd76f5417aa2fe641c03228|theos/sdks-master-0222fd5413cf4b9af096f37b4621afa2688572f7|MrGcGamer/LibGcUniversalDocumentation-master-none|opa334/AltList-main-none
2026-08-31T12:34:53.6195540Z (node:1516) [DEP0169] DeprecationWarning: `url.parse()` behavior is not standardized and prone to errors that have security implications. Use the WHATWG URL API instead. CVEs are not issued for `url.parse()` vulnerabilities.
2026-08-31T12:34:54.8961620Z Received 0 of 224393996 (0.0%), 0.0 MBs/sec
2026-08-31T12:34:55.8984080Z Received 79691776 of 224393996 (35.5%), 37.9 MBs/sec
2026-08-31T12:34:56.8990610Z Received 134217728 of 224393996 (59.8%), 42.6 MBs/sec
2026-08-31T12:34:57.9885750Z Received 224393996 of 224393996 (100.0%), 52.3 MBs/sec
2026-08-31T12:34:57.9891490Z Cache Size: ~214 MB (224393996 B)
2026-08-31T12:34:58.0019050Z [command]/opt/homebrew/bin/gtar -xf /Users/runner/work/_temp/0a51506f-3230-494f-85c8-59481f07bd27/cache.tzst -P -C /Users/runner/work/matisu-replica/matisu-replica --delay-directory-restore --use-compress-program unzstd
2026-08-31T12:35:16.6646290Z Cache restored successfully
2026-08-31T12:35:16.7256520Z Cache restored from key: theos/theos-master-5280bd038207e14f8bd76f5417aa2fe641c03228|theos/sdks-master-0222fd5413cf4b9af096f37b4621afa2688572f7|MrGcGamer/LibGcUniversalDocumentation-master-none|opa334/AltList-main-none
2026-08-31T12:35:16.7706000Z ##[end-action id=__waruhachi_theos-action.theos-cache;outcome=success;conclusion=success;duration_ms=23647]
2026-08-31T12:35:16.7735170Z ##[start-action display=Setup Theos;id=__waruhachi_theos-action.__actions_checkout]
2026-08-31T12:35:16.7800310Z ##[end-action id=__waruhachi_theos-action.__actions_checkout;outcome=skipped;conclusion=skipped;duration_ms=0]
2026-08-31T12:35:16.7803510Z ##[start-action display=Setup SDKs;id=__waruhachi_theos-action.__actions_checkout_2]
2026-08-31T12:35:16.7810420Z ##[end-action id=__waruhachi_theos-action.__actions_checkout_2;outcome=skipped;conclusion=skipped;duration_ms=0]
2026-08-31T12:35:16.7812670Z ##[start-action display=Setup LibGcUniversal;id=__waruhachi_theos-action.__actions_checkout_3]
2026-08-31T12:35:16.7820170Z ##[end-action id=__waruhachi_theos-action.__actions_checkout_3;outcome=skipped;conclusion=skipped;duration_ms=0]
2026-08-31T12:35:16.7822810Z ##[start-action display=Install LibGcUniversal;id=__waruhachi_theos-action.__run_3]
2026-08-31T12:35:16.7828170Z ##[end-action id=__waruhachi_theos-action.__run_3;outcome=skipped;conclusion=skipped;duration_ms=0]
2026-08-31T12:35:16.7830100Z ##[start-action display=Setup AltList;id=__waruhachi_theos-action.__actions_checkout_4]
2026-08-31T12:35:16.7835320Z ##[end-action id=__waruhachi_theos-action.__actions_checkout_4;outcome=skipped;conclusion=skipped;duration_ms=0]
2026-08-31T12:35:16.7845700Z ##[start-action display=Install AltList;id=__waruhachi_theos-action.__run_4]
2026-08-31T12:35:16.7910710Z ##[end-action id=__waruhachi_theos-action.__run_4;outcome=skipped;conclusion=skipped;duration_ms=0]
2026-08-31T12:35:16.7916730Z ##[start-action display=Update Theos;id=__waruhachi_theos-action.__run_5]
2026-08-31T12:35:16.7971750Z ##[group]Run $THEOS/bin/update-theos
2026-08-31T12:35:16.7972450Z [36;1m$THEOS/bin/update-theos[0m
2026-08-31T12:35:17.0046330Z shell: /bin/bash --noprofile --norc -e -o pipefail {0}
2026-08-31T12:35:17.0046760Z env:
2026-08-31T12:35:17.0047140Z   THEOS: /Users/runner/work/matisu-replica/matisu-replica/theos
2026-08-31T12:35:17.0047630Z ##[endgroup]
2026-08-31T12:35:18.7067720Z From https://github.com/theos/theos
2026-08-31T12:35:18.7069130Z  * [new branch]      dhowett/dev/experimental-rebased -> origin/dhowett/dev/experimental-rebased
2026-08-31T12:35:18.7071020Z  * [new branch]      dhowett/dev/instance-target -> origin/dhowett/dev/instance-target
2026-08-31T12:35:18.7072000Z  * [new branch]      dhowett/dev/syntel    -> origin/dhowett/dev/syntel
2026-08-31T12:35:18.7072580Z  * [new branch]      dhowett/dev/testing   -> origin/dhowett/dev/testing
2026-08-31T12:35:18.7073130Z  * [new branch]      kabiroberai/arch-schemas -> origin/kabiroberai/arch-schemas
2026-08-31T12:35:18.7073690Z  * [new branch]      kirb/break-stuff      -> origin/kirb/break-stuff
2026-08-31T12:35:18.7074440Z  * [new branch]      kirb/experimental/uikitformac-support -> origin/kirb/experimental/uikitformac-support
2026-08-31T12:35:18.7075150Z  * [new branch]      kirb/rootless         -> origin/kirb/rootless
2026-08-31T12:35:18.7076220Z  * [new branch]      kirb/unfinished/better-troubleshoot -> origin/kirb/unfinished/better-troubleshoot
2026-08-31T12:35:18.7086880Z  * [new branch]      legacy                -> origin/legacy
2026-08-31T12:35:18.7087430Z  * [new branch]      libhooker-rpaths      -> origin/libhooker-rpaths
2026-08-31T12:35:18.7088050Z  * [new branch]      orion                 -> origin/orion
2026-08-31T12:35:18.7089130Z  * [new branch]      orion-dev             -> origin/orion-dev
2026-08-31T12:35:18.7089690Z  * [new branch]      uroboro-minor-changes -> origin/uroboro-minor-changes
2026-08-31T12:35:18.7090290Z  * [new tag]         1.0.0                 -> 1.0.0
2026-08-31T12:35:18.7090790Z  * [new tag]         2.0.0                 -> 2.0.0
2026-08-31T12:35:18.7091200Z  * [new tag]         2.1.0                 -> 2.1.0
2026-08-31T12:35:18.7091770Z  * [new tag]         2.1.1                 -> 2.1.1
2026-08-31T12:35:18.7092290Z  * [new tag]         2.2                   -> 2.2
2026-08-31T12:35:18.7092730Z  * [new tag]         2.3                   -> 2.3
2026-08-31T12:35:18.7093090Z  * [new tag]         2.4                   -> 2.4
2026-08-31T12:35:18.7093570Z  * [new tag]         2.5                   -> 2.5
2026-08-31T12:35:18.9739120Z Fetching submodule vendor/dm.pl
2026-08-31T12:35:19.2646090Z Fetching submodule vendor/logos
2026-08-31T12:35:19.2722890Z Fetching submodule vendor/include
2026-08-31T12:35:19.2728950Z Fetching submodule vendor/lib
2026-08-31T12:35:19.3746160Z Fetching submodule vendor/swift-support
2026-08-31T12:35:19.6517830Z Fetching submodule vendor/orion
2026-08-31T12:35:19.6522290Z Fetching submodule vendor/templates
2026-08-31T12:35:19.7749870Z Fetching submodule vendor/nic
2026-08-31T12:35:20.4830270Z From https://github.com/theos/orion
2026-08-31T12:35:20.4830840Z  * branch            0031cd86865084f8e491182772a10e749cfc4e67 -> FETCH_HEAD
2026-08-31T12:35:20.4831590Z  * branch            06cb86f32e73e48241afa29df0861f55991cca61 -> FETCH_HEAD
2026-08-31T12:35:20.4831990Z  * branch            152dd53a25de653c4870a808ddfefb7e625b3294 -> FETCH_HEAD
2026-08-31T12:35:20.4832380Z  * branch            17357242fb4e60c60d3b86b260fba0a8b75cb11d -> FETCH_HEAD
2026-08-31T12:35:20.4832750Z  * branch            1cd69055ca503b2c6334f64211d3bc937fca4fc0 -> FETCH_HEAD
2026-08-31T12:35:20.4833560Z  * branch            225c463b57b268fcc02380c40356b585682bd67a -> FETCH_HEAD
2026-08-31T12:35:20.4833970Z  * branch            2e4d368231e88c797ab9879f8c018a50f4e25209 -> FETCH_HEAD
2026-08-31T12:35:20.4834400Z  * branch            335ba6eff3bedf06d2745aacca73cd9612dfa314 -> FETCH_HEAD
2026-08-31T12:35:20.4834870Z  * branch            3b7c6dc91fe5ede50c475f7f4f1a9c70ab5289db -> FETCH_HEAD
2026-08-31T12:35:20.4835300Z  * branch            3da7f4e5127e37e33fb6e4bc7de0e51768fbbc60 -> FETCH_HEAD
2026-08-31T12:35:20.4836110Z  * branch            42ea032b7ee01cea0121cbcecd47b998db3ce136 -> FETCH_HEAD
2026-08-31T12:35:20.4836560Z  * branch            485f5cc6f945035afc64027157e2f5cfa7c7059d -> FETCH_HEAD
2026-08-31T12:35:20.4836990Z  * branch            4a80d885e83a049b59cf90c81e40286eed160f08 -> FETCH_HEAD
2026-08-31T12:35:20.4837470Z  * branch            52c0c12b34fc358f04bc3052b82b72c2dfe2f42d -> FETCH_HEAD
2026-08-31T12:35:20.4837990Z  * branch            5a0bc2c9b87f2171b3c58bf3688cc89f39cfe4e7 -> FETCH_HEAD
2026-08-31T12:35:20.4838370Z  * branch            67b3c2a59e016a9951d471e7c9f1852203091753 -> FETCH_HEAD
2026-08-31T12:35:20.4838810Z  * branch            6f8ed1a59e70d7bf7dc5080ef7579ba2b9c975b0 -> FETCH_HEAD
2026-08-31T12:35:20.4840360Z  * branch            78df9785cc985260fb6eb2371876f5d8a3f180c8 -> FETCH_HEAD
2026-08-31T12:35:20.4840920Z  * branch            79b3835410a6f4be2c913334acb2b6a0055d3708 -> FETCH_HEAD
2026-08-31T12:35:20.4841310Z  * branch            9e7333bb9d529b4c41a43248fbdb5d2daf69cb0f -> FETCH_HEAD
2026-08-31T12:35:20.4841950Z  * branch            9eb6b9de83071ef7063c8d52545c87acd43e50ed -> FETCH_HEAD
2026-08-31T12:35:20.4842560Z  * branch            ae9fbf2f3a242506d79a49776f578f055a9ebf3c -> FETCH_HEAD
2026-08-31T12:35:20.4843150Z  * branch            b0349d6d540c956239148a95d05bea6dc559d8f7 -> FETCH_HEAD
2026-08-31T12:35:20.4843540Z  * branch            b4946bb467b450e04be7e25f8dcb5ed55349e2cc -> FETCH_HEAD
2026-08-31T12:35:20.4843910Z  * branch            b799eda1f1e86469db859df5384fb91094b52aed -> FETCH_HEAD
2026-08-31T12:35:20.4844280Z  * branch            b828e186278a3d29a5a10c5f3dea128e5d413a31 -> FETCH_HEAD
2026-08-31T12:35:20.4844700Z  * branch            cea8f533e199ba62cc543b9f44971bb295f9e8d2 -> FETCH_HEAD
2026-08-31T12:35:20.4845150Z  * branch            d4bc4a55170df50c137945923b381af13c1f7f34 -> FETCH_HEAD
2026-08-31T12:35:20.4845570Z  * branch            e37259fe10493ae95fa0d823b5f1469a26dc56db -> FETCH_HEAD
2026-08-31T12:35:20.4845970Z  * branch            e7a029a6bb37424cd9a4c474cb71d3f2a9071d66 -> FETCH_HEAD
2026-08-31T12:35:20.4846340Z  * branch            e8267b7324a2ff9e4a1d9ac0e618a1ee91573ec7 -> FETCH_HEAD
2026-08-31T12:35:20.5995690Z Fetching submodule vendor/orion/fishhook
2026-08-31T12:35:22.1561360Z From https://github.com/facebook/fishhook
2026-08-31T12:35:22.1563880Z  * branch            8ef82f0711494ecc78d16bf6ce76f5ad92e5f67b -> FETCH_HEAD
2026-08-31T12:35:22.1569700Z From https://github.com/theos/swift-support
2026-08-31T12:35:22.1570130Z  * branch            0093a4ebcc9027c383c5d56d35a4d418d4592658 -> FETCH_HEAD
2026-08-31T12:35:22.1570610Z  * branch            019861f92a7ff16d422a63911e2313c877e1b828 -> FETCH_HEAD
2026-08-31T12:35:22.1571180Z  * branch            0205d5ab2d73fa52a1d9ff3eba0612c4e08c1003 -> FETCH_HEAD
2026-08-31T12:35:22.1571660Z  * branch            26d567b27545ed5830775ae8a487bdf4d67ff4b5 -> FETCH_HEAD
2026-08-31T12:35:22.1572060Z  * branch            2b9346b2e48a72e534d667cd45f83749ae278a15 -> FETCH_HEAD
2026-08-31T12:35:22.1572430Z  * branch            2ca7b66fc689058636242fe898b76df73e4d5609 -> FETCH_HEAD
2026-08-31T12:35:22.1573210Z  * branch            3b0005b557331b5df67913b98d003ec1e87d78bd -> FETCH_HEAD
2026-08-31T12:35:22.1573610Z  * branch            43055290ede755acbd186c398cae72dc4f12247d -> FETCH_HEAD
2026-08-31T12:35:22.1574030Z  * branch            5d427efa62c1bbb137e00e51f378d031b1d15699 -> FETCH_HEAD
2026-08-31T12:35:22.1574390Z  * branch            69b5d150a05272fc6273eaa3801c47d06d7f2813 -> FETCH_HEAD
2026-08-31T12:35:22.1575350Z  * branch            7ca75d0edc2ba7cc6f2928333d617292ac4683dd -> FETCH_HEAD
2026-08-31T12:35:22.1575810Z  * branch            86dd8e6a8dd9eac1195dbdacdc7e79a5c532d1f9 -> FETCH_HEAD
2026-08-31T12:35:22.1576200Z  * branch            b9b4ef3ed1d6a48b5e9e52db2eb27c5c9de35da9 -> FETCH_HEAD
2026-08-31T12:35:22.1576580Z  * branch            bb1ad344db2df5f099335cd6bff6045f71b8438c -> FETCH_HEAD
2026-08-31T12:35:22.1576950Z  * branch            c630ca8723ed631f896e10484934c336a26b83be -> FETCH_HEAD
2026-08-31T12:35:22.1577770Z  * branch            d9af6143ccc1bbd316b898def3fef732f87d9653 -> FETCH_HEAD
2026-08-31T12:35:22.1578170Z  * branch            fd6ff75bb620a4754f124381f0d7bce9bba79ca2 -> FETCH_HEAD
2026-08-31T12:35:22.1578480Z From https://github.com/theos/templates
2026-08-31T12:35:22.1578800Z  * branch            022f31fd3457c8a0c181cd23b59c2980ca4d36b2 -> FETCH_HEAD
2026-08-31T12:35:22.1579210Z  * branch            0886f5a8ebb6f0e142f9e9a8a8924370939d1146 -> FETCH_HEAD
2026-08-31T12:35:22.1579580Z  * branch            09894865a641bae0b67456a6df6475df8d8a6ac7 -> FETCH_HEAD
2026-08-31T12:35:22.1579950Z  * branch            11488a997e6dc1ac4a5ae8612ab46a6e45394709 -> FETCH_HEAD
2026-08-31T12:35:22.1580740Z  * branch            1576043fbcea15b79a9b7931d93266fc1aedbecc -> FETCH_HEAD
2026-08-31T12:35:22.1581120Z  * branch            300ee0f33196f55ec7a7bb02b05910974216b831 -> FETCH_HEAD
2026-08-31T12:35:22.1581480Z  * branch            349468fc3d8f84cd38080f80f99bfe49a1ddc162 -> FETCH_HEAD
2026-08-31T12:35:22.1581920Z  * branch            3a20da8b1c61ec888ae1a926af3065366094ee77 -> FETCH_HEAD
2026-08-31T12:35:22.1582310Z  * branch            49defb6d052709417bc61e4c0c8f732639b28c1e -> FETCH_HEAD
2026-08-31T12:35:22.1582700Z  * branch            4c75fa2361f67deb4fe6c554e010cb1aaa48ca3d -> FETCH_HEAD
2026-08-31T12:35:22.1583130Z  * branch            5917b9947fbb3099df3c48e1001a3d8b17a8e55a -> FETCH_HEAD
2026-08-31T12:35:22.1583540Z  * branch            645bcd195b44e076474e097990bea47bcb3ed772 -> FETCH_HEAD
2026-08-31T12:35:22.1583900Z  * branch            7d98646871281e5b71e280e8f80d3fc27b69aeef -> FETCH_HEAD
2026-08-31T12:35:22.1584270Z  * branch            7e6b80d6f98c8b1ad4ab05b2e8bc659741d26d02 -> FETCH_HEAD
2026-08-31T12:35:22.1584720Z  * branch            8af2906bf6f6dd13d97302405316bd8a5419a265 -> FETCH_HEAD
2026-08-31T12:35:22.1585090Z  * branch            8d1a9f5a42ae2a48435303ea8fb07c3c1ccbd9d2 -> FETCH_HEAD
2026-08-31T12:35:22.1585460Z  * branch            8d9599b9054c93319ed35b35b3a826e437931904 -> FETCH_HEAD
2026-08-31T12:35:22.1586240Z  * branch            a22176f8b1a1759fec55a3b62c8200cc751f1638 -> FETCH_HEAD
2026-08-31T12:35:22.1586610Z  * branch            b3afce164abdeda0c9b1aa69fdc2f9fec0673792 -> FETCH_HEAD
2026-08-31T12:35:22.1587010Z  * branch            b68586f216239fe73f74326b59b1e66cd0a1b664 -> FETCH_HEAD
2026-08-31T12:35:22.1587450Z  * branch            da6a60b1d3f6bf4b7398000448209cd505eb1a74 -> FETCH_HEAD
2026-08-31T12:35:22.1587860Z  * branch            e3c1d67b1e8faae69b37fb525bd7f2c435ef9dab -> FETCH_HEAD
2026-08-31T12:35:22.1588260Z  * branch            efc61c3afeee514482f1702ffd5f6c07d14ecd2e -> FETCH_HEAD
2026-08-31T12:35:22.1588710Z  * branch            f466826075cc2acbd755ca096f4fdf7a82a27922 -> FETCH_HEAD
2026-08-31T12:35:22.1589070Z From https://github.com/theos/nic
2026-08-31T12:35:22.1589500Z  * branch            12db01f67994a232f8282f3ae0d0b61314ce0230 -> FETCH_HEAD
2026-08-31T12:35:22.1589940Z  * branch            1f2e89d4acb805a81503ac3ea4c7115ca55f75a1 -> FETCH_HEAD
2026-08-31T12:35:22.1590400Z  * branch            28d562c54f2d335a5f392191e7d2e8f08aca88fa -> FETCH_HEAD
2026-08-31T12:35:22.1590790Z  * branch            40464a39bfb31306521212936dbae3406ef4822c -> FETCH_HEAD
2026-08-31T12:35:22.1591250Z  * branch            6585e1e2d29bcd2452e14f8e92e62c76a1909554 -> FETCH_HEAD
2026-08-31T12:35:22.1591620Z  * branch            794d210f81198c6aef4f0ab8d04bd74ffe149f51 -> FETCH_HEAD
2026-08-31T12:35:22.1591980Z  * branch            8f065ac109706335661a6f8e9edfeacdbff0d80e -> FETCH_HEAD
2026-08-31T12:35:22.1592570Z  * branch            941bbf0173e3c9674331715f433c1ae6f9156362 -> FETCH_HEAD
2026-08-31T12:35:22.1592940Z  * branch            fd02465ca53cdb3bb07b4ff723c517e9a808641c -> FETCH_HEAD
2026-08-31T12:35:22.1593310Z  * branch            fe9f859d3aaba987ed19ef52dbfb57bc02a4973d -> FETCH_HEAD
2026-08-31T12:35:22.1593640Z From https://github.com/theos/lib
2026-08-31T12:35:22.1594000Z  * branch            013ea40121136f36ed67e6bd7dcc1b99613daa98 -> FETCH_HEAD
2026-08-31T12:35:22.1596860Z  * branch            07909619e8911d3ae14b07b9514a8209fe8e57cb -> FETCH_HEAD
2026-08-31T12:35:22.1597300Z  * branch            113e0cd132df53649a6bbee2572b2d39fd2beaa1 -> FETCH_HEAD
2026-08-31T12:35:22.1597680Z  * branch            1144e7b79effdcbdf3c0f2626bde3340365d6c41 -> FETCH_HEAD
2026-08-31T12:35:22.1598140Z  * branch            126a2dd4852ad435991bd8ac761ac56ec39869f2 -> FETCH_HEAD
2026-08-31T12:35:22.1598500Z  * branch            1397f8278d240a27482cbb94dda541ad9a57fd65 -> FETCH_HEAD
2026-08-31T12:35:22.1599070Z  * branch            18dbcbc41f9c95b8c7eaedc553fddfdd6201fd4b -> FETCH_HEAD
2026-08-31T12:35:22.1599490Z  * branch            194675ae21925e7e3efd71d0056222f79ea04aa7 -> FETCH_HEAD
2026-08-31T12:35:22.1600090Z  * branch            1eef222ea55cc5fb3b52435465b06f9b7d6dfba9 -> FETCH_HEAD
2026-08-31T12:35:22.1600600Z  * branch            2b6ab0c074c976d757dff0b4ecfc0efd0b5cdd1d -> FETCH_HEAD
2026-08-31T12:35:22.1601330Z  * branch            306eba89a20109cd37c878f008ef99c4eb8ae88d -> FETCH_HEAD
2026-08-31T12:35:22.1601750Z  * branch            34bb72035653a4abb6594be0a976cc766fcdc9c2 -> FETCH_HEAD
2026-08-31T12:35:22.1602130Z  * branch            3b9ec52b8d4150cfe372e946c7e18f4ea4cada66 -> FETCH_HEAD
2026-08-31T12:35:22.1602530Z  * branch            4047e8cd5e2fa602c6e38412dc7c197eacfbca50 -> FETCH_HEAD
2026-08-31T12:35:22.1602910Z  * branch            41b5b0d1ccdc483eb87b9c721e337c9f9548f456 -> FETCH_HEAD
2026-08-31T12:35:22.1603940Z  * branch            4648559115ed390c528d450c0d4b76689c579f2b -> FETCH_HEAD
2026-08-31T12:35:22.1604420Z  * branch            53ff05006e9a35c03787f05e3b4cdd44ff224452 -> FETCH_HEAD
2026-08-31T12:35:22.1604810Z  * branch            617dcfcbb6b7c28f9a565de872c8c993dbfe13ea -> FETCH_HEAD
2026-08-31T12:35:22.1605210Z  * branch            639633b40f1b3e0b9cedfad7ec1feab2e5432033 -> FETCH_HEAD
2026-08-31T12:35:22.1606100Z  * branch            6e3233aa73e67723cba49f89cabcfe3b2dca6ad9 -> FETCH_HEAD
2026-08-31T12:35:22.1606460Z  * branch            6e454510fa71fe6015f8e4febf44945308c014d3 -> FETCH_HEAD
2026-08-31T12:35:22.1607610Z  * branch            6e55e932c719f5ef42ac20e7e31d28169d5593fd -> FETCH_HEAD
2026-08-31T12:35:22.1609140Z  * branch            845205b1bafbb45a50fa4d5f3f29da097b433b7c -> FETCH_HEAD
2026-08-31T12:35:22.1609770Z  * branch            85494d2d30520edb9bbdf3c4066352811c8884d5 -> FETCH_HEAD
2026-08-31T12:35:22.1610160Z  * branch            8b7f487ee82d6a1357432ab2599f617ce8e5a82e -> FETCH_HEAD
2026-08-31T12:35:22.1610570Z  * branch            8df1bccbc66922d7b5d7b7c86d18dadc1d87ef91 -> FETCH_HEAD
2026-08-31T12:35:22.1611030Z  * branch            92f4e8ddb1a49654181f0414c3eff031cc876bcc -> FETCH_HEAD
2026-08-31T12:35:22.1611470Z  * branch            a27acf42f7d72eb8d7cf52ecf504d1d871155680 -> FETCH_HEAD
2026-08-31T12:35:22.1611830Z  * branch            b1d502cc632ec349f8e2b3df9d7630bad64fd25e -> FETCH_HEAD
2026-08-31T12:35:22.1612210Z  * branch            bc2fee541beb43e92db1c1558db3f34ec584efb8 -> FETCH_HEAD
2026-08-31T12:35:22.1612580Z  * branch            c15cf4f84cf4e8d294bac94aebf7ff0329e27f3f -> FETCH_HEAD
2026-08-31T12:35:22.1613020Z  * branch            c3b877651f50c4f683b9e02dc3e36dad551f5472 -> FETCH_HEAD
2026-08-31T12:35:22.1613550Z  * branch            cae351458c00f823d9ff9acb4695ce65d337671d -> FETCH_HEAD
2026-08-31T12:35:22.1614130Z  * branch            cd9b1d660c48529c9ae8a84becf5bcd147a350de -> FETCH_HEAD
2026-08-31T12:35:22.1623030Z  * branch            d4570cd03387bd9add3ba00449af11b49b1c8160 -> FETCH_HEAD
2026-08-31T12:35:22.1623500Z  * branch            df713f0dcd6efaa0ac9800844a895180ef74b483 -> FETCH_HEAD
2026-08-31T12:35:22.1624370Z  * branch            e66cb6851ea6d5b62898d322b02ce82def1148be -> FETCH_HEAD
2026-08-31T12:35:22.1624740Z  * branch            edb99bc316b019b8579103f189282bf10289e88a -> FETCH_HEAD
2026-08-31T12:35:22.1625250Z  * branch            eeaecc08b2ce111dd056fc2232c1a41be7091a7e -> FETCH_HEAD
2026-08-31T12:35:22.1625630Z  * branch            ef66c7316d186eddfdf4d0cb12a0a35cee41b3fe -> FETCH_HEAD
2026-08-31T12:35:22.1626180Z  * branch            f2a857a00e038df3a92a1c85d4e93b65a30cd7e9 -> FETCH_HEAD
2026-08-31T12:35:22.1626630Z  * branch            fd6b6e58b23b5b2f8f4e5c3757604a73bfdec7ea -> FETCH_HEAD
2026-08-31T12:35:22.1627050Z  * branch            ffeb5055506be882b0732f99673b9ff31795ba7b -> FETCH_HEAD
2026-08-31T12:35:22.1627410Z  * branch            ffec3480ec8016ebb9b13a09017807b62f5c9156 -> FETCH_HEAD
2026-08-31T12:35:22.1628120Z From https://github.com/theos/headers
2026-08-31T12:35:22.1628470Z  * branch            03c20cce033cfb9eafcb9ecf21c6eaaf0c26a7da -> FETCH_HEAD
2026-08-31T12:35:22.1628840Z  * branch            05405174749d912f7726121fcb5f27de73af0f08 -> FETCH_HEAD
2026-08-31T12:35:22.1629240Z  * branch            09a80f652d65b1caba560d8f50ad4c584d45d6a1 -> FETCH_HEAD
2026-08-31T12:35:22.1629680Z  * branch            0be47c237ef990d2d5c099e81d51f5c49cfe21ac -> FETCH_HEAD
2026-08-31T12:35:22.1630060Z  * branch            10c212801ce4ba99ff410b62637c7d50c3f6a37f -> FETCH_HEAD
2026-08-31T12:35:22.1630430Z  * branch            159a952c71bba3e7e3ae68b16d29c7fc549f5cdc -> FETCH_HEAD
2026-08-31T12:35:22.1630830Z  * branch            1bb142b515f5ff7c0b8e8f7ae173616e8cf2705e -> FETCH_HEAD
2026-08-31T12:35:22.1631260Z  * branch            1c6404be46f71071eb7d33b2ce30de30895bc2be -> FETCH_HEAD
2026-08-31T12:35:22.1631620Z  * branch            1c8c6efb030ff7221d97b8d4864847851aba9a67 -> FETCH_HEAD
2026-08-31T12:35:22.1632030Z  * branch            1fbaaf37d263538ee3e19aa2a78a2fd66f63b241 -> FETCH_HEAD
2026-08-31T12:35:22.1632460Z  * branch            27f17e2c2413d8f18d5d580f30bb0f67159d89be -> FETCH_HEAD
2026-08-31T12:35:22.1632810Z  * branch            28df0feeba0cdb768852e13920ad599c2375c96a -> FETCH_HEAD
2026-08-31T12:35:22.1633180Z  * branch            2c1421a4d6d24a9f930ad74924e628e95d383682 -> FETCH_HEAD
2026-08-31T12:35:22.1633530Z  * branch            30aabe179bb275646086a6249953a9f617395dcb -> FETCH_HEAD
2026-08-31T12:35:22.1634530Z  * branch            387230da73d43e19fff86a8b6cd5d3193ad99c9f -> FETCH_HEAD
2026-08-31T12:35:22.1634890Z  * branch            3998ff8c46acecb3c13dd8a65999111f41464357 -> FETCH_HEAD
2026-08-31T12:35:22.1635260Z  * branch            3ae47e085e9b4dc72613c99503f81f9d8ce093a6 -> FETCH_HEAD
2026-08-31T12:35:22.1635680Z  * branch            3d2c25b9f1202b5d97c374e64b719e7b2e565e8a -> FETCH_HEAD
2026-08-31T12:35:22.1636070Z  * branch            3f26abfa9d7f4d5c0185cf4c99e60086b9ad9ca9 -> FETCH_HEAD
2026-08-31T12:35:22.1636420Z  * branch            49424c3ed7e5545bd53c3250cea9fa45b2fabdd6 -> FETCH_HEAD
2026-08-31T12:35:22.1636760Z  * branch            4c7409e29260a7c47a27d52531a0ebc4bc034e72 -> FETCH_HEAD
2026-08-31T12:35:22.1637210Z  * branch            4daa96661264879b6545a14ac936bca51d8afd7f -> FETCH_HEAD
2026-08-31T12:35:22.1637590Z  * branch            521fa5563c7d6a6bf881d6cc7b36841c35e5e0d2 -> FETCH_HEAD
2026-08-31T12:35:22.1637960Z  * branch            55c97299b7064afd07f6acddeccb3154dd1ee69f -> FETCH_HEAD
2026-08-31T12:35:22.1638330Z  * branch            56bfc22d38c0cfbbbd9317ce9bf58e7915166c59 -> FETCH_HEAD
2026-08-31T12:35:22.1638680Z  * branch            5c13703c2c210a4347fc75dc87031e9cc597626d -> FETCH_HEAD
2026-08-31T12:35:22.1639040Z  * branch            609a308c1333ac3c409307fdd5ae2071981e4242 -> FETCH_HEAD
2026-08-31T12:35:22.1639400Z  * branch            64ba1fb3425ee69d568baa5bb59d22e8b04908af -> FETCH_HEAD
2026-08-31T12:35:22.1639830Z  * branch            6611d3b2c22527283cdcf81cb6c81327fbdcbaff -> FETCH_HEAD
2026-08-31T12:35:22.1640230Z  * branch            69fcaa7d2ecfbb6b2ecd38646f0ff3c9135cabc4 -> FETCH_HEAD
2026-08-31T12:35:22.1641410Z  * branch            6afc5085a16f51a36d0b49b45eaeeb09a13eb810 -> FETCH_HEAD
2026-08-31T12:35:22.1641820Z  * branch            6ee8506035aa5e48e76b423c89d66a4c7406e050 -> FETCH_HEAD
2026-08-31T12:35:22.1642160Z  * branch            6f59e8391b27b169067656601acbed30f4f205cc -> FETCH_HEAD
2026-08-31T12:35:22.1642520Z  * branch            77d639826e51e3f40517cfd96c616127a514e941 -> FETCH_HEAD
2026-08-31T12:35:22.1642960Z  * branch            79dd09fd14441e0e74394c5651de2a7ed0a60ffd -> FETCH_HEAD
2026-08-31T12:35:22.1643670Z  * branch            80bd5638d9e8e2437997f33f9f92f08f0e2705b7 -> FETCH_HEAD
2026-08-31T12:35:22.1644120Z  * branch            80da6b2d0bbe3806b9f6c8b6e43eca29c4c066d4 -> FETCH_HEAD
2026-08-31T12:35:22.1644480Z  * branch            819f49385304805f9a81e4210ae392c620505ea8 -> FETCH_HEAD
2026-08-31T12:35:22.1644830Z  * branch            85ffc75138a5fefce0b699b9e16fa514cb7ffc5c -> FETCH_HEAD
2026-08-31T12:35:22.1645190Z  * branch            889f159f6dd834ac35e193387b823539045cd374 -> FETCH_HEAD
2026-08-31T12:35:22.1645560Z  * branch            8fec425716958c1b709c0459d7f6762b73b2e291 -> FETCH_HEAD
2026-08-31T12:35:22.1646000Z  * branch            9220e3de07a7e24a50bf668796793d9bca5ad4c8 -> FETCH_HEAD
2026-08-31T12:35:22.1646390Z  * branch            9a50a89c6d0a92693427579dd0e4b46565d5d0de -> FETCH_HEAD
2026-08-31T12:35:22.1646760Z  * branch            9f00c9663aff892b512f87666dbfbf8fe4943e84 -> FETCH_HEAD
2026-08-31T12:35:22.1647530Z  * branch            a322ffce6b029caff5ce43e53678d276b2d86ff4 -> FETCH_HEAD
2026-08-31T12:35:22.1647900Z  * branch            aa509d29c41b7d27b201a9f477f0cb4e34dad108 -> FETCH_HEAD
2026-08-31T12:35:22.1648260Z  * branch            ad10b0115808b53cf825e034bc22d66af3481cfc -> FETCH_HEAD
2026-08-31T12:35:22.1648640Z  * branch            ad80ca22becd0748e1f11729b8f88d5c17206178 -> FETCH_HEAD
2026-08-31T12:35:22.1649050Z  * branch            b0b5198bc97bc56668f7fc071ae47a8a9f1e1b10 -> FETCH_HEAD
2026-08-31T12:35:22.1649460Z  * branch            b6ab96de6ba747eb7dd623d47c8865dd674f11fc -> FETCH_HEAD
2026-08-31T12:35:22.1649880Z  * branch            b875591e9b780872861d143cf973c142aace9bdb -> FETCH_HEAD
2026-08-31T12:35:22.1650260Z  * branch            bf8ff89cfa235410ac374e27fadee73982d44296 -> FETCH_HEAD
2026-08-31T12:35:22.1650690Z  * branch            c9f56473e9f2c7b72a2555963c49b7b7579acfbb -> FETCH_HEAD
2026-08-31T12:35:22.1651040Z  * branch            d09634a4dedb6be617f3b576102fc16b9403ba5e -> FETCH_HEAD
2026-08-31T12:35:22.1651390Z  * branch            e61600418fe6fe07f8e30c2c0d0c002ba31b99d1 -> FETCH_HEAD
2026-08-31T12:35:22.1651740Z  * branch            e8a358066f7426c285684aeaaff8ff23b3dd6b61 -> FETCH_HEAD
2026-08-31T12:35:22.1652160Z  * branch            ea1b95dba9530d2017907ec7542d309215d84e15 -> FETCH_HEAD
2026-08-31T12:35:22.1652540Z  * branch            ea969daefb5026b3aaed326b2db2fac80e410df0 -> FETCH_HEAD
2026-08-31T12:35:22.1652880Z  * branch            f3e596d896bae8f07c43cfb00ef55bf6224b4cdc -> FETCH_HEAD
2026-08-31T12:35:22.1653610Z  * branch            f3eef2127548c631b325a0b28c907cc59b1716ac -> FETCH_HEAD
2026-08-31T12:35:22.1653990Z  * branch            f82d323a5a50b4d6e3a21bce0aa20b0e531b118d -> FETCH_HEAD
2026-08-31T12:35:22.1654280Z From https://github.com/theos/dm.pl
2026-08-31T12:35:22.1654560Z  * branch            08d522b0b0723c2eff72505bf7cd9ae69614c0c0 -> FETCH_HEAD
2026-08-31T12:35:22.1654970Z  * branch            2f1417d7db30bba7ba58c4275e07b02521f52aa3 -> FETCH_HEAD
2026-08-31T12:35:22.1655350Z  * branch            34471b945dd5865544f0cf0c7d1a3151e6aa4c06 -> FETCH_HEAD
2026-08-31T12:35:22.1655700Z  * branch            3726df3e714e8189c23cb7e0c5505f0dbae2f88f -> FETCH_HEAD
2026-08-31T12:35:22.1656040Z  * branch            431955c2e5a2ca5e62ae773ef7036b1df14c80d7 -> FETCH_HEAD
2026-08-31T12:35:22.1656460Z  * branch            4699b543fdb9d3ebacde0b23db38322d27f20974 -> FETCH_HEAD
2026-08-31T12:35:22.1656830Z  * branch            4d3e455f632f77bbf500e03c3670b7cd951f546f -> FETCH_HEAD
2026-08-31T12:35:22.1657360Z  * branch            5b64eb9355f965f8ab0ffbe8c5ec92b0c8316432 -> FETCH_HEAD
2026-08-31T12:35:22.1657720Z  * branch            88d9005b0dbbfaf6d6e2f4948079e96c7b281957 -> FETCH_HEAD
2026-08-31T12:35:22.1658140Z  * branch            892a7c7266055a93013ab81002a8adcb578a2b25 -> FETCH_HEAD
2026-08-31T12:35:22.1658480Z  * branch            9462015e0f7e82f51b6df05bd223a484a6988042 -> FETCH_HEAD
2026-08-31T12:35:22.1658820Z  * branch            9723deb8b99cd7aa071ec1fad310df2ff80d1cf2 -> FETCH_HEAD
2026-08-31T12:35:22.1659760Z  * branch            af6fcc8ebfef5fc4c31d65b52556474409b2ed97 -> FETCH_HEAD
2026-08-31T12:35:22.1660130Z  * branch            b4f1d815d73a75edb5691ef0634e2264513a3ec8 -> FETCH_HEAD
2026-08-31T12:35:22.1660480Z  * branch            b77a3775a95b6929f5c2c44475eb1d0965e073f1 -> FETCH_HEAD
2026-08-31T12:35:22.3111180Z From https://github.com/theos/logos
2026-08-31T12:35:22.3111960Z  * branch            06726377b5603d03d7deb6c9bdd7b718ad1a63a4 -> FETCH_HEAD
2026-08-31T12:35:22.3112490Z  * branch            067802d95eb531006087d66f8a7b067e5d6bf237 -> FETCH_HEAD
2026-08-31T12:35:22.3113000Z  * branch            0aeaca09cb193a3fb9fb461ae972252585f5c0c8 -> FETCH_HEAD
2026-08-31T12:35:22.3113420Z  * branch            170f048edea7014debf8d628e7da495f5dbe4ea4 -> FETCH_HEAD
2026-08-31T12:35:22.3113880Z  * branch            197cb80c634a403bf812594f4adc9c7fc354271f -> FETCH_HEAD
2026-08-31T12:35:22.3114410Z  * branch            1fa39ebd22e4421eaa778e7dfb0f5d4b02c6f9f4 -> FETCH_HEAD
2026-08-31T12:35:22.3115220Z  * branch            404fed419a566c4d68fae1110a18fce63c85d619 -> FETCH_HEAD
2026-08-31T12:35:22.3117610Z  * branch            40ec61ef0d699ccd6b10dfd5511ede6213a9a278 -> FETCH_HEAD
2026-08-31T12:35:22.3118310Z  * branch            4f35cb65b1bc96ef1d7c9633ef0f6129f0e4036c -> FETCH_HEAD
2026-08-31T12:35:22.3118730Z  * branch            57c507eb9ef2da5765b1b7aab785c032b117d56a -> FETCH_HEAD
2026-08-31T12:35:22.3119230Z  * branch            5f1138cf79cc546e8cde64c93a1dab74b9918c3c -> FETCH_HEAD
2026-08-31T12:35:22.3119660Z  * branch            62814c1d7dbc9158a0f231ded9edc07f94debe23 -> FETCH_HEAD
2026-08-31T12:35:22.3120050Z  * branch            75623490073e68e457fe6680462d11c217d29341 -> FETCH_HEAD
2026-08-31T12:35:22.3120480Z  * branch            75b6c2e81c08c1efff4a4e558ce2e245a8956d10 -> FETCH_HEAD
2026-08-31T12:35:22.3120950Z  * branch            76488dfebd541dbd128994bc12c4647d8182c220 -> FETCH_HEAD
2026-08-31T12:35:22.3121340Z  * branch            7b81c55f97ac7dbd6696ebb4cb36b83900960964 -> FETCH_HEAD
2026-08-31T12:35:22.3121750Z  * branch            81cf08c23f886df2fb1db1d9ce9d87a2edadcceb -> FETCH_HEAD
2026-08-31T12:35:22.3122140Z  * branch            886885b273d38092687616c83ec5f452c3b2e965 -> FETCH_HEAD
2026-08-31T12:35:22.3122530Z  * branch            90051eb040590c25ea66f2dd886d72b8148e8801 -> FETCH_HEAD
2026-08-31T12:35:22.3122910Z  * branch            a54760ea60acf45fa48267b9fb344c0317d9351c -> FETCH_HEAD
2026-08-31T12:35:22.3123310Z  * branch            a733c99539ed9ef2a3914528d8c5522dc2396789 -> FETCH_HEAD
2026-08-31T12:35:22.3123790Z  * branch            ac2070c812f70579879a2b91ca77cb578c795c7b -> FETCH_HEAD
2026-08-31T12:35:22.3124190Z  * branch            c7d1cdbdc36880714dd9052d4f63f9c2a7bc102a -> FETCH_HEAD
2026-08-31T12:35:22.3124580Z  * branch            c920e6bb00854f6e2efe903def4aa87295d58627 -> FETCH_HEAD
2026-08-31T12:35:22.3124980Z  * branch            d57afb4417bca9198c5b165a7a4a07934add5c8b -> FETCH_HEAD
2026-08-31T12:35:22.3125370Z  * branch            e8a95e7ea3554d7ec2fabed3bb84d8e5b19898f4 -> FETCH_HEAD
2026-08-31T12:35:22.3125770Z  * branch            ecd39a797b2d17b6583b782fd661068b30eff61f -> FETCH_HEAD
2026-08-31T12:35:22.3126190Z  * branch            fd66169442a26c3609254a6f83ee383a154ddb8c -> FETCH_HEAD
2026-08-31T12:35:22.3455010Z Already up to date.
2026-08-31T12:35:22.5764020Z 
2026-08-31T12:35:22.5767130Z [0;36m==> [1;36mNotice:[m Visit https://github.com/theos/theos/commits/master to view recent changes.
2026-08-31T12:35:22.5775040Z ##[end-action id=__waruhachi_theos-action.__run_5;outcome=success;conclusion=success;duration_ms=5785]
2026-08-31T12:35:22.5835970Z ##[group]Run make clean package FINALPACKAGE=1 THEOS_PACKAGE_SCHEME=rootless
2026-08-31T12:35:22.5836430Z [36;1mmake clean package FINALPACKAGE=1 THEOS_PACKAGE_SCHEME=rootless[0m
2026-08-31T12:35:22.5878290Z shell: /bin/bash -e {0}
2026-08-31T12:35:22.5878490Z env:
2026-08-31T12:35:22.5878710Z   THEOS: /Users/runner/work/matisu-replica/matisu-replica/theos
2026-08-31T12:35:22.5878980Z ##[endgroup]
2026-08-31T12:35:30.0293560Z [0;36m==> [1;39mCleaning…[m
2026-08-31T12:35:30.2880630Z [1;31m> [1;3;39mMaking all for tweak MatisuAuto…[m
2026-08-31T12:35:32.9914060Z [0;31m==> [1;39mPreprocessing Tweak.xm…[m
2026-08-31T12:35:32.9915170Z [0;31m==> [1;39mPreprocessing Tweak.xm…[m
2026-08-31T12:35:34.2620390Z [0;32m==> [1;39mCompiling ../src/MatisuTouch.m (arm64)…[m
2026-08-31T12:35:34.2648220Z [0;32m==> [1;39mCompiling ../src/MatisuTouch.m (arm64e)…[m
2026-08-31T12:35:36.3548480Z [0;32m==> [1;39mCompiling ../app/AXNodeDump.m (arm64)…[m
2026-08-31T12:35:36.3712310Z [0;32m==> [1;39mCompiling ../app/AXNodeDump.m (arm64e)…[m
2026-08-31T12:35:36.4639890Z [0;32m==> [1;39mCompiling ../app/DeviceInfo.m (arm64)…[m
2026-08-31T12:35:36.5856480Z [0;32m==> [1;39mCompiling ../app/DeviceInfo.m (arm64e)…[m
2026-08-31T12:35:38.9699390Z [0;32m==> [1;39mCompiling Tweak.xm (arm64)…[m
2026-08-31T12:35:39.0655870Z [0;32m==> [1;39mCompiling Tweak.xm (arm64e)…[m
2026-08-31T12:35:39.5541480Z ld: warning: -undefined dynamic_lookup is deprecated on iOS
2026-08-31T12:35:39.5542230Z [0;33m==> [1;39mLinking tweak MatisuAuto (arm64e)…[m
2026-08-31T12:35:39.5543570Z ld: warning: -multiply_defined is obsolete
2026-08-31T12:35:39.5544030Z [0;34m==> [1;39mGenerating debug symbols for MatisuAuto…[m
2026-08-31T12:35:39.5545380Z ld: warning: -undefined dynamic_lookup is deprecated on iOS
2026-08-31T12:35:39.5547050Z ld: warning: -multiply_defined is obsolete
2026-08-31T12:35:39.5547700Z [0;34m==> [1;39mStripping MatisuAuto (arm64e)…[m
2026-08-31T12:35:39.5549890Z [0;33m==> [1;39mLinking tweak MatisuAuto (arm64)…[m
2026-08-31T12:35:39.5550340Z [0;34m==> [1;39mGenerating debug symbols for MatisuAuto…[m
2026-08-31T12:35:39.5550870Z [0;34m==> [1;39mStripping MatisuAuto (arm64)…[m
2026-08-31T12:35:39.5618390Z [0;34m==> [1;39mMerging tweak MatisuAuto…[m
2026-08-31T12:35:39.5989730Z [0;34m==> [1;39mSigning MatisuAuto…[m
2026-08-31T12:35:39.7869250Z [1;31m> [1;3;39mMaking stage for tweak MatisuAuto…[m
2026-08-31T12:35:41.0701530Z dm.pl: building package `com.matisu.auto.tweak:iphoneos-arm64' in `./packages/com.matisu.auto.tweak_0.1.0_iphoneos-arm64.deb'
2026-08-31T12:35:41.1244160Z ##[group]Run make clean
2026-08-31T12:35:41.1245340Z [36;1mmake clean[0m
2026-08-31T12:35:41.1245980Z [36;1mmake FINALPACKAGE=1[0m
2026-08-31T12:35:41.1247090Z [36;1mBIN=$(find .theos/obj/MatisuAuto.app -name MatisuAuto -type f 2>/dev/null | head -1)[0m
2026-08-31T12:35:41.1248240Z [36;1m[ -z "$BIN" ] && { echo "!! binary not built"; exit 1; }[0m
2026-08-31T12:35:41.1249130Z [36;1mrm -rf /tmp/tipa[0m
2026-08-31T12:35:41.1249810Z [36;1mmkdir -p /tmp/tipa/Payload/MatisuAuto.app[0m
2026-08-31T12:35:41.1250800Z [36;1mcp "$BIN" /tmp/tipa/Payload/MatisuAuto.app/MatisuAuto[0m
2026-08-31T12:35:41.1251970Z [36;1mcp Info.plist Entitlements.plist /tmp/tipa/Payload/MatisuAuto.app/[0m
2026-08-31T12:35:41.1253180Z [36;1mLDID="$THEOS/bin/ldid"; [ -x "$LDID" ] || LDID=$(command -v ldid || true)[0m
2026-08-31T12:35:41.1254230Z [36;1mif [ -n "$LDID" ]; then[0m
2026-08-31T12:35:41.1255590Z [36;1m  "$LDID" -SEntitlements.plist /tmp/tipa/Payload/MatisuAuto.app/MatisuAuto && echo "signed with ldid"[0m
2026-08-31T12:35:41.1256770Z [36;1melse[0m
2026-08-31T12:35:41.1257590Z [36;1m  echo "!! ldid not found; TrollStore will re-sign on install"[0m
2026-08-31T12:35:41.1258450Z [36;1mfi[0m
2026-08-31T12:35:41.1259090Z [36;1mecho "== tipa app contents =="[0m
2026-08-31T12:35:41.1259930Z [36;1mls -la /tmp/tipa/Payload/MatisuAuto.app[0m
2026-08-31T12:35:41.1262620Z [36;1mcd /tmp/tipa && zip -r "$GITHUB_WORKSPACE/matisu-auto.tipa" Payload[0m
2026-08-31T12:35:41.1263820Z [36;1mecho "tipa size: $(wc -c < $GITHUB_WORKSPACE/matisu-auto.tipa) bytes"[0m
2026-08-31T12:35:41.1432780Z shell: /bin/bash -e {0}
2026-08-31T12:35:41.1433140Z env:
2026-08-31T12:35:41.1433680Z   THEOS: /Users/runner/work/matisu-replica/matisu-replica/theos
2026-08-31T12:35:41.1434120Z ##[endgroup]
2026-08-31T12:35:41.7593990Z [0;36m==> [1;39mCleaning…[m
2026-08-31T12:35:42.5928380Z [1;31m> [1;3;39mMaking all for application MatisuAuto…[m
2026-08-31T12:35:45.9932550Z [0;32m==> [1;39mCompiling main.mm (arm64)…[m
2026-08-31T12:35:46.0507890Z [0;32m==> [1;39mCompiling main.mm (arm64e)…[m
2026-08-31T12:35:46.1090020Z [0;32m==> [1;39mCompiling AppDelegate.mm (arm64)…[m
2026-08-31T12:35:46.1878200Z [0;32m==> [1;39mCompiling TouchInject.mm (arm64e)…[m
2026-08-31T12:35:46.2087770Z [0;32m==> [1;39mCompiling AppDelegate.mm (arm64e)…[m
2026-08-31T12:35:46.2294030Z [0;32m==> [1;39mCompiling TouchInject.mm (arm64)…[m
2026-08-31T12:35:46.3414430Z [0;32m==> [1;39mCompiling ControlServer.mm (arm64e)…[m
2026-08-31T12:35:46.3826410Z [0;32m==> [1;39mCompiling ControlServer.mm (arm64)…[m
2026-08-31T12:35:47.7508280Z [0;32m==> [1;39mCompiling ScreenShot.m (arm64e)…[m
2026-08-31T12:35:47.8948440Z [0;32m==> [1;39mCompiling DeviceInfo.m (arm64e)…[m
2026-08-31T12:35:47.9468450Z [0;32m==> [1;39mCompiling AXNodeDump.m (arm64e)…[m
2026-08-31T12:35:47.9884230Z [0;32m==> [1;39mCompiling ScreenShot.m (arm64)…[m
2026-08-31T12:35:48.0676640Z [1mLuaEngine.mm:236:28: [0m[0;1;31merror: [0m[1mmissing terminating '"' character [-Werror,-Winvalid-pp-token][0m
2026-08-31T12:35:48.0680870Z [0;32m==> [1;39mCompiling LuaEngine.mm (arm64e)…[m
2026-08-31T12:35:48.0782760Z   236 |     [gSvcOut appendString:@"[0m
2026-08-31T12:35:48.0799500Z       | [0;1;32m                           ^
2026-08-31T12:35:48.0829590Z [0m[1mLuaEngine.mm:236:27: [0m[0;1;31merror: [0m[1munexpected '@' in program[0m
2026-08-31T12:35:48.0838710Z   236 |     [gSvcOut appendString:@"[0m
2026-08-31T12:35:48.0849540Z       | [0;1;32m                          ^
2026-08-31T12:35:48.0951260Z [0m[1mLuaEngine.mm:237:1: [0m[0;1;31merror: [0m[1mmissing terminating '"' character [-Werror,-Winvalid-pp-token][0m
2026-08-31T12:35:48.1051390Z   237 | "];[0m
2026-08-31T12:35:48.1153760Z       | [0;1;32m^
2026-08-31T12:35:48.1254860Z [0m[1mLuaEngine.mm:263:40: [0m[0;1;31merror: [0m[1mmissing terminating '"' character [-Werror,-Winvalid-pp-token][0m
2026-08-31T12:35:48.1356850Z   263 |                 [gSvcOut appendFormat:@"[service error] %@[0m
2026-08-31T12:35:48.1457340Z       | [0;1;32m                                       ^
2026-08-31T12:35:48.1558200Z [0m[1mLuaEngine.mm:263:39: [0m[0;1;31merror: [0m[1munexpected '@' in program[0m
2026-08-31T12:35:48.1659510Z   263 |                 [gSvcOut appendFormat:@"[service error] %@[0m
2026-08-31T12:35:48.1660210Z [0;32m==> [1;39mCompiling AXNodeDump.m (arm64)…[m
2026-08-31T12:35:48.1760160Z       | [0;1;32m                                      ^
2026-08-31T12:35:48.1862960Z [0m[1mLuaEngine.mm:264:1: [0m[0;1;31merror: [0m[1mmissing terminating '"' character [-Werror,-Winvalid-pp-token][0m
2026-08-31T12:35:48.1961890Z   264 | ", msg];[0m
2026-08-31T12:35:48.2063500Z       | [0;1;32m^
2026-08-31T12:35:48.2164010Z [0m6 errors generated.
2026-08-31T12:35:48.2265810Z make[3]: *** [/Users/runner/work/matisu-replica/matisu-replica/theos/makefiles/instance/rules.mk:313: /Users/runner/work/matisu-replica/matisu-replica/ios/app/.theos/obj/arm64e/LuaEngine.mm.32122412.o] Error 1
2026-08-31T12:35:48.2367470Z make[3]: *** Waiting for unfinished jobs....
2026-08-31T12:35:48.2368160Z [0;32m==> [1;39mCompiling DeviceInfo.m (arm64)…[m
2026-08-31T12:35:48.3078630Z make[2]: *** [/Users/runner/work/matisu-replica/matisu-replica/theos/makefiles/instance/application.mk:50: /Users/runner/work/matisu-replica/matisu-replica/ios/app/.theos/obj/arm64e/MatisuAuto.app/MatisuAuto] Error 2
2026-08-31T12:35:48.3082330Z [0;32m==> [1;39mCompiling sthid/STHIDEventGenerator.mm (arm64e)…[m
2026-08-31T12:35:48.3180420Z make[2]: *** Waiting for unfinished jobs....
2026-08-31T12:35:48.3275460Z [0;32m==> [1;39mCompiling LuaEngine.mm (arm64)…[m
2026-08-31T12:35:48.3276250Z [1mLuaEngine.mm:236:28: [0m[0;1;31merror: [0m[1mmissing terminating '"' character [-Werror,-Winvalid-pp-token][0m
2026-08-31T12:35:48.3295990Z   236 |     [gSvcOut appendString:@"[0m
2026-08-31T12:35:48.3296620Z       | [0;1;32m                           ^
2026-08-31T12:35:48.3298000Z [0m[1mLuaEngine.mm:236:27: [0m[0;1;31merror: [0m[1munexpected '@' in program[0m
2026-08-31T12:35:48.3298630Z   236 |     [gSvcOut appendString:@"[0m
2026-08-31T12:35:48.3299070Z       | [0;1;32m                          ^
2026-08-31T12:35:48.3299810Z [0m[1mLuaEngine.mm:237:1: [0m[0;1;31merror: [0m[1mmissing terminating '"' character [-Werror,-Winvalid-pp-token][0m
2026-08-31T12:35:48.3300800Z   237 | "];[0m
2026-08-31T12:35:48.3301680Z       | [0;1;32m^
2026-08-31T12:35:48.3302450Z [0m[1mLuaEngine.mm:263:40: [0m[0;1;31merror: [0m[1mmissing terminating '"' character [-Werror,-Winvalid-pp-token][0m
2026-08-31T12:35:48.3314040Z   263 |                 [gSvcOut appendFormat:@"[service error] %@[0m
2026-08-31T12:35:48.3339620Z       | [0;1;32m                                       ^
2026-08-31T12:35:48.3340350Z [0m[1mLuaEngine.mm:263:39: [0m[0;1;31merror: [0m[1munexpected '@' in program[0m
2026-08-31T12:35:48.3342000Z   263 |                 [gSvcOut appendFormat:@"[service error] %@[0m
2026-08-31T12:35:48.3342480Z       | [0;1;32m                                      ^
2026-08-31T12:35:48.3358490Z [0m[1mLuaEngine.mm:264:1: [0m[0;1;31merror: [0m[1mmissing terminating '"' character [-Werror,-Winvalid-pp-token][0m
2026-08-31T12:35:48.3359830Z   264 | ", msg];[0m
2026-08-31T12:35:48.3360260Z       | [0;1;32m^
2026-08-31T12:35:48.3360560Z [0m6 errors generated.
2026-08-31T12:35:48.3366690Z make[3]: *** [/Users/runner/work/matisu-replica/matisu-replica/theos/makefiles/instance/rules.mk:313: /Users/runner/work/matisu-replica/matisu-replica/ios/app/.theos/obj/arm64/LuaEngine.mm.0f995478.o] Error 1
2026-08-31T12:35:48.3392170Z make[3]: *** Waiting for unfinished jobs....
2026-08-31T12:35:48.4637970Z [0;32m==> [1;39mCompiling ColorFind.m (arm64)…[m
2026-08-31T12:35:48.4864220Z [0;32m==> [1;39mCompiling sthid/STHIDEventGenerator.mm (arm64)…[m
2026-08-31T12:35:48.4867050Z make[2]: *** [/Users/runner/work/matisu-replica/matisu-replica/theos/makefiles/instance/application.mk:50: /Users/runner/work/matisu-replica/matisu-replica/ios/app/.theos/obj/arm64/MatisuAuto.app/MatisuAuto] Error 2
2026-08-31T12:35:48.4869090Z make[1]: *** [/Users/runner/work/matisu-replica/matisu-replica/theos/makefiles/instance/application.mk:41: internal-application-all_] Error 2
2026-08-31T12:35:48.4873550Z make: *** [/Users/runner/work/matisu-replica/matisu-replica/theos/makefiles/master/rules.mk:146: MatisuAuto.all.application.variables] Error 2
2026-08-31T12:35:48.4881790Z ##[error]Process completed with exit code 2.
2026-08-31T12:35:48.5043720Z Post job cleanup.
2026-08-31T12:35:48.5048290Z ##[start-action display=Theos Cache;id=__fa5351cd-3e06-4ea8-b35e-e47bec40a52c.theos-cache]
2026-08-31T12:35:48.5050480Z ##[end-action id=__fa5351cd-3e06-4ea8-b35e-e47bec40a52c.theos-cache;outcome=skipped;conclusion=skipped;duration_ms=0]
2026-08-31T12:35:48.5113650Z Node 20 is being deprecated. This workflow is running with Node 24 by default. If you need to temporarily use Node 20, you can set the ACTIONS_ALLOW_USE_UNSECURE_NODE_VERSION=true environment variable. For more information see: https://github.blog/changelog/2025-09-19-deprecation-of-node-20-on-github-actions-runners/
2026-08-31T12:35:48.5114610Z Post job cleanup.
2026-08-31T12:35:48.8358850Z [command]/opt/homebrew/bin/git version
2026-08-31T12:35:48.8570070Z git version 2.55.0
2026-08-31T12:35:48.8595770Z Copying '/Users/runner/.gitconfig' to '/Users/runner/work/_temp/038ba389-5bc8-4325-beb9-b7fb1b538e0b/.gitconfig'
2026-08-31T12:35:48.8603110Z Temporarily overriding HOME='/Users/runner/work/_temp/038ba389-5bc8-4325-beb9-b7fb1b538e0b' before making global git config changes
2026-08-31T12:35:48.8605350Z Adding repository directory to the temporary git global config as a safe directory
2026-08-31T12:35:48.8611860Z [command]/opt/homebrew/bin/git config --global --add safe.directory /Users/runner/work/matisu-replica/matisu-replica
2026-08-31T12:35:48.8792010Z [command]/opt/homebrew/bin/git config --local --name-only --get-regexp core\.sshCommand
2026-08-31T12:35:48.8874120Z [command]/opt/homebrew/bin/git submodule foreach --recursive sh -c "git config --local --name-only --get-regexp 'core\.sshCommand' && git config --local --unset-all 'core.sshCommand' || :"
2026-08-31T12:35:48.9817740Z [command]/opt/homebrew/bin/git config --local --name-only --get-regexp http\.https\:\/\/github\.com\/\.extraheader
2026-08-31T12:35:48.9901430Z http.https://github.com/.extraheader
2026-08-31T12:35:48.9921760Z [command]/opt/homebrew/bin/git config --local --unset-all http.https://github.com/.extraheader
2026-08-31T12:35:49.0014300Z [command]/opt/homebrew/bin/git submodule foreach --recursive sh -c "git config --local --name-only --get-regexp 'http\.https\:\/\/github\.com\/\.extraheader' && git config --local --unset-all 'http.https://github.com/.extraheader' || :"
2026-08-31T12:35:49.1187240Z [command]/opt/homebrew/bin/git config --local --name-only --get-regexp ^includeIf\.gitdir:
2026-08-31T12:35:49.1490970Z [command]/opt/homebrew/bin/git submodule foreach --recursive git config --local --show-origin --name-only --get-regexp remote.origin.url
2026-08-31T12:35:49.2376330Z Cleaning up orphan processes
2026-08-31T12:35:50.2252310Z ##[warning]Node.js 20 is deprecated. The following actions target Node.js 20 but are being forced to run on Node.js 24: actions/cache@v4, actions/checkout@v4. For more information see: https://github.blog/changelog/2025-09-19-deprecation-of-node-20-on-github-actions-runners/
