2026-08-31T08:12:26.2356430Z Current runner version: '2.336.0'
2026-08-31T08:12:26.2380110Z ##[group]Runner Image Provisioner
2026-08-31T08:12:26.2380770Z Hosted Compute Agent
2026-08-31T08:12:26.2381150Z Version: 20260707.563
2026-08-31T08:12:26.2381540Z Commit: 02667638d2b423fbc733a8e32a88b44996a3ba6e
2026-08-31T08:12:26.2381990Z Build Date: 2026-07-07T19:33:50Z
2026-08-31T08:12:26.2382420Z Worker ID: {3b6490d7-0149-497b-befb-bee8c1d492e3}
2026-08-31T08:12:26.2382960Z Azure Region: westus
2026-08-31T08:12:26.2383320Z ##[endgroup]
2026-08-31T08:12:26.2384590Z ##[group]Operating System
2026-08-31T08:12:26.2384970Z macOS
2026-08-31T08:12:26.2385280Z 26.5.2
2026-08-31T08:12:26.2385600Z 25F84
2026-08-31T08:12:26.2385950Z ##[endgroup]
2026-08-31T08:12:26.2386330Z ##[group]Runner Image
2026-08-31T08:12:26.2386760Z Image: macos-26-arm64
2026-08-31T08:12:26.2387120Z Version: 20260728.0273.1
2026-08-31T08:12:26.2387980Z Included Software: https://github.com/actions/runner-images/blob/macos-26-arm64/20260728.0273/images/macos/macos-26-arm64-Readme.md
2026-08-31T08:12:26.2388990Z Image Release: https://github.com/actions/runner-images/releases/tag/macos-26-arm64%2F20260728.0273
2026-08-31T08:12:26.2389630Z ##[endgroup]
2026-08-31T08:12:26.2390580Z ##[group]GITHUB_TOKEN Permissions
2026-08-31T08:12:26.2391950Z Contents: read
2026-08-31T08:12:26.2392320Z Metadata: read
2026-08-31T08:12:26.2392660Z Packages: read
2026-08-31T08:12:26.2393000Z ##[endgroup]
2026-08-31T08:12:26.2399180Z Secret source: Actions
2026-08-31T08:12:26.2399930Z Prepare workflow directory
2026-08-31T08:12:26.2666490Z Prepare all required actions
2026-08-31T08:12:26.2717530Z Getting action download info
2026-08-31T08:12:26.6342020Z Download action repository 'actions/checkout@v4' (SHA:11d5960a326750d5838078e36cf38b85af677262)
2026-08-31T08:12:26.9550200Z Download action repository 'waruhachi/theos-action@v2.4.6' (SHA:9c45aeddc8a587a7b9d4a17d107e6a68b9bc910e)
2026-08-31T08:12:27.2802420Z Download action repository 'actions/upload-artifact@v4' (SHA:ea165f8d65b6e75b540449e92b4886f43607fa02)
2026-08-31T08:12:27.6553320Z Getting action download info
2026-08-31T08:12:27.7817270Z Download action repository 'actions/cache@v4' (SHA:0057852bfaa89a56745cba8c7296529d2fc39830)
2026-08-31T08:12:28.0206810Z Complete job name: build
2026-08-31T08:12:28.0871930Z Node 20 is being deprecated. This workflow is running with Node 24 by default. If you need to temporarily use Node 20, you can set the ACTIONS_ALLOW_USE_UNSECURE_NODE_VERSION=true environment variable. For more information see: https://github.blog/changelog/2025-09-19-deprecation-of-node-20-on-github-actions-runners/
2026-08-31T08:12:28.0879010Z ##[group]Run actions/checkout@v4
2026-08-31T08:12:28.0879580Z with:
2026-08-31T08:12:28.0879960Z   repository: sky5566jf/matisu-replica
2026-08-31T08:12:28.0882900Z   token: ***
2026-08-31T08:12:28.0883250Z   ssh-strict: true
2026-08-31T08:12:28.0883580Z   ssh-user: git
2026-08-31T08:12:28.0883980Z   persist-credentials: true
2026-08-31T08:12:28.0884350Z   clean: true
2026-08-31T08:12:28.0884670Z   sparse-checkout-cone-mode: true
2026-08-31T08:12:28.0885100Z   fetch-depth: 1
2026-08-31T08:12:28.0885440Z   fetch-tags: false
2026-08-31T08:12:28.0885780Z   show-progress: true
2026-08-31T08:12:28.0886110Z   lfs: false
2026-08-31T08:12:28.0886480Z   submodules: false
2026-08-31T08:12:28.0886850Z   set-safe-directory: true
2026-08-31T08:12:28.0887290Z   allow-unsafe-pr-checkout: false
2026-08-31T08:12:28.0887900Z ##[endgroup]
2026-08-31T08:12:28.7580480Z Syncing repository: sky5566jf/matisu-replica
2026-08-31T08:12:28.7582650Z ##[group]Getting Git version info
2026-08-31T08:12:28.7583270Z Working directory is '/Users/runner/work/matisu-replica/matisu-replica'
2026-08-31T08:12:28.7586560Z [command]/opt/homebrew/bin/git version
2026-08-31T08:12:28.8157670Z git version 2.55.0
2026-08-31T08:12:28.8172320Z ##[endgroup]
2026-08-31T08:12:28.8193150Z Copying '/Users/runner/.gitconfig' to '/Users/runner/work/_temp/4e756c6b-ec77-41b1-ab2c-5b50e76d7067/.gitconfig'
2026-08-31T08:12:28.8205280Z Temporarily overriding HOME='/Users/runner/work/_temp/4e756c6b-ec77-41b1-ab2c-5b50e76d7067' before making global git config changes
2026-08-31T08:12:28.8210520Z Adding repository directory to the temporary git global config as a safe directory
2026-08-31T08:12:28.8211600Z [command]/opt/homebrew/bin/git config --global --add safe.directory /Users/runner/work/matisu-replica/matisu-replica
2026-08-31T08:12:28.8371400Z Deleting the contents of '/Users/runner/work/matisu-replica/matisu-replica'
2026-08-31T08:12:28.8378050Z ##[group]Initializing the repository
2026-08-31T08:12:28.8380140Z [command]/opt/homebrew/bin/git init /Users/runner/work/matisu-replica/matisu-replica
2026-08-31T08:12:28.8753640Z hint: Using 'master' as the name for the initial branch. This default branch name
2026-08-31T08:12:28.8754920Z hint: will change to "main" in Git 3.0. To configure the initial branch name
2026-08-31T08:12:28.8756280Z hint: to use in all of your new repositories, which will suppress this warning,
2026-08-31T08:12:28.8758820Z hint: call:
2026-08-31T08:12:28.8759970Z hint:
2026-08-31T08:12:28.8760580Z hint: 	git config --global init.defaultBranch <name>
2026-08-31T08:12:28.8761380Z hint:
2026-08-31T08:12:28.8762120Z hint: Names commonly chosen instead of 'master' are 'main', 'trunk' and
2026-08-31T08:12:28.8763560Z hint: 'development'. The just-created branch can be renamed via this command:
2026-08-31T08:12:28.8767430Z hint:
2026-08-31T08:12:28.8767790Z hint: 	git branch -m <name>
2026-08-31T08:12:28.8770140Z hint:
2026-08-31T08:12:28.8771840Z hint: Disable this message with "git config set advice.defaultBranchName false"
2026-08-31T08:12:28.8776630Z Initialized empty Git repository in /Users/runner/work/matisu-replica/matisu-replica/.git/
2026-08-31T08:12:28.8790550Z [command]/opt/homebrew/bin/git remote add origin https://github.com/sky5566jf/matisu-replica
2026-08-31T08:12:28.8963020Z ##[endgroup]
2026-08-31T08:12:28.8964090Z ##[group]Disabling automatic garbage collection
2026-08-31T08:12:28.8970690Z [command]/opt/homebrew/bin/git config --local gc.auto 0
2026-08-31T08:12:28.9071050Z ##[endgroup]
2026-08-31T08:12:28.9075260Z ##[group]Setting up auth
2026-08-31T08:12:28.9077850Z [command]/opt/homebrew/bin/git config --local --name-only --get-regexp core\.sshCommand
2026-08-31T08:12:28.9175290Z [command]/opt/homebrew/bin/git submodule foreach --recursive sh -c "git config --local --name-only --get-regexp 'core\.sshCommand' && git config --local --unset-all 'core.sshCommand' || :"
2026-08-31T08:12:29.0869020Z [command]/opt/homebrew/bin/git config --local --name-only --get-regexp http\.https\:\/\/github\.com\/\.extraheader
2026-08-31T08:12:29.0915720Z [command]/opt/homebrew/bin/git submodule foreach --recursive sh -c "git config --local --name-only --get-regexp 'http\.https\:\/\/github\.com\/\.extraheader' && git config --local --unset-all 'http.https://github.com/.extraheader' || :"
2026-08-31T08:12:29.2477990Z [command]/opt/homebrew/bin/git config --local --name-only --get-regexp ^includeIf\.gitdir:
2026-08-31T08:12:29.2553430Z [command]/opt/homebrew/bin/git submodule foreach --recursive git config --local --show-origin --name-only --get-regexp remote.origin.url
2026-08-31T08:12:29.4143850Z [command]/opt/homebrew/bin/git config --local http.https://github.com/.extraheader AUTHORIZATION: basic ***
2026-08-31T08:12:29.4366370Z ##[endgroup]
2026-08-31T08:12:29.4420430Z ##[group]Fetching the repository
2026-08-31T08:12:29.4426120Z [command]/opt/homebrew/bin/git -c protocol.version=2 fetch --no-tags --prune --no-recurse-submodules --depth=1 origin +42c855d1cffbd6b6f437111bef735d6cdf81fbb7:refs/remotes/origin/main
2026-08-31T08:12:30.2429820Z From https://github.com/sky5566jf/matisu-replica
2026-08-31T08:12:30.2449450Z  * [new ref]         42c855d1cffbd6b6f437111bef735d6cdf81fbb7 -> origin/main
2026-08-31T08:12:30.2523430Z ##[endgroup]
2026-08-31T08:12:30.2524660Z ##[group]Determining the checkout info
2026-08-31T08:12:30.2548470Z ##[endgroup]
2026-08-31T08:12:30.2549440Z [command]/opt/homebrew/bin/git sparse-checkout disable
2026-08-31T08:12:30.2587070Z [command]/opt/homebrew/bin/git config --local --unset-all extensions.worktreeConfig
2026-08-31T08:12:30.2676890Z ##[group]Checking out the ref
2026-08-31T08:12:30.2682270Z [command]/opt/homebrew/bin/git checkout --progress --force -B main refs/remotes/origin/main
2026-08-31T08:12:30.3038750Z Switched to a new branch 'main'
2026-08-31T08:12:30.3142710Z branch 'main' set up to track 'origin/main'.
2026-08-31T08:12:30.3348680Z ##[endgroup]
2026-08-31T08:12:30.3354100Z [command]/opt/homebrew/bin/git log -1 --format=%H
2026-08-31T08:12:30.3355520Z 42c855d1cffbd6b6f437111bef735d6cdf81fbb7
2026-08-31T08:12:30.4054760Z ##[group]Run waruhachi/theos-action@v2.4.6
2026-08-31T08:12:30.4055720Z with:
2026-08-31T08:12:30.4056410Z   theos-src: theos/theos
2026-08-31T08:12:30.4057060Z   theos-branch: master
2026-08-31T08:12:30.4057690Z   sdks-src: theos/sdks
2026-08-31T08:12:30.4058420Z   sdks-branch: master
2026-08-31T08:12:30.4059150Z   libgcuniversal: false
2026-08-31T08:12:30.4060060Z   libgcuniversal-src: MrGcGamer/LibGcUniversalDocumentation
2026-08-31T08:12:30.4061040Z   libgcuniversal-branch: master
2026-08-31T08:12:30.4061820Z   altlist: false
2026-08-31T08:12:30.4062440Z   altlist-src: opa334/AltList
2026-08-31T08:12:30.4063120Z   altlist-branch: main
2026-08-31T08:12:30.4063900Z ##[endgroup]
2026-08-31T08:12:30.4201060Z ##[start-action display=Adding Theos Environment Variables;id=__waruhachi_theos-action.__run]
2026-08-31T08:12:30.4575660Z ##[group]Run echo "THEOS=/Users/runner/work/matisu-replica/matisu-replica/theos" >> $GITHUB_ENV
2026-08-31T08:12:30.4581980Z [36;1mecho "THEOS=/Users/runner/work/matisu-replica/matisu-replica/theos" >> $GITHUB_ENV[0m
2026-08-31T08:12:30.4649430Z shell: /bin/bash --noprofile --norc -e -o pipefail {0}
2026-08-31T08:12:30.4650390Z ##[endgroup]
2026-08-31T08:12:30.5166350Z ##[end-action id=__waruhachi_theos-action.__run;outcome=success;conclusion=success;duration_ms=94]
2026-08-31T08:12:30.5174010Z ##[start-action display=Generate Cache Key;id=__waruhachi_theos-action.cache-key]
2026-08-31T08:12:30.5234340Z ##[group]Run set -euo pipefail
2026-08-31T08:12:30.5235110Z [36;1mset -euo pipefail[0m
2026-08-31T08:12:30.5235750Z [36;1m[0m
2026-08-31T08:12:30.5236840Z [36;1mtheos_sha=$(gh api -H 'Accept: application/vnd.github.sha' /repos/theos/theos/commits/master)[0m
2026-08-31T08:12:30.5238600Z [36;1msdks_sha=$(gh api -H 'Accept: application/vnd.github.sha' /repos/theos/sdks/commits/master)[0m
2026-08-31T08:12:30.5239960Z [36;1m[0m
2026-08-31T08:12:30.5240710Z [36;1mif [[ "false" == 'true' ]]; then[0m
2026-08-31T08:12:30.5242480Z [36;1m  libgc_sha=$(gh api -H 'Accept: application/vnd.github.sha' /repos/MrGcGamer/LibGcUniversalDocumentation/commits/master)[0m
2026-08-31T08:12:30.5244100Z [36;1melse[0m
2026-08-31T08:12:30.5244770Z [36;1m  libgc_sha="none"[0m
2026-08-31T08:12:30.5245450Z [36;1mfi[0m
2026-08-31T08:12:30.5246030Z [36;1m[0m
2026-08-31T08:12:30.5246610Z [36;1mif [[ "false" == 'true' ]]; then[0m
2026-08-31T08:12:30.5247880Z [36;1m  altlist_sha=$(gh api -H 'Accept: application/vnd.github.sha' /repos/opa334/AltList/commits/main)[0m
2026-08-31T08:12:30.5249190Z [36;1melse[0m
2026-08-31T08:12:30.5249850Z [36;1m  altlist_sha="none"[0m
2026-08-31T08:12:30.5250560Z [36;1mfi[0m
2026-08-31T08:12:30.5251160Z [36;1m[0m
2026-08-31T08:12:30.5253080Z [36;1mecho "key=theos/theos-master-$theos_sha|theos/sdks-master-$sdks_sha|MrGcGamer/LibGcUniversalDocumentation-master-$libgc_sha|opa334/AltList-main-$altlist_sha" >> $GITHUB_OUTPUT[0m
2026-08-31T08:12:30.5291500Z shell: /bin/bash --noprofile --norc -e -o pipefail {0}
2026-08-31T08:12:30.5292500Z env:
2026-08-31T08:12:30.5293390Z   THEOS: /Users/runner/work/matisu-replica/matisu-replica/theos
2026-08-31T08:12:30.5301670Z   GH_TOKEN: ***
2026-08-31T08:12:30.5302320Z ##[endgroup]
2026-08-31T08:12:31.4352170Z ##[end-action id=__waruhachi_theos-action.cache-key;outcome=success;conclusion=success;duration_ms=917]
2026-08-31T08:12:31.4361390Z ##[start-action display=Install dependencies;id=__waruhachi_theos-action.__run_2]
2026-08-31T08:12:31.4407580Z ##[group]Run set -euo pipefail
2026-08-31T08:12:31.4408410Z [36;1mset -euo pipefail[0m
2026-08-31T08:12:31.4409250Z [36;1m[0m
2026-08-31T08:12:31.4409910Z [36;1mbrew install make ldid[0m
2026-08-31T08:12:31.4411010Z [36;1mecho "$(brew --prefix make)/libexec/gnubin" >> $GITHUB_PATH[0m
2026-08-31T08:12:31.4488660Z shell: /bin/bash --noprofile --norc -e -o pipefail {0}
2026-08-31T08:12:31.4491370Z env:
2026-08-31T08:12:31.4494400Z   THEOS: /Users/runner/work/matisu-replica/matisu-replica/theos
2026-08-31T08:12:31.4498080Z ##[endgroup]
2026-08-31T08:12:34.9942200Z ##[warning]The following taps are not trusted:
  aws/tap

Homebrew is currently ignoring formulae, casks and commands from these taps because tap trust is required.

Untap them with:
  brew untap aws/tap
Trust specific formulae, casks and commands with:
  brew trust --formula <user>/<tap>/<formula>
  brew trust --cask <user>/<tap>/<cask>
  brew trust --command <user>/<tap>/<command>
Whole-tap trust is broader and includes all current and future formulae,
casks and commands from the listed taps. Trust whole taps with:
  brew trust aws/tap
To disable trust checks:
  export HOMEBREW_NO_REQUIRE_TAP_TRUST=1
This is not recommended and will be removed in a later release.
For more information, see:
  https://docs.brew.sh/Tap-Trust
2026-08-31T08:12:35.6523760Z [34m==>[0m [1mWould install 2 formulae:[0m
2026-08-31T08:12:35.6526540Z make ldid
2026-08-31T08:12:35.6553200Z [34m==>[0m [1mDownloading https://ghcr.io/v2/homebrew/core/make/manifests/4.4.1-1[0m
2026-08-31T08:12:36.0393220Z [34m==>[0m [1mDownloading https://ghcr.io/v2/homebrew/core/ldid/manifests/2.1.5_1-1[0m
2026-08-31T08:12:36.3397640Z [34m==>[0m [1mWould install 1 dependency for ldid:[0m
2026-08-31T08:12:36.3400730Z libplist
2026-08-31T08:12:36.3410620Z [32m==>[0m [1mFetching downloads for: [32mmake[39m and [32mldid[39m[0m
2026-08-31T08:12:36.6129600Z ✔︎ Bottle Manifest libplist (2.7.0)
2026-08-31T08:12:36.6659710Z ✔︎ Bottle ldid (2.1.5_1)
2026-08-31T08:12:36.6892010Z ✔︎ Bottle libplist (2.7.0)
2026-08-31T08:12:36.7258630Z ✔︎ Bottle make (4.4.1)
2026-08-31T08:12:36.7291030Z [34m==>[0m [1mPouring make--4.4.1.arm64_tahoe.bottle.1.tar.gz[0m
2026-08-31T08:12:36.8617110Z [34m==>[0m [1mCaveats[0m
2026-08-31T08:12:36.8619180Z GNU "make" has been installed as "gmake".
2026-08-31T08:12:36.8620260Z If you need to use it as "make", you can add a "gnubin" directory
2026-08-31T08:12:36.8621280Z to your PATH from your bashrc like:
2026-08-31T08:12:36.8621720Z 
2026-08-31T08:12:36.8622130Z     PATH="/opt/homebrew/opt/make/libexec/gnubin:$PATH"
2026-08-31T08:12:36.8624160Z [34m==>[0m [1mSummary[0m
2026-08-31T08:12:36.8624720Z 🍺  /opt/homebrew/Cellar/make/4.4.1: 17 files, 1.3MB
2026-08-31T08:12:36.8734210Z [32m==>[0m [1mInstalling ldid dependency: [32mlibplist[39m[0m
2026-08-31T08:12:36.8791030Z [34m==>[0m [1mPouring libplist--2.7.0.arm64_tahoe.bottle.tar.gz[0m
2026-08-31T08:12:36.9102930Z 🍺  /opt/homebrew/Cellar/libplist/2.7.0: 32 files, 605.5KB
2026-08-31T08:12:36.9110780Z [32m==>[0m [1mInstalling [32mldid[39m[0m
2026-08-31T08:12:36.9111970Z [34m==>[0m [1mPouring ldid--2.1.5_1.arm64_tahoe.bottle.1.tar.gz[0m
2026-08-31T08:12:36.9792580Z 🍺  /opt/homebrew/Cellar/ldid/2.1.5_1: 6 files, 271KB
2026-08-31T08:12:36.9805060Z [32m==>[0m [1mCaveats[0m
2026-08-31T08:12:37.0289820Z [34m==>[0m [1mmake[0m
2026-08-31T08:12:37.0705880Z GNU "make" has been installed as "gmake".
2026-08-31T08:12:37.0810510Z If you need to use it as "make", you can add a "gnubin" directory
2026-08-31T08:12:37.0913930Z to your PATH from your bashrc like:
2026-08-31T08:12:37.0973310Z 
2026-08-31T08:12:37.0978720Z     PATH="/opt/homebrew/opt/make/libexec/gnubin:$PATH"
2026-08-31T08:12:37.1594950Z ##[end-action id=__waruhachi_theos-action.__run_2;outcome=success;conclusion=success;duration_ms=5723]
2026-08-31T08:12:37.1603850Z ##[start-action display=Theos Cache;id=__waruhachi_theos-action.theos-cache]
2026-08-31T08:12:37.1715640Z Node 20 is being deprecated. This workflow is running with Node 24 by default. If you need to temporarily use Node 20, you can set the ACTIONS_ALLOW_USE_UNSECURE_NODE_VERSION=true environment variable. For more information see: https://github.blog/changelog/2025-09-19-deprecation-of-node-20-on-github-actions-runners/
2026-08-31T08:12:37.1725150Z ##[group]Run actions/cache@v4
2026-08-31T08:12:37.1725360Z with:
2026-08-31T08:12:37.1725670Z   path: /Users/runner/work/matisu-replica/matisu-replica/theos
2026-08-31T08:12:37.1726800Z   key: theos/theos-master-5280bd038207e14f8bd76f5417aa2fe641c03228|theos/sdks-master-0222fd5413cf4b9af096f37b4621afa2688572f7|MrGcGamer/LibGcUniversalDocumentation-master-none|opa334/AltList-main-none
2026-08-31T08:12:37.1727660Z   enableCrossOsArchive: false
2026-08-31T08:12:37.1728010Z   fail-on-cache-miss: false
2026-08-31T08:12:37.1728380Z   lookup-only: false
2026-08-31T08:12:37.1728630Z   save-always: false
2026-08-31T08:12:37.1728880Z env:
2026-08-31T08:12:37.1729200Z   THEOS: /Users/runner/work/matisu-replica/matisu-replica/theos
2026-08-31T08:12:37.1729540Z ##[endgroup]
2026-08-31T08:12:37.3891810Z (node:3305) [DEP0040] DeprecationWarning: The `punycode` module is deprecated. Please use a userland alternative instead.
2026-08-31T08:12:37.3892500Z (Use `node --trace-deprecation ...` to show where the warning was created)
2026-08-31T08:12:37.6538280Z Cache hit for: theos/theos-master-5280bd038207e14f8bd76f5417aa2fe641c03228|theos/sdks-master-0222fd5413cf4b9af096f37b4621afa2688572f7|MrGcGamer/LibGcUniversalDocumentation-master-none|opa334/AltList-main-none
2026-08-31T08:12:37.6783060Z (node:3305) [DEP0169] DeprecationWarning: `url.parse()` behavior is not standardized and prone to errors that have security implications. Use the WHATWG URL API instead. CVEs are not issued for `url.parse()` vulnerabilities.
2026-08-31T08:12:38.8498360Z Received 37748736 of 224393996 (16.8%), 35.3 MBs/sec
2026-08-31T08:12:39.8501510Z Received 125829120 of 224393996 (56.1%), 59.3 MBs/sec
2026-08-31T08:12:40.8523080Z Received 197132288 of 224393996 (87.9%), 62.1 MBs/sec
2026-08-31T08:12:41.2112870Z Received 224393996 of 224393996 (100.0%), 63.2 MBs/sec
2026-08-31T08:12:41.2113900Z Cache Size: ~214 MB (224393996 B)
2026-08-31T08:12:41.2205130Z [command]/opt/homebrew/bin/gtar -xf /Users/runner/work/_temp/91dde682-f19d-4217-9f1e-06fd430b16bc/cache.tzst -P -C /Users/runner/work/matisu-replica/matisu-replica --delay-directory-restore --use-compress-program unzstd
2026-08-31T08:12:59.7838760Z Cache restored successfully
2026-08-31T08:12:59.8258100Z Cache restored from key: theos/theos-master-5280bd038207e14f8bd76f5417aa2fe641c03228|theos/sdks-master-0222fd5413cf4b9af096f37b4621afa2688572f7|MrGcGamer/LibGcUniversalDocumentation-master-none|opa334/AltList-main-none
2026-08-31T08:12:59.8506320Z ##[end-action id=__waruhachi_theos-action.theos-cache;outcome=success;conclusion=success;duration_ms=22690]
2026-08-31T08:12:59.8512450Z ##[start-action display=Setup Theos;id=__waruhachi_theos-action.__actions_checkout]
2026-08-31T08:12:59.8555550Z ##[end-action id=__waruhachi_theos-action.__actions_checkout;outcome=skipped;conclusion=skipped;duration_ms=0]
2026-08-31T08:12:59.8562050Z ##[start-action display=Setup SDKs;id=__waruhachi_theos-action.__actions_checkout_2]
2026-08-31T08:12:59.8573060Z ##[end-action id=__waruhachi_theos-action.__actions_checkout_2;outcome=skipped;conclusion=skipped;duration_ms=0]
2026-08-31T08:12:59.8576930Z ##[start-action display=Setup LibGcUniversal;id=__waruhachi_theos-action.__actions_checkout_3]
2026-08-31T08:12:59.8586680Z ##[end-action id=__waruhachi_theos-action.__actions_checkout_3;outcome=skipped;conclusion=skipped;duration_ms=0]
2026-08-31T08:12:59.8589210Z ##[start-action display=Install LibGcUniversal;id=__waruhachi_theos-action.__run_3]
2026-08-31T08:12:59.8596750Z ##[end-action id=__waruhachi_theos-action.__run_3;outcome=skipped;conclusion=skipped;duration_ms=0]
2026-08-31T08:12:59.8599110Z ##[start-action display=Setup AltList;id=__waruhachi_theos-action.__actions_checkout_4]
2026-08-31T08:12:59.8606620Z ##[end-action id=__waruhachi_theos-action.__actions_checkout_4;outcome=skipped;conclusion=skipped;duration_ms=0]
2026-08-31T08:12:59.8615960Z ##[start-action display=Install AltList;id=__waruhachi_theos-action.__run_4]
2026-08-31T08:12:59.8621840Z ##[end-action id=__waruhachi_theos-action.__run_4;outcome=skipped;conclusion=skipped;duration_ms=0]
2026-08-31T08:12:59.8626260Z ##[start-action display=Update Theos;id=__waruhachi_theos-action.__run_5]
2026-08-31T08:12:59.8699280Z ##[group]Run $THEOS/bin/update-theos
2026-08-31T08:12:59.8699550Z [36;1m$THEOS/bin/update-theos[0m
2026-08-31T08:13:00.0728360Z shell: /bin/bash --noprofile --norc -e -o pipefail {0}
2026-08-31T08:13:00.0728950Z env:
2026-08-31T08:13:00.0729260Z   THEOS: /Users/runner/work/matisu-replica/matisu-replica/theos
2026-08-31T08:13:00.0729620Z ##[endgroup]
2026-08-31T08:13:03.1216950Z From https://github.com/theos/theos
2026-08-31T08:13:03.1219290Z  * [new branch]      dhowett/dev/experimental-rebased -> origin/dhowett/dev/experimental-rebased
2026-08-31T08:13:03.1220760Z  * [new branch]      dhowett/dev/instance-target -> origin/dhowett/dev/instance-target
2026-08-31T08:13:03.1222380Z  * [new branch]      dhowett/dev/syntel    -> origin/dhowett/dev/syntel
2026-08-31T08:13:03.1223640Z  * [new branch]      dhowett/dev/testing   -> origin/dhowett/dev/testing
2026-08-31T08:13:03.1224930Z  * [new branch]      kabiroberai/arch-schemas -> origin/kabiroberai/arch-schemas
2026-08-31T08:13:03.1226580Z  * [new branch]      kirb/break-stuff      -> origin/kirb/break-stuff
2026-08-31T08:13:03.1228330Z  * [new branch]      kirb/experimental/uikitformac-support -> origin/kirb/experimental/uikitformac-support
2026-08-31T08:13:03.1229850Z  * [new branch]      kirb/rootless         -> origin/kirb/rootless
2026-08-31T08:13:03.1231320Z  * [new branch]      kirb/unfinished/better-troubleshoot -> origin/kirb/unfinished/better-troubleshoot
2026-08-31T08:13:03.1232810Z  * [new branch]      legacy                -> origin/legacy
2026-08-31T08:13:03.1233950Z  * [new branch]      libhooker-rpaths      -> origin/libhooker-rpaths
2026-08-31T08:13:03.1235060Z  * [new branch]      orion                 -> origin/orion
2026-08-31T08:13:03.1235980Z  * [new branch]      orion-dev             -> origin/orion-dev
2026-08-31T08:13:03.1237080Z  * [new branch]      uroboro-minor-changes -> origin/uroboro-minor-changes
2026-08-31T08:13:03.1238050Z  * [new tag]         1.0.0                 -> 1.0.0
2026-08-31T08:13:03.1238850Z  * [new tag]         2.0.0                 -> 2.0.0
2026-08-31T08:13:03.1240630Z  * [new tag]         2.1.0                 -> 2.1.0
2026-08-31T08:13:03.1243380Z  * [new tag]         2.1.1                 -> 2.1.1
2026-08-31T08:13:03.1244310Z  * [new tag]         2.2                   -> 2.2
2026-08-31T08:13:03.1245200Z  * [new tag]         2.3                   -> 2.3
2026-08-31T08:13:03.1245930Z  * [new tag]         2.4                   -> 2.4
2026-08-31T08:13:03.1246670Z  * [new tag]         2.5                   -> 2.5
2026-08-31T08:13:03.3462950Z Fetching submodule vendor/dm.pl
2026-08-31T08:13:03.7258320Z Fetching submodule vendor/include
2026-08-31T08:13:04.0392010Z Fetching submodule vendor/lib
2026-08-31T08:13:04.0392620Z Fetching submodule vendor/logos
2026-08-31T08:13:04.1543490Z Fetching submodule vendor/orion
2026-08-31T08:13:04.2361880Z Fetching submodule vendor/nic
2026-08-31T08:13:04.3401690Z Fetching submodule vendor/swift-support
2026-08-31T08:13:05.1964770Z From https://github.com/theos/nic
2026-08-31T08:13:05.1966620Z  * branch            12db01f67994a232f8282f3ae0d0b61314ce0230 -> FETCH_HEAD
2026-08-31T08:13:05.1967780Z  * branch            1f2e89d4acb805a81503ac3ea4c7115ca55f75a1 -> FETCH_HEAD
2026-08-31T08:13:05.1968950Z  * branch            28d562c54f2d335a5f392191e7d2e8f08aca88fa -> FETCH_HEAD
2026-08-31T08:13:05.1970060Z  * branch            40464a39bfb31306521212936dbae3406ef4822c -> FETCH_HEAD
2026-08-31T08:13:05.1971240Z  * branch            6585e1e2d29bcd2452e14f8e92e62c76a1909554 -> FETCH_HEAD
2026-08-31T08:13:05.1971850Z  * branch            794d210f81198c6aef4f0ab8d04bd74ffe149f51 -> FETCH_HEAD
2026-08-31T08:13:05.1972760Z  * branch            8f065ac109706335661a6f8e9edfeacdbff0d80e -> FETCH_HEAD
2026-08-31T08:13:05.1973220Z  * branch            941bbf0173e3c9674331715f433c1ae6f9156362 -> FETCH_HEAD
2026-08-31T08:13:05.1973690Z  * branch            fd02465ca53cdb3bb07b4ff723c517e9a808641c -> FETCH_HEAD
2026-08-31T08:13:05.1974140Z  * branch            fe9f859d3aaba987ed19ef52dbfb57bc02a4973d -> FETCH_HEAD
2026-08-31T08:13:05.1974510Z Fetching submodule vendor/templates
2026-08-31T08:13:05.6482580Z From https://github.com/theos/templates
2026-08-31T08:13:05.6483070Z  * branch            022f31fd3457c8a0c181cd23b59c2980ca4d36b2 -> FETCH_HEAD
2026-08-31T08:13:05.6483800Z  * branch            0886f5a8ebb6f0e142f9e9a8a8924370939d1146 -> FETCH_HEAD
2026-08-31T08:13:05.6484340Z  * branch            09894865a641bae0b67456a6df6475df8d8a6ac7 -> FETCH_HEAD
2026-08-31T08:13:05.6484770Z  * branch            11488a997e6dc1ac4a5ae8612ab46a6e45394709 -> FETCH_HEAD
2026-08-31T08:13:05.6485270Z  * branch            1576043fbcea15b79a9b7931d93266fc1aedbecc -> FETCH_HEAD
2026-08-31T08:13:05.6485820Z  * branch            300ee0f33196f55ec7a7bb02b05910974216b831 -> FETCH_HEAD
2026-08-31T08:13:05.6486640Z  * branch            349468fc3d8f84cd38080f80f99bfe49a1ddc162 -> FETCH_HEAD
2026-08-31T08:13:05.6487070Z  * branch            3a20da8b1c61ec888ae1a926af3065366094ee77 -> FETCH_HEAD
2026-08-31T08:13:05.6487480Z  * branch            49defb6d052709417bc61e4c0c8f732639b28c1e -> FETCH_HEAD
2026-08-31T08:13:05.6487980Z  * branch            4c75fa2361f67deb4fe6c554e010cb1aaa48ca3d -> FETCH_HEAD
2026-08-31T08:13:05.6488590Z  * branch            5917b9947fbb3099df3c48e1001a3d8b17a8e55a -> FETCH_HEAD
2026-08-31T08:13:05.6489240Z  * branch            645bcd195b44e076474e097990bea47bcb3ed772 -> FETCH_HEAD
2026-08-31T08:13:05.6489840Z  * branch            7d98646871281e5b71e280e8f80d3fc27b69aeef -> FETCH_HEAD
2026-08-31T08:13:05.6491050Z  * branch            7e6b80d6f98c8b1ad4ab05b2e8bc659741d26d02 -> FETCH_HEAD
2026-08-31T08:13:05.6492070Z  * branch            8af2906bf6f6dd13d97302405316bd8a5419a265 -> FETCH_HEAD
2026-08-31T08:13:05.6492550Z  * branch            8d1a9f5a42ae2a48435303ea8fb07c3c1ccbd9d2 -> FETCH_HEAD
2026-08-31T08:13:05.6492990Z  * branch            8d9599b9054c93319ed35b35b3a826e437931904 -> FETCH_HEAD
2026-08-31T08:13:05.6493440Z  * branch            a22176f8b1a1759fec55a3b62c8200cc751f1638 -> FETCH_HEAD
2026-08-31T08:13:05.6493930Z  * branch            b3afce164abdeda0c9b1aa69fdc2f9fec0673792 -> FETCH_HEAD
2026-08-31T08:13:05.6494370Z  * branch            b68586f216239fe73f74326b59b1e66cd0a1b664 -> FETCH_HEAD
2026-08-31T08:13:05.6495090Z  * branch            da6a60b1d3f6bf4b7398000448209cd505eb1a74 -> FETCH_HEAD
2026-08-31T08:13:05.6495630Z  * branch            e3c1d67b1e8faae69b37fb525bd7f2c435ef9dab -> FETCH_HEAD
2026-08-31T08:13:05.6496150Z  * branch            efc61c3afeee514482f1702ffd5f6c07d14ecd2e -> FETCH_HEAD
2026-08-31T08:13:05.6496590Z  * branch            f466826075cc2acbd755ca096f4fdf7a82a27922 -> FETCH_HEAD
2026-08-31T08:13:05.6497050Z From https://github.com/theos/swift-support
2026-08-31T08:13:05.6497430Z  * branch            0093a4ebcc9027c383c5d56d35a4d418d4592658 -> FETCH_HEAD
2026-08-31T08:13:05.6497820Z  * branch            019861f92a7ff16d422a63911e2313c877e1b828 -> FETCH_HEAD
2026-08-31T08:13:05.6498190Z  * branch            0205d5ab2d73fa52a1d9ff3eba0612c4e08c1003 -> FETCH_HEAD
2026-08-31T08:13:05.6498560Z  * branch            26d567b27545ed5830775ae8a487bdf4d67ff4b5 -> FETCH_HEAD
2026-08-31T08:13:05.6498920Z  * branch            2b9346b2e48a72e534d667cd45f83749ae278a15 -> FETCH_HEAD
2026-08-31T08:13:05.6499290Z  * branch            2ca7b66fc689058636242fe898b76df73e4d5609 -> FETCH_HEAD
2026-08-31T08:13:05.6499660Z  * branch            3b0005b557331b5df67913b98d003ec1e87d78bd -> FETCH_HEAD
2026-08-31T08:13:05.6500020Z  * branch            43055290ede755acbd186c398cae72dc4f12247d -> FETCH_HEAD
2026-08-31T08:13:05.6500410Z  * branch            5d427efa62c1bbb137e00e51f378d031b1d15699 -> FETCH_HEAD
2026-08-31T08:13:05.6501180Z  * branch            69b5d150a05272fc6273eaa3801c47d06d7f2813 -> FETCH_HEAD
2026-08-31T08:13:05.6501610Z  * branch            7ca75d0edc2ba7cc6f2928333d617292ac4683dd -> FETCH_HEAD
2026-08-31T08:13:05.6501990Z  * branch            86dd8e6a8dd9eac1195dbdacdc7e79a5c532d1f9 -> FETCH_HEAD
2026-08-31T08:13:05.6502360Z  * branch            b9b4ef3ed1d6a48b5e9e52db2eb27c5c9de35da9 -> FETCH_HEAD
2026-08-31T08:13:05.6502730Z  * branch            bb1ad344db2df5f099335cd6bff6045f71b8438c -> FETCH_HEAD
2026-08-31T08:13:05.6503400Z  * branch            c630ca8723ed631f896e10484934c336a26b83be -> FETCH_HEAD
2026-08-31T08:13:05.6503790Z  * branch            d9af6143ccc1bbd316b898def3fef732f87d9653 -> FETCH_HEAD
2026-08-31T08:13:05.6504170Z  * branch            fd6ff75bb620a4754f124381f0d7bce9bba79ca2 -> FETCH_HEAD
2026-08-31T08:13:05.7609490Z From https://github.com/theos/orion
2026-08-31T08:13:05.7711530Z  * branch            0031cd86865084f8e491182772a10e749cfc4e67 -> FETCH_HEAD
2026-08-31T08:13:05.7813340Z  * branch            06cb86f32e73e48241afa29df0861f55991cca61 -> FETCH_HEAD
2026-08-31T08:13:05.7914470Z  * branch            152dd53a25de653c4870a808ddfefb7e625b3294 -> FETCH_HEAD
2026-08-31T08:13:05.8015510Z  * branch            17357242fb4e60c60d3b86b260fba0a8b75cb11d -> FETCH_HEAD
2026-08-31T08:13:05.8117430Z  * branch            1cd69055ca503b2c6334f64211d3bc937fca4fc0 -> FETCH_HEAD
2026-08-31T08:13:05.8219030Z  * branch            225c463b57b268fcc02380c40356b585682bd67a -> FETCH_HEAD
2026-08-31T08:13:05.8266750Z  * branch            2e4d368231e88c797ab9879f8c018a50f4e25209 -> FETCH_HEAD
2026-08-31T08:13:05.8271250Z  * branch            335ba6eff3bedf06d2745aacca73cd9612dfa314 -> FETCH_HEAD
2026-08-31T08:13:05.8272650Z  * branch            3b7c6dc91fe5ede50c475f7f4f1a9c70ab5289db -> FETCH_HEAD
2026-08-31T08:13:05.8275680Z  * branch            3da7f4e5127e37e33fb6e4bc7de0e51768fbbc60 -> FETCH_HEAD
2026-08-31T08:13:05.8276240Z  * branch            42ea032b7ee01cea0121cbcecd47b998db3ce136 -> FETCH_HEAD
2026-08-31T08:13:05.8276700Z  * branch            485f5cc6f945035afc64027157e2f5cfa7c7059d -> FETCH_HEAD
2026-08-31T08:13:05.8277340Z  * branch            4a80d885e83a049b59cf90c81e40286eed160f08 -> FETCH_HEAD
2026-08-31T08:13:05.8278300Z  * branch            52c0c12b34fc358f04bc3052b82b72c2dfe2f42d -> FETCH_HEAD
2026-08-31T08:13:05.8280550Z  * branch            5a0bc2c9b87f2171b3c58bf3688cc89f39cfe4e7 -> FETCH_HEAD
2026-08-31T08:13:05.8280990Z  * branch            67b3c2a59e016a9951d471e7c9f1852203091753 -> FETCH_HEAD
2026-08-31T08:13:05.8281430Z  * branch            6f8ed1a59e70d7bf7dc5080ef7579ba2b9c975b0 -> FETCH_HEAD
2026-08-31T08:13:05.8281850Z  * branch            78df9785cc985260fb6eb2371876f5d8a3f180c8 -> FETCH_HEAD
2026-08-31T08:13:05.8282260Z  * branch            79b3835410a6f4be2c913334acb2b6a0055d3708 -> FETCH_HEAD
2026-08-31T08:13:05.8282770Z  * branch            9e7333bb9d529b4c41a43248fbdb5d2daf69cb0f -> FETCH_HEAD
2026-08-31T08:13:05.8283490Z  * branch            9eb6b9de83071ef7063c8d52545c87acd43e50ed -> FETCH_HEAD
2026-08-31T08:13:05.8285010Z  * branch            ae9fbf2f3a242506d79a49776f578f055a9ebf3c -> FETCH_HEAD
2026-08-31T08:13:05.8291420Z  * branch            b0349d6d540c956239148a95d05bea6dc559d8f7 -> FETCH_HEAD
2026-08-31T08:13:05.8292260Z  * branch            b4946bb467b450e04be7e25f8dcb5ed55349e2cc -> FETCH_HEAD
2026-08-31T08:13:05.8293050Z  * branch            b799eda1f1e86469db859df5384fb91094b52aed -> FETCH_HEAD
2026-08-31T08:13:05.8293520Z  * branch            b828e186278a3d29a5a10c5f3dea128e5d413a31 -> FETCH_HEAD
2026-08-31T08:13:05.8294060Z  * branch            cea8f533e199ba62cc543b9f44971bb295f9e8d2 -> FETCH_HEAD
2026-08-31T08:13:05.8294550Z  * branch            d4bc4a55170df50c137945923b381af13c1f7f34 -> FETCH_HEAD
2026-08-31T08:13:05.8295020Z  * branch            e37259fe10493ae95fa0d823b5f1469a26dc56db -> FETCH_HEAD
2026-08-31T08:13:05.8295450Z  * branch            e7a029a6bb37424cd9a4c474cb71d3f2a9071d66 -> FETCH_HEAD
2026-08-31T08:13:05.8296620Z  * branch            e8267b7324a2ff9e4a1d9ac0e618a1ee91573ec7 -> FETCH_HEAD
2026-08-31T08:13:05.8297460Z Fetching submodule vendor/orion/fishhook
2026-08-31T08:13:06.6737300Z From https://github.com/facebook/fishhook
2026-08-31T08:13:06.6738120Z  * branch            8ef82f0711494ecc78d16bf6ce76f5ad92e5f67b -> FETCH_HEAD
2026-08-31T08:13:06.9569690Z From https://github.com/theos/logos
2026-08-31T08:13:06.9570450Z  * branch            06726377b5603d03d7deb6c9bdd7b718ad1a63a4 -> FETCH_HEAD
2026-08-31T08:13:06.9571310Z  * branch            067802d95eb531006087d66f8a7b067e5d6bf237 -> FETCH_HEAD
2026-08-31T08:13:06.9571780Z  * branch            0aeaca09cb193a3fb9fb461ae972252585f5c0c8 -> FETCH_HEAD
2026-08-31T08:13:06.9572250Z  * branch            170f048edea7014debf8d628e7da495f5dbe4ea4 -> FETCH_HEAD
2026-08-31T08:13:06.9573060Z  * branch            197cb80c634a403bf812594f4adc9c7fc354271f -> FETCH_HEAD
2026-08-31T08:13:06.9573550Z  * branch            1fa39ebd22e4421eaa778e7dfb0f5d4b02c6f9f4 -> FETCH_HEAD
2026-08-31T08:13:06.9574150Z  * branch            404fed419a566c4d68fae1110a18fce63c85d619 -> FETCH_HEAD
2026-08-31T08:13:06.9574590Z  * branch            40ec61ef0d699ccd6b10dfd5511ede6213a9a278 -> FETCH_HEAD
2026-08-31T08:13:06.9574990Z  * branch            4f35cb65b1bc96ef1d7c9633ef0f6129f0e4036c -> FETCH_HEAD
2026-08-31T08:13:06.9575350Z  * branch            57c507eb9ef2da5765b1b7aab785c032b117d56a -> FETCH_HEAD
2026-08-31T08:13:06.9575750Z  * branch            5f1138cf79cc546e8cde64c93a1dab74b9918c3c -> FETCH_HEAD
2026-08-31T08:13:06.9576130Z  * branch            62814c1d7dbc9158a0f231ded9edc07f94debe23 -> FETCH_HEAD
2026-08-31T08:13:06.9576490Z  * branch            75623490073e68e457fe6680462d11c217d29341 -> FETCH_HEAD
2026-08-31T08:13:06.9576930Z  * branch            75b6c2e81c08c1efff4a4e558ce2e245a8956d10 -> FETCH_HEAD
2026-08-31T08:13:06.9577320Z  * branch            76488dfebd541dbd128994bc12c4647d8182c220 -> FETCH_HEAD
2026-08-31T08:13:06.9577710Z  * branch            7b81c55f97ac7dbd6696ebb4cb36b83900960964 -> FETCH_HEAD
2026-08-31T08:13:06.9578090Z  * branch            81cf08c23f886df2fb1db1d9ce9d87a2edadcceb -> FETCH_HEAD
2026-08-31T08:13:06.9578460Z  * branch            886885b273d38092687616c83ec5f452c3b2e965 -> FETCH_HEAD
2026-08-31T08:13:06.9578810Z  * branch            90051eb040590c25ea66f2dd886d72b8148e8801 -> FETCH_HEAD
2026-08-31T08:13:06.9579190Z  * branch            a54760ea60acf45fa48267b9fb344c0317d9351c -> FETCH_HEAD
2026-08-31T08:13:06.9579560Z  * branch            a733c99539ed9ef2a3914528d8c5522dc2396789 -> FETCH_HEAD
2026-08-31T08:13:06.9579950Z  * branch            ac2070c812f70579879a2b91ca77cb578c795c7b -> FETCH_HEAD
2026-08-31T08:13:06.9580450Z  * branch            c7d1cdbdc36880714dd9052d4f63f9c2a7bc102a -> FETCH_HEAD
2026-08-31T08:13:06.9580890Z  * branch            c920e6bb00854f6e2efe903def4aa87295d58627 -> FETCH_HEAD
2026-08-31T08:13:06.9581300Z  * branch            d57afb4417bca9198c5b165a7a4a07934add5c8b -> FETCH_HEAD
2026-08-31T08:13:06.9581750Z  * branch            e8a95e7ea3554d7ec2fabed3bb84d8e5b19898f4 -> FETCH_HEAD
2026-08-31T08:13:06.9582110Z  * branch            ecd39a797b2d17b6583b782fd661068b30eff61f -> FETCH_HEAD
2026-08-31T08:13:06.9582470Z  * branch            fd66169442a26c3609254a6f83ee383a154ddb8c -> FETCH_HEAD
2026-08-31T08:13:07.1099590Z From https://github.com/theos/headers
2026-08-31T08:13:07.1100260Z  * branch            03c20cce033cfb9eafcb9ecf21c6eaaf0c26a7da -> FETCH_HEAD
2026-08-31T08:13:07.1100790Z  * branch            05405174749d912f7726121fcb5f27de73af0f08 -> FETCH_HEAD
2026-08-31T08:13:07.1101320Z  * branch            09a80f652d65b1caba560d8f50ad4c584d45d6a1 -> FETCH_HEAD
2026-08-31T08:13:07.1101790Z  * branch            0be47c237ef990d2d5c099e81d51f5c49cfe21ac -> FETCH_HEAD
2026-08-31T08:13:07.1102220Z  * branch            10c212801ce4ba99ff410b62637c7d50c3f6a37f -> FETCH_HEAD
2026-08-31T08:13:07.1102710Z  * branch            159a952c71bba3e7e3ae68b16d29c7fc549f5cdc -> FETCH_HEAD
2026-08-31T08:13:07.1103180Z  * branch            1bb142b515f5ff7c0b8e8f7ae173616e8cf2705e -> FETCH_HEAD
2026-08-31T08:13:07.1104090Z  * branch            1c6404be46f71071eb7d33b2ce30de30895bc2be -> FETCH_HEAD
2026-08-31T08:13:07.1104620Z  * branch            1c8c6efb030ff7221d97b8d4864847851aba9a67 -> FETCH_HEAD
2026-08-31T08:13:07.1105140Z  * branch            1fbaaf37d263538ee3e19aa2a78a2fd66f63b241 -> FETCH_HEAD
2026-08-31T08:13:07.1105620Z  * branch            27f17e2c2413d8f18d5d580f30bb0f67159d89be -> FETCH_HEAD
2026-08-31T08:13:07.1106040Z  * branch            28df0feeba0cdb768852e13920ad599c2375c96a -> FETCH_HEAD
2026-08-31T08:13:07.1106820Z  * branch            2c1421a4d6d24a9f930ad74924e628e95d383682 -> FETCH_HEAD
2026-08-31T08:13:07.1107260Z  * branch            30aabe179bb275646086a6249953a9f617395dcb -> FETCH_HEAD
2026-08-31T08:13:07.1107720Z  * branch            387230da73d43e19fff86a8b6cd5d3193ad99c9f -> FETCH_HEAD
2026-08-31T08:13:07.1108160Z  * branch            3998ff8c46acecb3c13dd8a65999111f41464357 -> FETCH_HEAD
2026-08-31T08:13:07.1109200Z  * branch            3ae47e085e9b4dc72613c99503f81f9d8ce093a6 -> FETCH_HEAD
2026-08-31T08:13:07.1109770Z  * branch            3d2c25b9f1202b5d97c374e64b719e7b2e565e8a -> FETCH_HEAD
2026-08-31T08:13:07.1110320Z  * branch            3f26abfa9d7f4d5c0185cf4c99e60086b9ad9ca9 -> FETCH_HEAD
2026-08-31T08:13:07.1120270Z  * branch            49424c3ed7e5545bd53c3250cea9fa45b2fabdd6 -> FETCH_HEAD
2026-08-31T08:13:07.1120930Z  * branch            4c7409e29260a7c47a27d52531a0ebc4bc034e72 -> FETCH_HEAD
2026-08-31T08:13:07.1121340Z  * branch            4daa96661264879b6545a14ac936bca51d8afd7f -> FETCH_HEAD
2026-08-31T08:13:07.1121830Z  * branch            521fa5563c7d6a6bf881d6cc7b36841c35e5e0d2 -> FETCH_HEAD
2026-08-31T08:13:07.1122280Z  * branch            55c97299b7064afd07f6acddeccb3154dd1ee69f -> FETCH_HEAD
2026-08-31T08:13:07.1123000Z  * branch            56bfc22d38c0cfbbbd9317ce9bf58e7915166c59 -> FETCH_HEAD
2026-08-31T08:13:07.1123460Z  * branch            5c13703c2c210a4347fc75dc87031e9cc597626d -> FETCH_HEAD
2026-08-31T08:13:07.1123870Z  * branch            609a308c1333ac3c409307fdd5ae2071981e4242 -> FETCH_HEAD
2026-08-31T08:13:07.1124230Z  * branch            64ba1fb3425ee69d568baa5bb59d22e8b04908af -> FETCH_HEAD
2026-08-31T08:13:07.1124670Z  * branch            6611d3b2c22527283cdcf81cb6c81327fbdcbaff -> FETCH_HEAD
2026-08-31T08:13:07.1125090Z  * branch            69fcaa7d2ecfbb6b2ecd38646f0ff3c9135cabc4 -> FETCH_HEAD
2026-08-31T08:13:07.1125450Z  * branch            6afc5085a16f51a36d0b49b45eaeeb09a13eb810 -> FETCH_HEAD
2026-08-31T08:13:07.1125810Z  * branch            6ee8506035aa5e48e76b423c89d66a4c7406e050 -> FETCH_HEAD
2026-08-31T08:13:07.1126200Z  * branch            6f59e8391b27b169067656601acbed30f4f205cc -> FETCH_HEAD
2026-08-31T08:13:07.1126620Z  * branch            77d639826e51e3f40517cfd96c616127a514e941 -> FETCH_HEAD
2026-08-31T08:13:07.1127050Z  * branch            79dd09fd14441e0e74394c5651de2a7ed0a60ffd -> FETCH_HEAD
2026-08-31T08:13:07.1127500Z  * branch            80bd5638d9e8e2437997f33f9f92f08f0e2705b7 -> FETCH_HEAD
2026-08-31T08:13:07.1127990Z  * branch            80da6b2d0bbe3806b9f6c8b6e43eca29c4c066d4 -> FETCH_HEAD
2026-08-31T08:13:07.1128480Z  * branch            819f49385304805f9a81e4210ae392c620505ea8 -> FETCH_HEAD
2026-08-31T08:13:07.1128920Z  * branch            85ffc75138a5fefce0b699b9e16fa514cb7ffc5c -> FETCH_HEAD
2026-08-31T08:13:07.1129360Z  * branch            889f159f6dd834ac35e193387b823539045cd374 -> FETCH_HEAD
2026-08-31T08:13:07.1129790Z  * branch            8fec425716958c1b709c0459d7f6762b73b2e291 -> FETCH_HEAD
2026-08-31T08:13:07.1130260Z  * branch            9220e3de07a7e24a50bf668796793d9bca5ad4c8 -> FETCH_HEAD
2026-08-31T08:13:07.1130760Z  * branch            9a50a89c6d0a92693427579dd0e4b46565d5d0de -> FETCH_HEAD
2026-08-31T08:13:07.1131210Z  * branch            9f00c9663aff892b512f87666dbfbf8fe4943e84 -> FETCH_HEAD
2026-08-31T08:13:07.1131680Z  * branch            a322ffce6b029caff5ce43e53678d276b2d86ff4 -> FETCH_HEAD
2026-08-31T08:13:07.1132040Z  * branch            aa509d29c41b7d27b201a9f477f0cb4e34dad108 -> FETCH_HEAD
2026-08-31T08:13:07.1133130Z  * branch            ad10b0115808b53cf825e034bc22d66af3481cfc -> FETCH_HEAD
2026-08-31T08:13:07.1133530Z  * branch            ad80ca22becd0748e1f11729b8f88d5c17206178 -> FETCH_HEAD
2026-08-31T08:13:07.1133980Z  * branch            b0b5198bc97bc56668f7fc071ae47a8a9f1e1b10 -> FETCH_HEAD
2026-08-31T08:13:07.1134450Z  * branch            b6ab96de6ba747eb7dd623d47c8865dd674f11fc -> FETCH_HEAD
2026-08-31T08:13:07.1134860Z  * branch            b875591e9b780872861d143cf973c142aace9bdb -> FETCH_HEAD
2026-08-31T08:13:07.1135800Z  * branch            bf8ff89cfa235410ac374e27fadee73982d44296 -> FETCH_HEAD
2026-08-31T08:13:07.1136260Z  * branch            c9f56473e9f2c7b72a2555963c49b7b7579acfbb -> FETCH_HEAD
2026-08-31T08:13:07.1136610Z  * branch            d09634a4dedb6be617f3b576102fc16b9403ba5e -> FETCH_HEAD
2026-08-31T08:13:07.1136990Z  * branch            e61600418fe6fe07f8e30c2c0d0c002ba31b99d1 -> FETCH_HEAD
2026-08-31T08:13:07.1137380Z  * branch            e8a358066f7426c285684aeaaff8ff23b3dd6b61 -> FETCH_HEAD
2026-08-31T08:13:07.1137800Z  * branch            ea1b95dba9530d2017907ec7542d309215d84e15 -> FETCH_HEAD
2026-08-31T08:13:07.1138160Z  * branch            ea969daefb5026b3aaed326b2db2fac80e410df0 -> FETCH_HEAD
2026-08-31T08:13:07.1138510Z  * branch            f3e596d896bae8f07c43cfb00ef55bf6224b4cdc -> FETCH_HEAD
2026-08-31T08:13:07.1138880Z  * branch            f3eef2127548c631b325a0b28c907cc59b1716ac -> FETCH_HEAD
2026-08-31T08:13:07.1139420Z  * branch            f82d323a5a50b4d6e3a21bce0aa20b0e531b118d -> FETCH_HEAD
2026-08-31T08:13:07.1139740Z From https://github.com/theos/lib
2026-08-31T08:13:07.1140040Z  * branch            013ea40121136f36ed67e6bd7dcc1b99613daa98 -> FETCH_HEAD
2026-08-31T08:13:07.1140410Z  * branch            07909619e8911d3ae14b07b9514a8209fe8e57cb -> FETCH_HEAD
2026-08-31T08:13:07.1140750Z  * branch            113e0cd132df53649a6bbee2572b2d39fd2beaa1 -> FETCH_HEAD
2026-08-31T08:13:07.1141100Z  * branch            1144e7b79effdcbdf3c0f2626bde3340365d6c41 -> FETCH_HEAD
2026-08-31T08:13:07.1141450Z  * branch            126a2dd4852ad435991bd8ac761ac56ec39869f2 -> FETCH_HEAD
2026-08-31T08:13:07.1141780Z  * branch            1397f8278d240a27482cbb94dda541ad9a57fd65 -> FETCH_HEAD
2026-08-31T08:13:07.1142130Z  * branch            18dbcbc41f9c95b8c7eaedc553fddfdd6201fd4b -> FETCH_HEAD
2026-08-31T08:13:07.1142490Z  * branch            194675ae21925e7e3efd71d0056222f79ea04aa7 -> FETCH_HEAD
2026-08-31T08:13:07.1142920Z  * branch            1eef222ea55cc5fb3b52435465b06f9b7d6dfba9 -> FETCH_HEAD
2026-08-31T08:13:07.1143270Z  * branch            2b6ab0c074c976d757dff0b4ecfc0efd0b5cdd1d -> FETCH_HEAD
2026-08-31T08:13:07.1143630Z  * branch            306eba89a20109cd37c878f008ef99c4eb8ae88d -> FETCH_HEAD
2026-08-31T08:13:07.1144070Z  * branch            34bb72035653a4abb6594be0a976cc766fcdc9c2 -> FETCH_HEAD
2026-08-31T08:13:07.1144420Z  * branch            3b9ec52b8d4150cfe372e946c7e18f4ea4cada66 -> FETCH_HEAD
2026-08-31T08:13:07.1144780Z  * branch            4047e8cd5e2fa602c6e38412dc7c197eacfbca50 -> FETCH_HEAD
2026-08-31T08:13:07.1145120Z  * branch            41b5b0d1ccdc483eb87b9c721e337c9f9548f456 -> FETCH_HEAD
2026-08-31T08:13:07.1145900Z  * branch            4648559115ed390c528d450c0d4b76689c579f2b -> FETCH_HEAD
2026-08-31T08:13:07.1146350Z  * branch            53ff05006e9a35c03787f05e3b4cdd44ff224452 -> FETCH_HEAD
2026-08-31T08:13:07.1146760Z  * branch            617dcfcbb6b7c28f9a565de872c8c993dbfe13ea -> FETCH_HEAD
2026-08-31T08:13:07.1147170Z  * branch            639633b40f1b3e0b9cedfad7ec1feab2e5432033 -> FETCH_HEAD
2026-08-31T08:13:07.1147520Z  * branch            6e3233aa73e67723cba49f89cabcfe3b2dca6ad9 -> FETCH_HEAD
2026-08-31T08:13:07.1147880Z  * branch            6e454510fa71fe6015f8e4febf44945308c014d3 -> FETCH_HEAD
2026-08-31T08:13:07.1148270Z  * branch            6e55e932c719f5ef42ac20e7e31d28169d5593fd -> FETCH_HEAD
2026-08-31T08:13:07.1148670Z  * branch            845205b1bafbb45a50fa4d5f3f29da097b433b7c -> FETCH_HEAD
2026-08-31T08:13:07.1149280Z  * branch            85494d2d30520edb9bbdf3c4066352811c8884d5 -> FETCH_HEAD
2026-08-31T08:13:07.1149680Z  * branch            8b7f487ee82d6a1357432ab2599f617ce8e5a82e -> FETCH_HEAD
2026-08-31T08:13:07.1150120Z  * branch            8df1bccbc66922d7b5d7b7c86d18dadc1d87ef91 -> FETCH_HEAD
2026-08-31T08:13:07.1150550Z  * branch            92f4e8ddb1a49654181f0414c3eff031cc876bcc -> FETCH_HEAD
2026-08-31T08:13:07.1150900Z  * branch            a27acf42f7d72eb8d7cf52ecf504d1d871155680 -> FETCH_HEAD
2026-08-31T08:13:07.1151500Z  * branch            b1d502cc632ec349f8e2b3df9d7630bad64fd25e -> FETCH_HEAD
2026-08-31T08:13:07.1151870Z  * branch            bc2fee541beb43e92db1c1558db3f34ec584efb8 -> FETCH_HEAD
2026-08-31T08:13:07.1152220Z  * branch            c15cf4f84cf4e8d294bac94aebf7ff0329e27f3f -> FETCH_HEAD
2026-08-31T08:13:07.1152570Z  * branch            c3b877651f50c4f683b9e02dc3e36dad551f5472 -> FETCH_HEAD
2026-08-31T08:13:07.1152920Z  * branch            cae351458c00f823d9ff9acb4695ce65d337671d -> FETCH_HEAD
2026-08-31T08:13:07.1153280Z  * branch            cd9b1d660c48529c9ae8a84becf5bcd147a350de -> FETCH_HEAD
2026-08-31T08:13:07.1153630Z  * branch            d4570cd03387bd9add3ba00449af11b49b1c8160 -> FETCH_HEAD
2026-08-31T08:13:07.1154030Z  * branch            df713f0dcd6efaa0ac9800844a895180ef74b483 -> FETCH_HEAD
2026-08-31T08:13:07.1154390Z  * branch            e66cb6851ea6d5b62898d322b02ce82def1148be -> FETCH_HEAD
2026-08-31T08:13:07.1154930Z  * branch            edb99bc316b019b8579103f189282bf10289e88a -> FETCH_HEAD
2026-08-31T08:13:07.1155400Z  * branch            eeaecc08b2ce111dd056fc2232c1a41be7091a7e -> FETCH_HEAD
2026-08-31T08:13:07.1155760Z  * branch            ef66c7316d186eddfdf4d0cb12a0a35cee41b3fe -> FETCH_HEAD
2026-08-31T08:13:07.1156110Z  * branch            f2a857a00e038df3a92a1c85d4e93b65a30cd7e9 -> FETCH_HEAD
2026-08-31T08:13:07.1156480Z  * branch            fd6b6e58b23b5b2f8f4e5c3757604a73bfdec7ea -> FETCH_HEAD
2026-08-31T08:13:07.1156830Z  * branch            ffeb5055506be882b0732f99673b9ff31795ba7b -> FETCH_HEAD
2026-08-31T08:13:07.1157280Z  * branch            ffec3480ec8016ebb9b13a09017807b62f5c9156 -> FETCH_HEAD
2026-08-31T08:13:07.6679130Z From https://github.com/theos/dm.pl
2026-08-31T08:13:07.6679660Z  * branch            08d522b0b0723c2eff72505bf7cd9ae69614c0c0 -> FETCH_HEAD
2026-08-31T08:13:07.6680490Z  * branch            2f1417d7db30bba7ba58c4275e07b02521f52aa3 -> FETCH_HEAD
2026-08-31T08:13:07.6681070Z  * branch            34471b945dd5865544f0cf0c7d1a3151e6aa4c06 -> FETCH_HEAD
2026-08-31T08:13:07.6681560Z  * branch            3726df3e714e8189c23cb7e0c5505f0dbae2f88f -> FETCH_HEAD
2026-08-31T08:13:07.6682270Z  * branch            431955c2e5a2ca5e62ae773ef7036b1df14c80d7 -> FETCH_HEAD
2026-08-31T08:13:07.6682810Z  * branch            4699b543fdb9d3ebacde0b23db38322d27f20974 -> FETCH_HEAD
2026-08-31T08:13:07.6684540Z  * branch            4d3e455f632f77bbf500e03c3670b7cd951f546f -> FETCH_HEAD
2026-08-31T08:13:07.6684930Z  * branch            5b64eb9355f965f8ab0ffbe8c5ec92b0c8316432 -> FETCH_HEAD
2026-08-31T08:13:07.6685410Z  * branch            88d9005b0dbbfaf6d6e2f4948079e96c7b281957 -> FETCH_HEAD
2026-08-31T08:13:07.6685800Z  * branch            892a7c7266055a93013ab81002a8adcb578a2b25 -> FETCH_HEAD
2026-08-31T08:13:07.6686230Z  * branch            9462015e0f7e82f51b6df05bd223a484a6988042 -> FETCH_HEAD
2026-08-31T08:13:07.6686630Z  * branch            9723deb8b99cd7aa071ec1fad310df2ff80d1cf2 -> FETCH_HEAD
2026-08-31T08:13:07.6687540Z  * branch            af6fcc8ebfef5fc4c31d65b52556474409b2ed97 -> FETCH_HEAD
2026-08-31T08:13:07.6687990Z  * branch            b4f1d815d73a75edb5691ef0634e2264513a3ec8 -> FETCH_HEAD
2026-08-31T08:13:07.6688350Z  * branch            b77a3775a95b6929f5c2c44475eb1d0965e073f1 -> FETCH_HEAD
2026-08-31T08:13:07.6786130Z Already up to date.
2026-08-31T08:13:07.8409770Z 
2026-08-31T08:13:07.8412410Z [0;36m==> [1;36mNotice:[m Visit https://github.com/theos/theos/commits/master to view recent changes.
2026-08-31T08:13:07.8420110Z ##[end-action id=__waruhachi_theos-action.__run_5;outcome=success;conclusion=success;duration_ms=7979]
2026-08-31T08:13:07.8471060Z ##[group]Run make clean package FINALPACKAGE=1 THEOS_PACKAGE_SCHEME=rootless
2026-08-31T08:13:07.8471490Z [36;1mmake clean package FINALPACKAGE=1 THEOS_PACKAGE_SCHEME=rootless[0m
2026-08-31T08:13:07.8503790Z shell: /bin/bash -e {0}
2026-08-31T08:13:07.8503960Z env:
2026-08-31T08:13:07.8504160Z   THEOS: /Users/runner/work/matisu-replica/matisu-replica/theos
2026-08-31T08:13:07.8504430Z ##[endgroup]
2026-08-31T08:13:16.7337460Z [0;36m==> [1;39mCleaning…[m
2026-08-31T08:13:16.8800540Z [1;31m> [1;3;39mMaking all for tweak MatisuAuto…[m
2026-08-31T08:13:19.0409080Z [0;31m==> [1;39mPreprocessing Tweak.xm…[m
2026-08-31T08:13:19.0425060Z [0;31m==> [1;39mPreprocessing Tweak.xm…[m
2026-08-31T08:13:20.4711750Z [0;32m==> [1;39mCompiling ../src/MatisuTouch.m (arm64)…[m
2026-08-31T08:13:20.4776630Z [0;32m==> [1;39mCompiling ../src/MatisuTouch.m (arm64e)…[m
2026-08-31T08:13:22.1429270Z [1m../app/AXNodeDump.m:43:5: [0m[0;1;31merror: [0m[1munknown type name 'fn_CreateApp'[0m
2026-08-31T08:13:22.1430030Z [0;32m==> [1;39mCompiling ../app/AXNodeDump.m (arm64)…[m
2026-08-31T08:13:22.1489490Z    43 |     fn_CreateApp        createApp;[0m
2026-08-31T08:13:22.1490090Z rm /Users/runner/work/matisu-replica/matisu-replica/ios/tweak/.theos/obj/arm64/Tweak.xm.mm
2026-08-31T08:13:22.1501510Z       | [0;1;32m    ^
2026-08-31T08:13:22.1501910Z [0;32m==> [1;39mCompiling ../app/AXNodeDump.m (arm64e)…[m
2026-08-31T08:13:22.1529220Z [0m[1m../app/AXNodeDump.m:72:25: [0m[0;1;31merror: [0m[1muse of undeclared identifier 'fn_CreateApp'[0m
2026-08-31T08:13:22.1559720Z    72 |     AX.createApp     = (fn_CreateApp)dlsym(h, "AXUIElementCreateApplication");[0m
2026-08-31T08:13:22.1568540Z       | [0;1;32m                        ^~~~~~~~~~~~
2026-08-31T08:13:22.1594500Z [0m[1m../app/AXNodeDump.m:367:13: [0m[0;1;31merror: [0m[1mcall to undeclared function 'sysctl'; ISO C99 and later do not support implicit function declarations [-Wimplicit-function-declaration][0m
2026-08-31T08:13:22.1595510Z   367 |         if (sysctl(mib, 4, NULL, &len, NULL, 0) == 0 && len > 0) {[0m
2026-08-31T08:13:22.1596010Z       | [0;1;32m            ^
2026-08-31T08:13:22.1596890Z [0m[1m../app/AXNodeDump.m:367:13: [0m[0;1;31merror: [0m[1mdeclaration of 'sysctl' must be imported from module 'Darwin.sys.sysctl' before it is required[0m
2026-08-31T08:13:22.1598260Z [1m/Applications/Xcode_26.6.app/Contents/Developer/Platforms/iPhoneOS.platform/Developer/SDKs/iPhoneOS26.5.sdk/usr/include/sys/sysctl.h:800:9: [0m[0;1;36mnote: [0mdeclaration here is not visible[0m
2026-08-31T08:13:22.1599300Z   800 | int     sysctl(int *, u_int, void *__sized_by(*oldlenp), size_t *oldlenp,[0m
2026-08-31T08:13:22.1599840Z       | [0;1;32m        ^
2026-08-31T08:13:22.1600980Z [0m[1m../app/AXNodeDump.m:367:13: [0m[0;1;31merror: [0m[1ma function declaration without a prototype is deprecated in all versions of C and is treated as a zero-parameter prototype in C23, conflicting with a previous declaration [-Werror,-Wdeprecated-non-prototype][0m
2026-08-31T08:13:22.1792960Z   367 |         if (sysctl(mib, 4, NULL, &len, NULL, 0) == 0 && len > 0) {[0m
2026-08-31T08:13:22.1821570Z       | [0;1;32m            ^
2026-08-31T08:13:22.1822570Z [0m[1m/Applications/Xcode_26.6.app/Contents/Developer/Platforms/iPhoneOS.platform/Developer/SDKs/iPhoneOS26.5.sdk/usr/include/sys/sysctl.h:800:9: [0m[0;1;36mnote: [0mconflicting prototype is here[0m
2026-08-31T08:13:22.1824230Z   800 | int     sysctl(int *, u_int, void *__sized_by(*oldlenp), size_t *oldlenp,[0m
2026-08-31T08:13:22.1824710Z       | [0;1;32m        ^
2026-08-31T08:13:22.1825370Z [0m[1m../app/AXNodeDump.m:370:39: [0m[0;1;31merror: [0m[1mdefinition of 'kinfo_proc' must be imported from module 'Darwin.sys.sysctl' before it is required[0m
2026-08-31T08:13:22.1826220Z   370 |                 int cnt = (int)(len / sizeof(struct kinfo_proc));[0m
2026-08-31T08:13:22.1827980Z       | [0;1;32m                                      ^
2026-08-31T08:13:22.1829510Z [0m[1m/Applications/Xcode_26.6.app/Contents/Developer/Platforms/iPhoneOS.platform/Developer/SDKs/iPhoneOS26.5.sdk/usr/include/sys/sysctl.h:472:8: [0m[0;1;36mnote: [0mdefinition here is not reachable[0m
2026-08-31T08:13:22.1830480Z   472 | struct kinfo_proc {[0m
2026-08-31T08:13:22.1830770Z       | [0;1;32m       ^
2026-08-31T08:13:22.1831560Z [0m[1m../app/AXNodeDump.m:377:25: [0m[0;1;31merror: [0m[1mcall to undeclared function 'proc_pidpath'; ISO C99 and later do not support implicit function declarations [-Wimplicit-function-declaration][0m
2026-08-31T08:13:22.1832450Z   377 |                     if (proc_pidpath(pid, pbuf, sizeof(pbuf)) <= 0) continue;[0m
2026-08-31T08:13:22.1832860Z       | [0;1;32m                        ^
2026-08-31T08:13:22.1833200Z [0m7 errors generated.
2026-08-31T08:13:22.1834020Z make[3]: *** [/Users/runner/work/matisu-replica/matisu-replica/theos/makefiles/instance/rules.mk:305: /Users/runner/work/matisu-replica/matisu-replica/ios/tweak/.theos/obj/arm64/../app/AXNodeDump.m.d4c5e43e.o] Error 1
2026-08-31T08:13:22.1835520Z make[2]: *** [/Users/runner/work/matisu-replica/matisu-replica/theos/makefiles/instance/library.mk:52: /Users/runner/work/matisu-replica/matisu-replica/ios/tweak/.theos/obj/arm64/MatisuAuto.dylib] Error 2
2026-08-31T08:13:22.1839420Z make[2]: *** Waiting for unfinished jobs....
2026-08-31T08:13:22.1840270Z [1m../app/AXNodeDump.m:43:5: [0m[0;1;31merror: [0m[1munknown type name 'fn_CreateApp'[0m
2026-08-31T08:13:22.1842750Z    43 |     fn_CreateApp        createApp;[0m
2026-08-31T08:13:22.1853310Z       | [0;1;32m    ^
2026-08-31T08:13:22.1859360Z [0m[1m../app/AXNodeDump.m:72:25: [0m[0;1;31merror: [0m[1muse of undeclared identifier 'fn_CreateApp'[0m
2026-08-31T08:13:22.1960950Z    72 |     AX.createApp     = (fn_CreateApp)dlsym(h, "AXUIElementCreateApplication");[0m
2026-08-31T08:13:22.2032810Z       | [0;1;32m                        ^~~~~~~~~~~~
2026-08-31T08:13:22.2034150Z [0m[1m../app/AXNodeDump.m:367:13: [0m[0;1;31merror: [0m[1mcall to undeclared function 'sysctl'; ISO C99 and later do not support implicit function declarations [-Wimplicit-function-declaration][0m
2026-08-31T08:13:22.2036690Z   367 |         if (sysctl(mib, 4, NULL, &len, NULL, 0) == 0 && len > 0) {[0m
2026-08-31T08:13:22.2037090Z       | [0;1;32m            ^
2026-08-31T08:13:22.2037990Z [0m[1m../app/AXNodeDump.m:367:13: [0m[0;1;31merror: [0m[1mdeclaration of 'sysctl' must be imported from module 'Darwin.sys.sysctl' before it is required[0m
2026-08-31T08:13:22.2039360Z [1m/Applications/Xcode_26.6.app/Contents/Developer/Platforms/iPhoneOS.platform/Developer/SDKs/iPhoneOS26.5.sdk/usr/include/sys/sysctl.h:800:9: [0m[0;1;36mnote: [0mdeclaration here is not visible[0m
2026-08-31T08:13:22.2041860Z   800 | int     sysctl(int *, u_int, void *__sized_by(*oldlenp), size_t *oldlenp,[0m
2026-08-31T08:13:22.2043340Z       | [0;1;32m        ^
2026-08-31T08:13:22.2044850Z [0m[1m../app/AXNodeDump.m:367:13: [0m[0;1;31merror: [0m[1ma function declaration without a prototype is deprecated in all versions of C and is treated as a zero-parameter prototype in C23, conflicting with a previous declaration [-Werror,-Wdeprecated-non-prototype][0m
2026-08-31T08:13:22.2046560Z   367 |         if (sysctl(mib, 4, NULL, &len, NULL, 0) == 0 && len > 0) {[0m
2026-08-31T08:13:22.2047060Z       | [0;1;32m            ^
2026-08-31T08:13:22.2048660Z [0m[1m/Applications/Xcode_26.6.app/Contents/Developer/Platforms/iPhoneOS.platform/Developer/SDKs/iPhoneOS26.5.sdk/usr/include/sys/sysctl.h:800:9: [0m[0;1;36mnote: [0mconflicting prototype is here[0m
2026-08-31T08:13:22.2050030Z   800 | int     sysctl(int *, u_int, void *__sized_by(*oldlenp), size_t *oldlenp,[0m
2026-08-31T08:13:22.2050870Z       | [0;1;32m        ^
2026-08-31T08:13:22.2052070Z [0m[1m../app/AXNodeDump.m:370:39: [0m[0;1;31merror: [0m[1mdefinition of 'kinfo_proc' must be imported from module 'Darwin.sys.sysctl' before it is required[0m
2026-08-31T08:13:22.2054010Z   370 |                 int cnt = (int)(len / sizeof(struct kinfo_proc));[0m
2026-08-31T08:13:22.2054830Z       | [0;1;32m                                      ^
2026-08-31T08:13:22.2056150Z [0m[1m/Applications/Xcode_26.6.app/Contents/Developer/Platforms/iPhoneOS.platform/Developer/SDKs/iPhoneOS26.5.sdk/usr/include/sys/sysctl.h:472:8: [0m[0;1;36mnote: [0mdefinition here is not reachable[0m
2026-08-31T08:13:22.2057140Z   472 | struct kinfo_proc {[0m
2026-08-31T08:13:22.2058180Z       | [0;1;32m       ^
2026-08-31T08:13:22.2059690Z [0m[1m../app/AXNodeDump.m:377:25: [0m[0;1;31merror: [0m[1mcall to undeclared function 'proc_pidpath'; ISO C99 and later do not support implicit function declarations [-Wimplicit-function-declaration][0m
2026-08-31T08:13:22.2061890Z   377 |                     if (proc_pidpath(pid, pbuf, sizeof(pbuf)) <= 0) continue;[0m
2026-08-31T08:13:22.2062420Z       | [0;1;32m                        ^
2026-08-31T08:13:22.2063000Z [0m7 errors generated.
2026-08-31T08:13:22.2063930Z make[3]: *** [/Users/runner/work/matisu-replica/matisu-replica/theos/makefiles/instance/rules.mk:305: /Users/runner/work/matisu-replica/matisu-replica/ios/tweak/.theos/obj/arm64e/../app/AXNodeDump.m.7a54b6e7.o] Error 1
2026-08-31T08:13:22.2065670Z make[3]: *** Waiting for unfinished jobs....
2026-08-31T08:13:22.3850450Z [0;32m==> [1;39mCompiling ../app/DeviceInfo.m (arm64e)…[m
2026-08-31T08:13:24.8893670Z [0;32m==> [1;39mCompiling Tweak.xm (arm64e)…[m
2026-08-31T08:13:24.8936290Z make[2]: *** [/Users/runner/work/matisu-replica/matisu-replica/theos/makefiles/instance/library.mk:52: /Users/runner/work/matisu-replica/matisu-replica/ios/tweak/.theos/obj/arm64e/MatisuAuto.dylib] Error 2
2026-08-31T08:13:24.8937930Z make[1]: *** [/Users/runner/work/matisu-replica/matisu-replica/theos/makefiles/instance/library.mk:37: internal-library-all_] Error 2
2026-08-31T08:13:24.8939460Z make: *** [/Users/runner/work/matisu-replica/matisu-replica/theos/makefiles/master/rules.mk:146: MatisuAuto.all.tweak.variables] Error 2
2026-08-31T08:13:24.8979830Z ##[error]Process completed with exit code 2.
2026-08-31T08:13:24.9300780Z Post job cleanup.
2026-08-31T08:13:24.9306880Z ##[start-action display=Theos Cache;id=__2ce66fba-9ad7-4ecd-a7fe-c41a338633ad.theos-cache]
2026-08-31T08:13:24.9309020Z ##[end-action id=__2ce66fba-9ad7-4ecd-a7fe-c41a338633ad.theos-cache;outcome=skipped;conclusion=skipped;duration_ms=0]
2026-08-31T08:13:24.9444230Z Node 20 is being deprecated. This workflow is running with Node 24 by default. If you need to temporarily use Node 20, you can set the ACTIONS_ALLOW_USE_UNSECURE_NODE_VERSION=true environment variable. For more information see: https://github.blog/changelog/2025-09-19-deprecation-of-node-20-on-github-actions-runners/
2026-08-31T08:13:24.9445280Z Post job cleanup.
2026-08-31T08:13:25.1047530Z [command]/opt/homebrew/bin/git version
2026-08-31T08:13:25.1159860Z git version 2.55.0
2026-08-31T08:13:25.1321550Z Copying '/Users/runner/.gitconfig' to '/Users/runner/work/_temp/cc7eec41-50ee-44da-aa25-e0055512abea/.gitconfig'
2026-08-31T08:13:25.1378920Z Temporarily overriding HOME='/Users/runner/work/_temp/cc7eec41-50ee-44da-aa25-e0055512abea' before making global git config changes
2026-08-31T08:13:25.1430370Z Adding repository directory to the temporary git global config as a safe directory
2026-08-31T08:13:25.1450010Z [command]/opt/homebrew/bin/git config --global --add safe.directory /Users/runner/work/matisu-replica/matisu-replica
2026-08-31T08:13:25.1473810Z [command]/opt/homebrew/bin/git config --local --name-only --get-regexp core\.sshCommand
2026-08-31T08:13:25.1507700Z [command]/opt/homebrew/bin/git submodule foreach --recursive sh -c "git config --local --name-only --get-regexp 'core\.sshCommand' && git config --local --unset-all 'core.sshCommand' || :"
2026-08-31T08:13:25.2637560Z [command]/opt/homebrew/bin/git config --local --name-only --get-regexp http\.https\:\/\/github\.com\/\.extraheader
2026-08-31T08:13:25.2692390Z http.https://github.com/.extraheader
2026-08-31T08:13:25.2713090Z [command]/opt/homebrew/bin/git config --local --unset-all http.https://github.com/.extraheader
2026-08-31T08:13:25.2767870Z [command]/opt/homebrew/bin/git submodule foreach --recursive sh -c "git config --local --name-only --get-regexp 'http\.https\:\/\/github\.com\/\.extraheader' && git config --local --unset-all 'http.https://github.com/.extraheader' || :"
2026-08-31T08:13:25.3578110Z [command]/opt/homebrew/bin/git config --local --name-only --get-regexp ^includeIf\.gitdir:
2026-08-31T08:13:25.3636610Z [command]/opt/homebrew/bin/git submodule foreach --recursive git config --local --show-origin --name-only --get-regexp remote.origin.url
2026-08-31T08:13:25.5014640Z Cleaning up orphan processes
2026-08-31T08:13:25.8594690Z ##[warning]Node.js 20 is deprecated. The following actions target Node.js 20 but are being forced to run on Node.js 24: actions/cache@v4, actions/checkout@v4. For more information see: https://github.blog/changelog/2025-09-19-deprecation-of-node-20-on-github-actions-runners/
