2026-08-31T12:05:41.0435950Z Current runner version: '2.336.0'
2026-08-31T12:05:41.0452130Z ##[group]Runner Image Provisioner
2026-08-31T12:05:41.0452700Z Hosted Compute Agent
2026-08-31T12:05:41.0453070Z Version: 20260707.563
2026-08-31T12:05:41.0453470Z Commit: 02667638d2b423fbc733a8e32a88b44996a3ba6e
2026-08-31T12:05:41.0453920Z Build Date: 2026-07-07T19:33:50Z
2026-08-31T12:05:41.0454360Z Worker ID: {f2b6bb69-46fd-4cdf-a649-d4e04bc3cd43}
2026-08-31T12:05:41.0454810Z Azure Region: westus
2026-08-31T12:05:41.0455170Z ##[endgroup]
2026-08-31T12:05:41.0456090Z ##[group]Operating System
2026-08-31T12:05:41.0456460Z macOS
2026-08-31T12:05:41.0456790Z 26.5.2
2026-08-31T12:05:41.0457110Z 25F84
2026-08-31T12:05:41.0457430Z ##[endgroup]
2026-08-31T12:05:41.0457780Z ##[group]Runner Image
2026-08-31T12:05:41.0458370Z Image: macos-26-arm64
2026-08-31T12:05:41.0458750Z Version: 20260728.0273.1
2026-08-31T12:05:41.0459650Z Included Software: https://github.com/actions/runner-images/blob/macos-26-arm64/20260728.0273/images/macos/macos-26-arm64-Readme.md
2026-08-31T12:05:41.0460660Z Image Release: https://github.com/actions/runner-images/releases/tag/macos-26-arm64%2F20260728.0273
2026-08-31T12:05:41.0461360Z ##[endgroup]
2026-08-31T12:05:41.0462220Z ##[group]GITHUB_TOKEN Permissions
2026-08-31T12:05:41.0463650Z Contents: read
2026-08-31T12:05:41.0464000Z Metadata: read
2026-08-31T12:05:41.0464350Z Packages: read
2026-08-31T12:05:41.0464690Z ##[endgroup]
2026-08-31T12:05:41.0466240Z Secret source: Actions
2026-08-31T12:05:41.0466880Z Prepare workflow directory
2026-08-31T12:05:41.0892810Z Prepare all required actions
2026-08-31T12:05:41.0932520Z Getting action download info
2026-08-31T12:05:41.5200320Z Download action repository 'actions/checkout@v4' (SHA:11d5960a326750d5838078e36cf38b85af677262)
2026-08-31T12:05:41.8601290Z Download action repository 'waruhachi/theos-action@v2.4.6' (SHA:9c45aeddc8a587a7b9d4a17d107e6a68b9bc910e)
2026-08-31T12:05:42.2012090Z Download action repository 'actions/upload-artifact@v4' (SHA:ea165f8d65b6e75b540449e92b4886f43607fa02)
2026-08-31T12:05:42.4288570Z Getting action download info
2026-08-31T12:05:42.5649410Z Download action repository 'actions/cache@v4' (SHA:0057852bfaa89a56745cba8c7296529d2fc39830)
2026-08-31T12:05:42.7944000Z Complete job name: build
2026-08-31T12:05:42.8546490Z Node 20 is being deprecated. This workflow is running with Node 24 by default. If you need to temporarily use Node 20, you can set the ACTIONS_ALLOW_USE_UNSECURE_NODE_VERSION=true environment variable. For more information see: https://github.blog/changelog/2025-09-19-deprecation-of-node-20-on-github-actions-runners/
2026-08-31T12:05:42.8555140Z ##[group]Run actions/checkout@v4
2026-08-31T12:05:42.8555830Z with:
2026-08-31T12:05:42.8556320Z   repository: sky5566jf/matisu-replica
2026-08-31T12:05:42.8562230Z   token: ***
2026-08-31T12:05:42.8562680Z   ssh-strict: true
2026-08-31T12:05:42.8563140Z   ssh-user: git
2026-08-31T12:05:42.8563600Z   persist-credentials: true
2026-08-31T12:05:42.8564100Z   clean: true
2026-08-31T12:05:42.8564570Z   sparse-checkout-cone-mode: true
2026-08-31T12:05:42.8565160Z   fetch-depth: 1
2026-08-31T12:05:42.8565610Z   fetch-tags: false
2026-08-31T12:05:42.8566080Z   show-progress: true
2026-08-31T12:05:42.8566550Z   lfs: false
2026-08-31T12:05:42.8567030Z   submodules: false
2026-08-31T12:05:42.8567500Z   set-safe-directory: true
2026-08-31T12:05:42.8568060Z   allow-unsafe-pr-checkout: false
2026-08-31T12:05:42.8568870Z ##[endgroup]
2026-08-31T12:05:43.5887460Z Syncing repository: sky5566jf/matisu-replica
2026-08-31T12:05:43.5890490Z ##[group]Getting Git version info
2026-08-31T12:05:43.5891350Z Working directory is '/Users/runner/work/matisu-replica/matisu-replica'
2026-08-31T12:05:43.5892640Z [command]/opt/homebrew/bin/git version
2026-08-31T12:05:43.6408780Z git version 2.55.0
2026-08-31T12:05:43.6412390Z ##[endgroup]
2026-08-31T12:05:43.6421330Z Copying '/Users/runner/.gitconfig' to '/Users/runner/work/_temp/0d2361fb-9ce8-459d-825a-8c4112acfdfa/.gitconfig'
2026-08-31T12:05:43.6426200Z Temporarily overriding HOME='/Users/runner/work/_temp/0d2361fb-9ce8-459d-825a-8c4112acfdfa' before making global git config changes
2026-08-31T12:05:43.6437350Z Adding repository directory to the temporary git global config as a safe directory
2026-08-31T12:05:43.6442900Z [command]/opt/homebrew/bin/git config --global --add safe.directory /Users/runner/work/matisu-replica/matisu-replica
2026-08-31T12:05:43.6612420Z Deleting the contents of '/Users/runner/work/matisu-replica/matisu-replica'
2026-08-31T12:05:43.6625540Z ##[group]Initializing the repository
2026-08-31T12:05:43.6630140Z [command]/opt/homebrew/bin/git init /Users/runner/work/matisu-replica/matisu-replica
2026-08-31T12:05:43.7097160Z hint: Using 'master' as the name for the initial branch. This default branch name
2026-08-31T12:05:43.7098670Z hint: will change to "main" in Git 3.0. To configure the initial branch name
2026-08-31T12:05:43.7101710Z hint: to use in all of your new repositories, which will suppress this warning,
2026-08-31T12:05:43.7104470Z hint: call:
2026-08-31T12:05:43.7106250Z hint:
2026-08-31T12:05:43.7107990Z hint: 	git config --global init.defaultBranch <name>
2026-08-31T12:05:43.7109660Z hint:
2026-08-31T12:05:43.7111380Z hint: Names commonly chosen instead of 'master' are 'main', 'trunk' and
2026-08-31T12:05:43.7114510Z hint: 'development'. The just-created branch can be renamed via this command:
2026-08-31T12:05:43.7116810Z hint:
2026-08-31T12:05:43.7117920Z hint: 	git branch -m <name>
2026-08-31T12:05:43.7119260Z hint:
2026-08-31T12:05:43.7121020Z hint: Disable this message with "git config set advice.defaultBranchName false"
2026-08-31T12:05:43.7124690Z Initialized empty Git repository in /Users/runner/work/matisu-replica/matisu-replica/.git/
2026-08-31T12:05:43.7129990Z [command]/opt/homebrew/bin/git remote add origin https://github.com/sky5566jf/matisu-replica
2026-08-31T12:05:43.7236410Z ##[endgroup]
2026-08-31T12:05:43.7238770Z ##[group]Disabling automatic garbage collection
2026-08-31T12:05:43.7242780Z [command]/opt/homebrew/bin/git config --local gc.auto 0
2026-08-31T12:05:43.7368010Z ##[endgroup]
2026-08-31T12:05:43.7370280Z ##[group]Setting up auth
2026-08-31T12:05:43.7373000Z [command]/opt/homebrew/bin/git config --local --name-only --get-regexp core\.sshCommand
2026-08-31T12:05:43.7457350Z [command]/opt/homebrew/bin/git submodule foreach --recursive sh -c "git config --local --name-only --get-regexp 'core\.sshCommand' && git config --local --unset-all 'core.sshCommand' || :"
2026-08-31T12:05:43.8805910Z [command]/opt/homebrew/bin/git config --local --name-only --get-regexp http\.https\:\/\/github\.com\/\.extraheader
2026-08-31T12:05:43.8889510Z [command]/opt/homebrew/bin/git submodule foreach --recursive sh -c "git config --local --name-only --get-regexp 'http\.https\:\/\/github\.com\/\.extraheader' && git config --local --unset-all 'http.https://github.com/.extraheader' || :"
2026-08-31T12:05:44.0329750Z [command]/opt/homebrew/bin/git config --local --name-only --get-regexp ^includeIf\.gitdir:
2026-08-31T12:05:44.0641490Z [command]/opt/homebrew/bin/git submodule foreach --recursive git config --local --show-origin --name-only --get-regexp remote.origin.url
2026-08-31T12:05:44.2600690Z [command]/opt/homebrew/bin/git config --local http.https://github.com/.extraheader AUTHORIZATION: basic ***
2026-08-31T12:05:44.2881020Z ##[endgroup]
2026-08-31T12:05:44.2884290Z ##[group]Fetching the repository
2026-08-31T12:05:44.2886790Z [command]/opt/homebrew/bin/git -c protocol.version=2 fetch --no-tags --prune --no-recurse-submodules --depth=1 origin +cd05679807028013c6e82c2dc613e3a670871600:refs/remotes/origin/main
2026-08-31T12:05:44.8429640Z From https://github.com/sky5566jf/matisu-replica
2026-08-31T12:05:44.8432350Z  * [new ref]         cd05679807028013c6e82c2dc613e3a670871600 -> origin/main
2026-08-31T12:05:44.8434750Z ##[endgroup]
2026-08-31T12:05:44.8435680Z ##[group]Determining the checkout info
2026-08-31T12:05:44.8459540Z ##[endgroup]
2026-08-31T12:05:44.8460750Z [command]/opt/homebrew/bin/git sparse-checkout disable
2026-08-31T12:05:44.8563740Z [command]/opt/homebrew/bin/git config --local --unset-all extensions.worktreeConfig
2026-08-31T12:05:44.8665220Z ##[group]Checking out the ref
2026-08-31T12:05:44.8669840Z [command]/opt/homebrew/bin/git checkout --progress --force -B main refs/remotes/origin/main
2026-08-31T12:05:44.9073120Z Switched to a new branch 'main'
2026-08-31T12:05:44.9081390Z branch 'main' set up to track 'origin/main'.
2026-08-31T12:05:44.9085380Z ##[endgroup]
2026-08-31T12:05:44.9236820Z [command]/opt/homebrew/bin/git log -1 --format=%H
2026-08-31T12:05:44.9344750Z cd05679807028013c6e82c2dc613e3a670871600
2026-08-31T12:05:44.9853750Z ##[group]Run waruhachi/theos-action@v2.4.6
2026-08-31T12:05:44.9854330Z with:
2026-08-31T12:05:44.9854780Z   theos-src: theos/theos
2026-08-31T12:05:44.9855220Z   theos-branch: master
2026-08-31T12:05:44.9855680Z   sdks-src: theos/sdks
2026-08-31T12:05:44.9856130Z   sdks-branch: master
2026-08-31T12:05:44.9856550Z   libgcuniversal: false
2026-08-31T12:05:44.9857020Z   libgcuniversal-src: MrGcGamer/LibGcUniversalDocumentation
2026-08-31T12:05:44.9857620Z   libgcuniversal-branch: master
2026-08-31T12:05:44.9858090Z   altlist: false
2026-08-31T12:05:44.9858500Z   altlist-src: opa334/AltList
2026-08-31T12:05:44.9858880Z   altlist-branch: main
2026-08-31T12:05:44.9859250Z ##[endgroup]
2026-08-31T12:05:44.9955280Z ##[start-action display=Adding Theos Environment Variables;id=__waruhachi_theos-action.__run]
2026-08-31T12:05:45.0053550Z ##[group]Run echo "THEOS=/Users/runner/work/matisu-replica/matisu-replica/theos" >> $GITHUB_ENV
2026-08-31T12:05:45.0054550Z [36;1mecho "THEOS=/Users/runner/work/matisu-replica/matisu-replica/theos" >> $GITHUB_ENV[0m
2026-08-31T12:05:45.0106180Z shell: /bin/bash --noprofile --norc -e -o pipefail {0}
2026-08-31T12:05:45.0106840Z ##[endgroup]
2026-08-31T12:05:45.0582090Z ##[end-action id=__waruhachi_theos-action.__run;outcome=success;conclusion=success;duration_ms=62]
2026-08-31T12:05:45.0588430Z ##[start-action display=Generate Cache Key;id=__waruhachi_theos-action.cache-key]
2026-08-31T12:05:45.0652450Z ##[group]Run set -euo pipefail
2026-08-31T12:05:45.0653720Z [36;1mset -euo pipefail[0m
2026-08-31T12:05:45.0655020Z [36;1m[0m
2026-08-31T12:05:45.0656610Z [36;1mtheos_sha=$(gh api -H 'Accept: application/vnd.github.sha' /repos/theos/theos/commits/master)[0m
2026-08-31T12:05:45.0658910Z [36;1msdks_sha=$(gh api -H 'Accept: application/vnd.github.sha' /repos/theos/sdks/commits/master)[0m
2026-08-31T12:05:45.0660510Z [36;1m[0m
2026-08-31T12:05:45.0661520Z [36;1mif [[ "false" == 'true' ]]; then[0m
2026-08-31T12:05:45.0663550Z [36;1m  libgc_sha=$(gh api -H 'Accept: application/vnd.github.sha' /repos/MrGcGamer/LibGcUniversalDocumentation/commits/master)[0m
2026-08-31T12:05:45.0665440Z [36;1melse[0m
2026-08-31T12:05:45.0666370Z [36;1m  libgc_sha="none"[0m
2026-08-31T12:05:45.0667370Z [36;1mfi[0m
2026-08-31T12:05:45.0668240Z [36;1m[0m
2026-08-31T12:05:45.0669200Z [36;1mif [[ "false" == 'true' ]]; then[0m
2026-08-31T12:05:45.0670950Z [36;1m  altlist_sha=$(gh api -H 'Accept: application/vnd.github.sha' /repos/opa334/AltList/commits/main)[0m
2026-08-31T12:05:45.0672730Z [36;1melse[0m
2026-08-31T12:05:45.0673810Z [36;1m  altlist_sha="none"[0m
2026-08-31T12:05:45.0674770Z [36;1mfi[0m
2026-08-31T12:05:45.0675600Z [36;1m[0m
2026-08-31T12:05:45.0677930Z [36;1mecho "key=theos/theos-master-$theos_sha|theos/sdks-master-$sdks_sha|MrGcGamer/LibGcUniversalDocumentation-master-$libgc_sha|opa334/AltList-main-$altlist_sha" >> $GITHUB_OUTPUT[0m
2026-08-31T12:05:45.0741140Z shell: /bin/bash --noprofile --norc -e -o pipefail {0}
2026-08-31T12:05:45.0741710Z env:
2026-08-31T12:05:45.0742230Z   THEOS: /Users/runner/work/matisu-replica/matisu-replica/theos
2026-08-31T12:05:45.0745350Z   GH_TOKEN: ***
2026-08-31T12:05:45.0745690Z ##[endgroup]
2026-08-31T12:05:46.0715790Z ##[end-action id=__waruhachi_theos-action.cache-key;outcome=success;conclusion=success;duration_ms=1012]
2026-08-31T12:05:46.0720310Z ##[start-action display=Install dependencies;id=__waruhachi_theos-action.__run_2]
2026-08-31T12:05:46.0744350Z ##[group]Run set -euo pipefail
2026-08-31T12:05:46.0744680Z [36;1mset -euo pipefail[0m
2026-08-31T12:05:46.0744920Z [36;1m[0m
2026-08-31T12:05:46.0745120Z [36;1mbrew install make ldid[0m
2026-08-31T12:05:46.0745420Z [36;1mecho "$(brew --prefix make)/libexec/gnubin" >> $GITHUB_PATH[0m
2026-08-31T12:05:46.0785130Z shell: /bin/bash --noprofile --norc -e -o pipefail {0}
2026-08-31T12:05:46.0785440Z env:
2026-08-31T12:05:46.0785680Z   THEOS: /Users/runner/work/matisu-replica/matisu-replica/theos
2026-08-31T12:05:46.0785970Z ##[endgroup]
2026-08-31T12:05:50.2157190Z ##[warning]The following taps are not trusted:
  aws/tap

Homebrew is currently ignoring formulae, casks and commands from these taps because tap trust is required.

Untap them with:
  brew untap aws/tap
Trust specific formulae, casks and commands with:
  brew trust --formula <user>/<tap>/<formula>
  brew trust --cask <user>/<tap>/<cask>
  brew trust --command <user>/<tap>/<command>
Whole-tap trust is broader and includes all current and future formulae,
casks and commands from the listed taps. Trust whole taps with:
  brew trust aws/tap
To disable trust checks:
  export HOMEBREW_NO_REQUIRE_TAP_TRUST=1
This is not recommended and will be removed in a later release.
For more information, see:
  https://docs.brew.sh/Tap-Trust
2026-08-31T12:05:50.7262060Z [34m==>[0m [1mWould install 2 formulae:[0m
2026-08-31T12:05:50.7337240Z make ldid
2026-08-31T12:05:50.7355990Z [34m==>[0m [1mDownloading https://ghcr.io/v2/homebrew/core/make/manifests/4.4.1-1[0m
2026-08-31T12:05:51.1157660Z [34m==>[0m [1mDownloading https://ghcr.io/v2/homebrew/core/ldid/manifests/2.1.5_1-1[0m
2026-08-31T12:05:51.3785890Z [34m==>[0m [1mWould install 1 dependency for ldid:[0m
2026-08-31T12:05:51.3787930Z libplist
2026-08-31T12:05:51.3789480Z [32m==>[0m [1mFetching downloads for: [32mmake[39m and [32mldid[39m[0m
2026-08-31T12:05:51.6066520Z ✔︎ Bottle Manifest libplist (2.7.0)
2026-08-31T12:05:51.7730840Z ✔︎ Bottle ldid (2.1.5_1)
2026-08-31T12:05:51.7788080Z ✔︎ Bottle make (4.4.1)
2026-08-31T12:05:51.7914400Z ✔︎ Bottle libplist (2.7.0)
2026-08-31T12:05:51.7947220Z [34m==>[0m [1mPouring make--4.4.1.arm64_tahoe.bottle.1.tar.gz[0m
2026-08-31T12:05:51.9742850Z [34m==>[0m [1mCaveats[0m
2026-08-31T12:05:51.9744610Z GNU "make" has been installed as "gmake".
2026-08-31T12:05:51.9745930Z If you need to use it as "make", you can add a "gnubin" directory
2026-08-31T12:05:51.9752430Z to your PATH from your bashrc like:
2026-08-31T12:05:51.9753200Z 
2026-08-31T12:05:51.9770270Z     PATH="/opt/homebrew/opt/make/libexec/gnubin:$PATH"
2026-08-31T12:05:51.9771280Z [34m==>[0m [1mSummary[0m
2026-08-31T12:05:51.9789880Z 🍺  /opt/homebrew/Cellar/make/4.4.1: 17 files, 1.3MB
2026-08-31T12:05:51.9935460Z [32m==>[0m [1mInstalling ldid dependency: [32mlibplist[39m[0m
2026-08-31T12:05:51.9973050Z [34m==>[0m [1mPouring libplist--2.7.0.arm64_tahoe.bottle.tar.gz[0m
2026-08-31T12:05:52.0333240Z 🍺  /opt/homebrew/Cellar/libplist/2.7.0: 32 files, 605.5KB
2026-08-31T12:05:52.0353050Z [32m==>[0m [1mInstalling [32mldid[39m[0m
2026-08-31T12:05:52.0354210Z [34m==>[0m [1mPouring ldid--2.1.5_1.arm64_tahoe.bottle.1.tar.gz[0m
2026-08-31T12:05:52.1434970Z 🍺  /opt/homebrew/Cellar/ldid/2.1.5_1: 6 files, 271KB
2026-08-31T12:05:52.1546920Z [32m==>[0m [1mCaveats[0m
2026-08-31T12:05:52.1610830Z [34m==>[0m [1mmake[0m
2026-08-31T12:05:52.1611840Z GNU "make" has been installed as "gmake".
2026-08-31T12:05:52.1612940Z If you need to use it as "make", you can add a "gnubin" directory
2026-08-31T12:05:52.1613700Z to your PATH from your bashrc like:
2026-08-31T12:05:52.1616640Z 
2026-08-31T12:05:52.1617230Z     PATH="/opt/homebrew/opt/make/libexec/gnubin:$PATH"
2026-08-31T12:05:52.3296490Z ##[end-action id=__waruhachi_theos-action.__run_2;outcome=success;conclusion=success;duration_ms=6257]
2026-08-31T12:05:52.3302150Z ##[start-action display=Theos Cache;id=__waruhachi_theos-action.theos-cache]
2026-08-31T12:05:52.3470740Z Node 20 is being deprecated. This workflow is running with Node 24 by default. If you need to temporarily use Node 20, you can set the ACTIONS_ALLOW_USE_UNSECURE_NODE_VERSION=true environment variable. For more information see: https://github.blog/changelog/2025-09-19-deprecation-of-node-20-on-github-actions-runners/
2026-08-31T12:05:52.3483910Z ##[group]Run actions/cache@v4
2026-08-31T12:05:52.3484680Z with:
2026-08-31T12:05:52.3485350Z   path: /Users/runner/work/matisu-replica/matisu-replica/theos
2026-08-31T12:05:52.3488280Z   key: theos/theos-master-5280bd038207e14f8bd76f5417aa2fe641c03228|theos/sdks-master-0222fd5413cf4b9af096f37b4621afa2688572f7|MrGcGamer/LibGcUniversalDocumentation-master-none|opa334/AltList-main-none
2026-08-31T12:05:52.3490380Z   enableCrossOsArchive: false
2026-08-31T12:05:52.3491010Z   fail-on-cache-miss: false
2026-08-31T12:05:52.3491520Z   lookup-only: false
2026-08-31T12:05:52.3492090Z   save-always: false
2026-08-31T12:05:52.3492570Z env:
2026-08-31T12:05:52.3493210Z   THEOS: /Users/runner/work/matisu-replica/matisu-replica/theos
2026-08-31T12:05:52.3494230Z ##[endgroup]
2026-08-31T12:05:52.5769230Z (node:4654) [DEP0040] DeprecationWarning: The `punycode` module is deprecated. Please use a userland alternative instead.
2026-08-31T12:05:52.5776220Z (Use `node --trace-deprecation ...` to show where the warning was created)
2026-08-31T12:05:52.8674780Z Cache hit for: theos/theos-master-5280bd038207e14f8bd76f5417aa2fe641c03228|theos/sdks-master-0222fd5413cf4b9af096f37b4621afa2688572f7|MrGcGamer/LibGcUniversalDocumentation-master-none|opa334/AltList-main-none
2026-08-31T12:05:52.8804090Z (node:4654) [DEP0169] DeprecationWarning: `url.parse()` behavior is not standardized and prone to errors that have security implications. Use the WHATWG URL API instead. CVEs are not issued for `url.parse()` vulnerabilities.
2026-08-31T12:05:54.1531090Z Received 0 of 224393996 (0.0%), 0.0 MBs/sec
2026-08-31T12:05:55.1795210Z Received 71303168 of 224393996 (31.8%), 33.5 MBs/sec
2026-08-31T12:05:56.1885710Z Received 134217728 of 224393996 (59.8%), 42.2 MBs/sec
2026-08-31T12:05:57.1868550Z Received 201326592 of 224393996 (89.7%), 47.6 MBs/sec
2026-08-31T12:05:57.5002270Z Received 224393996 of 224393996 (100.0%), 49.3 MBs/sec
2026-08-31T12:05:57.5233490Z Cache Size: ~214 MB (224393996 B)
2026-08-31T12:05:57.5444570Z [command]/opt/homebrew/bin/gtar -xf /Users/runner/work/_temp/e68d7a46-98b8-41d9-9a14-3a71b6d88c1d/cache.tzst -P -C /Users/runner/work/matisu-replica/matisu-replica --delay-directory-restore --use-compress-program unzstd
2026-08-31T12:06:23.0729440Z Cache restored successfully
2026-08-31T12:06:23.1271020Z Cache restored from key: theos/theos-master-5280bd038207e14f8bd76f5417aa2fe641c03228|theos/sdks-master-0222fd5413cf4b9af096f37b4621afa2688572f7|MrGcGamer/LibGcUniversalDocumentation-master-none|opa334/AltList-main-none
2026-08-31T12:06:23.1521210Z ##[end-action id=__waruhachi_theos-action.theos-cache;outcome=success;conclusion=success;duration_ms=30821]
2026-08-31T12:06:23.1527300Z ##[start-action display=Setup Theos;id=__waruhachi_theos-action.__actions_checkout]
2026-08-31T12:06:23.1553350Z ##[end-action id=__waruhachi_theos-action.__actions_checkout;outcome=skipped;conclusion=skipped;duration_ms=0]
2026-08-31T12:06:23.1556060Z ##[start-action display=Setup SDKs;id=__waruhachi_theos-action.__actions_checkout_2]
2026-08-31T12:06:23.1561890Z ##[end-action id=__waruhachi_theos-action.__actions_checkout_2;outcome=skipped;conclusion=skipped;duration_ms=0]
2026-08-31T12:06:23.1564480Z ##[start-action display=Setup LibGcUniversal;id=__waruhachi_theos-action.__actions_checkout_3]
2026-08-31T12:06:23.1573070Z ##[end-action id=__waruhachi_theos-action.__actions_checkout_3;outcome=skipped;conclusion=skipped;duration_ms=0]
2026-08-31T12:06:23.1576090Z ##[start-action display=Install LibGcUniversal;id=__waruhachi_theos-action.__run_3]
2026-08-31T12:06:23.1581610Z ##[end-action id=__waruhachi_theos-action.__run_3;outcome=skipped;conclusion=skipped;duration_ms=0]
2026-08-31T12:06:23.1583930Z ##[start-action display=Setup AltList;id=__waruhachi_theos-action.__actions_checkout_4]
2026-08-31T12:06:23.1590120Z ##[end-action id=__waruhachi_theos-action.__actions_checkout_4;outcome=skipped;conclusion=skipped;duration_ms=0]
2026-08-31T12:06:23.1592260Z ##[start-action display=Install AltList;id=__waruhachi_theos-action.__run_4]
2026-08-31T12:06:23.1597340Z ##[end-action id=__waruhachi_theos-action.__run_4;outcome=skipped;conclusion=skipped;duration_ms=0]
2026-08-31T12:06:23.1599400Z ##[start-action display=Update Theos;id=__waruhachi_theos-action.__run_5]
2026-08-31T12:06:23.1650430Z ##[group]Run $THEOS/bin/update-theos
2026-08-31T12:06:23.1659600Z [36;1m$THEOS/bin/update-theos[0m
2026-08-31T12:06:23.3025950Z shell: /bin/bash --noprofile --norc -e -o pipefail {0}
2026-08-31T12:06:23.3026380Z env:
2026-08-31T12:06:23.3026780Z   THEOS: /Users/runner/work/matisu-replica/matisu-replica/theos
2026-08-31T12:06:23.3027080Z ##[endgroup]
2026-08-31T12:06:24.6277950Z From https://github.com/theos/theos
2026-08-31T12:06:24.6279390Z  * [new branch]      dhowett/dev/experimental-rebased -> origin/dhowett/dev/experimental-rebased
2026-08-31T12:06:24.6280840Z  * [new branch]      dhowett/dev/instance-target -> origin/dhowett/dev/instance-target
2026-08-31T12:06:24.6282060Z  * [new branch]      dhowett/dev/syntel    -> origin/dhowett/dev/syntel
2026-08-31T12:06:24.6283040Z  * [new branch]      dhowett/dev/testing   -> origin/dhowett/dev/testing
2026-08-31T12:06:24.6284340Z  * [new branch]      kabiroberai/arch-schemas -> origin/kabiroberai/arch-schemas
2026-08-31T12:06:24.6285590Z  * [new branch]      kirb/break-stuff      -> origin/kirb/break-stuff
2026-08-31T12:06:24.6287170Z  * [new branch]      kirb/experimental/uikitformac-support -> origin/kirb/experimental/uikitformac-support
2026-08-31T12:06:24.6288840Z  * [new branch]      kirb/rootless         -> origin/kirb/rootless
2026-08-31T12:06:24.6290140Z  * [new branch]      kirb/unfinished/better-troubleshoot -> origin/kirb/unfinished/better-troubleshoot
2026-08-31T12:06:24.6291460Z  * [new branch]      legacy                -> origin/legacy
2026-08-31T12:06:24.6292400Z  * [new branch]      libhooker-rpaths      -> origin/libhooker-rpaths
2026-08-31T12:06:24.6293460Z  * [new branch]      orion                 -> origin/orion
2026-08-31T12:06:24.6294420Z  * [new branch]      orion-dev             -> origin/orion-dev
2026-08-31T12:06:24.6295420Z  * [new branch]      uroboro-minor-changes -> origin/uroboro-minor-changes
2026-08-31T12:06:24.6296570Z  * [new tag]         1.0.0                 -> 1.0.0
2026-08-31T12:06:24.6297380Z  * [new tag]         2.0.0                 -> 2.0.0
2026-08-31T12:06:24.6298230Z  * [new tag]         2.1.0                 -> 2.1.0
2026-08-31T12:06:24.6298990Z  * [new tag]         2.1.1                 -> 2.1.1
2026-08-31T12:06:24.6299720Z  * [new tag]         2.2                   -> 2.2
2026-08-31T12:06:24.6300550Z  * [new tag]         2.3                   -> 2.3
2026-08-31T12:06:24.6301480Z  * [new tag]         2.4                   -> 2.4
2026-08-31T12:06:24.6302170Z  * [new tag]         2.5                   -> 2.5
2026-08-31T12:06:24.8884060Z Fetching submodule vendor/dm.pl
2026-08-31T12:06:25.2509950Z Fetching submodule vendor/lib
2026-08-31T12:06:25.2511200Z Fetching submodule vendor/include
2026-08-31T12:06:25.3553400Z Fetching submodule vendor/orion
2026-08-31T12:06:25.5135170Z Fetching submodule vendor/logos
2026-08-31T12:06:25.5146590Z Fetching submodule vendor/nic
2026-08-31T12:06:26.2059950Z From https://github.com/theos/nic
2026-08-31T12:06:26.2162880Z  * branch            12db01f67994a232f8282f3ae0d0b61314ce0230 -> FETCH_HEAD
2026-08-31T12:06:26.2281300Z  * branch            1f2e89d4acb805a81503ac3ea4c7115ca55f75a1 -> FETCH_HEAD
2026-08-31T12:06:26.2384830Z  * branch            28d562c54f2d335a5f392191e7d2e8f08aca88fa -> FETCH_HEAD
2026-08-31T12:06:26.2486100Z  * branch            40464a39bfb31306521212936dbae3406ef4822c -> FETCH_HEAD
2026-08-31T12:06:26.2595590Z  * branch            6585e1e2d29bcd2452e14f8e92e62c76a1909554 -> FETCH_HEAD
2026-08-31T12:06:26.2697860Z  * branch            794d210f81198c6aef4f0ab8d04bd74ffe149f51 -> FETCH_HEAD
2026-08-31T12:06:26.2802020Z  * branch            8f065ac109706335661a6f8e9edfeacdbff0d80e -> FETCH_HEAD
2026-08-31T12:06:26.2890130Z  * branch            941bbf0173e3c9674331715f433c1ae6f9156362 -> FETCH_HEAD
2026-08-31T12:06:26.2900660Z  * branch            fd02465ca53cdb3bb07b4ff723c517e9a808641c -> FETCH_HEAD
2026-08-31T12:06:26.2927610Z  * branch            fe9f859d3aaba987ed19ef52dbfb57bc02a4973d -> FETCH_HEAD
2026-08-31T12:06:26.3043730Z Fetching submodule vendor/swift-support
2026-08-31T12:06:26.3147320Z Fetching submodule vendor/templates
2026-08-31T12:06:26.5284150Z From https://github.com/theos/templates
2026-08-31T12:06:26.5284770Z  * branch            022f31fd3457c8a0c181cd23b59c2980ca4d36b2 -> FETCH_HEAD
2026-08-31T12:06:26.5285270Z  * branch            0886f5a8ebb6f0e142f9e9a8a8924370939d1146 -> FETCH_HEAD
2026-08-31T12:06:26.5286030Z  * branch            09894865a641bae0b67456a6df6475df8d8a6ac7 -> FETCH_HEAD
2026-08-31T12:06:26.5286570Z  * branch            11488a997e6dc1ac4a5ae8612ab46a6e45394709 -> FETCH_HEAD
2026-08-31T12:06:26.5287050Z  * branch            1576043fbcea15b79a9b7931d93266fc1aedbecc -> FETCH_HEAD
2026-08-31T12:06:26.5287510Z  * branch            300ee0f33196f55ec7a7bb02b05910974216b831 -> FETCH_HEAD
2026-08-31T12:06:26.5288000Z  * branch            349468fc3d8f84cd38080f80f99bfe49a1ddc162 -> FETCH_HEAD
2026-08-31T12:06:26.5288470Z  * branch            3a20da8b1c61ec888ae1a926af3065366094ee77 -> FETCH_HEAD
2026-08-31T12:06:26.5288940Z  * branch            49defb6d052709417bc61e4c0c8f732639b28c1e -> FETCH_HEAD
2026-08-31T12:06:26.5289420Z  * branch            4c75fa2361f67deb4fe6c554e010cb1aaa48ca3d -> FETCH_HEAD
2026-08-31T12:06:26.5289890Z  * branch            5917b9947fbb3099df3c48e1001a3d8b17a8e55a -> FETCH_HEAD
2026-08-31T12:06:26.5290360Z  * branch            645bcd195b44e076474e097990bea47bcb3ed772 -> FETCH_HEAD
2026-08-31T12:06:26.5290820Z  * branch            7d98646871281e5b71e280e8f80d3fc27b69aeef -> FETCH_HEAD
2026-08-31T12:06:26.5291290Z  * branch            7e6b80d6f98c8b1ad4ab05b2e8bc659741d26d02 -> FETCH_HEAD
2026-08-31T12:06:26.5291750Z  * branch            8af2906bf6f6dd13d97302405316bd8a5419a265 -> FETCH_HEAD
2026-08-31T12:06:26.5292210Z  * branch            8d1a9f5a42ae2a48435303ea8fb07c3c1ccbd9d2 -> FETCH_HEAD
2026-08-31T12:06:26.5292750Z  * branch            8d9599b9054c93319ed35b35b3a826e437931904 -> FETCH_HEAD
2026-08-31T12:06:26.5293200Z  * branch            a22176f8b1a1759fec55a3b62c8200cc751f1638 -> FETCH_HEAD
2026-08-31T12:06:26.5293690Z  * branch            b3afce164abdeda0c9b1aa69fdc2f9fec0673792 -> FETCH_HEAD
2026-08-31T12:06:26.5294170Z  * branch            b68586f216239fe73f74326b59b1e66cd0a1b664 -> FETCH_HEAD
2026-08-31T12:06:26.5296430Z  * branch            da6a60b1d3f6bf4b7398000448209cd505eb1a74 -> FETCH_HEAD
2026-08-31T12:06:26.5297880Z  * branch            e3c1d67b1e8faae69b37fb525bd7f2c435ef9dab -> FETCH_HEAD
2026-08-31T12:06:26.5299560Z  * branch            efc61c3afeee514482f1702ffd5f6c07d14ecd2e -> FETCH_HEAD
2026-08-31T12:06:26.5303210Z  * branch            f466826075cc2acbd755ca096f4fdf7a82a27922 -> FETCH_HEAD
2026-08-31T12:06:26.5303830Z From https://github.com/theos/swift-support
2026-08-31T12:06:26.5304260Z  * branch            0093a4ebcc9027c383c5d56d35a4d418d4592658 -> FETCH_HEAD
2026-08-31T12:06:26.5304780Z  * branch            019861f92a7ff16d422a63911e2313c877e1b828 -> FETCH_HEAD
2026-08-31T12:06:26.5305270Z  * branch            0205d5ab2d73fa52a1d9ff3eba0612c4e08c1003 -> FETCH_HEAD
2026-08-31T12:06:26.5306080Z  * branch            26d567b27545ed5830775ae8a487bdf4d67ff4b5 -> FETCH_HEAD
2026-08-31T12:06:26.5306550Z  * branch            2b9346b2e48a72e534d667cd45f83749ae278a15 -> FETCH_HEAD
2026-08-31T12:06:26.5307020Z  * branch            2ca7b66fc689058636242fe898b76df73e4d5609 -> FETCH_HEAD
2026-08-31T12:06:26.5308410Z  * branch            3b0005b557331b5df67913b98d003ec1e87d78bd -> FETCH_HEAD
2026-08-31T12:06:26.5312270Z  * branch            43055290ede755acbd186c398cae72dc4f12247d -> FETCH_HEAD
2026-08-31T12:06:26.5313360Z  * branch            5d427efa62c1bbb137e00e51f378d031b1d15699 -> FETCH_HEAD
2026-08-31T12:06:26.5314520Z  * branch            69b5d150a05272fc6273eaa3801c47d06d7f2813 -> FETCH_HEAD
2026-08-31T12:06:26.5315030Z  * branch            7ca75d0edc2ba7cc6f2928333d617292ac4683dd -> FETCH_HEAD
2026-08-31T12:06:26.5315490Z  * branch            86dd8e6a8dd9eac1195dbdacdc7e79a5c532d1f9 -> FETCH_HEAD
2026-08-31T12:06:26.5316090Z  * branch            b9b4ef3ed1d6a48b5e9e52db2eb27c5c9de35da9 -> FETCH_HEAD
2026-08-31T12:06:26.5316900Z  * branch            bb1ad344db2df5f099335cd6bff6045f71b8438c -> FETCH_HEAD
2026-08-31T12:06:26.5317420Z  * branch            c630ca8723ed631f896e10484934c336a26b83be -> FETCH_HEAD
2026-08-31T12:06:26.5317970Z  * branch            d9af6143ccc1bbd316b898def3fef732f87d9653 -> FETCH_HEAD
2026-08-31T12:06:26.5318470Z  * branch            fd6ff75bb620a4754f124381f0d7bce9bba79ca2 -> FETCH_HEAD
2026-08-31T12:06:27.2301620Z From https://github.com/theos/dm.pl
2026-08-31T12:06:27.2302760Z  * branch            08d522b0b0723c2eff72505bf7cd9ae69614c0c0 -> FETCH_HEAD
2026-08-31T12:06:27.2304490Z  * branch            2f1417d7db30bba7ba58c4275e07b02521f52aa3 -> FETCH_HEAD
2026-08-31T12:06:27.2305050Z  * branch            34471b945dd5865544f0cf0c7d1a3151e6aa4c06 -> FETCH_HEAD
2026-08-31T12:06:27.2305540Z  * branch            3726df3e714e8189c23cb7e0c5505f0dbae2f88f -> FETCH_HEAD
2026-08-31T12:06:27.2305980Z  * branch            431955c2e5a2ca5e62ae773ef7036b1df14c80d7 -> FETCH_HEAD
2026-08-31T12:06:27.2306440Z  * branch            4699b543fdb9d3ebacde0b23db38322d27f20974 -> FETCH_HEAD
2026-08-31T12:06:27.2306870Z  * branch            4d3e455f632f77bbf500e03c3670b7cd951f546f -> FETCH_HEAD
2026-08-31T12:06:27.2307290Z  * branch            5b64eb9355f965f8ab0ffbe8c5ec92b0c8316432 -> FETCH_HEAD
2026-08-31T12:06:27.2307730Z  * branch            88d9005b0dbbfaf6d6e2f4948079e96c7b281957 -> FETCH_HEAD
2026-08-31T12:06:27.2308160Z  * branch            892a7c7266055a93013ab81002a8adcb578a2b25 -> FETCH_HEAD
2026-08-31T12:06:27.2308610Z  * branch            9462015e0f7e82f51b6df05bd223a484a6988042 -> FETCH_HEAD
2026-08-31T12:06:27.2309050Z  * branch            9723deb8b99cd7aa071ec1fad310df2ff80d1cf2 -> FETCH_HEAD
2026-08-31T12:06:27.2309440Z  * branch            af6fcc8ebfef5fc4c31d65b52556474409b2ed97 -> FETCH_HEAD
2026-08-31T12:06:27.2311570Z  * branch            b4f1d815d73a75edb5691ef0634e2264513a3ec8 -> FETCH_HEAD
2026-08-31T12:06:27.2312750Z  * branch            b77a3775a95b6929f5c2c44475eb1d0965e073f1 -> FETCH_HEAD
2026-08-31T12:06:27.3417410Z From https://github.com/theos/orion
2026-08-31T12:06:27.3418310Z  * branch            0031cd86865084f8e491182772a10e749cfc4e67 -> FETCH_HEAD
2026-08-31T12:06:27.3419430Z  * branch            06cb86f32e73e48241afa29df0861f55991cca61 -> FETCH_HEAD
2026-08-31T12:06:27.3420570Z  * branch            152dd53a25de653c4870a808ddfefb7e625b3294 -> FETCH_HEAD
2026-08-31T12:06:27.3421970Z  * branch            17357242fb4e60c60d3b86b260fba0a8b75cb11d -> FETCH_HEAD
2026-08-31T12:06:27.3422980Z  * branch            1cd69055ca503b2c6334f64211d3bc937fca4fc0 -> FETCH_HEAD
2026-08-31T12:06:27.3423930Z  * branch            225c463b57b268fcc02380c40356b585682bd67a -> FETCH_HEAD
2026-08-31T12:06:27.3424870Z  * branch            2e4d368231e88c797ab9879f8c018a50f4e25209 -> FETCH_HEAD
2026-08-31T12:06:27.3425810Z  * branch            335ba6eff3bedf06d2745aacca73cd9612dfa314 -> FETCH_HEAD
2026-08-31T12:06:27.3426770Z  * branch            3b7c6dc91fe5ede50c475f7f4f1a9c70ab5289db -> FETCH_HEAD
2026-08-31T12:06:27.3427750Z  * branch            3da7f4e5127e37e33fb6e4bc7de0e51768fbbc60 -> FETCH_HEAD
2026-08-31T12:06:27.3428690Z  * branch            42ea032b7ee01cea0121cbcecd47b998db3ce136 -> FETCH_HEAD
2026-08-31T12:06:27.3429650Z  * branch            485f5cc6f945035afc64027157e2f5cfa7c7059d -> FETCH_HEAD
2026-08-31T12:06:27.3430600Z  * branch            4a80d885e83a049b59cf90c81e40286eed160f08 -> FETCH_HEAD
2026-08-31T12:06:27.3431640Z  * branch            52c0c12b34fc358f04bc3052b82b72c2dfe2f42d -> FETCH_HEAD
2026-08-31T12:06:27.3433700Z  * branch            5a0bc2c9b87f2171b3c58bf3688cc89f39cfe4e7 -> FETCH_HEAD
2026-08-31T12:06:27.3434650Z  * branch            67b3c2a59e016a9951d471e7c9f1852203091753 -> FETCH_HEAD
2026-08-31T12:06:27.3435600Z  * branch            6f8ed1a59e70d7bf7dc5080ef7579ba2b9c975b0 -> FETCH_HEAD
2026-08-31T12:06:27.3436530Z  * branch            78df9785cc985260fb6eb2371876f5d8a3f180c8 -> FETCH_HEAD
2026-08-31T12:06:27.3437480Z  * branch            79b3835410a6f4be2c913334acb2b6a0055d3708 -> FETCH_HEAD
2026-08-31T12:06:27.3439000Z  * branch            9e7333bb9d529b4c41a43248fbdb5d2daf69cb0f -> FETCH_HEAD
2026-08-31T12:06:27.3440000Z  * branch            9eb6b9de83071ef7063c8d52545c87acd43e50ed -> FETCH_HEAD
2026-08-31T12:06:27.3440970Z  * branch            ae9fbf2f3a242506d79a49776f578f055a9ebf3c -> FETCH_HEAD
2026-08-31T12:06:27.3442060Z  * branch            b0349d6d540c956239148a95d05bea6dc559d8f7 -> FETCH_HEAD
2026-08-31T12:06:27.3443050Z  * branch            b4946bb467b450e04be7e25f8dcb5ed55349e2cc -> FETCH_HEAD
2026-08-31T12:06:27.3444240Z  * branch            b799eda1f1e86469db859df5384fb91094b52aed -> FETCH_HEAD
2026-08-31T12:06:27.3445210Z  * branch            b828e186278a3d29a5a10c5f3dea128e5d413a31 -> FETCH_HEAD
2026-08-31T12:06:27.3446120Z  * branch            cea8f533e199ba62cc543b9f44971bb295f9e8d2 -> FETCH_HEAD
2026-08-31T12:06:27.3446500Z  * branch            d4bc4a55170df50c137945923b381af13c1f7f34 -> FETCH_HEAD
2026-08-31T12:06:27.3446890Z  * branch            e37259fe10493ae95fa0d823b5f1469a26dc56db -> FETCH_HEAD
2026-08-31T12:06:27.3447290Z  * branch            e7a029a6bb37424cd9a4c474cb71d3f2a9071d66 -> FETCH_HEAD
2026-08-31T12:06:27.3447660Z  * branch            e8267b7324a2ff9e4a1d9ac0e618a1ee91573ec7 -> FETCH_HEAD
2026-08-31T12:06:27.3448070Z Fetching submodule vendor/orion/fishhook
2026-08-31T12:06:27.5904130Z From https://github.com/facebook/fishhook
2026-08-31T12:06:27.6006100Z  * branch            8ef82f0711494ecc78d16bf6ce76f5ad92e5f67b -> FETCH_HEAD
2026-08-31T12:06:27.6137080Z From https://github.com/theos/headers
2026-08-31T12:06:27.6240670Z  * branch            03c20cce033cfb9eafcb9ecf21c6eaaf0c26a7da -> FETCH_HEAD
2026-08-31T12:06:27.6391850Z  * branch            05405174749d912f7726121fcb5f27de73af0f08 -> FETCH_HEAD
2026-08-31T12:06:27.6493510Z  * branch            09a80f652d65b1caba560d8f50ad4c584d45d6a1 -> FETCH_HEAD
2026-08-31T12:06:27.6630190Z  * branch            0be47c237ef990d2d5c099e81d51f5c49cfe21ac -> FETCH_HEAD
2026-08-31T12:06:27.6748460Z  * branch            10c212801ce4ba99ff410b62637c7d50c3f6a37f -> FETCH_HEAD
2026-08-31T12:06:27.6880060Z  * branch            159a952c71bba3e7e3ae68b16d29c7fc549f5cdc -> FETCH_HEAD
2026-08-31T12:06:27.6983420Z  * branch            1bb142b515f5ff7c0b8e8f7ae173616e8cf2705e -> FETCH_HEAD
2026-08-31T12:06:27.7085130Z  * branch            1c6404be46f71071eb7d33b2ce30de30895bc2be -> FETCH_HEAD
2026-08-31T12:06:27.7198910Z  * branch            1c8c6efb030ff7221d97b8d4864847851aba9a67 -> FETCH_HEAD
2026-08-31T12:06:27.7304070Z  * branch            1fbaaf37d263538ee3e19aa2a78a2fd66f63b241 -> FETCH_HEAD
2026-08-31T12:06:27.7590670Z  * branch            27f17e2c2413d8f18d5d580f30bb0f67159d89be -> FETCH_HEAD
2026-08-31T12:06:27.7697260Z  * branch            28df0feeba0cdb768852e13920ad599c2375c96a -> FETCH_HEAD
2026-08-31T12:06:27.7798950Z  * branch            2c1421a4d6d24a9f930ad74924e628e95d383682 -> FETCH_HEAD
2026-08-31T12:06:27.7900260Z  * branch            30aabe179bb275646086a6249953a9f617395dcb -> FETCH_HEAD
2026-08-31T12:06:27.8002300Z  * branch            387230da73d43e19fff86a8b6cd5d3193ad99c9f -> FETCH_HEAD
2026-08-31T12:06:27.8104820Z  * branch            3998ff8c46acecb3c13dd8a65999111f41464357 -> FETCH_HEAD
2026-08-31T12:06:27.8207530Z  * branch            3ae47e085e9b4dc72613c99503f81f9d8ce093a6 -> FETCH_HEAD
2026-08-31T12:06:27.8309130Z  * branch            3d2c25b9f1202b5d97c374e64b719e7b2e565e8a -> FETCH_HEAD
2026-08-31T12:06:27.8410440Z  * branch            3f26abfa9d7f4d5c0185cf4c99e60086b9ad9ca9 -> FETCH_HEAD
2026-08-31T12:06:27.8420960Z  * branch            49424c3ed7e5545bd53c3250cea9fa45b2fabdd6 -> FETCH_HEAD
2026-08-31T12:06:27.8422040Z  * branch            4c7409e29260a7c47a27d52531a0ebc4bc034e72 -> FETCH_HEAD
2026-08-31T12:06:27.8423150Z  * branch            4daa96661264879b6545a14ac936bca51d8afd7f -> FETCH_HEAD
2026-08-31T12:06:27.8441480Z  * branch            521fa5563c7d6a6bf881d6cc7b36841c35e5e0d2 -> FETCH_HEAD
2026-08-31T12:06:27.8442190Z  * branch            55c97299b7064afd07f6acddeccb3154dd1ee69f -> FETCH_HEAD
2026-08-31T12:06:27.8487530Z  * branch            56bfc22d38c0cfbbbd9317ce9bf58e7915166c59 -> FETCH_HEAD
2026-08-31T12:06:27.8545480Z  * branch            5c13703c2c210a4347fc75dc87031e9cc597626d -> FETCH_HEAD
2026-08-31T12:06:27.8547840Z  * branch            609a308c1333ac3c409307fdd5ae2071981e4242 -> FETCH_HEAD
2026-08-31T12:06:27.8550480Z  * branch            64ba1fb3425ee69d568baa5bb59d22e8b04908af -> FETCH_HEAD
2026-08-31T12:06:27.8566410Z  * branch            6611d3b2c22527283cdcf81cb6c81327fbdcbaff -> FETCH_HEAD
2026-08-31T12:06:27.8567650Z  * branch            69fcaa7d2ecfbb6b2ecd38646f0ff3c9135cabc4 -> FETCH_HEAD
2026-08-31T12:06:27.8568660Z  * branch            6afc5085a16f51a36d0b49b45eaeeb09a13eb810 -> FETCH_HEAD
2026-08-31T12:06:27.8579680Z  * branch            6ee8506035aa5e48e76b423c89d66a4c7406e050 -> FETCH_HEAD
2026-08-31T12:06:27.8589940Z  * branch            6f59e8391b27b169067656601acbed30f4f205cc -> FETCH_HEAD
2026-08-31T12:06:27.8591940Z  * branch            77d639826e51e3f40517cfd96c616127a514e941 -> FETCH_HEAD
2026-08-31T12:06:27.8592560Z  * branch            79dd09fd14441e0e74394c5651de2a7ed0a60ffd -> FETCH_HEAD
2026-08-31T12:06:27.8600940Z  * branch            80bd5638d9e8e2437997f33f9f92f08f0e2705b7 -> FETCH_HEAD
2026-08-31T12:06:27.8601400Z  * branch            80da6b2d0bbe3806b9f6c8b6e43eca29c4c066d4 -> FETCH_HEAD
2026-08-31T12:06:27.8601830Z  * branch            819f49385304805f9a81e4210ae392c620505ea8 -> FETCH_HEAD
2026-08-31T12:06:27.8602240Z  * branch            85ffc75138a5fefce0b699b9e16fa514cb7ffc5c -> FETCH_HEAD
2026-08-31T12:06:27.8602690Z  * branch            889f159f6dd834ac35e193387b823539045cd374 -> FETCH_HEAD
2026-08-31T12:06:27.8603100Z  * branch            8fec425716958c1b709c0459d7f6762b73b2e291 -> FETCH_HEAD
2026-08-31T12:06:27.8603500Z  * branch            9220e3de07a7e24a50bf668796793d9bca5ad4c8 -> FETCH_HEAD
2026-08-31T12:06:27.8603920Z  * branch            9a50a89c6d0a92693427579dd0e4b46565d5d0de -> FETCH_HEAD
2026-08-31T12:06:27.8604340Z  * branch            9f00c9663aff892b512f87666dbfbf8fe4943e84 -> FETCH_HEAD
2026-08-31T12:06:27.8604750Z  * branch            a322ffce6b029caff5ce43e53678d276b2d86ff4 -> FETCH_HEAD
2026-08-31T12:06:27.8605210Z  * branch            aa509d29c41b7d27b201a9f477f0cb4e34dad108 -> FETCH_HEAD
2026-08-31T12:06:27.8605670Z  * branch            ad10b0115808b53cf825e034bc22d66af3481cfc -> FETCH_HEAD
2026-08-31T12:06:27.8606070Z  * branch            ad80ca22becd0748e1f11729b8f88d5c17206178 -> FETCH_HEAD
2026-08-31T12:06:27.8606460Z  * branch            b0b5198bc97bc56668f7fc071ae47a8a9f1e1b10 -> FETCH_HEAD
2026-08-31T12:06:27.8606900Z  * branch            b6ab96de6ba747eb7dd623d47c8865dd674f11fc -> FETCH_HEAD
2026-08-31T12:06:27.8607310Z  * branch            b875591e9b780872861d143cf973c142aace9bdb -> FETCH_HEAD
2026-08-31T12:06:27.8607960Z  * branch            bf8ff89cfa235410ac374e27fadee73982d44296 -> FETCH_HEAD
2026-08-31T12:06:27.8608440Z  * branch            c9f56473e9f2c7b72a2555963c49b7b7579acfbb -> FETCH_HEAD
2026-08-31T12:06:27.8608840Z  * branch            d09634a4dedb6be617f3b576102fc16b9403ba5e -> FETCH_HEAD
2026-08-31T12:06:27.8616830Z  * branch            e61600418fe6fe07f8e30c2c0d0c002ba31b99d1 -> FETCH_HEAD
2026-08-31T12:06:27.8622900Z  * branch            e8a358066f7426c285684aeaaff8ff23b3dd6b61 -> FETCH_HEAD
2026-08-31T12:06:27.8624180Z  * branch            ea1b95dba9530d2017907ec7542d309215d84e15 -> FETCH_HEAD
2026-08-31T12:06:27.8625390Z  * branch            ea969daefb5026b3aaed326b2db2fac80e410df0 -> FETCH_HEAD
2026-08-31T12:06:27.8626460Z  * branch            f3e596d896bae8f07c43cfb00ef55bf6224b4cdc -> FETCH_HEAD
2026-08-31T12:06:27.8626880Z  * branch            f3eef2127548c631b325a0b28c907cc59b1716ac -> FETCH_HEAD
2026-08-31T12:06:27.8627760Z  * branch            f82d323a5a50b4d6e3a21bce0aa20b0e531b118d -> FETCH_HEAD
2026-08-31T12:06:27.8628110Z From https://github.com/theos/logos
2026-08-31T12:06:27.8628430Z  * branch            06726377b5603d03d7deb6c9bdd7b718ad1a63a4 -> FETCH_HEAD
2026-08-31T12:06:27.8629600Z  * branch            067802d95eb531006087d66f8a7b067e5d6bf237 -> FETCH_HEAD
2026-08-31T12:06:27.8630560Z  * branch            0aeaca09cb193a3fb9fb461ae972252585f5c0c8 -> FETCH_HEAD
2026-08-31T12:06:27.8631120Z  * branch            170f048edea7014debf8d628e7da495f5dbe4ea4 -> FETCH_HEAD
2026-08-31T12:06:27.8631540Z  * branch            197cb80c634a403bf812594f4adc9c7fc354271f -> FETCH_HEAD
2026-08-31T12:06:27.8631920Z  * branch            1fa39ebd22e4421eaa778e7dfb0f5d4b02c6f9f4 -> FETCH_HEAD
2026-08-31T12:06:27.8632300Z  * branch            404fed419a566c4d68fae1110a18fce63c85d619 -> FETCH_HEAD
2026-08-31T12:06:27.8632660Z  * branch            40ec61ef0d699ccd6b10dfd5511ede6213a9a278 -> FETCH_HEAD
2026-08-31T12:06:27.8633060Z  * branch            4f35cb65b1bc96ef1d7c9633ef0f6129f0e4036c -> FETCH_HEAD
2026-08-31T12:06:27.8633440Z  * branch            57c507eb9ef2da5765b1b7aab785c032b117d56a -> FETCH_HEAD
2026-08-31T12:06:27.8633800Z  * branch            5f1138cf79cc546e8cde64c93a1dab74b9918c3c -> FETCH_HEAD
2026-08-31T12:06:27.8634150Z  * branch            62814c1d7dbc9158a0f231ded9edc07f94debe23 -> FETCH_HEAD
2026-08-31T12:06:27.8634520Z  * branch            75623490073e68e457fe6680462d11c217d29341 -> FETCH_HEAD
2026-08-31T12:06:27.8634940Z  * branch            75b6c2e81c08c1efff4a4e558ce2e245a8956d10 -> FETCH_HEAD
2026-08-31T12:06:27.8635380Z  * branch            76488dfebd541dbd128994bc12c4647d8182c220 -> FETCH_HEAD
2026-08-31T12:06:27.8635830Z  * branch            7b81c55f97ac7dbd6696ebb4cb36b83900960964 -> FETCH_HEAD
2026-08-31T12:06:27.8636210Z  * branch            81cf08c23f886df2fb1db1d9ce9d87a2edadcceb -> FETCH_HEAD
2026-08-31T12:06:27.8636570Z  * branch            886885b273d38092687616c83ec5f452c3b2e965 -> FETCH_HEAD
2026-08-31T12:06:27.8636910Z  * branch            90051eb040590c25ea66f2dd886d72b8148e8801 -> FETCH_HEAD
2026-08-31T12:06:27.8637260Z  * branch            a54760ea60acf45fa48267b9fb344c0317d9351c -> FETCH_HEAD
2026-08-31T12:06:27.8637600Z  * branch            a733c99539ed9ef2a3914528d8c5522dc2396789 -> FETCH_HEAD
2026-08-31T12:06:27.8637950Z  * branch            ac2070c812f70579879a2b91ca77cb578c795c7b -> FETCH_HEAD
2026-08-31T12:06:27.8638300Z  * branch            c7d1cdbdc36880714dd9052d4f63f9c2a7bc102a -> FETCH_HEAD
2026-08-31T12:06:27.8638660Z  * branch            c920e6bb00854f6e2efe903def4aa87295d58627 -> FETCH_HEAD
2026-08-31T12:06:27.8639010Z  * branch            d57afb4417bca9198c5b165a7a4a07934add5c8b -> FETCH_HEAD
2026-08-31T12:06:27.8639360Z  * branch            e8a95e7ea3554d7ec2fabed3bb84d8e5b19898f4 -> FETCH_HEAD
2026-08-31T12:06:27.8639710Z  * branch            ecd39a797b2d17b6583b782fd661068b30eff61f -> FETCH_HEAD
2026-08-31T12:06:27.8640060Z  * branch            fd66169442a26c3609254a6f83ee383a154ddb8c -> FETCH_HEAD
2026-08-31T12:06:28.0397930Z From https://github.com/theos/lib
2026-08-31T12:06:28.0446700Z  * branch            013ea40121136f36ed67e6bd7dcc1b99613daa98 -> FETCH_HEAD
2026-08-31T12:06:28.0449770Z  * branch            07909619e8911d3ae14b07b9514a8209fe8e57cb -> FETCH_HEAD
2026-08-31T12:06:28.0450280Z  * branch            113e0cd132df53649a6bbee2572b2d39fd2beaa1 -> FETCH_HEAD
2026-08-31T12:06:28.0450990Z  * branch            1144e7b79effdcbdf3c0f2626bde3340365d6c41 -> FETCH_HEAD
2026-08-31T12:06:28.0451400Z  * branch            126a2dd4852ad435991bd8ac761ac56ec39869f2 -> FETCH_HEAD
2026-08-31T12:06:28.0451810Z  * branch            1397f8278d240a27482cbb94dda541ad9a57fd65 -> FETCH_HEAD
2026-08-31T12:06:28.0452220Z  * branch            18dbcbc41f9c95b8c7eaedc553fddfdd6201fd4b -> FETCH_HEAD
2026-08-31T12:06:28.0453560Z  * branch            194675ae21925e7e3efd71d0056222f79ea04aa7 -> FETCH_HEAD
2026-08-31T12:06:28.0453980Z  * branch            1eef222ea55cc5fb3b52435465b06f9b7d6dfba9 -> FETCH_HEAD
2026-08-31T12:06:28.0454390Z  * branch            2b6ab0c074c976d757dff0b4ecfc0efd0b5cdd1d -> FETCH_HEAD
2026-08-31T12:06:28.0454880Z  * branch            306eba89a20109cd37c878f008ef99c4eb8ae88d -> FETCH_HEAD
2026-08-31T12:06:28.0455290Z  * branch            34bb72035653a4abb6594be0a976cc766fcdc9c2 -> FETCH_HEAD
2026-08-31T12:06:28.0455890Z  * branch            3b9ec52b8d4150cfe372e946c7e18f4ea4cada66 -> FETCH_HEAD
2026-08-31T12:06:28.0456330Z  * branch            4047e8cd5e2fa602c6e38412dc7c197eacfbca50 -> FETCH_HEAD
2026-08-31T12:06:28.0456820Z  * branch            41b5b0d1ccdc483eb87b9c721e337c9f9548f456 -> FETCH_HEAD
2026-08-31T12:06:28.0457210Z  * branch            4648559115ed390c528d450c0d4b76689c579f2b -> FETCH_HEAD
2026-08-31T12:06:28.0457640Z  * branch            53ff05006e9a35c03787f05e3b4cdd44ff224452 -> FETCH_HEAD
2026-08-31T12:06:28.0458110Z  * branch            617dcfcbb6b7c28f9a565de872c8c993dbfe13ea -> FETCH_HEAD
2026-08-31T12:06:28.0458600Z  * branch            639633b40f1b3e0b9cedfad7ec1feab2e5432033 -> FETCH_HEAD
2026-08-31T12:06:28.0459000Z  * branch            6e3233aa73e67723cba49f89cabcfe3b2dca6ad9 -> FETCH_HEAD
2026-08-31T12:06:28.0459490Z  * branch            6e454510fa71fe6015f8e4febf44945308c014d3 -> FETCH_HEAD
2026-08-31T12:06:28.0459950Z  * branch            6e55e932c719f5ef42ac20e7e31d28169d5593fd -> FETCH_HEAD
2026-08-31T12:06:28.0460350Z  * branch            845205b1bafbb45a50fa4d5f3f29da097b433b7c -> FETCH_HEAD
2026-08-31T12:06:28.0460740Z  * branch            85494d2d30520edb9bbdf3c4066352811c8884d5 -> FETCH_HEAD
2026-08-31T12:06:28.0461140Z  * branch            8b7f487ee82d6a1357432ab2599f617ce8e5a82e -> FETCH_HEAD
2026-08-31T12:06:28.0461540Z  * branch            8df1bccbc66922d7b5d7b7c86d18dadc1d87ef91 -> FETCH_HEAD
2026-08-31T12:06:28.0461940Z  * branch            92f4e8ddb1a49654181f0414c3eff031cc876bcc -> FETCH_HEAD
2026-08-31T12:06:28.0462900Z  * branch            a27acf42f7d72eb8d7cf52ecf504d1d871155680 -> FETCH_HEAD
2026-08-31T12:06:28.0463310Z  * branch            b1d502cc632ec349f8e2b3df9d7630bad64fd25e -> FETCH_HEAD
2026-08-31T12:06:28.0463720Z  * branch            bc2fee541beb43e92db1c1558db3f34ec584efb8 -> FETCH_HEAD
2026-08-31T12:06:28.0464560Z  * branch            c15cf4f84cf4e8d294bac94aebf7ff0329e27f3f -> FETCH_HEAD
2026-08-31T12:06:28.0465040Z  * branch            c3b877651f50c4f683b9e02dc3e36dad551f5472 -> FETCH_HEAD
2026-08-31T12:06:28.0465460Z  * branch            cae351458c00f823d9ff9acb4695ce65d337671d -> FETCH_HEAD
2026-08-31T12:06:28.0465860Z  * branch            cd9b1d660c48529c9ae8a84becf5bcd147a350de -> FETCH_HEAD
2026-08-31T12:06:28.0466260Z  * branch            d4570cd03387bd9add3ba00449af11b49b1c8160 -> FETCH_HEAD
2026-08-31T12:06:28.0466660Z  * branch            df713f0dcd6efaa0ac9800844a895180ef74b483 -> FETCH_HEAD
2026-08-31T12:06:28.0467070Z  * branch            e66cb6851ea6d5b62898d322b02ce82def1148be -> FETCH_HEAD
2026-08-31T12:06:28.0467460Z  * branch            edb99bc316b019b8579103f189282bf10289e88a -> FETCH_HEAD
2026-08-31T12:06:28.0467870Z  * branch            eeaecc08b2ce111dd056fc2232c1a41be7091a7e -> FETCH_HEAD
2026-08-31T12:06:28.0468320Z  * branch            ef66c7316d186eddfdf4d0cb12a0a35cee41b3fe -> FETCH_HEAD
2026-08-31T12:06:28.0468770Z  * branch            f2a857a00e038df3a92a1c85d4e93b65a30cd7e9 -> FETCH_HEAD
2026-08-31T12:06:28.0469180Z  * branch            fd6b6e58b23b5b2f8f4e5c3757604a73bfdec7ea -> FETCH_HEAD
2026-08-31T12:06:28.0469570Z  * branch            ffeb5055506be882b0732f99673b9ff31795ba7b -> FETCH_HEAD
2026-08-31T12:06:28.0469970Z  * branch            ffec3480ec8016ebb9b13a09017807b62f5c9156 -> FETCH_HEAD
2026-08-31T12:06:28.0532350Z Already up to date.
2026-08-31T12:06:28.2794200Z 
2026-08-31T12:06:28.2796520Z [0;36m==> [1;36mNotice:[m Visit https://github.com/theos/theos/commits/master to view recent changes.
2026-08-31T12:06:28.2804120Z ##[end-action id=__waruhachi_theos-action.__run_5;outcome=success;conclusion=success;duration_ms=5120]
2026-08-31T12:06:28.2864340Z ##[group]Run make clean package FINALPACKAGE=1 THEOS_PACKAGE_SCHEME=rootless
2026-08-31T12:06:28.2865790Z [36;1mmake clean package FINALPACKAGE=1 THEOS_PACKAGE_SCHEME=rootless[0m
2026-08-31T12:06:28.2931380Z shell: /bin/bash -e {0}
2026-08-31T12:06:28.2931580Z env:
2026-08-31T12:06:28.2931800Z   THEOS: /Users/runner/work/matisu-replica/matisu-replica/theos
2026-08-31T12:06:28.2932080Z ##[endgroup]
2026-08-31T12:06:37.8870340Z [0;36m==> [1;39mCleaning…[m
2026-08-31T12:06:38.0773840Z [1;31m> [1;3;39mMaking all for tweak MatisuAuto…[m
2026-08-31T12:06:40.7223280Z [0;31m==> [1;39mPreprocessing Tweak.xm…[m
2026-08-31T12:06:40.7246490Z [0;31m==> [1;39mPreprocessing Tweak.xm…[m
2026-08-31T12:06:42.4916480Z [0;32m==> [1;39mCompiling ../src/MatisuTouch.m (arm64)…[m
2026-08-31T12:06:42.5018800Z [0;32m==> [1;39mCompiling ../src/MatisuTouch.m (arm64e)…[m
2026-08-31T12:06:45.3507340Z [0;32m==> [1;39mCompiling ../app/AXNodeDump.m (arm64e)…[m
2026-08-31T12:06:45.4048340Z [0;32m==> [1;39mCompiling ../app/DeviceInfo.m (arm64e)…[m
2026-08-31T12:06:45.4155640Z [0;32m==> [1;39mCompiling ../app/AXNodeDump.m (arm64)…[m
2026-08-31T12:06:45.5948700Z [0;32m==> [1;39mCompiling ../app/DeviceInfo.m (arm64)…[m
2026-08-31T12:06:48.4865900Z [0;32m==> [1;39mCompiling Tweak.xm (arm64e)…[m
2026-08-31T12:06:48.4968340Z [0;32m==> [1;39mCompiling Tweak.xm (arm64)…[m
2026-08-31T12:06:49.4017700Z ld: warning: -undefined dynamic_lookup is deprecated on iOS
2026-08-31T12:06:49.4020000Z [0;33m==> [1;39mLinking tweak MatisuAuto (arm64)…[m
2026-08-31T12:06:49.4022560Z ld: warning: -multiply_defined is obsolete
2026-08-31T12:06:49.4023510Z [0;34m==> [1;39mGenerating debug symbols for MatisuAuto…[m
2026-08-31T12:06:49.4036130Z ld: warning: -undefined dynamic_lookup is deprecated on iOS
2026-08-31T12:06:49.4037110Z [0;34m==> [1;39mStripping MatisuAuto (arm64)…[m
2026-08-31T12:06:49.4057460Z ld: warning: -multiply_defined is obsolete
2026-08-31T12:06:49.4058790Z [0;33m==> [1;39mLinking tweak MatisuAuto (arm64e)…[m
2026-08-31T12:06:49.4104550Z [0;34m==> [1;39mGenerating debug symbols for MatisuAuto…[m
2026-08-31T12:06:49.4127780Z [0;34m==> [1;39mStripping MatisuAuto (arm64e)…[m
2026-08-31T12:06:49.4182970Z [0;34m==> [1;39mMerging tweak MatisuAuto…[m
2026-08-31T12:06:49.4849420Z [0;34m==> [1;39mSigning MatisuAuto…[m
2026-08-31T12:06:49.8079240Z [1;31m> [1;3;39mMaking stage for tweak MatisuAuto…[m
2026-08-31T12:06:51.6458830Z dm.pl: building package `com.matisu.auto.tweak:iphoneos-arm64' in `./packages/com.matisu.auto.tweak_0.1.0_iphoneos-arm64.deb'
2026-08-31T12:06:51.7316590Z ##[group]Run make clean
2026-08-31T12:06:51.7317140Z [36;1mmake clean[0m
2026-08-31T12:06:51.7317490Z [36;1mmake FINALPACKAGE=1[0m
2026-08-31T12:06:51.7317920Z [36;1mBIN=$(find .theos/obj/MatisuAuto.app -name MatisuAuto -type f 2>/dev/null | head -1)[0m
2026-08-31T12:06:51.7318520Z [36;1m[ -z "$BIN" ] && { echo "!! binary not built"; exit 1; }[0m
2026-08-31T12:06:51.7319000Z [36;1mrm -rf /tmp/tipa[0m
2026-08-31T12:06:51.7319300Z [36;1mmkdir -p /tmp/tipa/Payload/MatisuAuto.app[0m
2026-08-31T12:06:51.7319740Z [36;1mcp "$BIN" /tmp/tipa/Payload/MatisuAuto.app/MatisuAuto[0m
2026-08-31T12:06:51.7320170Z [36;1mcp Info.plist Entitlements.plist /tmp/tipa/Payload/MatisuAuto.app/[0m
2026-08-31T12:06:51.7320710Z [36;1mLDID="$THEOS/bin/ldid"; [ -x "$LDID" ] || LDID=$(command -v ldid || true)[0m
2026-08-31T12:06:51.7321160Z [36;1mif [ -n "$LDID" ]; then[0m
2026-08-31T12:06:51.7321820Z [36;1m  "$LDID" -SEntitlements.plist /tmp/tipa/Payload/MatisuAuto.app/MatisuAuto && echo "signed with ldid"[0m
2026-08-31T12:06:51.7322450Z [36;1melse[0m
2026-08-31T12:06:51.7322780Z [36;1m  echo "!! ldid not found; TrollStore will re-sign on install"[0m
2026-08-31T12:06:51.7323210Z [36;1mfi[0m
2026-08-31T12:06:51.7323520Z [36;1mecho "== tipa app contents =="[0m
2026-08-31T12:06:51.7324680Z [36;1mls -la /tmp/tipa/Payload/MatisuAuto.app[0m
2026-08-31T12:06:51.7325200Z [36;1mcd /tmp/tipa && zip -r "$GITHUB_WORKSPACE/matisu-auto.tipa" Payload[0m
2026-08-31T12:06:51.7325790Z [36;1mecho "tipa size: $(wc -c < $GITHUB_WORKSPACE/matisu-auto.tipa) bytes"[0m
2026-08-31T12:06:51.7561670Z shell: /bin/bash -e {0}
2026-08-31T12:06:51.7562460Z env:
2026-08-31T12:06:51.7563660Z   THEOS: /Users/runner/work/matisu-replica/matisu-replica/theos
2026-08-31T12:06:51.7564480Z ##[endgroup]
2026-08-31T12:06:52.9872370Z [0;36m==> [1;39mCleaning…[m
2026-08-31T12:06:54.2400430Z [1;31m> [1;3;39mMaking all for application MatisuAuto…[m
2026-08-31T12:06:59.1151730Z [0;32m==> [1;39mCompiling AppDelegate.mm (arm64)…[m
2026-08-31T12:06:59.2189780Z [0;32m==> [1;39mCompiling main.mm (arm64e)…[m
2026-08-31T12:06:59.2804150Z [0;32m==> [1;39mCompiling AppDelegate.mm (arm64e)…[m
2026-08-31T12:06:59.3577510Z [0;32m==> [1;39mCompiling TouchInject.mm (arm64e)…[m
2026-08-31T12:06:59.3919440Z [0;32m==> [1;39mCompiling main.mm (arm64)…[m
2026-08-31T12:06:59.4630890Z [0;32m==> [1;39mCompiling ControlServer.mm (arm64e)…[m
2026-08-31T12:06:59.5311740Z [0;32m==> [1;39mCompiling TouchInject.mm (arm64)…[m
2026-08-31T12:06:59.6883170Z [0;32m==> [1;39mCompiling ControlServer.mm (arm64)…[m
2026-08-31T12:07:01.5692400Z [0;32m==> [1;39mCompiling ScreenShot.m (arm64e)…[m
2026-08-31T12:07:01.7045860Z [0;32m==> [1;39mCompiling AXNodeDump.m (arm64e)…[m
2026-08-31T12:07:01.7464030Z [0;32m==> [1;39mCompiling DeviceInfo.m (arm64e)…[m
2026-08-31T12:07:01.8241910Z [0;32m==> [1;39mCompiling ScreenShot.m (arm64)…[m
2026-08-31T12:07:01.9054260Z [0;32m==> [1;39mCompiling LuaEngine.mm (arm64e)…[m
2026-08-31T12:07:01.9916490Z [1mColorFind.m:27:18: [0m[0;1;31merror: [0m[1mproperty 'length' not found on object of type 'id'[0m
2026-08-31T12:07:01.9917090Z [0;32m==> [1;39mCompiling ColorFind.m (arm64e)…[m
2026-08-31T12:07:01.9933150Z    27 |     if (parts[0].length != 6) return NO;[0m
2026-08-31T12:07:01.9942720Z       | [0;1;32m                 ^
2026-08-31T12:07:01.9968840Z [0m[1mColorFind.m:28:30: [0m[0;1;31merror: [0m[1mproperty 'UTF8String' not found on object of type 'id'[0m
2026-08-31T12:07:01.9969820Z [0;32m==> [1;39mCompiling AXNodeDump.m (arm64)…[m
2026-08-31T12:07:01.9972620Z    28 |     const char *c = parts[0].UTF8String;[0m
2026-08-31T12:07:01.9973220Z       | [0;1;32m                             ^
2026-08-31T12:07:01.9976120Z [0m2 errors generated.
2026-08-31T12:07:01.9995490Z make[3]: *** [/Users/runner/work/matisu-replica/matisu-replica/theos/makefiles/instance/rules.mk:305: /Users/runner/work/matisu-replica/matisu-replica/ios/app/.theos/obj/arm64e/ColorFind.m.32122412.o] Error 1
2026-08-31T12:07:01.9999240Z make[3]: *** Waiting for unfinished jobs....
2026-08-31T12:07:02.1080720Z make[2]: *** [/Users/runner/work/matisu-replica/matisu-replica/theos/makefiles/instance/application.mk:50: /Users/runner/work/matisu-replica/matisu-replica/ios/app/.theos/obj/arm64e/MatisuAuto.app/MatisuAuto] Error 2
2026-08-31T12:07:02.1081940Z [0;32m==> [1;39mCompiling sthid/STHIDEventGenerator.mm (arm64e)…[m
2026-08-31T12:07:02.1184980Z make[2]: *** Waiting for unfinished jobs....
2026-08-31T12:07:02.1288900Z [0;32m==> [1;39mCompiling DeviceInfo.m (arm64)…[m
2026-08-31T12:07:02.2023700Z [1mColorFind.m:27:18: [0m[0;1;31merror: [0m[1mproperty 'length' not found on object of type 'id'[0m
2026-08-31T12:07:02.2024410Z [0;32m==> [1;39mCompiling ColorFind.m (arm64)…[m
2026-08-31T12:07:02.2124290Z    27 |     if (parts[0].length != 6) return NO;[0m
2026-08-31T12:07:02.2129030Z       | [0;1;32m                 ^
2026-08-31T12:07:02.2131970Z [0m[1mColorFind.m:28:30: [0m[0;1;31merror: [0m[1mproperty 'UTF8String' not found on object of type 'id'[0m
2026-08-31T12:07:02.2133620Z    28 |     const char *c = parts[0].UTF8String;[0m
2026-08-31T12:07:02.2134820Z       | [0;1;32m                             ^
2026-08-31T12:07:02.2135910Z [0m2 errors generated.
2026-08-31T12:07:02.2144960Z make[3]: *** [/Users/runner/work/matisu-replica/matisu-replica/theos/makefiles/instance/rules.mk:305: /Users/runner/work/matisu-replica/matisu-replica/ios/app/.theos/obj/arm64/ColorFind.m.0f995478.o] Error 1
2026-08-31T12:07:02.2147040Z make[3]: *** Waiting for unfinished jobs....
2026-08-31T12:07:02.2337860Z [0;32m==> [1;39mCompiling LuaEngine.mm (arm64)…[m
2026-08-31T12:07:02.3507820Z [0;32m==> [1;39mCompiling sthid/STHIDEventGenerator.mm (arm64)…[m
2026-08-31T12:07:02.3611140Z make[2]: *** [/Users/runner/work/matisu-replica/matisu-replica/theos/makefiles/instance/application.mk:50: /Users/runner/work/matisu-replica/matisu-replica/ios/app/.theos/obj/arm64/MatisuAuto.app/MatisuAuto] Error 2
2026-08-31T12:07:02.3627490Z make[1]: *** [/Users/runner/work/matisu-replica/matisu-replica/theos/makefiles/instance/application.mk:41: internal-application-all_] Error 2
2026-08-31T12:07:02.3729490Z make: *** [/Users/runner/work/matisu-replica/matisu-replica/theos/makefiles/master/rules.mk:146: MatisuAuto.all.application.variables] Error 2
2026-08-31T12:07:02.3765870Z ##[error]Process completed with exit code 2.
2026-08-31T12:07:02.4120650Z Post job cleanup.
2026-08-31T12:07:02.4127320Z ##[start-action display=Theos Cache;id=__e6adc8ba-9df9-41d4-9bcb-10c618bde3b7.theos-cache]
2026-08-31T12:07:02.4130080Z ##[end-action id=__e6adc8ba-9df9-41d4-9bcb-10c618bde3b7.theos-cache;outcome=skipped;conclusion=skipped;duration_ms=0]
2026-08-31T12:07:02.4219140Z Node 20 is being deprecated. This workflow is running with Node 24 by default. If you need to temporarily use Node 20, you can set the ACTIONS_ALLOW_USE_UNSECURE_NODE_VERSION=true environment variable. For more information see: https://github.blog/changelog/2025-09-19-deprecation-of-node-20-on-github-actions-runners/
2026-08-31T12:07:02.4220240Z Post job cleanup.
2026-08-31T12:07:02.8949220Z [command]/opt/homebrew/bin/git version
2026-08-31T12:07:02.9325140Z git version 2.55.0
2026-08-31T12:07:02.9366200Z Copying '/Users/runner/.gitconfig' to '/Users/runner/work/_temp/052f2f1f-ca3c-44ef-9fdb-ac51b417d934/.gitconfig'
2026-08-31T12:07:02.9385330Z Temporarily overriding HOME='/Users/runner/work/_temp/052f2f1f-ca3c-44ef-9fdb-ac51b417d934' before making global git config changes
2026-08-31T12:07:02.9387790Z Adding repository directory to the temporary git global config as a safe directory
2026-08-31T12:07:02.9396440Z [command]/opt/homebrew/bin/git config --global --add safe.directory /Users/runner/work/matisu-replica/matisu-replica
2026-08-31T12:07:02.9559420Z [command]/opt/homebrew/bin/git config --local --name-only --get-regexp core\.sshCommand
2026-08-31T12:07:02.9638290Z [command]/opt/homebrew/bin/git submodule foreach --recursive sh -c "git config --local --name-only --get-regexp 'core\.sshCommand' && git config --local --unset-all 'core.sshCommand' || :"
2026-08-31T12:07:03.1264620Z [command]/opt/homebrew/bin/git config --local --name-only --get-regexp http\.https\:\/\/github\.com\/\.extraheader
2026-08-31T12:07:03.1383460Z http.https://github.com/.extraheader
2026-08-31T12:07:03.1398220Z [command]/opt/homebrew/bin/git config --local --unset-all http.https://github.com/.extraheader
2026-08-31T12:07:03.1489090Z [command]/opt/homebrew/bin/git submodule foreach --recursive sh -c "git config --local --name-only --get-regexp 'http\.https\:\/\/github\.com\/\.extraheader' && git config --local --unset-all 'http.https://github.com/.extraheader' || :"
2026-08-31T12:07:03.2843310Z [command]/opt/homebrew/bin/git config --local --name-only --get-regexp ^includeIf\.gitdir:
2026-08-31T12:07:03.3148530Z [command]/opt/homebrew/bin/git submodule foreach --recursive git config --local --show-origin --name-only --get-regexp remote.origin.url
2026-08-31T12:07:03.5070200Z Cleaning up orphan processes
2026-08-31T12:07:05.2405240Z ##[warning]Node.js 20 is deprecated. The following actions target Node.js 20 but are being forced to run on Node.js 24: actions/cache@v4, actions/checkout@v4. For more information see: https://github.blog/changelog/2025-09-19-deprecation-of-node-20-on-github-actions-runners/
