2026-08-31T12:03:04.0838850Z Current runner version: '2.336.0'
2026-08-31T12:03:04.0861930Z ##[group]Runner Image Provisioner
2026-08-31T12:03:04.0862610Z Hosted Compute Agent
2026-08-31T12:03:04.0862990Z Version: 20260707.563
2026-08-31T12:03:04.0863450Z Commit: 02667638d2b423fbc733a8e32a88b44996a3ba6e
2026-08-31T12:03:04.0863980Z Build Date: 2026-07-07T19:33:50Z
2026-08-31T12:03:04.0864510Z Worker ID: {5bcec22d-3477-484f-8332-23fbb289a3d8}
2026-08-31T12:03:04.0865090Z Azure Region: westus
2026-08-31T12:03:04.0865450Z ##[endgroup]
2026-08-31T12:03:04.0867410Z ##[group]Operating System
2026-08-31T12:03:04.0867870Z macOS
2026-08-31T12:03:04.0868220Z 26.5.2
2026-08-31T12:03:04.0868580Z 25F84
2026-08-31T12:03:04.0868980Z ##[endgroup]
2026-08-31T12:03:04.0869420Z ##[group]Runner Image
2026-08-31T12:03:04.0869890Z Image: macos-26-arm64
2026-08-31T12:03:04.0870360Z Version: 20260728.0273.1
2026-08-31T12:03:04.0871250Z Included Software: https://github.com/actions/runner-images/blob/macos-26-arm64/20260728.0273/images/macos/macos-26-arm64-Readme.md
2026-08-31T12:03:04.0873120Z Image Release: https://github.com/actions/runner-images/releases/tag/macos-26-arm64%2F20260728.0273
2026-08-31T12:03:04.0873830Z ##[endgroup]
2026-08-31T12:03:04.0874740Z ##[group]GITHUB_TOKEN Permissions
2026-08-31T12:03:04.0876320Z Contents: read
2026-08-31T12:03:04.0876720Z Metadata: read
2026-08-31T12:03:04.0877070Z Packages: read
2026-08-31T12:03:04.0877450Z ##[endgroup]
2026-08-31T12:03:04.0879240Z Secret source: Actions
2026-08-31T12:03:04.0879900Z Prepare workflow directory
2026-08-31T12:03:04.1196870Z Prepare all required actions
2026-08-31T12:03:04.1234370Z Getting action download info
2026-08-31T12:03:04.5461570Z Download action repository 'actions/checkout@v4' (SHA:11d5960a326750d5838078e36cf38b85af677262)
2026-08-31T12:03:04.8819270Z Download action repository 'waruhachi/theos-action@v2.4.6' (SHA:9c45aeddc8a587a7b9d4a17d107e6a68b9bc910e)
2026-08-31T12:03:05.2998020Z Download action repository 'actions/upload-artifact@v4' (SHA:ea165f8d65b6e75b540449e92b4886f43607fa02)
2026-08-31T12:03:05.6364360Z Getting action download info
2026-08-31T12:03:05.7778220Z Download action repository 'actions/cache@v4' (SHA:0057852bfaa89a56745cba8c7296529d2fc39830)
2026-08-31T12:03:06.0261400Z Complete job name: build
2026-08-31T12:03:06.1206100Z Node 20 is being deprecated. This workflow is running with Node 24 by default. If you need to temporarily use Node 20, you can set the ACTIONS_ALLOW_USE_UNSECURE_NODE_VERSION=true environment variable. For more information see: https://github.blog/changelog/2025-09-19-deprecation-of-node-20-on-github-actions-runners/
2026-08-31T12:03:06.1213780Z ##[group]Run actions/checkout@v4
2026-08-31T12:03:06.1214330Z with:
2026-08-31T12:03:06.1214770Z   repository: sky5566jf/matisu-replica
2026-08-31T12:03:06.1218140Z   token: ***
2026-08-31T12:03:06.1218510Z   ssh-strict: true
2026-08-31T12:03:06.1218860Z   ssh-user: git
2026-08-31T12:03:06.1219220Z   persist-credentials: true
2026-08-31T12:03:06.1219660Z   clean: true
2026-08-31T12:03:06.1220050Z   sparse-checkout-cone-mode: true
2026-08-31T12:03:06.1220530Z   fetch-depth: 1
2026-08-31T12:03:06.1220940Z   fetch-tags: false
2026-08-31T12:03:06.1221300Z   show-progress: true
2026-08-31T12:03:06.1221650Z   lfs: false
2026-08-31T12:03:06.1222030Z   submodules: false
2026-08-31T12:03:06.1222380Z   set-safe-directory: true
2026-08-31T12:03:06.1222780Z   allow-unsafe-pr-checkout: false
2026-08-31T12:03:06.1223470Z ##[endgroup]
2026-08-31T12:03:06.6882440Z Syncing repository: sky5566jf/matisu-replica
2026-08-31T12:03:06.6884140Z ##[group]Getting Git version info
2026-08-31T12:03:06.6884920Z Working directory is '/Users/runner/work/matisu-replica/matisu-replica'
2026-08-31T12:03:06.6886050Z [command]/opt/homebrew/bin/git version
2026-08-31T12:03:06.7344780Z git version 2.55.0
2026-08-31T12:03:06.7363640Z ##[endgroup]
2026-08-31T12:03:06.7375330Z Copying '/Users/runner/.gitconfig' to '/Users/runner/work/_temp/4bede650-d7b1-444a-b1a7-ee7245e3f81f/.gitconfig'
2026-08-31T12:03:06.7380220Z Temporarily overriding HOME='/Users/runner/work/_temp/4bede650-d7b1-444a-b1a7-ee7245e3f81f' before making global git config changes
2026-08-31T12:03:06.7386880Z Adding repository directory to the temporary git global config as a safe directory
2026-08-31T12:03:06.7390990Z [command]/opt/homebrew/bin/git config --global --add safe.directory /Users/runner/work/matisu-replica/matisu-replica
2026-08-31T12:03:06.7565560Z Deleting the contents of '/Users/runner/work/matisu-replica/matisu-replica'
2026-08-31T12:03:06.7573040Z ##[group]Initializing the repository
2026-08-31T12:03:06.7576300Z [command]/opt/homebrew/bin/git init /Users/runner/work/matisu-replica/matisu-replica
2026-08-31T12:03:06.7937620Z hint: Using 'master' as the name for the initial branch. This default branch name
2026-08-31T12:03:06.7944260Z hint: will change to "main" in Git 3.0. To configure the initial branch name
2026-08-31T12:03:06.7945880Z hint: to use in all of your new repositories, which will suppress this warning,
2026-08-31T12:03:06.7947200Z hint: call:
2026-08-31T12:03:06.7951110Z hint:
2026-08-31T12:03:06.7953450Z hint: 	git config --global init.defaultBranch <name>
2026-08-31T12:03:06.7955710Z hint:
2026-08-31T12:03:06.7957620Z hint: Names commonly chosen instead of 'master' are 'main', 'trunk' and
2026-08-31T12:03:06.7961090Z hint: 'development'. The just-created branch can be renamed via this command:
2026-08-31T12:03:06.7963640Z hint:
2026-08-31T12:03:06.7964860Z hint: 	git branch -m <name>
2026-08-31T12:03:06.7966800Z hint:
2026-08-31T12:03:06.7968960Z hint: Disable this message with "git config set advice.defaultBranchName false"
2026-08-31T12:03:06.7972650Z Initialized empty Git repository in /Users/runner/work/matisu-replica/matisu-replica/.git/
2026-08-31T12:03:06.7979650Z [command]/opt/homebrew/bin/git remote add origin https://github.com/sky5566jf/matisu-replica
2026-08-31T12:03:06.8083230Z ##[endgroup]
2026-08-31T12:03:06.8084170Z ##[group]Disabling automatic garbage collection
2026-08-31T12:03:06.8085180Z [command]/opt/homebrew/bin/git config --local gc.auto 0
2026-08-31T12:03:06.8187000Z ##[endgroup]
2026-08-31T12:03:06.8187860Z ##[group]Setting up auth
2026-08-31T12:03:06.8194350Z [command]/opt/homebrew/bin/git config --local --name-only --get-regexp core\.sshCommand
2026-08-31T12:03:06.8285300Z [command]/opt/homebrew/bin/git submodule foreach --recursive sh -c "git config --local --name-only --get-regexp 'core\.sshCommand' && git config --local --unset-all 'core.sshCommand' || :"
2026-08-31T12:03:06.9666080Z [command]/opt/homebrew/bin/git config --local --name-only --get-regexp http\.https\:\/\/github\.com\/\.extraheader
2026-08-31T12:03:06.9770990Z [command]/opt/homebrew/bin/git submodule foreach --recursive sh -c "git config --local --name-only --get-regexp 'http\.https\:\/\/github\.com\/\.extraheader' && git config --local --unset-all 'http.https://github.com/.extraheader' || :"
2026-08-31T12:03:07.1213520Z [command]/opt/homebrew/bin/git config --local --name-only --get-regexp ^includeIf\.gitdir:
2026-08-31T12:03:07.1534910Z [command]/opt/homebrew/bin/git submodule foreach --recursive git config --local --show-origin --name-only --get-regexp remote.origin.url
2026-08-31T12:03:07.3661100Z [command]/opt/homebrew/bin/git config --local http.https://github.com/.extraheader AUTHORIZATION: basic ***
2026-08-31T12:03:07.3945050Z ##[endgroup]
2026-08-31T12:03:07.3949370Z ##[group]Fetching the repository
2026-08-31T12:03:07.3979690Z [command]/opt/homebrew/bin/git -c protocol.version=2 fetch --no-tags --prune --no-recurse-submodules --depth=1 origin +e5a4183e7368448bacd9a28ada483de3ddf1cb30:refs/remotes/origin/main
2026-08-31T12:03:07.9545990Z From https://github.com/sky5566jf/matisu-replica
2026-08-31T12:03:07.9550510Z  * [new ref]         e5a4183e7368448bacd9a28ada483de3ddf1cb30 -> origin/main
2026-08-31T12:03:07.9556970Z ##[endgroup]
2026-08-31T12:03:07.9560220Z ##[group]Determining the checkout info
2026-08-31T12:03:07.9563550Z ##[endgroup]
2026-08-31T12:03:07.9565920Z [command]/opt/homebrew/bin/git sparse-checkout disable
2026-08-31T12:03:07.9689740Z [command]/opt/homebrew/bin/git config --local --unset-all extensions.worktreeConfig
2026-08-31T12:03:07.9790130Z ##[group]Checking out the ref
2026-08-31T12:03:07.9792020Z [command]/opt/homebrew/bin/git checkout --progress --force -B main refs/remotes/origin/main
2026-08-31T12:03:08.0218170Z Switched to a new branch 'main'
2026-08-31T12:03:08.0328290Z branch 'main' set up to track 'origin/main'.
2026-08-31T12:03:08.0636460Z ##[endgroup]
2026-08-31T12:03:08.0927590Z [command]/opt/homebrew/bin/git log -1 --format=%H
2026-08-31T12:03:08.1031660Z e5a4183e7368448bacd9a28ada483de3ddf1cb30
2026-08-31T12:03:08.2251660Z ##[group]Run waruhachi/theos-action@v2.4.6
2026-08-31T12:03:08.2252490Z with:
2026-08-31T12:03:08.2253100Z   theos-src: theos/theos
2026-08-31T12:03:08.2253830Z   theos-branch: master
2026-08-31T12:03:08.2254570Z   sdks-src: theos/sdks
2026-08-31T12:03:08.2255220Z   sdks-branch: master
2026-08-31T12:03:08.2255860Z   libgcuniversal: false
2026-08-31T12:03:08.2256870Z   libgcuniversal-src: MrGcGamer/LibGcUniversalDocumentation
2026-08-31T12:03:08.2257960Z   libgcuniversal-branch: master
2026-08-31T12:03:08.2258670Z   altlist: false
2026-08-31T12:03:08.2259340Z   altlist-src: opa334/AltList
2026-08-31T12:03:08.2260000Z   altlist-branch: main
2026-08-31T12:03:08.2260630Z ##[endgroup]
2026-08-31T12:03:08.2331890Z ##[start-action display=Adding Theos Environment Variables;id=__waruhachi_theos-action.__run]
2026-08-31T12:03:08.2422960Z ##[group]Run echo "THEOS=/Users/runner/work/matisu-replica/matisu-replica/theos" >> $GITHUB_ENV
2026-08-31T12:03:08.2424780Z [36;1mecho "THEOS=/Users/runner/work/matisu-replica/matisu-replica/theos" >> $GITHUB_ENV[0m
2026-08-31T12:03:08.2476720Z shell: /bin/bash --noprofile --norc -e -o pipefail {0}
2026-08-31T12:03:08.2477660Z ##[endgroup]
2026-08-31T12:03:08.3018510Z ##[end-action id=__waruhachi_theos-action.__run;outcome=success;conclusion=success;duration_ms=68]
2026-08-31T12:03:08.3025290Z ##[start-action display=Generate Cache Key;id=__waruhachi_theos-action.cache-key]
2026-08-31T12:03:08.3159520Z ##[group]Run set -euo pipefail
2026-08-31T12:03:08.3161550Z [36;1mset -euo pipefail[0m
2026-08-31T12:03:08.3163170Z [36;1m[0m
2026-08-31T12:03:08.3165750Z [36;1mtheos_sha=$(gh api -H 'Accept: application/vnd.github.sha' /repos/theos/theos/commits/master)[0m
2026-08-31T12:03:08.3170160Z [36;1msdks_sha=$(gh api -H 'Accept: application/vnd.github.sha' /repos/theos/sdks/commits/master)[0m
2026-08-31T12:03:08.3178830Z [36;1m[0m
2026-08-31T12:03:08.3179730Z [36;1mif [[ "false" == 'true' ]]; then[0m
2026-08-31T12:03:08.3181530Z [36;1m  libgc_sha=$(gh api -H 'Accept: application/vnd.github.sha' /repos/MrGcGamer/LibGcUniversalDocumentation/commits/master)[0m
2026-08-31T12:03:08.3182990Z [36;1melse[0m
2026-08-31T12:03:08.3183630Z [36;1m  libgc_sha="none"[0m
2026-08-31T12:03:08.3184350Z [36;1mfi[0m
2026-08-31T12:03:08.3185190Z [36;1m[0m
2026-08-31T12:03:08.3185900Z [36;1mif [[ "false" == 'true' ]]; then[0m
2026-08-31T12:03:08.3187300Z [36;1m  altlist_sha=$(gh api -H 'Accept: application/vnd.github.sha' /repos/opa334/AltList/commits/main)[0m
2026-08-31T12:03:08.3188630Z [36;1melse[0m
2026-08-31T12:03:08.3189270Z [36;1m  altlist_sha="none"[0m
2026-08-31T12:03:08.3190010Z [36;1mfi[0m
2026-08-31T12:03:08.3190570Z [36;1m[0m
2026-08-31T12:03:08.3192340Z [36;1mecho "key=theos/theos-master-$theos_sha|theos/sdks-master-$sdks_sha|MrGcGamer/LibGcUniversalDocumentation-master-$libgc_sha|opa334/AltList-main-$altlist_sha" >> $GITHUB_OUTPUT[0m
2026-08-31T12:03:08.3286280Z shell: /bin/bash --noprofile --norc -e -o pipefail {0}
2026-08-31T12:03:08.3288520Z env:
2026-08-31T12:03:08.3290290Z   THEOS: /Users/runner/work/matisu-replica/matisu-replica/theos
2026-08-31T12:03:08.3318830Z   GH_TOKEN: ***
2026-08-31T12:03:08.3320610Z ##[endgroup]
2026-08-31T12:03:09.5335220Z ##[end-action id=__waruhachi_theos-action.cache-key;outcome=success;conclusion=success;duration_ms=1230]
2026-08-31T12:03:09.5343580Z ##[start-action display=Install dependencies;id=__waruhachi_theos-action.__run_2]
2026-08-31T12:03:09.5441440Z ##[group]Run set -euo pipefail
2026-08-31T12:03:09.5444740Z [36;1mset -euo pipefail[0m
2026-08-31T12:03:09.5446950Z [36;1m[0m
2026-08-31T12:03:09.5449290Z [36;1mbrew install make ldid[0m
2026-08-31T12:03:09.5451730Z [36;1mecho "$(brew --prefix make)/libexec/gnubin" >> $GITHUB_PATH[0m
2026-08-31T12:03:09.5531290Z shell: /bin/bash --noprofile --norc -e -o pipefail {0}
2026-08-31T12:03:09.5532410Z env:
2026-08-31T12:03:09.5533210Z   THEOS: /Users/runner/work/matisu-replica/matisu-replica/theos
2026-08-31T12:03:09.5534250Z ##[endgroup]
2026-08-31T12:03:13.7448630Z ##[warning]The following taps are not trusted:
  aws/tap

Homebrew is currently ignoring formulae, casks and commands from these taps because tap trust is required.

Untap them with:
  brew untap aws/tap
Trust specific formulae, casks and commands with:
  brew trust --formula <user>/<tap>/<formula>
  brew trust --cask <user>/<tap>/<cask>
  brew trust --command <user>/<tap>/<command>
Whole-tap trust is broader and includes all current and future formulae,
casks and commands from the listed taps. Trust whole taps with:
  brew trust aws/tap
To disable trust checks:
  export HOMEBREW_NO_REQUIRE_TAP_TRUST=1
This is not recommended and will be removed in a later release.
For more information, see:
  https://docs.brew.sh/Tap-Trust
2026-08-31T12:03:14.6172480Z [34m==>[0m [1mWould install 2 formulae:[0m
2026-08-31T12:03:14.6281000Z make ldid
2026-08-31T12:03:14.6385040Z [34m==>[0m [1mDownloading https://ghcr.io/v2/homebrew/core/make/manifests/4.4.1-1[0m
2026-08-31T12:03:14.9687450Z [34m==>[0m [1mDownloading https://ghcr.io/v2/homebrew/core/ldid/manifests/2.1.5_1-1[0m
2026-08-31T12:03:15.2287640Z [34m==>[0m [1mWould install 1 dependency for ldid:[0m
2026-08-31T12:03:15.2389710Z libplist
2026-08-31T12:03:15.2399760Z [32m==>[0m [1mFetching downloads for: [32mmake[39m and [32mldid[39m[0m
2026-08-31T12:03:15.5544400Z ✔︎ Bottle Manifest libplist (2.7.0)
2026-08-31T12:03:15.5826220Z ✔︎ Bottle ldid (2.1.5_1)
2026-08-31T12:03:15.5920480Z ✔︎ Bottle libplist (2.7.0)
2026-08-31T12:03:15.5992840Z ✔︎ Bottle make (4.4.1)
2026-08-31T12:03:15.6026720Z [34m==>[0m [1mPouring make--4.4.1.arm64_tahoe.bottle.1.tar.gz[0m
2026-08-31T12:03:15.8301360Z [34m==>[0m [1mCaveats[0m
2026-08-31T12:03:15.8302250Z GNU "make" has been installed as "gmake".
2026-08-31T12:03:15.8302940Z If you need to use it as "make", you can add a "gnubin" directory
2026-08-31T12:03:15.8308710Z to your PATH from your bashrc like:
2026-08-31T12:03:15.8309180Z 
2026-08-31T12:03:15.8309510Z     PATH="/opt/homebrew/opt/make/libexec/gnubin:$PATH"
2026-08-31T12:03:15.8310140Z [34m==>[0m [1mSummary[0m
2026-08-31T12:03:15.8315610Z 🍺  /opt/homebrew/Cellar/make/4.4.1: 17 files, 1.3MB
2026-08-31T12:03:15.8730890Z [32m==>[0m [1mInstalling ldid dependency: [32mlibplist[39m[0m
2026-08-31T12:03:15.8803480Z [34m==>[0m [1mPouring libplist--2.7.0.arm64_tahoe.bottle.tar.gz[0m
2026-08-31T12:03:15.9424170Z 🍺  /opt/homebrew/Cellar/libplist/2.7.0: 32 files, 605.5KB
2026-08-31T12:03:15.9427390Z [32m==>[0m [1mInstalling [32mldid[39m[0m
2026-08-31T12:03:15.9433040Z [34m==>[0m [1mPouring ldid--2.1.5_1.arm64_tahoe.bottle.1.tar.gz[0m
2026-08-31T12:03:16.0286650Z 🍺  /opt/homebrew/Cellar/ldid/2.1.5_1: 6 files, 271KB
2026-08-31T12:03:16.0294960Z [32m==>[0m [1mCaveats[0m
2026-08-31T12:03:16.0309730Z [34m==>[0m [1mmake[0m
2026-08-31T12:03:16.0311690Z GNU "make" has been installed as "gmake".
2026-08-31T12:03:16.0346580Z If you need to use it as "make", you can add a "gnubin" directory
2026-08-31T12:03:16.0364720Z to your PATH from your bashrc like:
2026-08-31T12:03:16.0380980Z 
2026-08-31T12:03:16.0411970Z     PATH="/opt/homebrew/opt/make/libexec/gnubin:$PATH"
2026-08-31T12:03:16.0902780Z ##[end-action id=__waruhachi_theos-action.__run_2;outcome=success;conclusion=success;duration_ms=6555]
2026-08-31T12:03:16.0908150Z ##[start-action display=Theos Cache;id=__waruhachi_theos-action.theos-cache]
2026-08-31T12:03:16.1020110Z Node 20 is being deprecated. This workflow is running with Node 24 by default. If you need to temporarily use Node 20, you can set the ACTIONS_ALLOW_USE_UNSECURE_NODE_VERSION=true environment variable. For more information see: https://github.blog/changelog/2025-09-19-deprecation-of-node-20-on-github-actions-runners/
2026-08-31T12:03:16.1031480Z ##[group]Run actions/cache@v4
2026-08-31T12:03:16.1031780Z with:
2026-08-31T12:03:16.1032110Z   path: /Users/runner/work/matisu-replica/matisu-replica/theos
2026-08-31T12:03:16.1033460Z   key: theos/theos-master-5280bd038207e14f8bd76f5417aa2fe641c03228|theos/sdks-master-0222fd5413cf4b9af096f37b4621afa2688572f7|MrGcGamer/LibGcUniversalDocumentation-master-none|opa334/AltList-main-none
2026-08-31T12:03:16.1034550Z   enableCrossOsArchive: false
2026-08-31T12:03:16.1034920Z   fail-on-cache-miss: false
2026-08-31T12:03:16.1035260Z   lookup-only: false
2026-08-31T12:03:16.1035490Z   save-always: false
2026-08-31T12:03:16.1035720Z env:
2026-08-31T12:03:16.1036030Z   THEOS: /Users/runner/work/matisu-replica/matisu-replica/theos
2026-08-31T12:03:16.1036440Z ##[endgroup]
2026-08-31T12:03:16.3540790Z (node:5560) [DEP0040] DeprecationWarning: The `punycode` module is deprecated. Please use a userland alternative instead.
2026-08-31T12:03:16.3541720Z (Use `node --trace-deprecation ...` to show where the warning was created)
2026-08-31T12:03:16.6569210Z Cache hit for: theos/theos-master-5280bd038207e14f8bd76f5417aa2fe641c03228|theos/sdks-master-0222fd5413cf4b9af096f37b4621afa2688572f7|MrGcGamer/LibGcUniversalDocumentation-master-none|opa334/AltList-main-none
2026-08-31T12:03:16.7089510Z (node:5560) [DEP0169] DeprecationWarning: `url.parse()` behavior is not standardized and prone to errors that have security implications. Use the WHATWG URL API instead. CVEs are not issued for `url.parse()` vulnerabilities.
2026-08-31T12:03:17.9844640Z Received 0 of 224393996 (0.0%), 0.0 MBs/sec
2026-08-31T12:03:18.9883190Z Received 62914560 of 224393996 (28.0%), 29.9 MBs/sec
2026-08-31T12:03:20.0292980Z Received 134217728 of 224393996 (59.8%), 42.2 MBs/sec
2026-08-31T12:03:21.0122030Z Received 188743680 of 224393996 (84.1%), 44.6 MBs/sec
2026-08-31T12:03:22.0203610Z Received 224393996 of 224393996 (100.0%), 42.6 MBs/sec
2026-08-31T12:03:22.0306850Z Cache Size: ~214 MB (224393996 B)
2026-08-31T12:03:22.0413220Z [command]/opt/homebrew/bin/gtar -xf /Users/runner/work/_temp/980f6f0d-01a4-4922-991f-91ba9ba38ea9/cache.tzst -P -C /Users/runner/work/matisu-replica/matisu-replica --delay-directory-restore --use-compress-program unzstd
2026-08-31T12:03:48.0367870Z Cache restored successfully
2026-08-31T12:03:48.1054660Z Cache restored from key: theos/theos-master-5280bd038207e14f8bd76f5417aa2fe641c03228|theos/sdks-master-0222fd5413cf4b9af096f37b4621afa2688572f7|MrGcGamer/LibGcUniversalDocumentation-master-none|opa334/AltList-main-none
2026-08-31T12:03:48.1311020Z ##[end-action id=__waruhachi_theos-action.theos-cache;outcome=success;conclusion=success;duration_ms=32040]
2026-08-31T12:03:48.1317520Z ##[start-action display=Setup Theos;id=__waruhachi_theos-action.__actions_checkout]
2026-08-31T12:03:48.1346370Z ##[end-action id=__waruhachi_theos-action.__actions_checkout;outcome=skipped;conclusion=skipped;duration_ms=0]
2026-08-31T12:03:48.1349090Z ##[start-action display=Setup SDKs;id=__waruhachi_theos-action.__actions_checkout_2]
2026-08-31T12:03:48.1354840Z ##[end-action id=__waruhachi_theos-action.__actions_checkout_2;outcome=skipped;conclusion=skipped;duration_ms=0]
2026-08-31T12:03:48.1357140Z ##[start-action display=Setup LibGcUniversal;id=__waruhachi_theos-action.__actions_checkout_3]
2026-08-31T12:03:48.1364700Z ##[end-action id=__waruhachi_theos-action.__actions_checkout_3;outcome=skipped;conclusion=skipped;duration_ms=0]
2026-08-31T12:03:48.1367220Z ##[start-action display=Install LibGcUniversal;id=__waruhachi_theos-action.__run_3]
2026-08-31T12:03:48.1372660Z ##[end-action id=__waruhachi_theos-action.__run_3;outcome=skipped;conclusion=skipped;duration_ms=0]
2026-08-31T12:03:48.1374740Z ##[start-action display=Setup AltList;id=__waruhachi_theos-action.__actions_checkout_4]
2026-08-31T12:03:48.1381230Z ##[end-action id=__waruhachi_theos-action.__actions_checkout_4;outcome=skipped;conclusion=skipped;duration_ms=0]
2026-08-31T12:03:48.1384140Z ##[start-action display=Install AltList;id=__waruhachi_theos-action.__run_4]
2026-08-31T12:03:48.1395090Z ##[end-action id=__waruhachi_theos-action.__run_4;outcome=skipped;conclusion=skipped;duration_ms=0]
2026-08-31T12:03:48.1402490Z ##[start-action display=Update Theos;id=__waruhachi_theos-action.__run_5]
2026-08-31T12:03:48.1551320Z ##[group]Run $THEOS/bin/update-theos
2026-08-31T12:03:48.1563990Z [36;1m$THEOS/bin/update-theos[0m
2026-08-31T12:03:48.4065280Z shell: /bin/bash --noprofile --norc -e -o pipefail {0}
2026-08-31T12:03:48.4066030Z env:
2026-08-31T12:03:48.4067340Z   THEOS: /Users/runner/work/matisu-replica/matisu-replica/theos
2026-08-31T12:03:48.4067840Z ##[endgroup]
2026-08-31T12:03:50.3583390Z From https://github.com/theos/theos
2026-08-31T12:03:50.3585070Z  * [new branch]      dhowett/dev/experimental-rebased -> origin/dhowett/dev/experimental-rebased
2026-08-31T12:03:50.3586950Z  * [new branch]      dhowett/dev/instance-target -> origin/dhowett/dev/instance-target
2026-08-31T12:03:50.3587860Z  * [new branch]      dhowett/dev/syntel    -> origin/dhowett/dev/syntel
2026-08-31T12:03:50.3588570Z  * [new branch]      dhowett/dev/testing   -> origin/dhowett/dev/testing
2026-08-31T12:03:50.3590780Z  * [new branch]      kabiroberai/arch-schemas -> origin/kabiroberai/arch-schemas
2026-08-31T12:03:50.3607720Z  * [new branch]      kirb/break-stuff      -> origin/kirb/break-stuff
2026-08-31T12:03:50.3609600Z  * [new branch]      kirb/experimental/uikitformac-support -> origin/kirb/experimental/uikitformac-support
2026-08-31T12:03:50.3611070Z  * [new branch]      kirb/rootless         -> origin/kirb/rootless
2026-08-31T12:03:50.3612680Z  * [new branch]      kirb/unfinished/better-troubleshoot -> origin/kirb/unfinished/better-troubleshoot
2026-08-31T12:03:50.3614190Z  * [new branch]      legacy                -> origin/legacy
2026-08-31T12:03:50.3615320Z  * [new branch]      libhooker-rpaths      -> origin/libhooker-rpaths
2026-08-31T12:03:50.3616560Z  * [new branch]      orion                 -> origin/orion
2026-08-31T12:03:50.3617550Z  * [new branch]      orion-dev             -> origin/orion-dev
2026-08-31T12:03:50.3618700Z  * [new branch]      uroboro-minor-changes -> origin/uroboro-minor-changes
2026-08-31T12:03:50.3621070Z  * [new tag]         1.0.0                 -> 1.0.0
2026-08-31T12:03:50.3621570Z  * [new tag]         2.0.0                 -> 2.0.0
2026-08-31T12:03:50.3622110Z  * [new tag]         2.1.0                 -> 2.1.0
2026-08-31T12:03:50.3622710Z  * [new tag]         2.1.1                 -> 2.1.1
2026-08-31T12:03:50.3623150Z  * [new tag]         2.2                   -> 2.2
2026-08-31T12:03:50.3623520Z  * [new tag]         2.3                   -> 2.3
2026-08-31T12:03:50.3623890Z  * [new tag]         2.4                   -> 2.4
2026-08-31T12:03:50.3624270Z  * [new tag]         2.5                   -> 2.5
2026-08-31T12:03:50.6349430Z Fetching submodule vendor/dm.pl
2026-08-31T12:03:51.0650090Z Fetching submodule vendor/include
2026-08-31T12:03:51.1366300Z Fetching submodule vendor/logos
2026-08-31T12:03:51.1477620Z Fetching submodule vendor/lib
2026-08-31T12:03:51.2489860Z Fetching submodule vendor/swift-support
2026-08-31T12:03:51.6230200Z Fetching submodule vendor/nic
2026-08-31T12:03:51.6236850Z Fetching submodule vendor/orion
2026-08-31T12:03:51.6238630Z Fetching submodule vendor/templates
2026-08-31T12:03:52.9216360Z From https://github.com/theos/orion
2026-08-31T12:03:52.9218910Z  * branch            0031cd86865084f8e491182772a10e749cfc4e67 -> FETCH_HEAD
2026-08-31T12:03:52.9220090Z  * branch            06cb86f32e73e48241afa29df0861f55991cca61 -> FETCH_HEAD
2026-08-31T12:03:52.9221390Z  * branch            152dd53a25de653c4870a808ddfefb7e625b3294 -> FETCH_HEAD
2026-08-31T12:03:52.9222000Z  * branch            17357242fb4e60c60d3b86b260fba0a8b75cb11d -> FETCH_HEAD
2026-08-31T12:03:52.9222540Z  * branch            1cd69055ca503b2c6334f64211d3bc937fca4fc0 -> FETCH_HEAD
2026-08-31T12:03:52.9223910Z  * branch            225c463b57b268fcc02380c40356b585682bd67a -> FETCH_HEAD
2026-08-31T12:03:52.9224410Z  * branch            2e4d368231e88c797ab9879f8c018a50f4e25209 -> FETCH_HEAD
2026-08-31T12:03:52.9224920Z  * branch            335ba6eff3bedf06d2745aacca73cd9612dfa314 -> FETCH_HEAD
2026-08-31T12:03:52.9225370Z  * branch            3b7c6dc91fe5ede50c475f7f4f1a9c70ab5289db -> FETCH_HEAD
2026-08-31T12:03:52.9226480Z  * branch            3da7f4e5127e37e33fb6e4bc7de0e51768fbbc60 -> FETCH_HEAD
2026-08-31T12:03:52.9226950Z  * branch            42ea032b7ee01cea0121cbcecd47b998db3ce136 -> FETCH_HEAD
2026-08-31T12:03:52.9227430Z  * branch            485f5cc6f945035afc64027157e2f5cfa7c7059d -> FETCH_HEAD
2026-08-31T12:03:52.9227940Z  * branch            4a80d885e83a049b59cf90c81e40286eed160f08 -> FETCH_HEAD
2026-08-31T12:03:52.9228380Z  * branch            52c0c12b34fc358f04bc3052b82b72c2dfe2f42d -> FETCH_HEAD
2026-08-31T12:03:52.9228890Z  * branch            5a0bc2c9b87f2171b3c58bf3688cc89f39cfe4e7 -> FETCH_HEAD
2026-08-31T12:03:52.9229370Z  * branch            67b3c2a59e016a9951d471e7c9f1852203091753 -> FETCH_HEAD
2026-08-31T12:03:52.9229810Z  * branch            6f8ed1a59e70d7bf7dc5080ef7579ba2b9c975b0 -> FETCH_HEAD
2026-08-31T12:03:52.9230280Z  * branch            78df9785cc985260fb6eb2371876f5d8a3f180c8 -> FETCH_HEAD
2026-08-31T12:03:52.9230700Z  * branch            79b3835410a6f4be2c913334acb2b6a0055d3708 -> FETCH_HEAD
2026-08-31T12:03:52.9231180Z  * branch            9e7333bb9d529b4c41a43248fbdb5d2daf69cb0f -> FETCH_HEAD
2026-08-31T12:03:52.9231660Z  * branch            9eb6b9de83071ef7063c8d52545c87acd43e50ed -> FETCH_HEAD
2026-08-31T12:03:52.9232090Z  * branch            ae9fbf2f3a242506d79a49776f578f055a9ebf3c -> FETCH_HEAD
2026-08-31T12:03:52.9232580Z  * branch            b0349d6d540c956239148a95d05bea6dc559d8f7 -> FETCH_HEAD
2026-08-31T12:03:52.9233060Z  * branch            b4946bb467b450e04be7e25f8dcb5ed55349e2cc -> FETCH_HEAD
2026-08-31T12:03:52.9233490Z  * branch            b799eda1f1e86469db859df5384fb91094b52aed -> FETCH_HEAD
2026-08-31T12:03:52.9233960Z  * branch            b828e186278a3d29a5a10c5f3dea128e5d413a31 -> FETCH_HEAD
2026-08-31T12:03:52.9234540Z  * branch            cea8f533e199ba62cc543b9f44971bb295f9e8d2 -> FETCH_HEAD
2026-08-31T12:03:52.9234960Z  * branch            d4bc4a55170df50c137945923b381af13c1f7f34 -> FETCH_HEAD
2026-08-31T12:03:52.9235440Z  * branch            e37259fe10493ae95fa0d823b5f1469a26dc56db -> FETCH_HEAD
2026-08-31T12:03:52.9235860Z  * branch            e7a029a6bb37424cd9a4c474cb71d3f2a9071d66 -> FETCH_HEAD
2026-08-31T12:03:52.9236340Z  * branch            e8267b7324a2ff9e4a1d9ac0e618a1ee91573ec7 -> FETCH_HEAD
2026-08-31T12:03:53.0319540Z Fetching submodule vendor/orion/fishhook
2026-08-31T12:03:53.9087650Z From https://github.com/facebook/fishhook
2026-08-31T12:03:53.9095500Z  * branch            8ef82f0711494ecc78d16bf6ce76f5ad92e5f67b -> FETCH_HEAD
2026-08-31T12:03:53.9102860Z From https://github.com/theos/nic
2026-08-31T12:03:53.9103430Z  * branch            12db01f67994a232f8282f3ae0d0b61314ce0230 -> FETCH_HEAD
2026-08-31T12:03:53.9104000Z  * branch            1f2e89d4acb805a81503ac3ea4c7115ca55f75a1 -> FETCH_HEAD
2026-08-31T12:03:53.9105310Z  * branch            28d562c54f2d335a5f392191e7d2e8f08aca88fa -> FETCH_HEAD
2026-08-31T12:03:53.9105910Z  * branch            40464a39bfb31306521212936dbae3406ef4822c -> FETCH_HEAD
2026-08-31T12:03:53.9106510Z  * branch            6585e1e2d29bcd2452e14f8e92e62c76a1909554 -> FETCH_HEAD
2026-08-31T12:03:53.9107050Z  * branch            794d210f81198c6aef4f0ab8d04bd74ffe149f51 -> FETCH_HEAD
2026-08-31T12:03:53.9107530Z  * branch            8f065ac109706335661a6f8e9edfeacdbff0d80e -> FETCH_HEAD
2026-08-31T12:03:53.9108130Z  * branch            941bbf0173e3c9674331715f433c1ae6f9156362 -> FETCH_HEAD
2026-08-31T12:03:53.9108650Z  * branch            fd02465ca53cdb3bb07b4ff723c517e9a808641c -> FETCH_HEAD
2026-08-31T12:03:53.9109200Z  * branch            fe9f859d3aaba987ed19ef52dbfb57bc02a4973d -> FETCH_HEAD
2026-08-31T12:03:53.9110320Z From https://github.com/theos/swift-support
2026-08-31T12:03:53.9110760Z  * branch            0093a4ebcc9027c383c5d56d35a4d418d4592658 -> FETCH_HEAD
2026-08-31T12:03:53.9111250Z  * branch            019861f92a7ff16d422a63911e2313c877e1b828 -> FETCH_HEAD
2026-08-31T12:03:53.9111680Z  * branch            0205d5ab2d73fa52a1d9ff3eba0612c4e08c1003 -> FETCH_HEAD
2026-08-31T12:03:53.9112180Z  * branch            26d567b27545ed5830775ae8a487bdf4d67ff4b5 -> FETCH_HEAD
2026-08-31T12:03:53.9113050Z  * branch            2b9346b2e48a72e534d667cd45f83749ae278a15 -> FETCH_HEAD
2026-08-31T12:03:53.9113640Z  * branch            2ca7b66fc689058636242fe898b76df73e4d5609 -> FETCH_HEAD
2026-08-31T12:03:53.9114150Z  * branch            3b0005b557331b5df67913b98d003ec1e87d78bd -> FETCH_HEAD
2026-08-31T12:03:53.9114610Z  * branch            43055290ede755acbd186c398cae72dc4f12247d -> FETCH_HEAD
2026-08-31T12:03:53.9115090Z  * branch            5d427efa62c1bbb137e00e51f378d031b1d15699 -> FETCH_HEAD
2026-08-31T12:03:53.9115670Z  * branch            69b5d150a05272fc6273eaa3801c47d06d7f2813 -> FETCH_HEAD
2026-08-31T12:03:53.9116140Z  * branch            7ca75d0edc2ba7cc6f2928333d617292ac4683dd -> FETCH_HEAD
2026-08-31T12:03:53.9116740Z  * branch            86dd8e6a8dd9eac1195dbdacdc7e79a5c532d1f9 -> FETCH_HEAD
2026-08-31T12:03:53.9117210Z  * branch            b9b4ef3ed1d6a48b5e9e52db2eb27c5c9de35da9 -> FETCH_HEAD
2026-08-31T12:03:53.9117710Z  * branch            bb1ad344db2df5f099335cd6bff6045f71b8438c -> FETCH_HEAD
2026-08-31T12:03:53.9118210Z  * branch            c630ca8723ed631f896e10484934c336a26b83be -> FETCH_HEAD
2026-08-31T12:03:53.9118710Z  * branch            d9af6143ccc1bbd316b898def3fef732f87d9653 -> FETCH_HEAD
2026-08-31T12:03:53.9119220Z  * branch            fd6ff75bb620a4754f124381f0d7bce9bba79ca2 -> FETCH_HEAD
2026-08-31T12:03:53.9119770Z From https://github.com/theos/templates
2026-08-31T12:03:53.9120200Z  * branch            022f31fd3457c8a0c181cd23b59c2980ca4d36b2 -> FETCH_HEAD
2026-08-31T12:03:53.9121090Z  * branch            0886f5a8ebb6f0e142f9e9a8a8924370939d1146 -> FETCH_HEAD
2026-08-31T12:03:53.9122540Z  * branch            09894865a641bae0b67456a6df6475df8d8a6ac7 -> FETCH_HEAD
2026-08-31T12:03:53.9123630Z  * branch            11488a997e6dc1ac4a5ae8612ab46a6e45394709 -> FETCH_HEAD
2026-08-31T12:03:53.9124890Z  * branch            1576043fbcea15b79a9b7931d93266fc1aedbecc -> FETCH_HEAD
2026-08-31T12:03:53.9126040Z  * branch            300ee0f33196f55ec7a7bb02b05910974216b831 -> FETCH_HEAD
2026-08-31T12:03:53.9127130Z  * branch            349468fc3d8f84cd38080f80f99bfe49a1ddc162 -> FETCH_HEAD
2026-08-31T12:03:53.9128450Z  * branch            3a20da8b1c61ec888ae1a926af3065366094ee77 -> FETCH_HEAD
2026-08-31T12:03:53.9129630Z  * branch            49defb6d052709417bc61e4c0c8f732639b28c1e -> FETCH_HEAD
2026-08-31T12:03:53.9130740Z  * branch            4c75fa2361f67deb4fe6c554e010cb1aaa48ca3d -> FETCH_HEAD
2026-08-31T12:03:53.9131890Z  * branch            5917b9947fbb3099df3c48e1001a3d8b17a8e55a -> FETCH_HEAD
2026-08-31T12:03:53.9132960Z  * branch            645bcd195b44e076474e097990bea47bcb3ed772 -> FETCH_HEAD
2026-08-31T12:03:53.9134080Z  * branch            7d98646871281e5b71e280e8f80d3fc27b69aeef -> FETCH_HEAD
2026-08-31T12:03:53.9135220Z  * branch            7e6b80d6f98c8b1ad4ab05b2e8bc659741d26d02 -> FETCH_HEAD
2026-08-31T12:03:53.9136260Z  * branch            8af2906bf6f6dd13d97302405316bd8a5419a265 -> FETCH_HEAD
2026-08-31T12:03:53.9137410Z  * branch            8d1a9f5a42ae2a48435303ea8fb07c3c1ccbd9d2 -> FETCH_HEAD
2026-08-31T12:03:53.9138570Z  * branch            8d9599b9054c93319ed35b35b3a826e437931904 -> FETCH_HEAD
2026-08-31T12:03:53.9139640Z  * branch            a22176f8b1a1759fec55a3b62c8200cc751f1638 -> FETCH_HEAD
2026-08-31T12:03:53.9140830Z  * branch            b3afce164abdeda0c9b1aa69fdc2f9fec0673792 -> FETCH_HEAD
2026-08-31T12:03:53.9141990Z  * branch            b68586f216239fe73f74326b59b1e66cd0a1b664 -> FETCH_HEAD
2026-08-31T12:03:53.9144440Z  * branch            da6a60b1d3f6bf4b7398000448209cd505eb1a74 -> FETCH_HEAD
2026-08-31T12:03:53.9145620Z  * branch            e3c1d67b1e8faae69b37fb525bd7f2c435ef9dab -> FETCH_HEAD
2026-08-31T12:03:53.9146720Z  * branch            efc61c3afeee514482f1702ffd5f6c07d14ecd2e -> FETCH_HEAD
2026-08-31T12:03:53.9147870Z  * branch            f466826075cc2acbd755ca096f4fdf7a82a27922 -> FETCH_HEAD
2026-08-31T12:03:53.9148880Z From https://github.com/theos/logos
2026-08-31T12:03:53.9150550Z  * branch            06726377b5603d03d7deb6c9bdd7b718ad1a63a4 -> FETCH_HEAD
2026-08-31T12:03:53.9151790Z  * branch            067802d95eb531006087d66f8a7b067e5d6bf237 -> FETCH_HEAD
2026-08-31T12:03:53.9152940Z  * branch            0aeaca09cb193a3fb9fb461ae972252585f5c0c8 -> FETCH_HEAD
2026-08-31T12:03:53.9154000Z  * branch            170f048edea7014debf8d628e7da495f5dbe4ea4 -> FETCH_HEAD
2026-08-31T12:03:53.9155120Z  * branch            197cb80c634a403bf812594f4adc9c7fc354271f -> FETCH_HEAD
2026-08-31T12:03:53.9156580Z  * branch            1fa39ebd22e4421eaa778e7dfb0f5d4b02c6f9f4 -> FETCH_HEAD
2026-08-31T12:03:53.9157770Z  * branch            404fed419a566c4d68fae1110a18fce63c85d619 -> FETCH_HEAD
2026-08-31T12:03:53.9158950Z  * branch            40ec61ef0d699ccd6b10dfd5511ede6213a9a278 -> FETCH_HEAD
2026-08-31T12:03:53.9160760Z  * branch            4f35cb65b1bc96ef1d7c9633ef0f6129f0e4036c -> FETCH_HEAD
2026-08-31T12:03:53.9162000Z  * branch            57c507eb9ef2da5765b1b7aab785c032b117d56a -> FETCH_HEAD
2026-08-31T12:03:53.9163180Z  * branch            5f1138cf79cc546e8cde64c93a1dab74b9918c3c -> FETCH_HEAD
2026-08-31T12:03:53.9164300Z  * branch            62814c1d7dbc9158a0f231ded9edc07f94debe23 -> FETCH_HEAD
2026-08-31T12:03:53.9165480Z  * branch            75623490073e68e457fe6680462d11c217d29341 -> FETCH_HEAD
2026-08-31T12:03:53.9166650Z  * branch            75b6c2e81c08c1efff4a4e558ce2e245a8956d10 -> FETCH_HEAD
2026-08-31T12:03:53.9167720Z  * branch            76488dfebd541dbd128994bc12c4647d8182c220 -> FETCH_HEAD
2026-08-31T12:03:53.9168890Z  * branch            7b81c55f97ac7dbd6696ebb4cb36b83900960964 -> FETCH_HEAD
2026-08-31T12:03:53.9170120Z  * branch            81cf08c23f886df2fb1db1d9ce9d87a2edadcceb -> FETCH_HEAD
2026-08-31T12:03:53.9171220Z  * branch            886885b273d38092687616c83ec5f452c3b2e965 -> FETCH_HEAD
2026-08-31T12:03:53.9172370Z  * branch            90051eb040590c25ea66f2dd886d72b8148e8801 -> FETCH_HEAD
2026-08-31T12:03:53.9173550Z  * branch            a54760ea60acf45fa48267b9fb344c0317d9351c -> FETCH_HEAD
2026-08-31T12:03:53.9174850Z  * branch            a733c99539ed9ef2a3914528d8c5522dc2396789 -> FETCH_HEAD
2026-08-31T12:03:53.9175910Z  * branch            ac2070c812f70579879a2b91ca77cb578c795c7b -> FETCH_HEAD
2026-08-31T12:03:53.9177040Z  * branch            c7d1cdbdc36880714dd9052d4f63f9c2a7bc102a -> FETCH_HEAD
2026-08-31T12:03:53.9178800Z  * branch            c920e6bb00854f6e2efe903def4aa87295d58627 -> FETCH_HEAD
2026-08-31T12:03:53.9179960Z  * branch            d57afb4417bca9198c5b165a7a4a07934add5c8b -> FETCH_HEAD
2026-08-31T12:03:53.9181210Z  * branch            e8a95e7ea3554d7ec2fabed3bb84d8e5b19898f4 -> FETCH_HEAD
2026-08-31T12:03:53.9182270Z  * branch            ecd39a797b2d17b6583b782fd661068b30eff61f -> FETCH_HEAD
2026-08-31T12:03:53.9183560Z  * branch            fd66169442a26c3609254a6f83ee383a154ddb8c -> FETCH_HEAD
2026-08-31T12:03:53.9184670Z From https://github.com/theos/lib
2026-08-31T12:03:53.9185050Z  * branch            013ea40121136f36ed67e6bd7dcc1b99613daa98 -> FETCH_HEAD
2026-08-31T12:03:53.9185730Z  * branch            07909619e8911d3ae14b07b9514a8209fe8e57cb -> FETCH_HEAD
2026-08-31T12:03:53.9186310Z  * branch            113e0cd132df53649a6bbee2572b2d39fd2beaa1 -> FETCH_HEAD
2026-08-31T12:03:53.9186800Z  * branch            1144e7b79effdcbdf3c0f2626bde3340365d6c41 -> FETCH_HEAD
2026-08-31T12:03:53.9187350Z  * branch            126a2dd4852ad435991bd8ac761ac56ec39869f2 -> FETCH_HEAD
2026-08-31T12:03:53.9187780Z  * branch            1397f8278d240a27482cbb94dda541ad9a57fd65 -> FETCH_HEAD
2026-08-31T12:03:53.9189010Z  * branch            18dbcbc41f9c95b8c7eaedc553fddfdd6201fd4b -> FETCH_HEAD
2026-08-31T12:03:53.9189500Z  * branch            194675ae21925e7e3efd71d0056222f79ea04aa7 -> FETCH_HEAD
2026-08-31T12:03:53.9189940Z  * branch            1eef222ea55cc5fb3b52435465b06f9b7d6dfba9 -> FETCH_HEAD
2026-08-31T12:03:53.9190920Z  * branch            2b6ab0c074c976d757dff0b4ecfc0efd0b5cdd1d -> FETCH_HEAD
2026-08-31T12:03:53.9191490Z  * branch            306eba89a20109cd37c878f008ef99c4eb8ae88d -> FETCH_HEAD
2026-08-31T12:03:53.9192350Z  * branch            34bb72035653a4abb6594be0a976cc766fcdc9c2 -> FETCH_HEAD
2026-08-31T12:03:53.9192880Z  * branch            3b9ec52b8d4150cfe372e946c7e18f4ea4cada66 -> FETCH_HEAD
2026-08-31T12:03:53.9212920Z  * branch            4047e8cd5e2fa602c6e38412dc7c197eacfbca50 -> FETCH_HEAD
2026-08-31T12:03:53.9213370Z  * branch            41b5b0d1ccdc483eb87b9c721e337c9f9548f456 -> FETCH_HEAD
2026-08-31T12:03:53.9213860Z  * branch            4648559115ed390c528d450c0d4b76689c579f2b -> FETCH_HEAD
2026-08-31T12:03:53.9214300Z  * branch            53ff05006e9a35c03787f05e3b4cdd44ff224452 -> FETCH_HEAD
2026-08-31T12:03:53.9214810Z  * branch            617dcfcbb6b7c28f9a565de872c8c993dbfe13ea -> FETCH_HEAD
2026-08-31T12:03:53.9215290Z  * branch            639633b40f1b3e0b9cedfad7ec1feab2e5432033 -> FETCH_HEAD
2026-08-31T12:03:53.9215720Z  * branch            6e3233aa73e67723cba49f89cabcfe3b2dca6ad9 -> FETCH_HEAD
2026-08-31T12:03:53.9216290Z  * branch            6e454510fa71fe6015f8e4febf44945308c014d3 -> FETCH_HEAD
2026-08-31T12:03:53.9216800Z  * branch            6e55e932c719f5ef42ac20e7e31d28169d5593fd -> FETCH_HEAD
2026-08-31T12:03:53.9217240Z  * branch            845205b1bafbb45a50fa4d5f3f29da097b433b7c -> FETCH_HEAD
2026-08-31T12:03:53.9217760Z  * branch            85494d2d30520edb9bbdf3c4066352811c8884d5 -> FETCH_HEAD
2026-08-31T12:03:53.9218190Z  * branch            8b7f487ee82d6a1357432ab2599f617ce8e5a82e -> FETCH_HEAD
2026-08-31T12:03:53.9218760Z  * branch            8df1bccbc66922d7b5d7b7c86d18dadc1d87ef91 -> FETCH_HEAD
2026-08-31T12:03:53.9219370Z  * branch            92f4e8ddb1a49654181f0414c3eff031cc876bcc -> FETCH_HEAD
2026-08-31T12:03:53.9219820Z  * branch            a27acf42f7d72eb8d7cf52ecf504d1d871155680 -> FETCH_HEAD
2026-08-31T12:03:53.9220250Z  * branch            b1d502cc632ec349f8e2b3df9d7630bad64fd25e -> FETCH_HEAD
2026-08-31T12:03:53.9220740Z  * branch            bc2fee541beb43e92db1c1558db3f34ec584efb8 -> FETCH_HEAD
2026-08-31T12:03:53.9221230Z  * branch            c15cf4f84cf4e8d294bac94aebf7ff0329e27f3f -> FETCH_HEAD
2026-08-31T12:03:53.9221660Z  * branch            c3b877651f50c4f683b9e02dc3e36dad551f5472 -> FETCH_HEAD
2026-08-31T12:03:53.9222590Z  * branch            cae351458c00f823d9ff9acb4695ce65d337671d -> FETCH_HEAD
2026-08-31T12:03:53.9223340Z  * branch            cd9b1d660c48529c9ae8a84becf5bcd147a350de -> FETCH_HEAD
2026-08-31T12:03:53.9223830Z  * branch            d4570cd03387bd9add3ba00449af11b49b1c8160 -> FETCH_HEAD
2026-08-31T12:03:53.9224210Z  * branch            df713f0dcd6efaa0ac9800844a895180ef74b483 -> FETCH_HEAD
2026-08-31T12:03:53.9224650Z  * branch            e66cb6851ea6d5b62898d322b02ce82def1148be -> FETCH_HEAD
2026-08-31T12:03:53.9225070Z  * branch            edb99bc316b019b8579103f189282bf10289e88a -> FETCH_HEAD
2026-08-31T12:03:53.9225550Z  * branch            eeaecc08b2ce111dd056fc2232c1a41be7091a7e -> FETCH_HEAD
2026-08-31T12:03:53.9226040Z  * branch            ef66c7316d186eddfdf4d0cb12a0a35cee41b3fe -> FETCH_HEAD
2026-08-31T12:03:53.9226600Z  * branch            f2a857a00e038df3a92a1c85d4e93b65a30cd7e9 -> FETCH_HEAD
2026-08-31T12:03:53.9227100Z  * branch            fd6b6e58b23b5b2f8f4e5c3757604a73bfdec7ea -> FETCH_HEAD
2026-08-31T12:03:53.9227520Z  * branch            ffeb5055506be882b0732f99673b9ff31795ba7b -> FETCH_HEAD
2026-08-31T12:03:53.9228010Z  * branch            ffec3480ec8016ebb9b13a09017807b62f5c9156 -> FETCH_HEAD
2026-08-31T12:03:53.9228500Z From https://github.com/theos/headers
2026-08-31T12:03:53.9228950Z  * branch            03c20cce033cfb9eafcb9ecf21c6eaaf0c26a7da -> FETCH_HEAD
2026-08-31T12:03:53.9231350Z  * branch            05405174749d912f7726121fcb5f27de73af0f08 -> FETCH_HEAD
2026-08-31T12:03:53.9232480Z  * branch            09a80f652d65b1caba560d8f50ad4c584d45d6a1 -> FETCH_HEAD
2026-08-31T12:03:53.9233620Z  * branch            0be47c237ef990d2d5c099e81d51f5c49cfe21ac -> FETCH_HEAD
2026-08-31T12:03:53.9234140Z  * branch            10c212801ce4ba99ff410b62637c7d50c3f6a37f -> FETCH_HEAD
2026-08-31T12:03:53.9235720Z  * branch            159a952c71bba3e7e3ae68b16d29c7fc549f5cdc -> FETCH_HEAD
2026-08-31T12:03:53.9236240Z  * branch            1bb142b515f5ff7c0b8e8f7ae173616e8cf2705e -> FETCH_HEAD
2026-08-31T12:03:53.9236820Z  * branch            1c6404be46f71071eb7d33b2ce30de30895bc2be -> FETCH_HEAD
2026-08-31T12:03:53.9237250Z  * branch            1c8c6efb030ff7221d97b8d4864847851aba9a67 -> FETCH_HEAD
2026-08-31T12:03:53.9238100Z  * branch            1fbaaf37d263538ee3e19aa2a78a2fd66f63b241 -> FETCH_HEAD
2026-08-31T12:03:53.9239590Z  * branch            27f17e2c2413d8f18d5d580f30bb0f67159d89be -> FETCH_HEAD
2026-08-31T12:03:53.9240580Z  * branch            28df0feeba0cdb768852e13920ad599c2375c96a -> FETCH_HEAD
2026-08-31T12:03:53.9241360Z  * branch            2c1421a4d6d24a9f930ad74924e628e95d383682 -> FETCH_HEAD
2026-08-31T12:03:53.9241770Z  * branch            30aabe179bb275646086a6249953a9f617395dcb -> FETCH_HEAD
2026-08-31T12:03:53.9242210Z  * branch            387230da73d43e19fff86a8b6cd5d3193ad99c9f -> FETCH_HEAD
2026-08-31T12:03:53.9242580Z  * branch            3998ff8c46acecb3c13dd8a65999111f41464357 -> FETCH_HEAD
2026-08-31T12:03:53.9242950Z  * branch            3ae47e085e9b4dc72613c99503f81f9d8ce093a6 -> FETCH_HEAD
2026-08-31T12:03:53.9243400Z  * branch            3d2c25b9f1202b5d97c374e64b719e7b2e565e8a -> FETCH_HEAD
2026-08-31T12:03:53.9243980Z  * branch            3f26abfa9d7f4d5c0185cf4c99e60086b9ad9ca9 -> FETCH_HEAD
2026-08-31T12:03:53.9244420Z  * branch            49424c3ed7e5545bd53c3250cea9fa45b2fabdd6 -> FETCH_HEAD
2026-08-31T12:03:53.9245890Z  * branch            4c7409e29260a7c47a27d52531a0ebc4bc034e72 -> FETCH_HEAD
2026-08-31T12:03:53.9246480Z  * branch            4daa96661264879b6545a14ac936bca51d8afd7f -> FETCH_HEAD
2026-08-31T12:03:53.9246910Z  * branch            521fa5563c7d6a6bf881d6cc7b36841c35e5e0d2 -> FETCH_HEAD
2026-08-31T12:03:53.9247300Z  * branch            55c97299b7064afd07f6acddeccb3154dd1ee69f -> FETCH_HEAD
2026-08-31T12:03:53.9247660Z  * branch            56bfc22d38c0cfbbbd9317ce9bf58e7915166c59 -> FETCH_HEAD
2026-08-31T12:03:53.9248050Z  * branch            5c13703c2c210a4347fc75dc87031e9cc597626d -> FETCH_HEAD
2026-08-31T12:03:53.9248480Z  * branch            609a308c1333ac3c409307fdd5ae2071981e4242 -> FETCH_HEAD
2026-08-31T12:03:53.9248930Z  * branch            64ba1fb3425ee69d568baa5bb59d22e8b04908af -> FETCH_HEAD
2026-08-31T12:03:53.9249400Z  * branch            6611d3b2c22527283cdcf81cb6c81327fbdcbaff -> FETCH_HEAD
2026-08-31T12:03:53.9249810Z  * branch            69fcaa7d2ecfbb6b2ecd38646f0ff3c9135cabc4 -> FETCH_HEAD
2026-08-31T12:03:53.9250190Z  * branch            6afc5085a16f51a36d0b49b45eaeeb09a13eb810 -> FETCH_HEAD
2026-08-31T12:03:53.9250540Z  * branch            6ee8506035aa5e48e76b423c89d66a4c7406e050 -> FETCH_HEAD
2026-08-31T12:03:53.9250960Z  * branch            6f59e8391b27b169067656601acbed30f4f205cc -> FETCH_HEAD
2026-08-31T12:03:53.9251350Z  * branch            77d639826e51e3f40517cfd96c616127a514e941 -> FETCH_HEAD
2026-08-31T12:03:53.9251710Z  * branch            79dd09fd14441e0e74394c5651de2a7ed0a60ffd -> FETCH_HEAD
2026-08-31T12:03:53.9252070Z  * branch            80bd5638d9e8e2437997f33f9f92f08f0e2705b7 -> FETCH_HEAD
2026-08-31T12:03:53.9252430Z  * branch            80da6b2d0bbe3806b9f6c8b6e43eca29c4c066d4 -> FETCH_HEAD
2026-08-31T12:03:53.9252780Z  * branch            819f49385304805f9a81e4210ae392c620505ea8 -> FETCH_HEAD
2026-08-31T12:03:53.9253140Z  * branch            85ffc75138a5fefce0b699b9e16fa514cb7ffc5c -> FETCH_HEAD
2026-08-31T12:03:53.9253590Z  * branch            889f159f6dd834ac35e193387b823539045cd374 -> FETCH_HEAD
2026-08-31T12:03:53.9254980Z  * branch            8fec425716958c1b709c0459d7f6762b73b2e291 -> FETCH_HEAD
2026-08-31T12:03:53.9255390Z  * branch            9220e3de07a7e24a50bf668796793d9bca5ad4c8 -> FETCH_HEAD
2026-08-31T12:03:53.9255820Z  * branch            9a50a89c6d0a92693427579dd0e4b46565d5d0de -> FETCH_HEAD
2026-08-31T12:03:53.9256190Z  * branch            9f00c9663aff892b512f87666dbfbf8fe4943e84 -> FETCH_HEAD
2026-08-31T12:03:53.9256960Z  * branch            a322ffce6b029caff5ce43e53678d276b2d86ff4 -> FETCH_HEAD
2026-08-31T12:03:53.9257390Z  * branch            aa509d29c41b7d27b201a9f477f0cb4e34dad108 -> FETCH_HEAD
2026-08-31T12:03:53.9258090Z  * branch            ad10b0115808b53cf825e034bc22d66af3481cfc -> FETCH_HEAD
2026-08-31T12:03:53.9259510Z  * branch            ad80ca22becd0748e1f11729b8f88d5c17206178 -> FETCH_HEAD
2026-08-31T12:03:53.9260610Z  * branch            b0b5198bc97bc56668f7fc071ae47a8a9f1e1b10 -> FETCH_HEAD
2026-08-31T12:03:53.9261850Z  * branch            b6ab96de6ba747eb7dd623d47c8865dd674f11fc -> FETCH_HEAD
2026-08-31T12:03:53.9263060Z  * branch            b875591e9b780872861d143cf973c142aace9bdb -> FETCH_HEAD
2026-08-31T12:03:53.9264140Z  * branch            bf8ff89cfa235410ac374e27fadee73982d44296 -> FETCH_HEAD
2026-08-31T12:03:53.9265200Z  * branch            c9f56473e9f2c7b72a2555963c49b7b7579acfbb -> FETCH_HEAD
2026-08-31T12:03:53.9266260Z  * branch            d09634a4dedb6be617f3b576102fc16b9403ba5e -> FETCH_HEAD
2026-08-31T12:03:53.9267260Z  * branch            e61600418fe6fe07f8e30c2c0d0c002ba31b99d1 -> FETCH_HEAD
2026-08-31T12:03:53.9268270Z  * branch            e8a358066f7426c285684aeaaff8ff23b3dd6b61 -> FETCH_HEAD
2026-08-31T12:03:53.9269290Z  * branch            ea1b95dba9530d2017907ec7542d309215d84e15 -> FETCH_HEAD
2026-08-31T12:03:53.9270390Z  * branch            ea969daefb5026b3aaed326b2db2fac80e410df0 -> FETCH_HEAD
2026-08-31T12:03:53.9271530Z  * branch            f3e596d896bae8f07c43cfb00ef55bf6224b4cdc -> FETCH_HEAD
2026-08-31T12:03:53.9272580Z  * branch            f3eef2127548c631b325a0b28c907cc59b1716ac -> FETCH_HEAD
2026-08-31T12:03:53.9273720Z  * branch            f82d323a5a50b4d6e3a21bce0aa20b0e531b118d -> FETCH_HEAD
2026-08-31T12:03:54.2248980Z From https://github.com/theos/dm.pl
2026-08-31T12:03:54.2249410Z  * branch            08d522b0b0723c2eff72505bf7cd9ae69614c0c0 -> FETCH_HEAD
2026-08-31T12:03:54.2249790Z  * branch            2f1417d7db30bba7ba58c4275e07b02521f52aa3 -> FETCH_HEAD
2026-08-31T12:03:54.2250230Z  * branch            34471b945dd5865544f0cf0c7d1a3151e6aa4c06 -> FETCH_HEAD
2026-08-31T12:03:54.2250610Z  * branch            3726df3e714e8189c23cb7e0c5505f0dbae2f88f -> FETCH_HEAD
2026-08-31T12:03:54.2250980Z  * branch            431955c2e5a2ca5e62ae773ef7036b1df14c80d7 -> FETCH_HEAD
2026-08-31T12:03:54.2251430Z  * branch            4699b543fdb9d3ebacde0b23db38322d27f20974 -> FETCH_HEAD
2026-08-31T12:03:54.2251870Z  * branch            4d3e455f632f77bbf500e03c3670b7cd951f546f -> FETCH_HEAD
2026-08-31T12:03:54.2252230Z  * branch            5b64eb9355f965f8ab0ffbe8c5ec92b0c8316432 -> FETCH_HEAD
2026-08-31T12:03:54.2252590Z  * branch            88d9005b0dbbfaf6d6e2f4948079e96c7b281957 -> FETCH_HEAD
2026-08-31T12:03:54.2252980Z  * branch            892a7c7266055a93013ab81002a8adcb578a2b25 -> FETCH_HEAD
2026-08-31T12:03:54.2253410Z  * branch            9462015e0f7e82f51b6df05bd223a484a6988042 -> FETCH_HEAD
2026-08-31T12:03:54.2253760Z  * branch            9723deb8b99cd7aa071ec1fad310df2ff80d1cf2 -> FETCH_HEAD
2026-08-31T12:03:54.2254130Z  * branch            af6fcc8ebfef5fc4c31d65b52556474409b2ed97 -> FETCH_HEAD
2026-08-31T12:03:54.2254490Z  * branch            b4f1d815d73a75edb5691ef0634e2264513a3ec8 -> FETCH_HEAD
2026-08-31T12:03:54.2254850Z  * branch            b77a3775a95b6929f5c2c44475eb1d0965e073f1 -> FETCH_HEAD
2026-08-31T12:03:54.2408420Z Already up to date.
2026-08-31T12:03:54.4569270Z 
2026-08-31T12:03:54.4576760Z [0;36m==> [1;36mNotice:[m Visit https://github.com/theos/theos/commits/master to view recent changes.
2026-08-31T12:03:54.4596570Z ##[end-action id=__waruhachi_theos-action.__run_5;outcome=success;conclusion=success;duration_ms=6319]
2026-08-31T12:03:54.4678010Z ##[group]Run make clean package FINALPACKAGE=1 THEOS_PACKAGE_SCHEME=rootless
2026-08-31T12:03:54.4678830Z [36;1mmake clean package FINALPACKAGE=1 THEOS_PACKAGE_SCHEME=rootless[0m
2026-08-31T12:03:54.4736090Z shell: /bin/bash -e {0}
2026-08-31T12:03:54.4736450Z env:
2026-08-31T12:03:54.4736790Z   THEOS: /Users/runner/work/matisu-replica/matisu-replica/theos
2026-08-31T12:03:54.4737640Z ##[endgroup]
2026-08-31T12:04:03.9733390Z [0;36m==> [1;39mCleaning…[m
2026-08-31T12:04:04.1569450Z [1;31m> [1;3;39mMaking all for tweak MatisuAuto…[m
2026-08-31T12:04:07.5294120Z [0;31m==> [1;39mPreprocessing Tweak.xm…[m
2026-08-31T12:04:07.5368510Z [0;31m==> [1;39mPreprocessing Tweak.xm…[m
2026-08-31T12:04:09.1252930Z [0;32m==> [1;39mCompiling ../src/MatisuTouch.m (arm64e)…[m
2026-08-31T12:04:09.1351740Z [0;32m==> [1;39mCompiling ../src/MatisuTouch.m (arm64)…[m
2026-08-31T12:04:12.3148200Z [0;32m==> [1;39mCompiling ../app/AXNodeDump.m (arm64e)…[m
2026-08-31T12:04:12.3403270Z [0;32m==> [1;39mCompiling ../app/AXNodeDump.m (arm64)…[m
2026-08-31T12:04:12.5883630Z [0;32m==> [1;39mCompiling ../app/DeviceInfo.m (arm64)…[m
2026-08-31T12:04:12.7838570Z [0;32m==> [1;39mCompiling ../app/DeviceInfo.m (arm64e)…[m
2026-08-31T12:04:15.7371540Z [0;32m==> [1;39mCompiling Tweak.xm (arm64)…[m
2026-08-31T12:04:15.9512210Z [0;32m==> [1;39mCompiling Tweak.xm (arm64e)…[m
2026-08-31T12:04:16.5990380Z ld: warning: -undefined dynamic_lookup is deprecated on iOS
2026-08-31T12:04:16.5991440Z [0;33m==> [1;39mLinking tweak MatisuAuto (arm64)…[m
2026-08-31T12:04:16.5992260Z ld: warning: -multiply_defined is obsolete
2026-08-31T12:04:16.5994190Z [0;34m==> [1;39mGenerating debug symbols for MatisuAuto…[m
2026-08-31T12:04:16.5995000Z ld: warning: -undefined dynamic_lookup is deprecated on iOS
2026-08-31T12:04:16.5995530Z [0;34m==> [1;39mStripping MatisuAuto (arm64)…[m
2026-08-31T12:04:16.6013140Z ld: warning: -multiply_defined is obsolete
2026-08-31T12:04:16.6013620Z [0;33m==> [1;39mLinking tweak MatisuAuto (arm64e)…[m
2026-08-31T12:04:16.6014270Z [0;34m==> [1;39mGenerating debug symbols for MatisuAuto…[m
2026-08-31T12:04:16.6014720Z [0;34m==> [1;39mStripping MatisuAuto (arm64e)…[m
2026-08-31T12:04:16.6137870Z [0;34m==> [1;39mMerging tweak MatisuAuto…[m
2026-08-31T12:04:16.6641750Z [0;34m==> [1;39mSigning MatisuAuto…[m
2026-08-31T12:04:16.9281270Z [1;31m> [1;3;39mMaking stage for tweak MatisuAuto…[m
2026-08-31T12:04:18.5123620Z dm.pl: building package `com.matisu.auto.tweak:iphoneos-arm64' in `./packages/com.matisu.auto.tweak_0.1.0_iphoneos-arm64.deb'
2026-08-31T12:04:18.5883340Z ##[group]Run make clean
2026-08-31T12:04:18.5883970Z [36;1mmake clean[0m
2026-08-31T12:04:18.5884220Z [36;1mmake FINALPACKAGE=1[0m
2026-08-31T12:04:18.5884730Z [36;1mBIN=$(find .theos/obj/MatisuAuto.app -name MatisuAuto -type f 2>/dev/null | head -1)[0m
2026-08-31T12:04:18.5885250Z [36;1m[ -z "$BIN" ] && { echo "!! binary not built"; exit 1; }[0m
2026-08-31T12:04:18.5885670Z [36;1mrm -rf /tmp/tipa[0m
2026-08-31T12:04:18.5886090Z [36;1mmkdir -p /tmp/tipa/Payload/MatisuAuto.app[0m
2026-08-31T12:04:18.5886510Z [36;1mcp "$BIN" /tmp/tipa/Payload/MatisuAuto.app/MatisuAuto[0m
2026-08-31T12:04:18.5887010Z [36;1mcp Info.plist Entitlements.plist /tmp/tipa/Payload/MatisuAuto.app/[0m
2026-08-31T12:04:18.5887550Z [36;1mLDID="$THEOS/bin/ldid"; [ -x "$LDID" ] || LDID=$(command -v ldid || true)[0m
2026-08-31T12:04:18.5887950Z [36;1mif [ -n "$LDID" ]; then[0m
2026-08-31T12:04:18.5888560Z [36;1m  "$LDID" -SEntitlements.plist /tmp/tipa/Payload/MatisuAuto.app/MatisuAuto && echo "signed with ldid"[0m
2026-08-31T12:04:18.5889070Z [36;1melse[0m
2026-08-31T12:04:18.5889370Z [36;1m  echo "!! ldid not found; TrollStore will re-sign on install"[0m
2026-08-31T12:04:18.5889800Z [36;1mfi[0m
2026-08-31T12:04:18.5890100Z [36;1mecho "== tipa app contents =="[0m
2026-08-31T12:04:18.5891130Z [36;1mls -la /tmp/tipa/Payload/MatisuAuto.app[0m
2026-08-31T12:04:18.5891670Z [36;1mcd /tmp/tipa && zip -r "$GITHUB_WORKSPACE/matisu-auto.tipa" Payload[0m
2026-08-31T12:04:18.5892180Z [36;1mecho "tipa size: $(wc -c < $GITHUB_WORKSPACE/matisu-auto.tipa) bytes"[0m
2026-08-31T12:04:18.5952790Z shell: /bin/bash -e {0}
2026-08-31T12:04:18.5953320Z env:
2026-08-31T12:04:18.5953720Z   THEOS: /Users/runner/work/matisu-replica/matisu-replica/theos
2026-08-31T12:04:18.5954100Z ##[endgroup]
2026-08-31T12:04:19.6250570Z [0;36m==> [1;39mCleaning…[m
2026-08-31T12:04:20.8834780Z [1;31m> [1;3;39mMaking all for application MatisuAuto…[m
2026-08-31T12:04:25.1579150Z [0;32m==> [1;39mCompiling AppDelegate.mm (arm64)…[m
2026-08-31T12:04:25.2491660Z [0;32m==> [1;39mCompiling main.mm (arm64e)…[m
2026-08-31T12:04:25.3598230Z [0;32m==> [1;39mCompiling TouchInject.mm (arm64)…[m
2026-08-31T12:04:25.4003800Z [0;32m==> [1;39mCompiling AppDelegate.mm (arm64e)…[m
2026-08-31T12:04:25.4652110Z [0;32m==> [1;39mCompiling main.mm (arm64)…[m
2026-08-31T12:04:25.4711500Z In file included from ControlServer.mm:3:
2026-08-31T12:04:25.4813500Z [1m./ScreenShot.h:24:52: [0m[0;1;31merror: [0m[1mpointer is missing a nullability type specifier (_Nonnull, _Nullable, or _Null_unspecified) [-Werror,-Wnullability-completeness][0m
2026-08-31T12:04:25.4814240Z [0;32m==> [1;39mCompiling ControlServer.mm (arm64)…[m
2026-08-31T12:04:25.5033510Z    24 | const uint8_t* _Nullable MatisuSurfaceLockRead(int *outW, int *outH, int *outBpr);[0m
2026-08-31T12:04:25.5164700Z       | [0;1;32m                                                   ^
2026-08-31T12:04:25.5266400Z [0m[1m./ScreenShot.h:24:52: [0m[0;1;36mnote: [0minsert '_Nullable' if the pointer may be null[0m
2026-08-31T12:04:25.5366850Z    24 | const uint8_t* _Nullable MatisuSurfaceLockRead(int *outW, int *outH, int *outBpr);[0m
2026-08-31T12:04:25.5466990Z       | [0;1;32m                                                   ^
2026-08-31T12:04:25.5567270Z [0m      | [0;32m                                                     _Nullable 
2026-08-31T12:04:25.5667570Z [0m[1m./ScreenShot.h:24:52: [0m[0;1;36mnote: [0minsert '_Nonnull' if the pointer should never be null[0m
2026-08-31T12:04:25.5769100Z    24 | const uint8_t* _Nullable MatisuSurfaceLockRead(int *outW, int *outH, int *outBpr);[0m
2026-08-31T12:04:25.5769710Z [0;32m==> [1;39mCompiling ControlServer.mm (arm64e)…[m
2026-08-31T12:04:25.5870240Z       | [0;1;32m                                                   ^
2026-08-31T12:04:25.6002810Z [0m      | [0;32m                                                     _Nonnull 
2026-08-31T12:04:25.6112180Z [0m[1m./ScreenShot.h:24:63: [0m[0;1;31merror: [0m[1mpointer is missing a nullability type specifier (_Nonnull, _Nullable, or _Null_unspecified) [-Werror,-Wnullability-completeness][0m
2026-08-31T12:04:25.6113000Z [0;32m==> [1;39mCompiling TouchInject.mm (arm64e)…[m
2026-08-31T12:04:25.6214520Z    24 | const uint8_t* _Nullable MatisuSurfaceLockRead(int *outW, int *outH, int *outBpr);[0m
2026-08-31T12:04:25.6316270Z       | [0;1;32m                                                              ^
2026-08-31T12:04:25.6418220Z [0m[1m./ScreenShot.h:24:63: [0m[0;1;36mnote: [0minsert '_Nullable' if the pointer may be null[0m
2026-08-31T12:04:25.6519880Z    24 | const uint8_t* _Nullable MatisuSurfaceLockRead(int *outW, int *outH, int *outBpr);[0m
2026-08-31T12:04:25.6621560Z       | [0;1;32m                                                              ^
2026-08-31T12:04:25.6701600Z [0m      | [0;32m                                                                _Nullable 
2026-08-31T12:04:25.6704410Z [0m[1m./ScreenShot.h:24:63: [0m[0;1;36mnote: [0minsert '_Nonnull' if the pointer should never be null[0m
2026-08-31T12:04:25.6706380Z    24 | const uint8_t* _Nullable MatisuSurfaceLockRead(int *outW, int *outH, int *outBpr);[0m
2026-08-31T12:04:25.6708060Z       | [0;1;32m                                                              ^
2026-08-31T12:04:25.6714790Z [0m      | [0;32m                                                                _Nonnull 
2026-08-31T12:04:25.6717690Z [0m[1m./ScreenShot.h:24:74: [0m[0;1;31merror: [0m[1mpointer is missing a nullability type specifier (_Nonnull, _Nullable, or _Null_unspecified) [-Werror,-Wnullability-completeness][0m
2026-08-31T12:04:25.6720380Z    24 | const uint8_t* _Nullable MatisuSurfaceLockRead(int *outW, int *outH, int *outBpr);[0m
2026-08-31T12:04:25.6721980Z       | [0;1;32m                                                                         ^
2026-08-31T12:04:25.6724210Z [0m[1m./ScreenShot.h:24:74: [0m[0;1;36mnote: [0minsert '_Nullable' if the pointer may be null[0m
2026-08-31T12:04:25.6726050Z    24 | const uint8_t* _Nullable MatisuSurfaceLockRead(int *outW, int *outH, int *outBpr);[0m
2026-08-31T12:04:25.6727700Z       | [0;1;32m                                                                         ^
2026-08-31T12:04:25.6729060Z [0m      | [0;32m                                                                           _Nullable 
2026-08-31T12:04:25.6730930Z [0m[1m./ScreenShot.h:24:74: [0m[0;1;36mnote: [0minsert '_Nonnull' if the pointer should never be null[0m
2026-08-31T12:04:25.6737140Z    24 | const uint8_t* _Nullable MatisuSurfaceLockRead(int *outW, int *outH, int *outBpr);[0m
2026-08-31T12:04:25.6738830Z       | [0;1;32m                                                                         ^
2026-08-31T12:04:25.6740200Z [0m      | [0;32m                                                                           _Nonnull 
2026-08-31T12:04:25.6741700Z [0m3 errors generated.
2026-08-31T12:04:25.6744360Z make[3]: *** [/Users/runner/work/matisu-replica/matisu-replica/theos/makefiles/instance/rules.mk:312: /Users/runner/work/matisu-replica/matisu-replica/ios/app/.theos/obj/arm64/ControlServer.mm.0f995478.o] Error 1
2026-08-31T12:04:25.6745850Z make[3]: *** Waiting for unfinished jobs....
2026-08-31T12:04:25.6746290Z In file included from ControlServer.mm:3:
2026-08-31T12:04:25.6747290Z [1m./ScreenShot.h:24:52: [0m[0;1;31merror: [0m[1mpointer is missing a nullability type specifier (_Nonnull, _Nullable, or _Null_unspecified) [-Werror,-Wnullability-completeness][0m
2026-08-31T12:04:25.6748170Z    24 | const uint8_t* _Nullable MatisuSurfaceLockRead(int *outW, int *outH, int *outBpr);[0m
2026-08-31T12:04:25.6748690Z       | [0;1;32m                                                   ^
2026-08-31T12:04:25.6749230Z [0m[1m./ScreenShot.h:24:52: [0m[0;1;36mnote: [0minsert '_Nullable' if the pointer may be null[0m
2026-08-31T12:04:25.6749870Z    24 | const uint8_t* _Nullable MatisuSurfaceLockRead(int *outW, int *outH, int *outBpr);[0m
2026-08-31T12:04:25.6752740Z       | [0;1;32m                                                   ^
2026-08-31T12:04:25.6753320Z [0m      | [0;32m                                                     _Nullable 
2026-08-31T12:04:25.6754070Z [0m[1m./ScreenShot.h:24:52: [0m[0;1;36mnote: [0minsert '_Nonnull' if the pointer should never be null[0m
2026-08-31T12:04:25.6754780Z    24 | const uint8_t* _Nullable MatisuSurfaceLockRead(int *outW, int *outH, int *outBpr);[0m
2026-08-31T12:04:25.6755490Z       | [0;1;32m                                                   ^
2026-08-31T12:04:25.6756060Z [0m      | [0;32m                                                     _Nonnull 
2026-08-31T12:04:25.6756940Z [0m[1m./ScreenShot.h:24:63: [0m[0;1;31merror: [0m[1mpointer is missing a nullability type specifier (_Nonnull, _Nullable, or _Null_unspecified) [-Werror,-Wnullability-completeness][0m
2026-08-31T12:04:25.6758160Z    24 | const uint8_t* _Nullable MatisuSurfaceLockRead(int *outW, int *outH, int *outBpr);[0m
2026-08-31T12:04:25.6770980Z       | [0;1;32m                                                              ^
2026-08-31T12:04:25.6772520Z [0m[1m./ScreenShot.h:24:63: [0m[0;1;36mnote: [0minsert '_Nullable' if the pointer may be null[0m
2026-08-31T12:04:25.6774480Z    24 | const uint8_t* _Nullable MatisuSurfaceLockRead(int *outW, int *outH, int *outBpr);[0m
2026-08-31T12:04:25.6776950Z       | [0;1;32m                                                              ^
2026-08-31T12:04:25.6778580Z [0m      | [0;32m                                                                _Nullable 
2026-08-31T12:04:25.6779240Z [0m[1m./ScreenShot.h:24:63: [0m[0;1;36mnote: [0minsert '_Nonnull' if the pointer should never be null[0m
2026-08-31T12:04:25.6779900Z    24 | const uint8_t* _Nullable MatisuSurfaceLockRead(int *outW, int *outH, int *outBpr);[0m
2026-08-31T12:04:25.6780650Z       | [0;1;32m                                                              ^
2026-08-31T12:04:25.6781280Z [0m      | [0;32m                                                                _Nonnull 
2026-08-31T12:04:25.6782100Z [0m[1m./ScreenShot.h:24:74: [0m[0;1;31merror: [0m[1mpointer is missing a nullability type specifier (_Nonnull, _Nullable, or _Null_unspecified) [-Werror,-Wnullability-completeness][0m
2026-08-31T12:04:25.6782970Z    24 | const uint8_t* _Nullable MatisuSurfaceLockRead(int *outW, int *outH, int *outBpr);[0m
2026-08-31T12:04:25.6783700Z       | [0;1;32m                                                                         ^
2026-08-31T12:04:25.6784450Z [0m[1m./ScreenShot.h:24:74: [0m[0;1;36mnote: [0minsert '_Nullable' if the pointer may be null[0m
2026-08-31T12:04:25.6785800Z    24 | const uint8_t* _Nullable MatisuSurfaceLockRead(int *outW, int *outH, int *outBpr);[0m
2026-08-31T12:04:25.6786480Z       | [0;1;32m                                                                         ^
2026-08-31T12:04:25.6787340Z [0m      | [0;32m                                                                           _Nullable 
2026-08-31T12:04:25.6788050Z [0m[1m./ScreenShot.h:24:74: [0m[0;1;36mnote: [0minsert '_Nonnull' if the pointer should never be null[0m
2026-08-31T12:04:25.6788850Z    24 | const uint8_t* _Nullable MatisuSurfaceLockRead(int *outW, int *outH, int *outBpr);[0m
2026-08-31T12:04:25.6789500Z       | [0;1;32m                                                                         ^
2026-08-31T12:04:25.6790170Z [0m      | [0;32m                                                                           _Nonnull 
2026-08-31T12:04:25.6790720Z [0m3 errors generated.
2026-08-31T12:04:25.6791690Z make[3]: *** [/Users/runner/work/matisu-replica/matisu-replica/theos/makefiles/instance/rules.mk:313: /Users/runner/work/matisu-replica/matisu-replica/ios/app/.theos/obj/arm64e/ControlServer.mm.32122412.o] Error 1
2026-08-31T12:04:25.6792710Z make[3]: *** Waiting for unfinished jobs....
2026-08-31T12:04:25.6794280Z make[2]: *** [/Users/runner/work/matisu-replica/matisu-replica/theos/makefiles/instance/application.mk:50: /Users/runner/work/matisu-replica/matisu-replica/ios/app/.theos/obj/arm64e/MatisuAuto.app/MatisuAuto] Error 2
2026-08-31T12:04:25.6795250Z make[2]: *** Waiting for unfinished jobs....
2026-08-31T12:04:27.1107790Z In file included from ScreenShot.m:1:
2026-08-31T12:04:27.1110240Z [1m./ScreenShot.h:24:52: [0m[0;1;31merror: [0m[1mpointer is missing a nullability type specifier (_Nonnull, _Nullable, or _Null_unspecified) [-Werror,-Wnullability-completeness][0m
2026-08-31T12:04:27.1112850Z    24 | const uint8_t* _Nullable MatisuSurfaceLockRead(int *outW, int *outH, int *outBpr);[0m
2026-08-31T12:04:27.1114270Z       | [0;1;32m                                                   ^
2026-08-31T12:04:27.1115570Z [0m[1m./ScreenShot.h:24:52: [0m[0;1;36mnote: [0minsert '_Nullable' if the pointer may be null[0m
2026-08-31T12:04:27.1117260Z    24 | const uint8_t* _Nullable MatisuSurfaceLockRead(int *outW, int *outH, int *outBpr);[0m
2026-08-31T12:04:27.1118860Z       | [0;1;32m                                                   ^
2026-08-31T12:04:27.1119900Z [0m      | [0;32m                                                     _Nullable 
2026-08-31T12:04:27.1121390Z [0m[1m./ScreenShot.h:24:52: [0m[0;1;36mnote: [0minsert '_Nonnull' if the pointer should never be null[0m
2026-08-31T12:04:27.1124030Z    24 | const uint8_t* _Nullable MatisuSurfaceLockRead(int *outW, int *outH, int *outBpr);[0m
2026-08-31T12:04:27.1125240Z       | [0;1;32m                                                   ^
2026-08-31T12:04:27.1126150Z [0m      | [0;32m                                                     _Nonnull 
2026-08-31T12:04:27.1129060Z [0m[1m./ScreenShot.h:24:63: [0m[0;1;31merror: [0m[1mpointer is missing a nullability type specifier (_Nonnull, _Nullable, or _Null_unspecified) [-Werror,-Wnullability-completeness][0m
2026-08-31T12:04:27.1131050Z [0;32m==> [1;39mCompiling ScreenShot.m (arm64)…[m
2026-08-31T12:04:27.1133930Z    24 | const uint8_t* _Nullable MatisuSurfaceLockRead(int *outW, int *outH, int *outBpr);[0m
2026-08-31T12:04:27.1137660Z       | [0;1;32m                                                              ^
2026-08-31T12:04:27.1139650Z [0m[1m./ScreenShot.h:24:63: [0m[0;1;36mnote: [0minsert '_Nullable' if the pointer may be null[0m
2026-08-31T12:04:27.1140450Z    24 | const uint8_t* _Nullable MatisuSurfaceLockRead(int *outW, int *outH, int *outBpr);[0m
2026-08-31T12:04:27.1141330Z       | [0;1;32m                                                              ^
2026-08-31T12:04:27.1142200Z [0m      | [0;32m                                                                _Nullable 
2026-08-31T12:04:27.1142970Z [0m[1m./ScreenShot.h:24:63: [0m[0;1;36mnote: [0minsert '_Nonnull' if the pointer should never be null[0m
2026-08-31T12:04:27.1150900Z    24 | const uint8_t* _Nullable MatisuSurfaceLockRead(int *outW, int *outH, int *outBpr);[0m
2026-08-31T12:04:27.1151800Z       | [0;1;32m                                                              ^
2026-08-31T12:04:27.1152270Z [0m      | [0;32m                                                                _Nonnull 
2026-08-31T12:04:27.1153100Z [0m[1m./ScreenShot.h:24:74: [0m[0;1;31merror: [0m[1mpointer is missing a nullability type specifier (_Nonnull, _Nullable, or _Null_unspecified) [-Werror,-Wnullability-completeness][0m
2026-08-31T12:04:27.1153970Z    24 | const uint8_t* _Nullable MatisuSurfaceLockRead(int *outW, int *outH, int *outBpr);[0m
2026-08-31T12:04:27.1154530Z       | [0;1;32m                                                                         ^
2026-08-31T12:04:27.1155100Z [0m[1m./ScreenShot.h:24:74: [0m[0;1;36mnote: [0minsert '_Nullable' if the pointer may be null[0m
2026-08-31T12:04:27.1155670Z    24 | const uint8_t* _Nullable MatisuSurfaceLockRead(int *outW, int *outH, int *outBpr);[0m
2026-08-31T12:04:27.1156140Z       | [0;1;32m                                                                         ^
2026-08-31T12:04:27.1156910Z [0m      | [0;32m                                                                           _Nullable 
2026-08-31T12:04:27.1157440Z [0m[1m./ScreenShot.h:24:74: [0m[0;1;36mnote: [0minsert '_Nonnull' if the pointer should never be null[0m
2026-08-31T12:04:27.1159490Z    24 | const uint8_t* _Nullable MatisuSurfaceLockRead(int *outW, int *outH, int *outBpr);[0m
2026-08-31T12:04:27.1160070Z       | [0;1;32m                                                                         ^
2026-08-31T12:04:27.1160470Z [0m      | [0;32m                                                                           _Nonnull 
2026-08-31T12:04:27.1160770Z [0m3 errors generated.
2026-08-31T12:04:27.1161450Z make[3]: *** [/Users/runner/work/matisu-replica/matisu-replica/theos/makefiles/instance/rules.mk:305: /Users/runner/work/matisu-replica/matisu-replica/ios/app/.theos/obj/arm64/ScreenShot.m.0f995478.o] Error 1
2026-08-31T12:04:27.1162600Z make[2]: *** [/Users/runner/work/matisu-replica/matisu-replica/theos/makefiles/instance/application.mk:50: /Users/runner/work/matisu-replica/matisu-replica/ios/app/.theos/obj/arm64/MatisuAuto.app/MatisuAuto] Error 2
2026-08-31T12:04:27.1164100Z make[1]: *** [/Users/runner/work/matisu-replica/matisu-replica/theos/makefiles/instance/application.mk:41: internal-application-all_] Error 2
2026-08-31T12:04:27.1164930Z make: *** [/Users/runner/work/matisu-replica/matisu-replica/theos/makefiles/master/rules.mk:146: MatisuAuto.all.application.variables] Error 2
2026-08-31T12:04:27.1168730Z ##[error]Process completed with exit code 2.
2026-08-31T12:04:27.1338590Z Post job cleanup.
2026-08-31T12:04:27.1343060Z ##[start-action display=Theos Cache;id=__9f8e1eb2-4a4d-44d4-aa44-c75a58a00169.theos-cache]
2026-08-31T12:04:27.1345010Z ##[end-action id=__9f8e1eb2-4a4d-44d4-aa44-c75a58a00169.theos-cache;outcome=skipped;conclusion=skipped;duration_ms=0]
2026-08-31T12:04:27.1431450Z Node 20 is being deprecated. This workflow is running with Node 24 by default. If you need to temporarily use Node 20, you can set the ACTIONS_ALLOW_USE_UNSECURE_NODE_VERSION=true environment variable. For more information see: https://github.blog/changelog/2025-09-19-deprecation-of-node-20-on-github-actions-runners/
2026-08-31T12:04:27.1432760Z Post job cleanup.
2026-08-31T12:04:27.5136240Z [command]/opt/homebrew/bin/git version
2026-08-31T12:04:27.5433840Z git version 2.55.0
2026-08-31T12:04:27.5462160Z Copying '/Users/runner/.gitconfig' to '/Users/runner/work/_temp/90165f5a-1de6-4ce3-802c-a9fa07171d78/.gitconfig'
2026-08-31T12:04:27.5469460Z Temporarily overriding HOME='/Users/runner/work/_temp/90165f5a-1de6-4ce3-802c-a9fa07171d78' before making global git config changes
2026-08-31T12:04:27.5471410Z Adding repository directory to the temporary git global config as a safe directory
2026-08-31T12:04:27.5473300Z [command]/opt/homebrew/bin/git config --global --add safe.directory /Users/runner/work/matisu-replica/matisu-replica
2026-08-31T12:04:27.5632770Z [command]/opt/homebrew/bin/git config --local --name-only --get-regexp core\.sshCommand
2026-08-31T12:04:27.5712510Z [command]/opt/homebrew/bin/git submodule foreach --recursive sh -c "git config --local --name-only --get-regexp 'core\.sshCommand' && git config --local --unset-all 'core.sshCommand' || :"
2026-08-31T12:04:27.6916130Z [command]/opt/homebrew/bin/git config --local --name-only --get-regexp http\.https\:\/\/github\.com\/\.extraheader
2026-08-31T12:04:27.6987580Z http.https://github.com/.extraheader
2026-08-31T12:04:27.6997370Z [command]/opt/homebrew/bin/git config --local --unset-all http.https://github.com/.extraheader
2026-08-31T12:04:27.7087690Z [command]/opt/homebrew/bin/git submodule foreach --recursive sh -c "git config --local --name-only --get-regexp 'http\.https\:\/\/github\.com\/\.extraheader' && git config --local --unset-all 'http.https://github.com/.extraheader' || :"
2026-08-31T12:04:27.8683030Z [command]/opt/homebrew/bin/git config --local --name-only --get-regexp ^includeIf\.gitdir:
2026-08-31T12:04:27.8735840Z [command]/opt/homebrew/bin/git submodule foreach --recursive git config --local --show-origin --name-only --get-regexp remote.origin.url
2026-08-31T12:04:28.0218770Z Cleaning up orphan processes
2026-08-31T12:04:29.1102190Z ##[warning]Node.js 20 is deprecated. The following actions target Node.js 20 but are being forced to run on Node.js 24: actions/cache@v4, actions/checkout@v4. For more information see: https://github.blog/changelog/2025-09-19-deprecation-of-node-20-on-github-actions-runners/
