2026-08-31T05:49:37.0084470Z Current runner version: '2.336.0'
2026-08-31T05:49:37.0102370Z ##[group]Runner Image Provisioner
2026-08-31T05:49:37.0102980Z Hosted Compute Agent
2026-08-31T05:49:37.0103370Z Version: 20260707.563
2026-08-31T05:49:37.0103840Z Commit: 02667638d2b423fbc733a8e32a88b44996a3ba6e
2026-08-31T05:49:37.0104350Z Build Date: 2026-07-07T19:33:50Z
2026-08-31T05:49:37.0104790Z Worker ID: {6989d697-1bec-4945-9d4e-4bce8530e2b6}
2026-08-31T05:49:37.0105260Z Azure Region: westus
2026-08-31T05:49:37.0105630Z ##[endgroup]
2026-08-31T05:49:37.0106580Z ##[group]Operating System
2026-08-31T05:49:37.0106970Z macOS
2026-08-31T05:49:37.0107310Z 26.5.2
2026-08-31T05:49:37.0107660Z 25F84
2026-08-31T05:49:37.0107980Z ##[endgroup]
2026-08-31T05:49:37.0108360Z ##[group]Runner Image
2026-08-31T05:49:37.0108800Z Image: macos-26-arm64
2026-08-31T05:49:37.0109210Z Version: 20260728.0273.1
2026-08-31T05:49:37.0110110Z Included Software: https://github.com/actions/runner-images/blob/macos-26-arm64/20260728.0273/images/macos/macos-26-arm64-Readme.md
2026-08-31T05:49:37.0111200Z Image Release: https://github.com/actions/runner-images/releases/tag/macos-26-arm64%2F20260728.0273
2026-08-31T05:49:37.0111950Z ##[endgroup]
2026-08-31T05:49:37.0112800Z ##[group]GITHUB_TOKEN Permissions
2026-08-31T05:49:37.0114560Z Contents: read
2026-08-31T05:49:37.0114960Z Metadata: read
2026-08-31T05:49:37.0115320Z Packages: read
2026-08-31T05:49:37.0115690Z ##[endgroup]
2026-08-31T05:49:37.0117390Z Secret source: Actions
2026-08-31T05:49:37.0118120Z Prepare workflow directory
2026-08-31T05:49:37.1236950Z Prepare all required actions
2026-08-31T05:49:37.1280590Z Getting action download info
2026-08-31T05:49:37.4156200Z Download action repository 'actions/checkout@v4' (SHA:11d5960a326750d5838078e36cf38b85af677262)
2026-08-31T05:49:37.6590290Z Download action repository 'waruhachi/theos-action@v2.4.6' (SHA:9c45aeddc8a587a7b9d4a17d107e6a68b9bc910e)
2026-08-31T05:49:38.2576050Z Download action repository 'actions/upload-artifact@v4' (SHA:ea165f8d65b6e75b540449e92b4886f43607fa02)
2026-08-31T05:49:38.4847640Z Getting action download info
2026-08-31T05:49:38.5960680Z Download action repository 'actions/cache@v4' (SHA:0057852bfaa89a56745cba8c7296529d2fc39830)
2026-08-31T05:49:39.0012470Z Complete job name: build
2026-08-31T05:49:39.1654990Z Node 20 is being deprecated. This workflow is running with Node 24 by default. If you need to temporarily use Node 20, you can set the ACTIONS_ALLOW_USE_UNSECURE_NODE_VERSION=true environment variable. For more information see: https://github.blog/changelog/2025-09-19-deprecation-of-node-20-on-github-actions-runners/
2026-08-31T05:49:39.1662230Z ##[group]Run actions/checkout@v4
2026-08-31T05:49:39.1662770Z with:
2026-08-31T05:49:39.1663160Z   repository: sky5566jf/matisu-replica
2026-08-31T05:49:39.1666380Z   token: ***
2026-08-31T05:49:39.1666740Z   ssh-strict: true
2026-08-31T05:49:39.1667110Z   ssh-user: git
2026-08-31T05:49:39.1667630Z   persist-credentials: true
2026-08-31T05:49:39.1668060Z   clean: true
2026-08-31T05:49:39.1668430Z   sparse-checkout-cone-mode: true
2026-08-31T05:49:39.1668890Z   fetch-depth: 1
2026-08-31T05:49:39.1669250Z   fetch-tags: false
2026-08-31T05:49:39.1669620Z   show-progress: true
2026-08-31T05:49:39.1669990Z   lfs: false
2026-08-31T05:49:39.1670400Z   submodules: false
2026-08-31T05:49:39.1670770Z   set-safe-directory: true
2026-08-31T05:49:39.1671250Z   allow-unsafe-pr-checkout: false
2026-08-31T05:49:39.1671950Z ##[endgroup]
2026-08-31T05:49:39.5913070Z Syncing repository: sky5566jf/matisu-replica
2026-08-31T05:49:39.5914790Z ##[group]Getting Git version info
2026-08-31T05:49:39.5915450Z Working directory is '/Users/runner/work/matisu-replica/matisu-replica'
2026-08-31T05:49:39.5916350Z [command]/opt/homebrew/bin/git version
2026-08-31T05:49:39.6250380Z git version 2.55.0
2026-08-31T05:49:39.6262220Z ##[endgroup]
2026-08-31T05:49:39.6269970Z Copying '/Users/runner/.gitconfig' to '/Users/runner/work/_temp/f793bb0f-aa9b-4731-868e-dd62df3cea86/.gitconfig'
2026-08-31T05:49:39.6282760Z Temporarily overriding HOME='/Users/runner/work/_temp/f793bb0f-aa9b-4731-868e-dd62df3cea86' before making global git config changes
2026-08-31T05:49:39.6287810Z Adding repository directory to the temporary git global config as a safe directory
2026-08-31T05:49:39.6291300Z [command]/opt/homebrew/bin/git config --global --add safe.directory /Users/runner/work/matisu-replica/matisu-replica
2026-08-31T05:49:39.6415950Z Deleting the contents of '/Users/runner/work/matisu-replica/matisu-replica'
2026-08-31T05:49:39.6422290Z ##[group]Initializing the repository
2026-08-31T05:49:39.6425130Z [command]/opt/homebrew/bin/git init /Users/runner/work/matisu-replica/matisu-replica
2026-08-31T05:49:39.6661100Z hint: Using 'master' as the name for the initial branch. This default branch name
2026-08-31T05:49:39.6662340Z hint: will change to "main" in Git 3.0. To configure the initial branch name
2026-08-31T05:49:39.6663120Z hint: to use in all of your new repositories, which will suppress this warning,
2026-08-31T05:49:39.6663940Z hint: call:
2026-08-31T05:49:39.6664430Z hint:
2026-08-31T05:49:39.6664900Z hint: 	git config --global init.defaultBranch <name>
2026-08-31T05:49:39.6665410Z hint:
2026-08-31T05:49:39.6665940Z hint: Names commonly chosen instead of 'master' are 'main', 'trunk' and
2026-08-31T05:49:39.6666730Z hint: 'development'. The just-created branch can be renamed via this command:
2026-08-31T05:49:39.6667340Z hint:
2026-08-31T05:49:39.6667730Z hint: 	git branch -m <name>
2026-08-31T05:49:39.6668140Z hint:
2026-08-31T05:49:39.6668880Z hint: Disable this message with "git config set advice.defaultBranchName false"
2026-08-31T05:49:39.6671890Z Initialized empty Git repository in /Users/runner/work/matisu-replica/matisu-replica/.git/
2026-08-31T05:49:39.6703080Z [command]/opt/homebrew/bin/git remote add origin https://github.com/sky5566jf/matisu-replica
2026-08-31T05:49:39.6766580Z ##[endgroup]
2026-08-31T05:49:39.6768540Z ##[group]Disabling automatic garbage collection
2026-08-31T05:49:39.6770160Z [command]/opt/homebrew/bin/git config --local gc.auto 0
2026-08-31T05:49:39.6840730Z ##[endgroup]
2026-08-31T05:49:39.6842610Z ##[group]Setting up auth
2026-08-31T05:49:39.6844710Z [command]/opt/homebrew/bin/git config --local --name-only --get-regexp core\.sshCommand
2026-08-31T05:49:39.6920040Z [command]/opt/homebrew/bin/git submodule foreach --recursive sh -c "git config --local --name-only --get-regexp 'core\.sshCommand' && git config --local --unset-all 'core.sshCommand' || :"
2026-08-31T05:49:39.8016900Z [command]/opt/homebrew/bin/git config --local --name-only --get-regexp http\.https\:\/\/github\.com\/\.extraheader
2026-08-31T05:49:39.8143500Z [command]/opt/homebrew/bin/git submodule foreach --recursive sh -c "git config --local --name-only --get-regexp 'http\.https\:\/\/github\.com\/\.extraheader' && git config --local --unset-all 'http.https://github.com/.extraheader' || :"
2026-08-31T05:49:39.9313480Z [command]/opt/homebrew/bin/git config --local --name-only --get-regexp ^includeIf\.gitdir:
2026-08-31T05:49:39.9623640Z [command]/opt/homebrew/bin/git submodule foreach --recursive git config --local --show-origin --name-only --get-regexp remote.origin.url
2026-08-31T05:49:40.1157910Z [command]/opt/homebrew/bin/git config --local http.https://github.com/.extraheader AUTHORIZATION: basic ***
2026-08-31T05:49:40.1162700Z ##[endgroup]
2026-08-31T05:49:40.1163890Z ##[group]Fetching the repository
2026-08-31T05:49:40.1168290Z [command]/opt/homebrew/bin/git -c protocol.version=2 fetch --no-tags --prune --no-recurse-submodules --depth=1 origin +f0c389d1633e070503b98cc463088df9bf3a56df:refs/remotes/origin/main
2026-08-31T05:49:40.8356750Z From https://github.com/sky5566jf/matisu-replica
2026-08-31T05:49:40.8360020Z  * [new ref]         f0c389d1633e070503b98cc463088df9bf3a56df -> origin/main
2026-08-31T05:49:40.8366530Z ##[endgroup]
2026-08-31T05:49:40.8369220Z ##[group]Determining the checkout info
2026-08-31T05:49:40.8372440Z ##[endgroup]
2026-08-31T05:49:40.8375460Z [command]/opt/homebrew/bin/git sparse-checkout disable
2026-08-31T05:49:40.8470230Z [command]/opt/homebrew/bin/git config --local --unset-all extensions.worktreeConfig
2026-08-31T05:49:40.8546340Z ##[group]Checking out the ref
2026-08-31T05:49:40.8549620Z [command]/opt/homebrew/bin/git checkout --progress --force -B main refs/remotes/origin/main
2026-08-31T05:49:40.8759850Z Switched to a new branch 'main'
2026-08-31T05:49:40.8764610Z branch 'main' set up to track 'origin/main'.
2026-08-31T05:49:40.8770510Z ##[endgroup]
2026-08-31T05:49:40.8868450Z [command]/opt/homebrew/bin/git log -1 --format=%H
2026-08-31T05:49:40.8941200Z f0c389d1633e070503b98cc463088df9bf3a56df
2026-08-31T05:49:41.0253740Z ##[group]Run waruhachi/theos-action@v2.4.6
2026-08-31T05:49:41.0254570Z with:
2026-08-31T05:49:41.0255220Z   theos-src: theos/theos
2026-08-31T05:49:41.0255900Z   theos-branch: master
2026-08-31T05:49:41.0256550Z   sdks-src: theos/sdks
2026-08-31T05:49:41.0257210Z   sdks-branch: master
2026-08-31T05:49:41.0257930Z   libgcuniversal: false
2026-08-31T05:49:41.0258850Z   libgcuniversal-src: MrGcGamer/LibGcUniversalDocumentation
2026-08-31T05:49:41.0259790Z   libgcuniversal-branch: master
2026-08-31T05:49:41.0260490Z   altlist: false
2026-08-31T05:49:41.0261090Z   altlist-src: opa334/AltList
2026-08-31T05:49:41.0261870Z   altlist-branch: main
2026-08-31T05:49:41.0262830Z ##[endgroup]
2026-08-31T05:49:41.0461840Z ##[start-action display=Adding Theos Environment Variables;id=__waruhachi_theos-action.__run]
2026-08-31T05:49:41.0685840Z ##[group]Run echo "THEOS=/Users/runner/work/matisu-replica/matisu-replica/theos" >> $GITHUB_ENV
2026-08-31T05:49:41.0687490Z [36;1mecho "THEOS=/Users/runner/work/matisu-replica/matisu-replica/theos" >> $GITHUB_ENV[0m
2026-08-31T05:49:41.0735390Z shell: /bin/bash --noprofile --norc -e -o pipefail {0}
2026-08-31T05:49:41.0736280Z ##[endgroup]
2026-08-31T05:49:41.1142680Z ##[end-action id=__waruhachi_theos-action.__run;outcome=success;conclusion=success;duration_ms=67]
2026-08-31T05:49:41.1293800Z ##[start-action display=Generate Cache Key;id=__waruhachi_theos-action.cache-key]
2026-08-31T05:49:41.1485380Z ##[group]Run set -euo pipefail
2026-08-31T05:49:41.1486140Z [36;1mset -euo pipefail[0m
2026-08-31T05:49:41.1486790Z [36;1m[0m
2026-08-31T05:49:41.1487790Z [36;1mtheos_sha=$(gh api -H 'Accept: application/vnd.github.sha' /repos/theos/theos/commits/master)[0m
2026-08-31T05:49:41.1489480Z [36;1msdks_sha=$(gh api -H 'Accept: application/vnd.github.sha' /repos/theos/sdks/commits/master)[0m
2026-08-31T05:49:41.1490630Z [36;1m[0m
2026-08-31T05:49:41.1491220Z [36;1mif [[ "false" == 'true' ]]; then[0m
2026-08-31T05:49:41.1492650Z [36;1m  libgc_sha=$(gh api -H 'Accept: application/vnd.github.sha' /repos/MrGcGamer/LibGcUniversalDocumentation/commits/master)[0m
2026-08-31T05:49:41.1494050Z [36;1melse[0m
2026-08-31T05:49:41.1494630Z [36;1m  libgc_sha="none"[0m
2026-08-31T05:49:41.1495270Z [36;1mfi[0m
2026-08-31T05:49:41.1495810Z [36;1m[0m
2026-08-31T05:49:41.1496390Z [36;1mif [[ "false" == 'true' ]]; then[0m
2026-08-31T05:49:41.1497560Z [36;1m  altlist_sha=$(gh api -H 'Accept: application/vnd.github.sha' /repos/opa334/AltList/commits/main)[0m
2026-08-31T05:49:41.1498760Z [36;1melse[0m
2026-08-31T05:49:41.1499330Z [36;1m  altlist_sha="none"[0m
2026-08-31T05:49:41.1499970Z [36;1mfi[0m
2026-08-31T05:49:41.1500510Z [36;1m[0m
2026-08-31T05:49:41.1502300Z [36;1mecho "key=theos/theos-master-$theos_sha|theos/sdks-master-$sdks_sha|MrGcGamer/LibGcUniversalDocumentation-master-$libgc_sha|opa334/AltList-main-$altlist_sha" >> $GITHUB_OUTPUT[0m
2026-08-31T05:49:41.1539170Z shell: /bin/bash --noprofile --norc -e -o pipefail {0}
2026-08-31T05:49:41.1540020Z env:
2026-08-31T05:49:41.1540730Z   THEOS: /Users/runner/work/matisu-replica/matisu-replica/theos
2026-08-31T05:49:41.1547860Z   GH_TOKEN: ***
2026-08-31T05:49:41.1548430Z ##[endgroup]
2026-08-31T05:49:42.0261090Z ##[end-action id=__waruhachi_theos-action.cache-key;outcome=success;conclusion=success;duration_ms=896]
2026-08-31T05:49:42.0369180Z ##[start-action display=Install dependencies;id=__waruhachi_theos-action.__run_2]
2026-08-31T05:49:42.0513710Z ##[group]Run set -euo pipefail
2026-08-31T05:49:42.0513970Z [36;1mset -euo pipefail[0m
2026-08-31T05:49:42.0514160Z [36;1m[0m
2026-08-31T05:49:42.0514320Z [36;1mbrew install make ldid[0m
2026-08-31T05:49:42.0514610Z [36;1mecho "$(brew --prefix make)/libexec/gnubin" >> $GITHUB_PATH[0m
2026-08-31T05:49:42.0547970Z shell: /bin/bash --noprofile --norc -e -o pipefail {0}
2026-08-31T05:49:42.0548240Z env:
2026-08-31T05:49:42.0548470Z   THEOS: /Users/runner/work/matisu-replica/matisu-replica/theos
2026-08-31T05:49:42.0548760Z ##[endgroup]
2026-08-31T05:49:44.9371160Z ##[warning]The following taps are not trusted:
  aws/tap

Homebrew is currently ignoring formulae, casks and commands from these taps because tap trust is required.

Untap them with:
  brew untap aws/tap
Trust specific formulae, casks and commands with:
  brew trust --formula <user>/<tap>/<formula>
  brew trust --cask <user>/<tap>/<cask>
  brew trust --command <user>/<tap>/<command>
Whole-tap trust is broader and includes all current and future formulae,
casks and commands from the listed taps. Trust whole taps with:
  brew trust aws/tap
To disable trust checks:
  export HOMEBREW_NO_REQUIRE_TAP_TRUST=1
This is not recommended and will be removed in a later release.
For more information, see:
  https://docs.brew.sh/Tap-Trust
2026-08-31T05:49:45.3051840Z [34m==>[0m [1mWould install 2 formulae:[0m
2026-08-31T05:49:45.3052630Z make ldid
2026-08-31T05:49:45.3064030Z [34m==>[0m [1mDownloading https://ghcr.io/v2/homebrew/core/make/manifests/4.4.1-1[0m
2026-08-31T05:49:45.6100560Z [34m==>[0m [1mDownloading https://ghcr.io/v2/homebrew/core/ldid/manifests/2.1.5_1-1[0m
2026-08-31T05:49:45.8072290Z [34m==>[0m [1mWould install 1 dependency for ldid:[0m
2026-08-31T05:49:45.8073740Z libplist
2026-08-31T05:49:45.8074830Z [32m==>[0m [1mFetching downloads for: [32mmake[39m and [32mldid[39m[0m
2026-08-31T05:49:46.0194350Z ✔︎ Bottle Manifest libplist (2.7.0)
2026-08-31T05:49:46.1215540Z ✔︎ Bottle ldid (2.1.5_1)
2026-08-31T05:49:46.1463570Z ✔︎ Bottle libplist (2.7.0)
2026-08-31T05:49:46.1580840Z ✔︎ Bottle make (4.4.1)
2026-08-31T05:49:46.1603720Z [34m==>[0m [1mPouring make--4.4.1.arm64_tahoe.bottle.1.tar.gz[0m
2026-08-31T05:49:46.2558120Z [34m==>[0m [1mCaveats[0m
2026-08-31T05:49:46.2559080Z GNU "make" has been installed as "gmake".
2026-08-31T05:49:46.2559900Z If you need to use it as "make", you can add a "gnubin" directory
2026-08-31T05:49:46.2560820Z to your PATH from your bashrc like:
2026-08-31T05:49:46.2561190Z 
2026-08-31T05:49:46.2561850Z     PATH="/opt/homebrew/opt/make/libexec/gnubin:$PATH"
2026-08-31T05:49:46.2562910Z [34m==>[0m [1mSummary[0m
2026-08-31T05:49:46.2564430Z 🍺  /opt/homebrew/Cellar/make/4.4.1: 17 files, 1.3MB
2026-08-31T05:49:46.2661420Z [32m==>[0m [1mInstalling ldid dependency: [32mlibplist[39m[0m
2026-08-31T05:49:46.2702250Z [34m==>[0m [1mPouring libplist--2.7.0.arm64_tahoe.bottle.tar.gz[0m
2026-08-31T05:49:46.2987610Z 🍺  /opt/homebrew/Cellar/libplist/2.7.0: 32 files, 605.5KB
2026-08-31T05:49:46.2992470Z [32m==>[0m [1mInstalling [32mldid[39m[0m
2026-08-31T05:49:46.2993790Z [34m==>[0m [1mPouring ldid--2.1.5_1.arm64_tahoe.bottle.1.tar.gz[0m
2026-08-31T05:49:46.3475200Z 🍺  /opt/homebrew/Cellar/ldid/2.1.5_1: 6 files, 271KB
2026-08-31T05:49:46.3483280Z [32m==>[0m [1mCaveats[0m
2026-08-31T05:49:46.3484110Z [34m==>[0m [1mmake[0m
2026-08-31T05:49:46.3485090Z GNU "make" has been installed as "gmake".
2026-08-31T05:49:46.3486060Z If you need to use it as "make", you can add a "gnubin" directory
2026-08-31T05:49:46.3487170Z to your PATH from your bashrc like:
2026-08-31T05:49:46.3487770Z 
2026-08-31T05:49:46.3488240Z     PATH="/opt/homebrew/opt/make/libexec/gnubin:$PATH"
2026-08-31T05:49:46.3942140Z ##[end-action id=__waruhachi_theos-action.__run_2;outcome=success;conclusion=success;duration_ms=4357]
2026-08-31T05:49:46.4029550Z ##[start-action display=Theos Cache;id=__waruhachi_theos-action.theos-cache]
2026-08-31T05:49:46.4179210Z Node 20 is being deprecated. This workflow is running with Node 24 by default. If you need to temporarily use Node 20, you can set the ACTIONS_ALLOW_USE_UNSECURE_NODE_VERSION=true environment variable. For more information see: https://github.blog/changelog/2025-09-19-deprecation-of-node-20-on-github-actions-runners/
2026-08-31T05:49:46.4183820Z ##[group]Run actions/cache@v4
2026-08-31T05:49:46.4184030Z with:
2026-08-31T05:49:46.4184240Z   path: /Users/runner/work/matisu-replica/matisu-replica/theos
2026-08-31T05:49:46.4185230Z   key: theos/theos-master-5280bd038207e14f8bd76f5417aa2fe641c03228|theos/sdks-master-0222fd5413cf4b9af096f37b4621afa2688572f7|MrGcGamer/LibGcUniversalDocumentation-master-none|opa334/AltList-main-none
2026-08-31T05:49:46.4185920Z   enableCrossOsArchive: false
2026-08-31T05:49:46.4186100Z   fail-on-cache-miss: false
2026-08-31T05:49:46.4186260Z   lookup-only: false
2026-08-31T05:49:46.4186410Z   save-always: false
2026-08-31T05:49:46.4186560Z env:
2026-08-31T05:49:46.4186750Z   THEOS: /Users/runner/work/matisu-replica/matisu-replica/theos
2026-08-31T05:49:46.4187000Z ##[endgroup]
2026-08-31T05:49:46.5453140Z (node:2271) [DEP0040] DeprecationWarning: The `punycode` module is deprecated. Please use a userland alternative instead.
2026-08-31T05:49:46.5455280Z (Use `node --trace-deprecation ...` to show where the warning was created)
2026-08-31T05:49:46.7200470Z Cache hit for: theos/theos-master-5280bd038207e14f8bd76f5417aa2fe641c03228|theos/sdks-master-0222fd5413cf4b9af096f37b4621afa2688572f7|MrGcGamer/LibGcUniversalDocumentation-master-none|opa334/AltList-main-none
2026-08-31T05:49:46.7313240Z (node:2271) [DEP0169] DeprecationWarning: `url.parse()` behavior is not standardized and prone to errors that have security implications. Use the WHATWG URL API instead. CVEs are not issued for `url.parse()` vulnerabilities.
2026-08-31T05:49:47.8764470Z Received 54525952 of 224393996 (24.3%), 51.9 MBs/sec
2026-08-31T05:49:48.8892900Z Received 142606336 of 224393996 (63.6%), 67.6 MBs/sec
2026-08-31T05:49:49.5231150Z Received 224393996 of 224393996 (100.0%), 80.8 MBs/sec
2026-08-31T05:49:49.5257510Z Cache Size: ~214 MB (224393996 B)
2026-08-31T05:49:49.5429130Z [command]/opt/homebrew/bin/gtar -xf /Users/runner/work/_temp/327979d0-1e91-4517-95f2-63511005286d/cache.tzst -P -C /Users/runner/work/matisu-replica/matisu-replica --delay-directory-restore --use-compress-program unzstd
2026-08-31T05:50:10.3747630Z Cache restored successfully
2026-08-31T05:50:10.4267030Z Cache restored from key: theos/theos-master-5280bd038207e14f8bd76f5417aa2fe641c03228|theos/sdks-master-0222fd5413cf4b9af096f37b4621afa2688572f7|MrGcGamer/LibGcUniversalDocumentation-master-none|opa334/AltList-main-none
2026-08-31T05:50:10.4601580Z ##[end-action id=__waruhachi_theos-action.theos-cache;outcome=success;conclusion=success;duration_ms=24056]
2026-08-31T05:50:10.4646170Z ##[start-action display=Setup Theos;id=__waruhachi_theos-action.__actions_checkout]
2026-08-31T05:50:10.4787080Z ##[end-action id=__waruhachi_theos-action.__actions_checkout;outcome=skipped;conclusion=skipped;duration_ms=0]
2026-08-31T05:50:10.4815720Z ##[start-action display=Setup SDKs;id=__waruhachi_theos-action.__actions_checkout_2]
2026-08-31T05:50:10.4841320Z ##[end-action id=__waruhachi_theos-action.__actions_checkout_2;outcome=skipped;conclusion=skipped;duration_ms=0]
2026-08-31T05:50:10.4880650Z ##[start-action display=Setup LibGcUniversal;id=__waruhachi_theos-action.__actions_checkout_3]
2026-08-31T05:50:10.4899960Z ##[end-action id=__waruhachi_theos-action.__actions_checkout_3;outcome=skipped;conclusion=skipped;duration_ms=0]
2026-08-31T05:50:10.4919520Z ##[start-action display=Install LibGcUniversal;id=__waruhachi_theos-action.__run_3]
2026-08-31T05:50:10.4947080Z ##[end-action id=__waruhachi_theos-action.__run_3;outcome=skipped;conclusion=skipped;duration_ms=0]
2026-08-31T05:50:10.4965630Z ##[start-action display=Setup AltList;id=__waruhachi_theos-action.__actions_checkout_4]
2026-08-31T05:50:10.4979110Z ##[end-action id=__waruhachi_theos-action.__actions_checkout_4;outcome=skipped;conclusion=skipped;duration_ms=0]
2026-08-31T05:50:10.5006250Z ##[start-action display=Install AltList;id=__waruhachi_theos-action.__run_4]
2026-08-31T05:50:10.5020000Z ##[end-action id=__waruhachi_theos-action.__run_4;outcome=skipped;conclusion=skipped;duration_ms=0]
2026-08-31T05:50:10.5051900Z ##[start-action display=Update Theos;id=__waruhachi_theos-action.__run_5]
2026-08-31T05:50:10.5101660Z ##[group]Run $THEOS/bin/update-theos
2026-08-31T05:50:10.5101930Z [36;1m$THEOS/bin/update-theos[0m
2026-08-31T05:50:10.6588780Z shell: /bin/bash --noprofile --norc -e -o pipefail {0}
2026-08-31T05:50:10.6594610Z env:
2026-08-31T05:50:10.6594920Z   THEOS: /Users/runner/work/matisu-replica/matisu-replica/theos
2026-08-31T05:50:10.6595200Z ##[endgroup]
2026-08-31T05:50:11.9194400Z From https://github.com/theos/theos
2026-08-31T05:50:11.9195610Z  * [new branch]      dhowett/dev/experimental-rebased -> origin/dhowett/dev/experimental-rebased
2026-08-31T05:50:11.9196940Z  * [new branch]      dhowett/dev/instance-target -> origin/dhowett/dev/instance-target
2026-08-31T05:50:11.9198100Z  * [new branch]      dhowett/dev/syntel    -> origin/dhowett/dev/syntel
2026-08-31T05:50:11.9199050Z  * [new branch]      dhowett/dev/testing   -> origin/dhowett/dev/testing
2026-08-31T05:50:11.9200390Z  * [new branch]      kabiroberai/arch-schemas -> origin/kabiroberai/arch-schemas
2026-08-31T05:50:11.9201590Z  * [new branch]      kirb/break-stuff      -> origin/kirb/break-stuff
2026-08-31T05:50:11.9203050Z  * [new branch]      kirb/experimental/uikitformac-support -> origin/kirb/experimental/uikitformac-support
2026-08-31T05:50:11.9204810Z  * [new branch]      kirb/rootless         -> origin/kirb/rootless
2026-08-31T05:50:11.9206070Z  * [new branch]      kirb/unfinished/better-troubleshoot -> origin/kirb/unfinished/better-troubleshoot
2026-08-31T05:50:11.9207280Z  * [new branch]      legacy                -> origin/legacy
2026-08-31T05:50:11.9208120Z  * [new branch]      libhooker-rpaths      -> origin/libhooker-rpaths
2026-08-31T05:50:11.9209030Z  * [new branch]      orion                 -> origin/orion
2026-08-31T05:50:11.9209920Z  * [new branch]      orion-dev             -> origin/orion-dev
2026-08-31T05:50:11.9210890Z  * [new branch]      uroboro-minor-changes -> origin/uroboro-minor-changes
2026-08-31T05:50:11.9211740Z  * [new tag]         1.0.0                 -> 1.0.0
2026-08-31T05:50:11.9212500Z  * [new tag]         2.0.0                 -> 2.0.0
2026-08-31T05:50:11.9213190Z  * [new tag]         2.1.0                 -> 2.1.0
2026-08-31T05:50:11.9213840Z  * [new tag]         2.1.1                 -> 2.1.1
2026-08-31T05:50:11.9214510Z  * [new tag]         2.2                   -> 2.2
2026-08-31T05:50:11.9215170Z  * [new tag]         2.3                   -> 2.3
2026-08-31T05:50:11.9215840Z  * [new tag]         2.4                   -> 2.4
2026-08-31T05:50:11.9216520Z  * [new tag]         2.5                   -> 2.5
2026-08-31T05:50:12.1649430Z Fetching submodule vendor/dm.pl
2026-08-31T05:50:12.4392070Z Fetching submodule vendor/include
2026-08-31T05:50:12.6843860Z Fetching submodule vendor/lib
2026-08-31T05:50:12.6940030Z Fetching submodule vendor/orion
2026-08-31T05:50:12.8024550Z Fetching submodule vendor/logos
2026-08-31T05:50:12.8025200Z Fetching submodule vendor/nic
2026-08-31T05:50:12.9184340Z Fetching submodule vendor/templates
2026-08-31T05:50:13.4452620Z From https://github.com/theos/nic
2026-08-31T05:50:13.4739150Z  * branch            12db01f67994a232f8282f3ae0d0b61314ce0230 -> FETCH_HEAD
2026-08-31T05:50:13.4841130Z  * branch            1f2e89d4acb805a81503ac3ea4c7115ca55f75a1 -> FETCH_HEAD
2026-08-31T05:50:13.4933960Z  * branch            28d562c54f2d335a5f392191e7d2e8f08aca88fa -> FETCH_HEAD
2026-08-31T05:50:13.4934890Z  * branch            40464a39bfb31306521212936dbae3406ef4822c -> FETCH_HEAD
2026-08-31T05:50:13.4935370Z  * branch            6585e1e2d29bcd2452e14f8e92e62c76a1909554 -> FETCH_HEAD
2026-08-31T05:50:13.4935830Z  * branch            794d210f81198c6aef4f0ab8d04bd74ffe149f51 -> FETCH_HEAD
2026-08-31T05:50:13.4936300Z  * branch            8f065ac109706335661a6f8e9edfeacdbff0d80e -> FETCH_HEAD
2026-08-31T05:50:13.4945310Z  * branch            941bbf0173e3c9674331715f433c1ae6f9156362 -> FETCH_HEAD
2026-08-31T05:50:13.4946000Z  * branch            fd02465ca53cdb3bb07b4ff723c517e9a808641c -> FETCH_HEAD
2026-08-31T05:50:13.4946490Z  * branch            fe9f859d3aaba987ed19ef52dbfb57bc02a4973d -> FETCH_HEAD
2026-08-31T05:50:13.4946910Z Fetching submodule vendor/swift-support
2026-08-31T05:50:13.7036670Z From https://github.com/theos/swift-support
2026-08-31T05:50:13.7040830Z  * branch            0093a4ebcc9027c383c5d56d35a4d418d4592658 -> FETCH_HEAD
2026-08-31T05:50:13.7042380Z  * branch            019861f92a7ff16d422a63911e2313c877e1b828 -> FETCH_HEAD
2026-08-31T05:50:13.7043980Z  * branch            0205d5ab2d73fa52a1d9ff3eba0612c4e08c1003 -> FETCH_HEAD
2026-08-31T05:50:13.7044950Z  * branch            26d567b27545ed5830775ae8a487bdf4d67ff4b5 -> FETCH_HEAD
2026-08-31T05:50:13.7045900Z  * branch            2b9346b2e48a72e534d667cd45f83749ae278a15 -> FETCH_HEAD
2026-08-31T05:50:13.7046910Z  * branch            2ca7b66fc689058636242fe898b76df73e4d5609 -> FETCH_HEAD
2026-08-31T05:50:13.7047870Z  * branch            3b0005b557331b5df67913b98d003ec1e87d78bd -> FETCH_HEAD
2026-08-31T05:50:13.7048980Z  * branch            43055290ede755acbd186c398cae72dc4f12247d -> FETCH_HEAD
2026-08-31T05:50:13.7050340Z  * branch            5d427efa62c1bbb137e00e51f378d031b1d15699 -> FETCH_HEAD
2026-08-31T05:50:13.7051370Z  * branch            69b5d150a05272fc6273eaa3801c47d06d7f2813 -> FETCH_HEAD
2026-08-31T05:50:13.7052330Z  * branch            7ca75d0edc2ba7cc6f2928333d617292ac4683dd -> FETCH_HEAD
2026-08-31T05:50:13.7053360Z  * branch            86dd8e6a8dd9eac1195dbdacdc7e79a5c532d1f9 -> FETCH_HEAD
2026-08-31T05:50:13.7054350Z  * branch            b9b4ef3ed1d6a48b5e9e52db2eb27c5c9de35da9 -> FETCH_HEAD
2026-08-31T05:50:13.7055470Z  * branch            bb1ad344db2df5f099335cd6bff6045f71b8438c -> FETCH_HEAD
2026-08-31T05:50:13.7056430Z  * branch            c630ca8723ed631f896e10484934c336a26b83be -> FETCH_HEAD
2026-08-31T05:50:13.7057390Z  * branch            d9af6143ccc1bbd316b898def3fef732f87d9653 -> FETCH_HEAD
2026-08-31T05:50:13.7058400Z  * branch            fd6ff75bb620a4754f124381f0d7bce9bba79ca2 -> FETCH_HEAD
2026-08-31T05:50:13.7233930Z From https://github.com/theos/orion
2026-08-31T05:50:13.7234850Z  * branch            0031cd86865084f8e491182772a10e749cfc4e67 -> FETCH_HEAD
2026-08-31T05:50:13.7235820Z  * branch            06cb86f32e73e48241afa29df0861f55991cca61 -> FETCH_HEAD
2026-08-31T05:50:13.7236830Z  * branch            152dd53a25de653c4870a808ddfefb7e625b3294 -> FETCH_HEAD
2026-08-31T05:50:13.7237800Z  * branch            17357242fb4e60c60d3b86b260fba0a8b75cb11d -> FETCH_HEAD
2026-08-31T05:50:13.7238740Z  * branch            1cd69055ca503b2c6334f64211d3bc937fca4fc0 -> FETCH_HEAD
2026-08-31T05:50:13.7239730Z  * branch            225c463b57b268fcc02380c40356b585682bd67a -> FETCH_HEAD
2026-08-31T05:50:13.7240640Z  * branch            2e4d368231e88c797ab9879f8c018a50f4e25209 -> FETCH_HEAD
2026-08-31T05:50:13.7241610Z  * branch            335ba6eff3bedf06d2745aacca73cd9612dfa314 -> FETCH_HEAD
2026-08-31T05:50:13.7242590Z  * branch            3b7c6dc91fe5ede50c475f7f4f1a9c70ab5289db -> FETCH_HEAD
2026-08-31T05:50:13.7243550Z  * branch            3da7f4e5127e37e33fb6e4bc7de0e51768fbbc60 -> FETCH_HEAD
2026-08-31T05:50:13.7244520Z  * branch            42ea032b7ee01cea0121cbcecd47b998db3ce136 -> FETCH_HEAD
2026-08-31T05:50:13.7245460Z  * branch            485f5cc6f945035afc64027157e2f5cfa7c7059d -> FETCH_HEAD
2026-08-31T05:50:13.7246410Z  * branch            4a80d885e83a049b59cf90c81e40286eed160f08 -> FETCH_HEAD
2026-08-31T05:50:13.7247400Z  * branch            52c0c12b34fc358f04bc3052b82b72c2dfe2f42d -> FETCH_HEAD
2026-08-31T05:50:13.7248350Z  * branch            5a0bc2c9b87f2171b3c58bf3688cc89f39cfe4e7 -> FETCH_HEAD
2026-08-31T05:50:13.7249310Z  * branch            67b3c2a59e016a9951d471e7c9f1852203091753 -> FETCH_HEAD
2026-08-31T05:50:13.7250240Z  * branch            6f8ed1a59e70d7bf7dc5080ef7579ba2b9c975b0 -> FETCH_HEAD
2026-08-31T05:50:13.7252020Z  * branch            78df9785cc985260fb6eb2371876f5d8a3f180c8 -> FETCH_HEAD
2026-08-31T05:50:13.7253000Z  * branch            79b3835410a6f4be2c913334acb2b6a0055d3708 -> FETCH_HEAD
2026-08-31T05:50:13.7253970Z  * branch            9e7333bb9d529b4c41a43248fbdb5d2daf69cb0f -> FETCH_HEAD
2026-08-31T05:50:13.7255000Z  * branch            9eb6b9de83071ef7063c8d52545c87acd43e50ed -> FETCH_HEAD
2026-08-31T05:50:13.7256090Z  * branch            ae9fbf2f3a242506d79a49776f578f055a9ebf3c -> FETCH_HEAD
2026-08-31T05:50:13.7257690Z  * branch            b0349d6d540c956239148a95d05bea6dc559d8f7 -> FETCH_HEAD
2026-08-31T05:50:13.7258940Z  * branch            b4946bb467b450e04be7e25f8dcb5ed55349e2cc -> FETCH_HEAD
2026-08-31T05:50:13.7260560Z  * branch            b799eda1f1e86469db859df5384fb91094b52aed -> FETCH_HEAD
2026-08-31T05:50:13.7261540Z  * branch            b828e186278a3d29a5a10c5f3dea128e5d413a31 -> FETCH_HEAD
2026-08-31T05:50:13.7262660Z  * branch            cea8f533e199ba62cc543b9f44971bb295f9e8d2 -> FETCH_HEAD
2026-08-31T05:50:13.7263610Z  * branch            d4bc4a55170df50c137945923b381af13c1f7f34 -> FETCH_HEAD
2026-08-31T05:50:13.7264650Z  * branch            e37259fe10493ae95fa0d823b5f1469a26dc56db -> FETCH_HEAD
2026-08-31T05:50:13.7265600Z  * branch            e7a029a6bb37424cd9a4c474cb71d3f2a9071d66 -> FETCH_HEAD
2026-08-31T05:50:13.7266540Z  * branch            e8267b7324a2ff9e4a1d9ac0e618a1ee91573ec7 -> FETCH_HEAD
2026-08-31T05:50:13.7267350Z Fetching submodule vendor/orion/fishhook
2026-08-31T05:50:14.5288570Z From https://github.com/facebook/fishhook
2026-08-31T05:50:14.5289270Z  * branch            8ef82f0711494ecc78d16bf6ce76f5ad92e5f67b -> FETCH_HEAD
2026-08-31T05:50:14.5298040Z From https://github.com/theos/templates
2026-08-31T05:50:14.5299490Z  * branch            022f31fd3457c8a0c181cd23b59c2980ca4d36b2 -> FETCH_HEAD
2026-08-31T05:50:14.5300230Z  * branch            0886f5a8ebb6f0e142f9e9a8a8924370939d1146 -> FETCH_HEAD
2026-08-31T05:50:14.5300880Z  * branch            09894865a641bae0b67456a6df6475df8d8a6ac7 -> FETCH_HEAD
2026-08-31T05:50:14.5303300Z  * branch            11488a997e6dc1ac4a5ae8612ab46a6e45394709 -> FETCH_HEAD
2026-08-31T05:50:14.5308920Z  * branch            1576043fbcea15b79a9b7931d93266fc1aedbecc -> FETCH_HEAD
2026-08-31T05:50:14.5309380Z  * branch            300ee0f33196f55ec7a7bb02b05910974216b831 -> FETCH_HEAD
2026-08-31T05:50:14.5309820Z  * branch            349468fc3d8f84cd38080f80f99bfe49a1ddc162 -> FETCH_HEAD
2026-08-31T05:50:14.5310240Z  * branch            3a20da8b1c61ec888ae1a926af3065366094ee77 -> FETCH_HEAD
2026-08-31T05:50:14.5310680Z  * branch            49defb6d052709417bc61e4c0c8f732639b28c1e -> FETCH_HEAD
2026-08-31T05:50:14.5311110Z  * branch            4c75fa2361f67deb4fe6c554e010cb1aaa48ca3d -> FETCH_HEAD
2026-08-31T05:50:14.5311550Z  * branch            5917b9947fbb3099df3c48e1001a3d8b17a8e55a -> FETCH_HEAD
2026-08-31T05:50:14.5312150Z  * branch            645bcd195b44e076474e097990bea47bcb3ed772 -> FETCH_HEAD
2026-08-31T05:50:14.5312590Z  * branch            7d98646871281e5b71e280e8f80d3fc27b69aeef -> FETCH_HEAD
2026-08-31T05:50:14.5313090Z  * branch            7e6b80d6f98c8b1ad4ab05b2e8bc659741d26d02 -> FETCH_HEAD
2026-08-31T05:50:14.5313510Z  * branch            8af2906bf6f6dd13d97302405316bd8a5419a265 -> FETCH_HEAD
2026-08-31T05:50:14.5313930Z  * branch            8d1a9f5a42ae2a48435303ea8fb07c3c1ccbd9d2 -> FETCH_HEAD
2026-08-31T05:50:14.5314340Z  * branch            8d9599b9054c93319ed35b35b3a826e437931904 -> FETCH_HEAD
2026-08-31T05:50:14.5314740Z  * branch            a22176f8b1a1759fec55a3b62c8200cc751f1638 -> FETCH_HEAD
2026-08-31T05:50:14.5315170Z  * branch            b3afce164abdeda0c9b1aa69fdc2f9fec0673792 -> FETCH_HEAD
2026-08-31T05:50:14.5315610Z  * branch            b68586f216239fe73f74326b59b1e66cd0a1b664 -> FETCH_HEAD
2026-08-31T05:50:14.5316020Z  * branch            da6a60b1d3f6bf4b7398000448209cd505eb1a74 -> FETCH_HEAD
2026-08-31T05:50:14.5316450Z  * branch            e3c1d67b1e8faae69b37fb525bd7f2c435ef9dab -> FETCH_HEAD
2026-08-31T05:50:14.5317290Z  * branch            efc61c3afeee514482f1702ffd5f6c07d14ecd2e -> FETCH_HEAD
2026-08-31T05:50:14.5317700Z  * branch            f466826075cc2acbd755ca096f4fdf7a82a27922 -> FETCH_HEAD
2026-08-31T05:50:14.6288780Z From https://github.com/theos/lib
2026-08-31T05:50:14.6294380Z  * branch            013ea40121136f36ed67e6bd7dcc1b99613daa98 -> FETCH_HEAD
2026-08-31T05:50:14.6295470Z  * branch            07909619e8911d3ae14b07b9514a8209fe8e57cb -> FETCH_HEAD
2026-08-31T05:50:14.6301490Z  * branch            113e0cd132df53649a6bbee2572b2d39fd2beaa1 -> FETCH_HEAD
2026-08-31T05:50:14.6302700Z  * branch            1144e7b79effdcbdf3c0f2626bde3340365d6c41 -> FETCH_HEAD
2026-08-31T05:50:14.6304470Z  * branch            126a2dd4852ad435991bd8ac761ac56ec39869f2 -> FETCH_HEAD
2026-08-31T05:50:14.6304950Z  * branch            1397f8278d240a27482cbb94dda541ad9a57fd65 -> FETCH_HEAD
2026-08-31T05:50:14.6305490Z  * branch            18dbcbc41f9c95b8c7eaedc553fddfdd6201fd4b -> FETCH_HEAD
2026-08-31T05:50:14.6305980Z  * branch            194675ae21925e7e3efd71d0056222f79ea04aa7 -> FETCH_HEAD
2026-08-31T05:50:14.6306420Z  * branch            1eef222ea55cc5fb3b52435465b06f9b7d6dfba9 -> FETCH_HEAD
2026-08-31T05:50:14.6306860Z  * branch            2b6ab0c074c976d757dff0b4ecfc0efd0b5cdd1d -> FETCH_HEAD
2026-08-31T05:50:14.6307280Z  * branch            306eba89a20109cd37c878f008ef99c4eb8ae88d -> FETCH_HEAD
2026-08-31T05:50:14.6307720Z  * branch            34bb72035653a4abb6594be0a976cc766fcdc9c2 -> FETCH_HEAD
2026-08-31T05:50:14.6308150Z  * branch            3b9ec52b8d4150cfe372e946c7e18f4ea4cada66 -> FETCH_HEAD
2026-08-31T05:50:14.6308580Z  * branch            4047e8cd5e2fa602c6e38412dc7c197eacfbca50 -> FETCH_HEAD
2026-08-31T05:50:14.6309030Z  * branch            41b5b0d1ccdc483eb87b9c721e337c9f9548f456 -> FETCH_HEAD
2026-08-31T05:50:14.6309430Z  * branch            4648559115ed390c528d450c0d4b76689c579f2b -> FETCH_HEAD
2026-08-31T05:50:14.6309850Z  * branch            53ff05006e9a35c03787f05e3b4cdd44ff224452 -> FETCH_HEAD
2026-08-31T05:50:14.6310270Z  * branch            617dcfcbb6b7c28f9a565de872c8c993dbfe13ea -> FETCH_HEAD
2026-08-31T05:50:14.6311610Z  * branch            639633b40f1b3e0b9cedfad7ec1feab2e5432033 -> FETCH_HEAD
2026-08-31T05:50:14.6312930Z  * branch            6e3233aa73e67723cba49f89cabcfe3b2dca6ad9 -> FETCH_HEAD
2026-08-31T05:50:14.6314070Z  * branch            6e454510fa71fe6015f8e4febf44945308c014d3 -> FETCH_HEAD
2026-08-31T05:50:14.6315730Z  * branch            6e55e932c719f5ef42ac20e7e31d28169d5593fd -> FETCH_HEAD
2026-08-31T05:50:14.6316980Z  * branch            845205b1bafbb45a50fa4d5f3f29da097b433b7c -> FETCH_HEAD
2026-08-31T05:50:14.6318700Z  * branch            85494d2d30520edb9bbdf3c4066352811c8884d5 -> FETCH_HEAD
2026-08-31T05:50:14.6319810Z  * branch            8b7f487ee82d6a1357432ab2599f617ce8e5a82e -> FETCH_HEAD
2026-08-31T05:50:14.6321180Z  * branch            8df1bccbc66922d7b5d7b7c86d18dadc1d87ef91 -> FETCH_HEAD
2026-08-31T05:50:14.6322260Z  * branch            92f4e8ddb1a49654181f0414c3eff031cc876bcc -> FETCH_HEAD
2026-08-31T05:50:14.6323350Z  * branch            a27acf42f7d72eb8d7cf52ecf504d1d871155680 -> FETCH_HEAD
2026-08-31T05:50:14.6324440Z  * branch            b1d502cc632ec349f8e2b3df9d7630bad64fd25e -> FETCH_HEAD
2026-08-31T05:50:14.6327180Z  * branch            bc2fee541beb43e92db1c1558db3f34ec584efb8 -> FETCH_HEAD
2026-08-31T05:50:14.6328310Z  * branch            c15cf4f84cf4e8d294bac94aebf7ff0329e27f3f -> FETCH_HEAD
2026-08-31T05:50:14.6343790Z  * branch            c3b877651f50c4f683b9e02dc3e36dad551f5472 -> FETCH_HEAD
2026-08-31T05:50:14.6345040Z  * branch            cae351458c00f823d9ff9acb4695ce65d337671d -> FETCH_HEAD
2026-08-31T05:50:14.6346170Z  * branch            cd9b1d660c48529c9ae8a84becf5bcd147a350de -> FETCH_HEAD
2026-08-31T05:50:14.6347310Z  * branch            d4570cd03387bd9add3ba00449af11b49b1c8160 -> FETCH_HEAD
2026-08-31T05:50:14.6348360Z  * branch            df713f0dcd6efaa0ac9800844a895180ef74b483 -> FETCH_HEAD
2026-08-31T05:50:14.6350530Z  * branch            e66cb6851ea6d5b62898d322b02ce82def1148be -> FETCH_HEAD
2026-08-31T05:50:14.6351540Z  * branch            edb99bc316b019b8579103f189282bf10289e88a -> FETCH_HEAD
2026-08-31T05:50:14.6352600Z  * branch            eeaecc08b2ce111dd056fc2232c1a41be7091a7e -> FETCH_HEAD
2026-08-31T05:50:14.6353570Z  * branch            ef66c7316d186eddfdf4d0cb12a0a35cee41b3fe -> FETCH_HEAD
2026-08-31T05:50:14.6354540Z  * branch            f2a857a00e038df3a92a1c85d4e93b65a30cd7e9 -> FETCH_HEAD
2026-08-31T05:50:14.6356020Z  * branch            fd6b6e58b23b5b2f8f4e5c3757604a73bfdec7ea -> FETCH_HEAD
2026-08-31T05:50:14.6357020Z  * branch            ffeb5055506be882b0732f99673b9ff31795ba7b -> FETCH_HEAD
2026-08-31T05:50:14.6357930Z  * branch            ffec3480ec8016ebb9b13a09017807b62f5c9156 -> FETCH_HEAD
2026-08-31T05:50:14.7666240Z From https://github.com/theos/logos
2026-08-31T05:50:14.7667430Z  * branch            06726377b5603d03d7deb6c9bdd7b718ad1a63a4 -> FETCH_HEAD
2026-08-31T05:50:14.7668870Z  * branch            067802d95eb531006087d66f8a7b067e5d6bf237 -> FETCH_HEAD
2026-08-31T05:50:14.7669470Z  * branch            0aeaca09cb193a3fb9fb461ae972252585f5c0c8 -> FETCH_HEAD
2026-08-31T05:50:14.7669960Z  * branch            170f048edea7014debf8d628e7da495f5dbe4ea4 -> FETCH_HEAD
2026-08-31T05:50:14.7670390Z  * branch            197cb80c634a403bf812594f4adc9c7fc354271f -> FETCH_HEAD
2026-08-31T05:50:14.7670840Z  * branch            1fa39ebd22e4421eaa778e7dfb0f5d4b02c6f9f4 -> FETCH_HEAD
2026-08-31T05:50:14.7672460Z  * branch            404fed419a566c4d68fae1110a18fce63c85d619 -> FETCH_HEAD
2026-08-31T05:50:14.7672880Z  * branch            40ec61ef0d699ccd6b10dfd5511ede6213a9a278 -> FETCH_HEAD
2026-08-31T05:50:14.7673240Z  * branch            4f35cb65b1bc96ef1d7c9633ef0f6129f0e4036c -> FETCH_HEAD
2026-08-31T05:50:14.7673610Z  * branch            57c507eb9ef2da5765b1b7aab785c032b117d56a -> FETCH_HEAD
2026-08-31T05:50:14.7673970Z  * branch            5f1138cf79cc546e8cde64c93a1dab74b9918c3c -> FETCH_HEAD
2026-08-31T05:50:14.7674340Z  * branch            62814c1d7dbc9158a0f231ded9edc07f94debe23 -> FETCH_HEAD
2026-08-31T05:50:14.7674690Z  * branch            75623490073e68e457fe6680462d11c217d29341 -> FETCH_HEAD
2026-08-31T05:50:14.7675040Z  * branch            75b6c2e81c08c1efff4a4e558ce2e245a8956d10 -> FETCH_HEAD
2026-08-31T05:50:14.7675430Z  * branch            76488dfebd541dbd128994bc12c4647d8182c220 -> FETCH_HEAD
2026-08-31T05:50:14.7675800Z  * branch            7b81c55f97ac7dbd6696ebb4cb36b83900960964 -> FETCH_HEAD
2026-08-31T05:50:14.7676160Z  * branch            81cf08c23f886df2fb1db1d9ce9d87a2edadcceb -> FETCH_HEAD
2026-08-31T05:50:14.7676520Z  * branch            886885b273d38092687616c83ec5f452c3b2e965 -> FETCH_HEAD
2026-08-31T05:50:14.7676870Z  * branch            90051eb040590c25ea66f2dd886d72b8148e8801 -> FETCH_HEAD
2026-08-31T05:50:14.7677220Z  * branch            a54760ea60acf45fa48267b9fb344c0317d9351c -> FETCH_HEAD
2026-08-31T05:50:14.7677580Z  * branch            a733c99539ed9ef2a3914528d8c5522dc2396789 -> FETCH_HEAD
2026-08-31T05:50:14.7677940Z  * branch            ac2070c812f70579879a2b91ca77cb578c795c7b -> FETCH_HEAD
2026-08-31T05:50:14.7678290Z  * branch            c7d1cdbdc36880714dd9052d4f63f9c2a7bc102a -> FETCH_HEAD
2026-08-31T05:50:14.7678660Z  * branch            c920e6bb00854f6e2efe903def4aa87295d58627 -> FETCH_HEAD
2026-08-31T05:50:14.7679030Z  * branch            d57afb4417bca9198c5b165a7a4a07934add5c8b -> FETCH_HEAD
2026-08-31T05:50:14.7679390Z  * branch            e8a95e7ea3554d7ec2fabed3bb84d8e5b19898f4 -> FETCH_HEAD
2026-08-31T05:50:14.7679760Z  * branch            ecd39a797b2d17b6583b782fd661068b30eff61f -> FETCH_HEAD
2026-08-31T05:50:14.7680110Z  * branch            fd66169442a26c3609254a6f83ee383a154ddb8c -> FETCH_HEAD
2026-08-31T05:50:15.2387440Z From https://github.com/theos/headers
2026-08-31T05:50:15.2389220Z  * branch            03c20cce033cfb9eafcb9ecf21c6eaaf0c26a7da -> FETCH_HEAD
2026-08-31T05:50:15.2391150Z  * branch            05405174749d912f7726121fcb5f27de73af0f08 -> FETCH_HEAD
2026-08-31T05:50:15.2396970Z  * branch            09a80f652d65b1caba560d8f50ad4c584d45d6a1 -> FETCH_HEAD
2026-08-31T05:50:15.2402530Z  * branch            0be47c237ef990d2d5c099e81d51f5c49cfe21ac -> FETCH_HEAD
2026-08-31T05:50:15.2403710Z  * branch            10c212801ce4ba99ff410b62637c7d50c3f6a37f -> FETCH_HEAD
2026-08-31T05:50:15.2404840Z  * branch            159a952c71bba3e7e3ae68b16d29c7fc549f5cdc -> FETCH_HEAD
2026-08-31T05:50:15.2405990Z  * branch            1bb142b515f5ff7c0b8e8f7ae173616e8cf2705e -> FETCH_HEAD
2026-08-31T05:50:15.2408060Z  * branch            1c6404be46f71071eb7d33b2ce30de30895bc2be -> FETCH_HEAD
2026-08-31T05:50:15.2409320Z  * branch            1c8c6efb030ff7221d97b8d4864847851aba9a67 -> FETCH_HEAD
2026-08-31T05:50:15.2514320Z  * branch            1fbaaf37d263538ee3e19aa2a78a2fd66f63b241 -> FETCH_HEAD
2026-08-31T05:50:15.2613900Z  * branch            27f17e2c2413d8f18d5d580f30bb0f67159d89be -> FETCH_HEAD
2026-08-31T05:50:15.2619670Z  * branch            28df0feeba0cdb768852e13920ad599c2375c96a -> FETCH_HEAD
2026-08-31T05:50:15.2620050Z Already up to date.
2026-08-31T05:50:15.2620900Z  * branch            2c1421a4d6d24a9f930ad74924e628e95d383682 -> FETCH_HEAD
2026-08-31T05:50:15.2622040Z  * branch            30aabe179bb275646086a6249953a9f617395dcb -> FETCH_HEAD
2026-08-31T05:50:15.2623210Z  * branch            387230da73d43e19fff86a8b6cd5d3193ad99c9f -> FETCH_HEAD
2026-08-31T05:50:15.2623680Z  * branch            3998ff8c46acecb3c13dd8a65999111f41464357 -> FETCH_HEAD
2026-08-31T05:50:15.2624690Z  * branch            3ae47e085e9b4dc72613c99503f81f9d8ce093a6 -> FETCH_HEAD
2026-08-31T05:50:15.2626130Z  * branch            3d2c25b9f1202b5d97c374e64b719e7b2e565e8a -> FETCH_HEAD
2026-08-31T05:50:15.2627270Z  * branch            3f26abfa9d7f4d5c0185cf4c99e60086b9ad9ca9 -> FETCH_HEAD
2026-08-31T05:50:15.2628230Z  * branch            49424c3ed7e5545bd53c3250cea9fa45b2fabdd6 -> FETCH_HEAD
2026-08-31T05:50:15.2628770Z  * branch            4c7409e29260a7c47a27d52531a0ebc4bc034e72 -> FETCH_HEAD
2026-08-31T05:50:15.2630790Z  * branch            4daa96661264879b6545a14ac936bca51d8afd7f -> FETCH_HEAD
2026-08-31T05:50:15.2632730Z  * branch            521fa5563c7d6a6bf881d6cc7b36841c35e5e0d2 -> FETCH_HEAD
2026-08-31T05:50:15.2633390Z  * branch            55c97299b7064afd07f6acddeccb3154dd1ee69f -> FETCH_HEAD
2026-08-31T05:50:15.2633870Z  * branch            56bfc22d38c0cfbbbd9317ce9bf58e7915166c59 -> FETCH_HEAD
2026-08-31T05:50:15.2635100Z  * branch            5c13703c2c210a4347fc75dc87031e9cc597626d -> FETCH_HEAD
2026-08-31T05:50:15.2636660Z  * branch            609a308c1333ac3c409307fdd5ae2071981e4242 -> FETCH_HEAD
2026-08-31T05:50:15.2639420Z  * branch            64ba1fb3425ee69d568baa5bb59d22e8b04908af -> FETCH_HEAD
2026-08-31T05:50:15.2640470Z  * branch            6611d3b2c22527283cdcf81cb6c81327fbdcbaff -> FETCH_HEAD
2026-08-31T05:50:15.2641820Z  * branch            69fcaa7d2ecfbb6b2ecd38646f0ff3c9135cabc4 -> FETCH_HEAD
2026-08-31T05:50:15.2642370Z  * branch            6afc5085a16f51a36d0b49b45eaeeb09a13eb810 -> FETCH_HEAD
2026-08-31T05:50:15.2642830Z  * branch            6ee8506035aa5e48e76b423c89d66a4c7406e050 -> FETCH_HEAD
2026-08-31T05:50:15.2643270Z  * branch            6f59e8391b27b169067656601acbed30f4f205cc -> FETCH_HEAD
2026-08-31T05:50:15.2644660Z  * branch            77d639826e51e3f40517cfd96c616127a514e941 -> FETCH_HEAD
2026-08-31T05:50:15.2645160Z  * branch            79dd09fd14441e0e74394c5651de2a7ed0a60ffd -> FETCH_HEAD
2026-08-31T05:50:15.2645640Z  * branch            80bd5638d9e8e2437997f33f9f92f08f0e2705b7 -> FETCH_HEAD
2026-08-31T05:50:15.2646120Z  * branch            80da6b2d0bbe3806b9f6c8b6e43eca29c4c066d4 -> FETCH_HEAD
2026-08-31T05:50:15.2647000Z  * branch            819f49385304805f9a81e4210ae392c620505ea8 -> FETCH_HEAD
2026-08-31T05:50:15.2647510Z  * branch            85ffc75138a5fefce0b699b9e16fa514cb7ffc5c -> FETCH_HEAD
2026-08-31T05:50:15.2647980Z  * branch            889f159f6dd834ac35e193387b823539045cd374 -> FETCH_HEAD
2026-08-31T05:50:15.2648470Z  * branch            8fec425716958c1b709c0459d7f6762b73b2e291 -> FETCH_HEAD
2026-08-31T05:50:15.2650470Z  * branch            9220e3de07a7e24a50bf668796793d9bca5ad4c8 -> FETCH_HEAD
2026-08-31T05:50:15.2650930Z  * branch            9a50a89c6d0a92693427579dd0e4b46565d5d0de -> FETCH_HEAD
2026-08-31T05:50:15.2651420Z  * branch            9f00c9663aff892b512f87666dbfbf8fe4943e84 -> FETCH_HEAD
2026-08-31T05:50:15.2651920Z  * branch            a322ffce6b029caff5ce43e53678d276b2d86ff4 -> FETCH_HEAD
2026-08-31T05:50:15.2653050Z  * branch            aa509d29c41b7d27b201a9f477f0cb4e34dad108 -> FETCH_HEAD
2026-08-31T05:50:15.2653530Z  * branch            ad10b0115808b53cf825e034bc22d66af3481cfc -> FETCH_HEAD
2026-08-31T05:50:15.2654010Z  * branch            ad80ca22becd0748e1f11729b8f88d5c17206178 -> FETCH_HEAD
2026-08-31T05:50:15.2654760Z  * branch            b0b5198bc97bc56668f7fc071ae47a8a9f1e1b10 -> FETCH_HEAD
2026-08-31T05:50:15.2656150Z  * branch            b6ab96de6ba747eb7dd623d47c8865dd674f11fc -> FETCH_HEAD
2026-08-31T05:50:15.2657380Z  * branch            b875591e9b780872861d143cf973c142aace9bdb -> FETCH_HEAD
2026-08-31T05:50:15.2657910Z  * branch            bf8ff89cfa235410ac374e27fadee73982d44296 -> FETCH_HEAD
2026-08-31T05:50:15.2658360Z  * branch            c9f56473e9f2c7b72a2555963c49b7b7579acfbb -> FETCH_HEAD
2026-08-31T05:50:15.2659130Z  * branch            d09634a4dedb6be617f3b576102fc16b9403ba5e -> FETCH_HEAD
2026-08-31T05:50:15.2669520Z  * branch            e61600418fe6fe07f8e30c2c0d0c002ba31b99d1 -> FETCH_HEAD
2026-08-31T05:50:15.2670290Z  * branch            e8a358066f7426c285684aeaaff8ff23b3dd6b61 -> FETCH_HEAD
2026-08-31T05:50:15.2670770Z  * branch            ea1b95dba9530d2017907ec7542d309215d84e15 -> FETCH_HEAD
2026-08-31T05:50:15.2671240Z  * branch            ea969daefb5026b3aaed326b2db2fac80e410df0 -> FETCH_HEAD
2026-08-31T05:50:15.2671780Z  * branch            f3e596d896bae8f07c43cfb00ef55bf6224b4cdc -> FETCH_HEAD
2026-08-31T05:50:15.2673160Z  * branch            f3eef2127548c631b325a0b28c907cc59b1716ac -> FETCH_HEAD
2026-08-31T05:50:15.2677030Z  * branch            f82d323a5a50b4d6e3a21bce0aa20b0e531b118d -> FETCH_HEAD
2026-08-31T05:50:15.2678410Z From https://github.com/theos/dm.pl
2026-08-31T05:50:15.2680760Z  * branch            08d522b0b0723c2eff72505bf7cd9ae69614c0c0 -> FETCH_HEAD
2026-08-31T05:50:15.2682120Z  * branch            2f1417d7db30bba7ba58c4275e07b02521f52aa3 -> FETCH_HEAD
2026-08-31T05:50:15.2690750Z  * branch            34471b945dd5865544f0cf0c7d1a3151e6aa4c06 -> FETCH_HEAD
2026-08-31T05:50:15.2691250Z  * branch            3726df3e714e8189c23cb7e0c5505f0dbae2f88f -> FETCH_HEAD
2026-08-31T05:50:15.2691710Z  * branch            431955c2e5a2ca5e62ae773ef7036b1df14c80d7 -> FETCH_HEAD
2026-08-31T05:50:15.2692170Z  * branch            4699b543fdb9d3ebacde0b23db38322d27f20974 -> FETCH_HEAD
2026-08-31T05:50:15.2692660Z  * branch            4d3e455f632f77bbf500e03c3670b7cd951f546f -> FETCH_HEAD
2026-08-31T05:50:15.2693120Z  * branch            5b64eb9355f965f8ab0ffbe8c5ec92b0c8316432 -> FETCH_HEAD
2026-08-31T05:50:15.2693580Z  * branch            88d9005b0dbbfaf6d6e2f4948079e96c7b281957 -> FETCH_HEAD
2026-08-31T05:50:15.2694030Z  * branch            892a7c7266055a93013ab81002a8adcb578a2b25 -> FETCH_HEAD
2026-08-31T05:50:15.2694470Z  * branch            9462015e0f7e82f51b6df05bd223a484a6988042 -> FETCH_HEAD
2026-08-31T05:50:15.2694920Z  * branch            9723deb8b99cd7aa071ec1fad310df2ff80d1cf2 -> FETCH_HEAD
2026-08-31T05:50:15.2695370Z  * branch            af6fcc8ebfef5fc4c31d65b52556474409b2ed97 -> FETCH_HEAD
2026-08-31T05:50:15.2695830Z  * branch            b4f1d815d73a75edb5691ef0634e2264513a3ec8 -> FETCH_HEAD
2026-08-31T05:50:15.2696280Z  * branch            b77a3775a95b6929f5c2c44475eb1d0965e073f1 -> FETCH_HEAD
2026-08-31T05:50:15.5007630Z 
2026-08-31T05:50:15.5015620Z [0;36m==> [1;36mNotice:[m Visit https://github.com/theos/theos/commits/master to view recent changes.
2026-08-31T05:50:15.5023710Z ##[end-action id=__waruhachi_theos-action.__run_5;outcome=success;conclusion=success;duration_ms=4997]
2026-08-31T05:50:15.5181120Z ##[group]Run make clean package FINALPACKAGE=1 THEOS_PACKAGE_SCHEME=rootless
2026-08-31T05:50:15.5181600Z [36;1mmake clean package FINALPACKAGE=1 THEOS_PACKAGE_SCHEME=rootless[0m
2026-08-31T05:50:15.5223070Z shell: /bin/bash -e {0}
2026-08-31T05:50:15.5223340Z env:
2026-08-31T05:50:15.5223590Z   THEOS: /Users/runner/work/matisu-replica/matisu-replica/theos
2026-08-31T05:50:15.5223880Z ##[endgroup]
2026-08-31T05:50:23.7721850Z [0;36m==> [1;39mCleaning…[m
2026-08-31T05:50:23.9563190Z [1;31m> [1;3;39mMaking all for tweak MatisuAuto…[m
2026-08-31T05:50:26.6112640Z [0;31m==> [1;39mPreprocessing Tweak.xm…[m
2026-08-31T05:50:26.6142770Z [0;31m==> [1;39mPreprocessing Tweak.xm…[m
2026-08-31T05:50:28.1715790Z [0;32m==> [1;39mCompiling ../src/MatisuTouch.m (arm64e)…[m
2026-08-31T05:50:28.1717040Z [0;32m==> [1;39mCompiling ../src/MatisuTouch.m (arm64)…[m
2026-08-31T05:50:30.8709160Z [0;32m==> [1;39mCompiling Tweak.xm (arm64)…[m
2026-08-31T05:50:30.8836080Z [0;32m==> [1;39mCompiling Tweak.xm (arm64e)…[m
2026-08-31T05:50:31.5540730Z ld: warning: -undefined dynamic_lookup is deprecated on iOS
2026-08-31T05:50:31.5541430Z [0;33m==> [1;39mLinking tweak MatisuAuto (arm64)…[m
2026-08-31T05:50:31.5550580Z ld: warning: -multiply_defined is obsolete
2026-08-31T05:50:31.5553370Z [0;34m==> [1;39mGenerating debug symbols for MatisuAuto…[m
2026-08-31T05:50:31.5553870Z ld: warning: -undefined dynamic_lookup is deprecated on iOS
2026-08-31T05:50:31.5554410Z [0;34m==> [1;39mStripping MatisuAuto (arm64)…[m
2026-08-31T05:50:31.5568480Z ld: warning: -multiply_defined is obsolete
2026-08-31T05:50:31.5568900Z [0;33m==> [1;39mLinking tweak MatisuAuto (arm64e)…[m
2026-08-31T05:50:31.5569570Z [0;34m==> [1;39mGenerating debug symbols for MatisuAuto…[m
2026-08-31T05:50:31.5570120Z [0;34m==> [1;39mStripping MatisuAuto (arm64e)…[m
2026-08-31T05:50:31.5682850Z [0;34m==> [1;39mMerging tweak MatisuAuto…[m
2026-08-31T05:50:31.6281970Z [0;34m==> [1;39mSigning MatisuAuto…[m
2026-08-31T05:50:31.8840050Z [1;31m> [1;3;39mMaking stage for tweak MatisuAuto…[m
2026-08-31T05:50:33.1650950Z dm.pl: building package `com.matisu.auto:iphoneos-arm64' in `./packages/com.matisu.auto_0.1.0_iphoneos-arm64.deb'
2026-08-31T05:50:33.2448280Z ##[group]Run make clean
2026-08-31T05:50:33.2448670Z [36;1mmake clean[0m
2026-08-31T05:50:33.2448840Z [36;1mmake FINALPACKAGE=1[0m
2026-08-31T05:50:33.2449180Z [36;1mBIN=$(find .theos/obj/MatisuAuto.app -name MatisuAuto -type f 2>/dev/null | head -1)[0m
2026-08-31T05:50:33.2449590Z [36;1m[ -z "$BIN" ] && { echo "!! binary not built"; exit 1; }[0m
2026-08-31T05:50:33.2449850Z [36;1mrm -rf /tmp/tipa[0m
2026-08-31T05:50:33.2450070Z [36;1mmkdir -p /tmp/tipa/Payload/MatisuAuto.app[0m
2026-08-31T05:50:33.2450370Z [36;1mcp "$BIN" /tmp/tipa/Payload/MatisuAuto.app/MatisuAuto[0m
2026-08-31T05:50:33.2450730Z [36;1mcp Info.plist Entitlements.plist /tmp/tipa/Payload/MatisuAuto.app/[0m
2026-08-31T05:50:33.2451150Z [36;1mLDID="$THEOS/bin/ldid"; [ -x "$LDID" ] || LDID=$(command -v ldid || true)[0m
2026-08-31T05:50:33.2451470Z [36;1mif [ -n "$LDID" ]; then[0m
2026-08-31T05:50:33.2452060Z [36;1m  "$LDID" -SEntitlements.plist /tmp/tipa/Payload/MatisuAuto.app/MatisuAuto && echo "signed with ldid"[0m
2026-08-31T05:50:33.2452500Z [36;1melse[0m
2026-08-31T05:50:33.2452720Z [36;1m  echo "!! ldid not found; TrollStore will re-sign on install"[0m
2026-08-31T05:50:33.2452980Z [36;1mfi[0m
2026-08-31T05:50:33.2453140Z [36;1mecho "== tipa app contents =="[0m
2026-08-31T05:50:33.2453380Z [36;1mls -la /tmp/tipa/Payload/MatisuAuto.app[0m
2026-08-31T05:50:33.2453700Z [36;1mcd /tmp/tipa && zip -r "$GITHUB_WORKSPACE/matisu-auto.tipa" Payload[0m
2026-08-31T05:50:33.2454080Z [36;1mecho "tipa size: $(wc -c < $GITHUB_WORKSPACE/matisu-auto.tipa) bytes"[0m
2026-08-31T05:50:33.2674120Z shell: /bin/bash -e {0}
2026-08-31T05:50:33.2674620Z env:
2026-08-31T05:50:33.2675190Z   THEOS: /Users/runner/work/matisu-replica/matisu-replica/theos
2026-08-31T05:50:33.2675900Z ##[endgroup]
2026-08-31T05:50:34.0435790Z [0;36m==> [1;39mCleaning…[m
2026-08-31T05:50:35.1031160Z [1;31m> [1;3;39mMaking all for application MatisuAuto…[m
2026-08-31T05:50:38.4119610Z [0;32m==> [1;39mCompiling main.mm (arm64)…[m
2026-08-31T05:50:38.4953600Z [0;32m==> [1;39mCompiling AppDelegate.mm (arm64e)…[m
2026-08-31T05:50:38.5591660Z [0;32m==> [1;39mCompiling AppDelegate.mm (arm64)…[m
2026-08-31T05:50:38.6144850Z [0;32m==> [1;39mCompiling main.mm (arm64e)…[m
2026-08-31T05:50:38.6549710Z [0;32m==> [1;39mCompiling TouchInject.mm (arm64e)…[m
2026-08-31T05:50:38.7399290Z [0;32m==> [1;39mCompiling TouchInject.mm (arm64)…[m
2026-08-31T05:50:38.7600390Z [0;32m==> [1;39mCompiling ControlServer.mm (arm64e)…[m
2026-08-31T05:50:38.8595290Z [0;32m==> [1;39mCompiling ControlServer.mm (arm64)…[m
2026-08-31T05:50:40.3062600Z [0;32m==> [1;39mCompiling ScreenShot.m (arm64e)…[m
2026-08-31T05:50:40.4089850Z [0;32m==> [1;39mCompiling DeviceInfo.m (arm64e)…[m
2026-08-31T05:50:40.5173600Z [0;32m==> [1;39mCompiling ScreenShot.m (arm64)…[m
2026-08-31T05:50:40.6504780Z [0;32m==> [1;39mCompiling AXNodeDump.m (arm64)…[m
2026-08-31T05:50:40.7644830Z [0;32m==> [1;39mCompiling DeviceInfo.m (arm64)…[m
2026-08-31T05:50:40.7746890Z [0;32m==> [1;39mCompiling sthid/STHIDEventGenerator.mm (arm64e)…[m
2026-08-31T05:50:40.8132090Z [0;32m==> [1;39mCompiling AXNodeDump.m (arm64e)…[m
2026-08-31T05:50:41.0485350Z ld: warning: -undefined dynamic_lookup is deprecated on iOS
2026-08-31T05:50:41.0485940Z [0;33m==> [1;39mLinking application MatisuAuto (arm64e)…[m
2026-08-31T05:50:41.0487020Z ld: warning: -multiply_defined is obsolete
2026-08-31T05:50:41.0487470Z [0;34m==> [1;39mGenerating debug symbols for MatisuAuto…[m
2026-08-31T05:50:41.0490050Z [0;34m==> [1;39mStripping MatisuAuto (arm64e)…[m
2026-08-31T05:50:41.1034830Z [0;32m==> [1;39mCompiling sthid/STHIDEventGenerator.mm (arm64)…[m
2026-08-31T05:50:41.3065050Z ld: warning: -undefined dynamic_lookup is deprecated on iOS
2026-08-31T05:50:41.3066790Z [0;33m==> [1;39mLinking application MatisuAuto (arm64)…[m
2026-08-31T05:50:41.3067620Z ld: warning: -multiply_defined is obsolete
2026-08-31T05:50:41.3069650Z [0;34m==> [1;39mGenerating debug symbols for MatisuAuto…[m
2026-08-31T05:50:41.3070570Z [0;34m==> [1;39mStripping MatisuAuto (arm64)…[m
2026-08-31T05:50:41.3160980Z [0;34m==> [1;39mMerging application MatisuAuto…[m
2026-08-31T05:50:41.3317780Z [0;34m==> [1;39mSigning MatisuAuto…[m
2026-08-31T05:50:41.3606140Z signed with ldid
2026-08-31T05:50:41.3606830Z == tipa app contents ==
2026-08-31T05:50:41.3684020Z total 664
2026-08-31T05:50:41.3685650Z drwxr-xr-x  5 runner  wheel     160 Aug 31 05:50 .
2026-08-31T05:50:41.3686500Z drwxr-xr-x  3 runner  wheel      96 Aug 31 05:50 ..
2026-08-31T05:50:41.3687350Z -rw-r--r--  1 runner  wheel    1891 Aug 31 05:50 Entitlements.plist
2026-08-31T05:50:41.3688220Z -rw-r--r--  1 runner  wheel     969 Aug 31 05:50 Info.plist
2026-08-31T05:50:41.3689060Z -rwxr-xr-x  1 runner  wheel  329040 Aug 31 05:50 MatisuAuto
2026-08-31T05:50:41.3764100Z   adding: Payload/ (stored 0%)
2026-08-31T05:50:41.3764780Z   adding: Payload/MatisuAuto.app/ (stored 0%)
2026-08-31T05:50:41.3765710Z   adding: Payload/MatisuAuto.app/Entitlements.plist (deflated 69%)
2026-08-31T05:50:41.3843150Z   adding: Payload/MatisuAuto.app/MatisuAuto (deflated 76%)
2026-08-31T05:50:41.3844540Z   adding: Payload/MatisuAuto.app/Info.plist (deflated 59%)
2026-08-31T05:50:41.3936680Z tipa size:    80972 bytes
2026-08-31T05:50:41.4039020Z ##[group]Run chmod +x package_deb.sh
2026-08-31T05:50:41.4039290Z [36;1mchmod +x package_deb.sh[0m
2026-08-31T05:50:41.4039570Z [36;1m./package_deb.sh rootful "arm64 arm64e" matisu-auto_rootful.deb[0m
2026-08-31T05:50:41.4080720Z shell: /bin/bash -e {0}
2026-08-31T05:50:41.4080920Z env:
2026-08-31T05:50:41.4081180Z   THEOS: /Users/runner/work/matisu-replica/matisu-replica/theos
2026-08-31T05:50:41.4081450Z ##[endgroup]
2026-08-31T05:50:42.0860090Z [0;36m==> [1;39mCleaning…[m
2026-08-31T05:50:42.6995740Z make: *** No rule to make target 'arm64e'.  Stop.
2026-08-31T05:50:42.7091880Z ##[error]Process completed with exit code 2.
2026-08-31T05:50:42.7662190Z Post job cleanup.
2026-08-31T05:50:42.7685410Z ##[start-action display=Theos Cache;id=__85c42c93-ad07-4dfd-969f-aa25717a9af4.theos-cache]
2026-08-31T05:50:42.7696060Z ##[end-action id=__85c42c93-ad07-4dfd-969f-aa25717a9af4.theos-cache;outcome=skipped;conclusion=skipped;duration_ms=0]
2026-08-31T05:50:42.8011710Z Node 20 is being deprecated. This workflow is running with Node 24 by default. If you need to temporarily use Node 20, you can set the ACTIONS_ALLOW_USE_UNSECURE_NODE_VERSION=true environment variable. For more information see: https://github.blog/changelog/2025-09-19-deprecation-of-node-20-on-github-actions-runners/
2026-08-31T05:50:42.8012740Z Post job cleanup.
2026-08-31T05:50:43.1291350Z [command]/opt/homebrew/bin/git version
2026-08-31T05:50:43.1564440Z git version 2.55.0
2026-08-31T05:50:43.1614930Z Copying '/Users/runner/.gitconfig' to '/Users/runner/work/_temp/d134b28f-cd66-4854-8a8c-575dc518a045/.gitconfig'
2026-08-31T05:50:43.1635210Z Temporarily overriding HOME='/Users/runner/work/_temp/d134b28f-cd66-4854-8a8c-575dc518a045' before making global git config changes
2026-08-31T05:50:43.1640020Z Adding repository directory to the temporary git global config as a safe directory
2026-08-31T05:50:43.1645200Z [command]/opt/homebrew/bin/git config --global --add safe.directory /Users/runner/work/matisu-replica/matisu-replica
2026-08-31T05:50:43.1832370Z [command]/opt/homebrew/bin/git config --local --name-only --get-regexp core\.sshCommand
2026-08-31T05:50:43.1952630Z [command]/opt/homebrew/bin/git submodule foreach --recursive sh -c "git config --local --name-only --get-regexp 'core\.sshCommand' && git config --local --unset-all 'core.sshCommand' || :"
2026-08-31T05:50:43.3194490Z [command]/opt/homebrew/bin/git config --local --name-only --get-regexp http\.https\:\/\/github\.com\/\.extraheader
2026-08-31T05:50:43.3256510Z http.https://github.com/.extraheader
2026-08-31T05:50:43.3268340Z [command]/opt/homebrew/bin/git config --local --unset-all http.https://github.com/.extraheader
2026-08-31T05:50:43.3352110Z [command]/opt/homebrew/bin/git submodule foreach --recursive sh -c "git config --local --name-only --get-regexp 'http\.https\:\/\/github\.com\/\.extraheader' && git config --local --unset-all 'http.https://github.com/.extraheader' || :"
2026-08-31T05:50:43.4311090Z [command]/opt/homebrew/bin/git config --local --name-only --get-regexp ^includeIf\.gitdir:
2026-08-31T05:50:43.4584220Z [command]/opt/homebrew/bin/git submodule foreach --recursive git config --local --show-origin --name-only --get-regexp remote.origin.url
2026-08-31T05:50:43.5699110Z Cleaning up orphan processes
2026-08-31T05:50:44.1968670Z ##[warning]Node.js 20 is deprecated. The following actions target Node.js 20 but are being forced to run on Node.js 24: actions/cache@v4, actions/checkout@v4. For more information see: https://github.blog/changelog/2025-09-19-deprecation-of-node-20-on-github-actions-runners/
