2026-08-31T11:21:52.2712310Z Current runner version: '2.336.0'
2026-08-31T11:21:52.2730390Z ##[group]Runner Image Provisioner
2026-08-31T11:21:52.2730950Z Hosted Compute Agent
2026-08-31T11:21:52.2731410Z Version: 20260707.563
2026-08-31T11:21:52.2731810Z Commit: 02667638d2b423fbc733a8e32a88b44996a3ba6e
2026-08-31T11:21:52.2732270Z Build Date: 2026-07-07T19:33:50Z
2026-08-31T11:21:52.2732700Z Worker ID: {727a7af4-7196-4270-a8d4-1cfce3a70397}
2026-08-31T11:21:52.2733170Z Azure Region: westus
2026-08-31T11:21:52.2733520Z ##[endgroup]
2026-08-31T11:21:52.2734470Z ##[group]Operating System
2026-08-31T11:21:52.2734890Z macOS
2026-08-31T11:21:52.2735260Z 26.5.2
2026-08-31T11:21:52.2735630Z 25F84
2026-08-31T11:21:52.2735960Z ##[endgroup]
2026-08-31T11:21:52.2736330Z ##[group]Runner Image
2026-08-31T11:21:52.2737580Z Image: macos-26-arm64
2026-08-31T11:21:52.2738000Z Version: 20260728.0273.1
2026-08-31T11:21:52.2739370Z Included Software: https://github.com/actions/runner-images/blob/macos-26-arm64/20260728.0273/images/macos/macos-26-arm64-Readme.md
2026-08-31T11:21:52.2740540Z Image Release: https://github.com/actions/runner-images/releases/tag/macos-26-arm64%2F20260728.0273
2026-08-31T11:21:52.2741340Z ##[endgroup]
2026-08-31T11:21:52.2742990Z ##[group]GITHUB_TOKEN Permissions
2026-08-31T11:21:52.2744700Z Contents: read
2026-08-31T11:21:52.2745070Z Metadata: read
2026-08-31T11:21:52.2745410Z Packages: read
2026-08-31T11:21:52.2745760Z ##[endgroup]
2026-08-31T11:21:52.2747370Z Secret source: Actions
2026-08-31T11:21:52.2748010Z Prepare workflow directory
2026-08-31T11:21:52.2963150Z Prepare all required actions
2026-08-31T11:21:52.3000850Z Getting action download info
2026-08-31T11:21:52.5549290Z Download action repository 'actions/checkout@v4' (SHA:11d5960a326750d5838078e36cf38b85af677262)
2026-08-31T11:21:52.8089900Z Download action repository 'waruhachi/theos-action@v2.4.6' (SHA:9c45aeddc8a587a7b9d4a17d107e6a68b9bc910e)
2026-08-31T11:21:53.3138220Z Download action repository 'actions/upload-artifact@v4' (SHA:ea165f8d65b6e75b540449e92b4886f43607fa02)
2026-08-31T11:21:53.5888030Z Getting action download info
2026-08-31T11:21:53.7000400Z Download action repository 'actions/cache@v4' (SHA:0057852bfaa89a56745cba8c7296529d2fc39830)
2026-08-31T11:21:53.9158570Z Complete job name: build
2026-08-31T11:21:53.9873440Z Node 20 is being deprecated. This workflow is running with Node 24 by default. If you need to temporarily use Node 20, you can set the ACTIONS_ALLOW_USE_UNSECURE_NODE_VERSION=true environment variable. For more information see: https://github.blog/changelog/2025-09-19-deprecation-of-node-20-on-github-actions-runners/
2026-08-31T11:21:53.9882540Z ##[group]Run actions/checkout@v4
2026-08-31T11:21:53.9883250Z with:
2026-08-31T11:21:53.9883660Z   repository: sky5566jf/matisu-replica
2026-08-31T11:21:53.9890210Z   token: ***
2026-08-31T11:21:53.9890640Z   ssh-strict: true
2026-08-31T11:21:53.9891060Z   ssh-user: git
2026-08-31T11:21:53.9891500Z   persist-credentials: true
2026-08-31T11:21:53.9891990Z   clean: true
2026-08-31T11:21:53.9892430Z   sparse-checkout-cone-mode: true
2026-08-31T11:21:53.9893000Z   fetch-depth: 1
2026-08-31T11:21:53.9893400Z   fetch-tags: false
2026-08-31T11:21:53.9893850Z   show-progress: true
2026-08-31T11:21:53.9894280Z   lfs: false
2026-08-31T11:21:53.9894700Z   submodules: false
2026-08-31T11:21:53.9895110Z   set-safe-directory: true
2026-08-31T11:21:53.9895600Z   allow-unsafe-pr-checkout: false
2026-08-31T11:21:53.9896450Z ##[endgroup]
2026-08-31T11:21:54.4040390Z Syncing repository: sky5566jf/matisu-replica
2026-08-31T11:21:54.4045180Z ##[group]Getting Git version info
2026-08-31T11:21:54.4046340Z Working directory is '/Users/runner/work/matisu-replica/matisu-replica'
2026-08-31T11:21:54.4048890Z [command]/opt/homebrew/bin/git version
2026-08-31T11:21:54.4332750Z git version 2.55.0
2026-08-31T11:21:54.4348360Z ##[endgroup]
2026-08-31T11:21:54.4355860Z Copying '/Users/runner/.gitconfig' to '/Users/runner/work/_temp/5e14cb9a-dad6-4a1e-a275-65dedfc4ad8d/.gitconfig'
2026-08-31T11:21:54.4364680Z Temporarily overriding HOME='/Users/runner/work/_temp/5e14cb9a-dad6-4a1e-a275-65dedfc4ad8d' before making global git config changes
2026-08-31T11:21:54.4367080Z Adding repository directory to the temporary git global config as a safe directory
2026-08-31T11:21:54.4368620Z [command]/opt/homebrew/bin/git config --global --add safe.directory /Users/runner/work/matisu-replica/matisu-replica
2026-08-31T11:21:54.4484980Z Deleting the contents of '/Users/runner/work/matisu-replica/matisu-replica'
2026-08-31T11:21:54.4488050Z ##[group]Initializing the repository
2026-08-31T11:21:54.4492020Z [command]/opt/homebrew/bin/git init /Users/runner/work/matisu-replica/matisu-replica
2026-08-31T11:21:54.4742260Z hint: Using 'master' as the name for the initial branch. This default branch name
2026-08-31T11:21:54.4749130Z hint: will change to "main" in Git 3.0. To configure the initial branch name
2026-08-31T11:21:54.4751060Z hint: to use in all of your new repositories, which will suppress this warning,
2026-08-31T11:21:54.4751980Z hint: call:
2026-08-31T11:21:54.4752470Z hint:
2026-08-31T11:21:54.4752970Z hint: 	git config --global init.defaultBranch <name>
2026-08-31T11:21:54.4753610Z hint:
2026-08-31T11:21:54.4754410Z hint: Names commonly chosen instead of 'master' are 'main', 'trunk' and
2026-08-31T11:21:54.4755550Z hint: 'development'. The just-created branch can be renamed via this command:
2026-08-31T11:21:54.4756400Z hint:
2026-08-31T11:21:54.4756830Z hint: 	git branch -m <name>
2026-08-31T11:21:54.4757340Z hint:
2026-08-31T11:21:54.4757960Z hint: Disable this message with "git config set advice.defaultBranchName false"
2026-08-31T11:21:54.4759280Z Initialized empty Git repository in /Users/runner/work/matisu-replica/matisu-replica/.git/
2026-08-31T11:21:54.4762440Z [command]/opt/homebrew/bin/git remote add origin https://github.com/sky5566jf/matisu-replica
2026-08-31T11:21:54.4838770Z ##[endgroup]
2026-08-31T11:21:54.4839770Z ##[group]Disabling automatic garbage collection
2026-08-31T11:21:54.4841640Z [command]/opt/homebrew/bin/git config --local gc.auto 0
2026-08-31T11:21:54.4918630Z ##[endgroup]
2026-08-31T11:21:54.4919430Z ##[group]Setting up auth
2026-08-31T11:21:54.4923860Z [command]/opt/homebrew/bin/git config --local --name-only --get-regexp core\.sshCommand
2026-08-31T11:21:54.5006840Z [command]/opt/homebrew/bin/git submodule foreach --recursive sh -c "git config --local --name-only --get-regexp 'core\.sshCommand' && git config --local --unset-all 'core.sshCommand' || :"
2026-08-31T11:21:54.6194280Z [command]/opt/homebrew/bin/git config --local --name-only --get-regexp http\.https\:\/\/github\.com\/\.extraheader
2026-08-31T11:21:54.6271270Z [command]/opt/homebrew/bin/git submodule foreach --recursive sh -c "git config --local --name-only --get-regexp 'http\.https\:\/\/github\.com\/\.extraheader' && git config --local --unset-all 'http.https://github.com/.extraheader' || :"
2026-08-31T11:21:54.7187520Z [command]/opt/homebrew/bin/git config --local --name-only --get-regexp ^includeIf\.gitdir:
2026-08-31T11:21:54.7266380Z [command]/opt/homebrew/bin/git submodule foreach --recursive git config --local --show-origin --name-only --get-regexp remote.origin.url
2026-08-31T11:21:54.8761570Z [command]/opt/homebrew/bin/git config --local http.https://github.com/.extraheader AUTHORIZATION: basic ***
2026-08-31T11:21:54.8854140Z ##[endgroup]
2026-08-31T11:21:54.8856090Z ##[group]Fetching the repository
2026-08-31T11:21:54.8859860Z [command]/opt/homebrew/bin/git -c protocol.version=2 fetch --no-tags --prune --no-recurse-submodules --depth=1 origin +89e171226b4b1108fb90ad3ac5f7a28d4fdabc70:refs/remotes/origin/main
2026-08-31T11:21:55.5494350Z From https://github.com/sky5566jf/matisu-replica
2026-08-31T11:21:55.5566130Z  * [new ref]         89e171226b4b1108fb90ad3ac5f7a28d4fdabc70 -> origin/main
2026-08-31T11:21:55.5573630Z ##[endgroup]
2026-08-31T11:21:55.5574810Z ##[group]Determining the checkout info
2026-08-31T11:21:55.5575840Z ##[endgroup]
2026-08-31T11:21:55.5576580Z [command]/opt/homebrew/bin/git sparse-checkout disable
2026-08-31T11:21:55.5578430Z [command]/opt/homebrew/bin/git config --local --unset-all extensions.worktreeConfig
2026-08-31T11:21:55.5732740Z ##[group]Checking out the ref
2026-08-31T11:21:55.5741730Z [command]/opt/homebrew/bin/git checkout --progress --force -B main refs/remotes/origin/main
2026-08-31T11:21:55.6042250Z Switched to a new branch 'main'
2026-08-31T11:21:55.6061020Z branch 'main' set up to track 'origin/main'.
2026-08-31T11:21:55.6064490Z ##[endgroup]
2026-08-31T11:21:55.6323950Z [command]/opt/homebrew/bin/git log -1 --format=%H
2026-08-31T11:21:55.6353620Z 89e171226b4b1108fb90ad3ac5f7a28d4fdabc70
2026-08-31T11:21:55.6894340Z ##[group]Run waruhachi/theos-action@v2.4.6
2026-08-31T11:21:55.6896140Z with:
2026-08-31T11:21:55.6897810Z   theos-src: theos/theos
2026-08-31T11:21:55.6900290Z   theos-branch: master
2026-08-31T11:21:55.6901970Z   sdks-src: theos/sdks
2026-08-31T11:21:55.6903360Z   sdks-branch: master
2026-08-31T11:21:55.6904730Z   libgcuniversal: false
2026-08-31T11:21:55.6906350Z   libgcuniversal-src: MrGcGamer/LibGcUniversalDocumentation
2026-08-31T11:21:55.6908180Z   libgcuniversal-branch: master
2026-08-31T11:21:55.6909990Z   altlist: false
2026-08-31T11:21:55.6911520Z   altlist-src: opa334/AltList
2026-08-31T11:21:55.6913570Z   altlist-branch: main
2026-08-31T11:21:55.6914630Z ##[endgroup]
2026-08-31T11:21:55.7018220Z ##[start-action display=Adding Theos Environment Variables;id=__waruhachi_theos-action.__run]
2026-08-31T11:21:55.7096310Z ##[group]Run echo "THEOS=/Users/runner/work/matisu-replica/matisu-replica/theos" >> $GITHUB_ENV
2026-08-31T11:21:55.7097700Z [36;1mecho "THEOS=/Users/runner/work/matisu-replica/matisu-replica/theos" >> $GITHUB_ENV[0m
2026-08-31T11:21:55.7150800Z shell: /bin/bash --noprofile --norc -e -o pipefail {0}
2026-08-31T11:21:55.7151700Z ##[endgroup]
2026-08-31T11:21:55.7575520Z ##[end-action id=__waruhachi_theos-action.__run;outcome=success;conclusion=success;duration_ms=55]
2026-08-31T11:21:55.7581930Z ##[start-action display=Generate Cache Key;id=__waruhachi_theos-action.cache-key]
2026-08-31T11:21:55.7618790Z ##[group]Run set -euo pipefail
2026-08-31T11:21:55.7619600Z [36;1mset -euo pipefail[0m
2026-08-31T11:21:55.7620280Z [36;1m[0m
2026-08-31T11:21:55.7621220Z [36;1mtheos_sha=$(gh api -H 'Accept: application/vnd.github.sha' /repos/theos/theos/commits/master)[0m
2026-08-31T11:21:55.7622470Z [36;1msdks_sha=$(gh api -H 'Accept: application/vnd.github.sha' /repos/theos/sdks/commits/master)[0m
2026-08-31T11:21:55.7623500Z [36;1m[0m
2026-08-31T11:21:55.7624630Z [36;1mif [[ "false" == 'true' ]]; then[0m
2026-08-31T11:21:55.7625940Z [36;1m  libgc_sha=$(gh api -H 'Accept: application/vnd.github.sha' /repos/MrGcGamer/LibGcUniversalDocumentation/commits/master)[0m
2026-08-31T11:21:55.7627120Z [36;1melse[0m
2026-08-31T11:21:55.7627800Z [36;1m  libgc_sha="none"[0m
2026-08-31T11:21:55.7628530Z [36;1mfi[0m
2026-08-31T11:21:55.7629160Z [36;1m[0m
2026-08-31T11:21:55.7629850Z [36;1mif [[ "false" == 'true' ]]; then[0m
2026-08-31T11:21:55.7630980Z [36;1m  altlist_sha=$(gh api -H 'Accept: application/vnd.github.sha' /repos/opa334/AltList/commits/main)[0m
2026-08-31T11:21:55.7631980Z [36;1melse[0m
2026-08-31T11:21:55.7632610Z [36;1m  altlist_sha="none"[0m
2026-08-31T11:21:55.7633290Z [36;1mfi[0m
2026-08-31T11:21:55.7633910Z [36;1m[0m
2026-08-31T11:21:55.7635230Z [36;1mecho "key=theos/theos-master-$theos_sha|theos/sdks-master-$sdks_sha|MrGcGamer/LibGcUniversalDocumentation-master-$libgc_sha|opa334/AltList-main-$altlist_sha" >> $GITHUB_OUTPUT[0m
2026-08-31T11:21:55.7674860Z shell: /bin/bash --noprofile --norc -e -o pipefail {0}
2026-08-31T11:21:55.7675700Z env:
2026-08-31T11:21:55.7676450Z   THEOS: /Users/runner/work/matisu-replica/matisu-replica/theos
2026-08-31T11:21:55.7680410Z   GH_TOKEN: ***
2026-08-31T11:21:55.7681080Z ##[endgroup]
2026-08-31T11:21:56.9341280Z ##[end-action id=__waruhachi_theos-action.cache-key;outcome=success;conclusion=success;duration_ms=1175]
2026-08-31T11:21:56.9351190Z ##[start-action display=Install dependencies;id=__waruhachi_theos-action.__run_2]
2026-08-31T11:21:56.9407180Z ##[group]Run set -euo pipefail
2026-08-31T11:21:56.9407740Z [36;1mset -euo pipefail[0m
2026-08-31T11:21:56.9408190Z [36;1m[0m
2026-08-31T11:21:56.9408690Z [36;1mbrew install make ldid[0m
2026-08-31T11:21:56.9409710Z [36;1mecho "$(brew --prefix make)/libexec/gnubin" >> $GITHUB_PATH[0m
2026-08-31T11:21:56.9491760Z shell: /bin/bash --noprofile --norc -e -o pipefail {0}
2026-08-31T11:21:56.9492350Z env:
2026-08-31T11:21:56.9492800Z   THEOS: /Users/runner/work/matisu-replica/matisu-replica/theos
2026-08-31T11:21:56.9493340Z ##[endgroup]
2026-08-31T11:21:58.9702660Z ##[warning]The following taps are not trusted:
  aws/tap

Homebrew is currently ignoring formulae, casks and commands from these taps because tap trust is required.

Untap them with:
  brew untap aws/tap
Trust specific formulae, casks and commands with:
  brew trust --formula <user>/<tap>/<formula>
  brew trust --cask <user>/<tap>/<cask>
  brew trust --command <user>/<tap>/<command>
Whole-tap trust is broader and includes all current and future formulae,
casks and commands from the listed taps. Trust whole taps with:
  brew trust aws/tap
To disable trust checks:
  export HOMEBREW_NO_REQUIRE_TAP_TRUST=1
This is not recommended and will be removed in a later release.
For more information, see:
  https://docs.brew.sh/Tap-Trust
2026-08-31T11:21:59.2591740Z [34m==>[0m [1mWould install 2 formulae:[0m
2026-08-31T11:21:59.2592080Z make ldid
2026-08-31T11:21:59.2605420Z [34m==>[0m [1mDownloading https://ghcr.io/v2/homebrew/core/make/manifests/4.4.1-1[0m
2026-08-31T11:21:59.5337390Z [34m==>[0m [1mDownloading https://ghcr.io/v2/homebrew/core/ldid/manifests/2.1.5_1-1[0m
2026-08-31T11:21:59.7319860Z [34m==>[0m [1mWould install 1 dependency for ldid:[0m
2026-08-31T11:21:59.7320320Z libplist
2026-08-31T11:21:59.7321360Z [32m==>[0m [1mFetching downloads for: [32mmake[39m and [32mldid[39m[0m
2026-08-31T11:21:59.9478650Z ✔︎ Bottle Manifest libplist (2.7.0)
2026-08-31T11:21:59.9881120Z ✔︎ Bottle ldid (2.1.5_1)
2026-08-31T11:22:00.0417950Z ✔︎ Bottle libplist (2.7.0)
2026-08-31T11:22:00.0534340Z ✔︎ Bottle make (4.4.1)
2026-08-31T11:22:00.0555610Z [34m==>[0m [1mPouring make--4.4.1.arm64_tahoe.bottle.1.tar.gz[0m
2026-08-31T11:22:00.1462170Z [34m==>[0m [1mCaveats[0m
2026-08-31T11:22:00.1462700Z GNU "make" has been installed as "gmake".
2026-08-31T11:22:00.1463240Z If you need to use it as "make", you can add a "gnubin" directory
2026-08-31T11:22:00.1463720Z to your PATH from your bashrc like:
2026-08-31T11:22:00.1464000Z 
2026-08-31T11:22:00.1464400Z     PATH="/opt/homebrew/opt/make/libexec/gnubin:$PATH"
2026-08-31T11:22:00.1464900Z [34m==>[0m [1mSummary[0m
2026-08-31T11:22:00.1474560Z 🍺  /opt/homebrew/Cellar/make/4.4.1: 17 files, 1.3MB
2026-08-31T11:22:00.1568270Z [32m==>[0m [1mInstalling ldid dependency: [32mlibplist[39m[0m
2026-08-31T11:22:00.1604760Z [34m==>[0m [1mPouring libplist--2.7.0.arm64_tahoe.bottle.tar.gz[0m
2026-08-31T11:22:00.1879680Z 🍺  /opt/homebrew/Cellar/libplist/2.7.0: 32 files, 605.5KB
2026-08-31T11:22:00.1888650Z [32m==>[0m [1mInstalling [32mldid[39m[0m
2026-08-31T11:22:00.1889780Z [34m==>[0m [1mPouring ldid--2.1.5_1.arm64_tahoe.bottle.1.tar.gz[0m
2026-08-31T11:22:00.2358570Z 🍺  /opt/homebrew/Cellar/ldid/2.1.5_1: 6 files, 271KB
2026-08-31T11:22:00.2362040Z [32m==>[0m [1mCaveats[0m
2026-08-31T11:22:00.2362520Z [34m==>[0m [1mmake[0m
2026-08-31T11:22:00.2363000Z GNU "make" has been installed as "gmake".
2026-08-31T11:22:00.2363410Z If you need to use it as "make", you can add a "gnubin" directory
2026-08-31T11:22:00.2363980Z to your PATH from your bashrc like:
2026-08-31T11:22:00.2364240Z 
2026-08-31T11:22:00.2364490Z     PATH="/opt/homebrew/opt/make/libexec/gnubin:$PATH"
2026-08-31T11:22:00.2788280Z ##[end-action id=__waruhachi_theos-action.__run_2;outcome=success;conclusion=success;duration_ms=3343]
2026-08-31T11:22:00.2791010Z ##[start-action display=Theos Cache;id=__waruhachi_theos-action.theos-cache]
2026-08-31T11:22:00.2864590Z Node 20 is being deprecated. This workflow is running with Node 24 by default. If you need to temporarily use Node 20, you can set the ACTIONS_ALLOW_USE_UNSECURE_NODE_VERSION=true environment variable. For more information see: https://github.blog/changelog/2025-09-19-deprecation-of-node-20-on-github-actions-runners/
2026-08-31T11:22:00.2867760Z ##[group]Run actions/cache@v4
2026-08-31T11:22:00.2867950Z with:
2026-08-31T11:22:00.2868170Z   path: /Users/runner/work/matisu-replica/matisu-replica/theos
2026-08-31T11:22:00.2869260Z   key: theos/theos-master-5280bd038207e14f8bd76f5417aa2fe641c03228|theos/sdks-master-0222fd5413cf4b9af096f37b4621afa2688572f7|MrGcGamer/LibGcUniversalDocumentation-master-none|opa334/AltList-main-none
2026-08-31T11:22:00.2869980Z   enableCrossOsArchive: false
2026-08-31T11:22:00.2870170Z   fail-on-cache-miss: false
2026-08-31T11:22:00.2870380Z   lookup-only: false
2026-08-31T11:22:00.2870540Z   save-always: false
2026-08-31T11:22:00.2870740Z env:
2026-08-31T11:22:00.2871100Z   THEOS: /Users/runner/work/matisu-replica/matisu-replica/theos
2026-08-31T11:22:00.2871400Z ##[endgroup]
2026-08-31T11:22:00.4033970Z (node:2956) [DEP0040] DeprecationWarning: The `punycode` module is deprecated. Please use a userland alternative instead.
2026-08-31T11:22:00.4034760Z (Use `node --trace-deprecation ...` to show where the warning was created)
2026-08-31T11:22:00.5823960Z Cache hit for: theos/theos-master-5280bd038207e14f8bd76f5417aa2fe641c03228|theos/sdks-master-0222fd5413cf4b9af096f37b4621afa2688572f7|MrGcGamer/LibGcUniversalDocumentation-master-none|opa334/AltList-main-none
2026-08-31T11:22:00.5893430Z (node:2956) [DEP0169] DeprecationWarning: `url.parse()` behavior is not standardized and prone to errors that have security implications. Use the WHATWG URL API instead. CVEs are not issued for `url.parse()` vulnerabilities.
2026-08-31T11:22:01.7382610Z Received 62914560 of 224393996 (28.0%), 59.9 MBs/sec
2026-08-31T11:22:02.7384510Z Received 167772160 of 224393996 (74.8%), 79.9 MBs/sec
2026-08-31T11:22:03.6308420Z Received 224393996 of 224393996 (100.0%), 73.9 MBs/sec
2026-08-31T11:22:03.6328720Z Cache Size: ~214 MB (224393996 B)
2026-08-31T11:22:03.6417180Z [command]/opt/homebrew/bin/gtar -xf /Users/runner/work/_temp/92307f96-d1e7-48c8-a1ab-c292685adeec/cache.tzst -P -C /Users/runner/work/matisu-replica/matisu-replica --delay-directory-restore --use-compress-program unzstd
2026-08-31T11:22:17.3527220Z Cache restored successfully
2026-08-31T11:22:17.3838820Z Cache restored from key: theos/theos-master-5280bd038207e14f8bd76f5417aa2fe641c03228|theos/sdks-master-0222fd5413cf4b9af096f37b4621afa2688572f7|MrGcGamer/LibGcUniversalDocumentation-master-none|opa334/AltList-main-none
2026-08-31T11:22:17.3979960Z ##[end-action id=__waruhachi_theos-action.theos-cache;outcome=success;conclusion=success;duration_ms=17118]
2026-08-31T11:22:17.3985400Z ##[start-action display=Setup Theos;id=__waruhachi_theos-action.__actions_checkout]
2026-08-31T11:22:17.4009220Z ##[end-action id=__waruhachi_theos-action.__actions_checkout;outcome=skipped;conclusion=skipped;duration_ms=0]
2026-08-31T11:22:17.4011860Z ##[start-action display=Setup SDKs;id=__waruhachi_theos-action.__actions_checkout_2]
2026-08-31T11:22:17.4018180Z ##[end-action id=__waruhachi_theos-action.__actions_checkout_2;outcome=skipped;conclusion=skipped;duration_ms=0]
2026-08-31T11:22:17.4020610Z ##[start-action display=Setup LibGcUniversal;id=__waruhachi_theos-action.__actions_checkout_3]
2026-08-31T11:22:17.4028450Z ##[end-action id=__waruhachi_theos-action.__actions_checkout_3;outcome=skipped;conclusion=skipped;duration_ms=0]
2026-08-31T11:22:17.4030810Z ##[start-action display=Install LibGcUniversal;id=__waruhachi_theos-action.__run_3]
2026-08-31T11:22:17.4036670Z ##[end-action id=__waruhachi_theos-action.__run_3;outcome=skipped;conclusion=skipped;duration_ms=0]
2026-08-31T11:22:17.4038680Z ##[start-action display=Setup AltList;id=__waruhachi_theos-action.__actions_checkout_4]
2026-08-31T11:22:17.4043640Z ##[end-action id=__waruhachi_theos-action.__actions_checkout_4;outcome=skipped;conclusion=skipped;duration_ms=0]
2026-08-31T11:22:17.4045990Z ##[start-action display=Install AltList;id=__waruhachi_theos-action.__run_4]
2026-08-31T11:22:17.4051100Z ##[end-action id=__waruhachi_theos-action.__run_4;outcome=skipped;conclusion=skipped;duration_ms=0]
2026-08-31T11:22:17.4053010Z ##[start-action display=Update Theos;id=__waruhachi_theos-action.__run_5]
2026-08-31T11:22:17.4094830Z ##[group]Run $THEOS/bin/update-theos
2026-08-31T11:22:17.4095200Z [36;1m$THEOS/bin/update-theos[0m
2026-08-31T11:22:17.5512410Z shell: /bin/bash --noprofile --norc -e -o pipefail {0}
2026-08-31T11:22:17.5518020Z env:
2026-08-31T11:22:17.5518380Z   THEOS: /Users/runner/work/matisu-replica/matisu-replica/theos
2026-08-31T11:22:17.5518690Z ##[endgroup]
2026-08-31T11:22:18.6738660Z From https://github.com/theos/theos
2026-08-31T11:22:18.6739300Z  * [new branch]      dhowett/dev/experimental-rebased -> origin/dhowett/dev/experimental-rebased
2026-08-31T11:22:18.6739960Z  * [new branch]      dhowett/dev/instance-target -> origin/dhowett/dev/instance-target
2026-08-31T11:22:18.6740580Z  * [new branch]      dhowett/dev/syntel    -> origin/dhowett/dev/syntel
2026-08-31T11:22:18.6741060Z  * [new branch]      dhowett/dev/testing   -> origin/dhowett/dev/testing
2026-08-31T11:22:18.6741570Z  * [new branch]      kabiroberai/arch-schemas -> origin/kabiroberai/arch-schemas
2026-08-31T11:22:18.6742130Z  * [new branch]      kirb/break-stuff      -> origin/kirb/break-stuff
2026-08-31T11:22:18.6742600Z  * [new branch]      kirb/experimental/uikitformac-support -> origin/kirb/experimental/uikitformac-support
2026-08-31T11:22:18.6743080Z  * [new branch]      kirb/rootless         -> origin/kirb/rootless
2026-08-31T11:22:18.6743650Z  * [new branch]      kirb/unfinished/better-troubleshoot -> origin/kirb/unfinished/better-troubleshoot
2026-08-31T11:22:18.6744090Z  * [new branch]      legacy                -> origin/legacy
2026-08-31T11:22:18.6744520Z  * [new branch]      libhooker-rpaths      -> origin/libhooker-rpaths
2026-08-31T11:22:18.6744950Z  * [new branch]      orion                 -> origin/orion
2026-08-31T11:22:18.6745500Z  * [new branch]      orion-dev             -> origin/orion-dev
2026-08-31T11:22:18.6745990Z  * [new branch]      uroboro-minor-changes -> origin/uroboro-minor-changes
2026-08-31T11:22:18.6746380Z  * [new tag]         1.0.0                 -> 1.0.0
2026-08-31T11:22:18.6746700Z  * [new tag]         2.0.0                 -> 2.0.0
2026-08-31T11:22:18.6747030Z  * [new tag]         2.1.0                 -> 2.1.0
2026-08-31T11:22:18.6747280Z  * [new tag]         2.1.1                 -> 2.1.1
2026-08-31T11:22:18.6747540Z  * [new tag]         2.2                   -> 2.2
2026-08-31T11:22:18.6747790Z  * [new tag]         2.3                   -> 2.3
2026-08-31T11:22:18.6748060Z  * [new tag]         2.4                   -> 2.4
2026-08-31T11:22:18.6748300Z  * [new tag]         2.5                   -> 2.5
2026-08-31T11:22:18.9084120Z Fetching submodule vendor/dm.pl
2026-08-31T11:22:19.1457270Z Fetching submodule vendor/include
2026-08-31T11:22:19.3574440Z Fetching submodule vendor/lib
2026-08-31T11:22:19.3593750Z Fetching submodule vendor/logos
2026-08-31T11:22:19.4615000Z Fetching submodule vendor/orion
2026-08-31T11:22:19.5991220Z Fetching submodule vendor/nic
2026-08-31T11:22:19.5991520Z Fetching submodule vendor/swift-support
2026-08-31T11:22:20.1407010Z From https://github.com/theos/swift-support
2026-08-31T11:22:20.1407730Z  * branch            0093a4ebcc9027c383c5d56d35a4d418d4592658 -> FETCH_HEAD
2026-08-31T11:22:20.1408340Z  * branch            019861f92a7ff16d422a63911e2313c877e1b828 -> FETCH_HEAD
2026-08-31T11:22:20.1408870Z  * branch            0205d5ab2d73fa52a1d9ff3eba0612c4e08c1003 -> FETCH_HEAD
2026-08-31T11:22:20.1409760Z  * branch            26d567b27545ed5830775ae8a487bdf4d67ff4b5 -> FETCH_HEAD
2026-08-31T11:22:20.1410240Z  * branch            2b9346b2e48a72e534d667cd45f83749ae278a15 -> FETCH_HEAD
2026-08-31T11:22:20.1410710Z  * branch            2ca7b66fc689058636242fe898b76df73e4d5609 -> FETCH_HEAD
2026-08-31T11:22:20.1411240Z  * branch            3b0005b557331b5df67913b98d003ec1e87d78bd -> FETCH_HEAD
2026-08-31T11:22:20.1412110Z  * branch            43055290ede755acbd186c398cae72dc4f12247d -> FETCH_HEAD
2026-08-31T11:22:20.1412560Z  * branch            5d427efa62c1bbb137e00e51f378d031b1d15699 -> FETCH_HEAD
2026-08-31T11:22:20.1413090Z  * branch            69b5d150a05272fc6273eaa3801c47d06d7f2813 -> FETCH_HEAD
2026-08-31T11:22:20.1414290Z  * branch            7ca75d0edc2ba7cc6f2928333d617292ac4683dd -> FETCH_HEAD
2026-08-31T11:22:20.1415230Z  * branch            86dd8e6a8dd9eac1195dbdacdc7e79a5c532d1f9 -> FETCH_HEAD
2026-08-31T11:22:20.1415830Z  * branch            b9b4ef3ed1d6a48b5e9e52db2eb27c5c9de35da9 -> FETCH_HEAD
2026-08-31T11:22:20.1416340Z  * branch            bb1ad344db2df5f099335cd6bff6045f71b8438c -> FETCH_HEAD
2026-08-31T11:22:20.1416710Z  * branch            c630ca8723ed631f896e10484934c336a26b83be -> FETCH_HEAD
2026-08-31T11:22:20.1417170Z  * branch            d9af6143ccc1bbd316b898def3fef732f87d9653 -> FETCH_HEAD
2026-08-31T11:22:20.1417680Z  * branch            fd6ff75bb620a4754f124381f0d7bce9bba79ca2 -> FETCH_HEAD
2026-08-31T11:22:20.1418130Z Fetching submodule vendor/templates
2026-08-31T11:22:20.1609740Z From https://github.com/theos/nic
2026-08-31T11:22:20.1613450Z  * branch            12db01f67994a232f8282f3ae0d0b61314ce0230 -> FETCH_HEAD
2026-08-31T11:22:20.1617410Z  * branch            1f2e89d4acb805a81503ac3ea4c7115ca55f75a1 -> FETCH_HEAD
2026-08-31T11:22:20.1645850Z  * branch            28d562c54f2d335a5f392191e7d2e8f08aca88fa -> FETCH_HEAD
2026-08-31T11:22:20.1688120Z  * branch            40464a39bfb31306521212936dbae3406ef4822c -> FETCH_HEAD
2026-08-31T11:22:20.1712120Z  * branch            6585e1e2d29bcd2452e14f8e92e62c76a1909554 -> FETCH_HEAD
2026-08-31T11:22:20.1712680Z  * branch            794d210f81198c6aef4f0ab8d04bd74ffe149f51 -> FETCH_HEAD
2026-08-31T11:22:20.1713240Z  * branch            8f065ac109706335661a6f8e9edfeacdbff0d80e -> FETCH_HEAD
2026-08-31T11:22:20.1713760Z  * branch            941bbf0173e3c9674331715f433c1ae6f9156362 -> FETCH_HEAD
2026-08-31T11:22:20.1714260Z  * branch            fd02465ca53cdb3bb07b4ff723c517e9a808641c -> FETCH_HEAD
2026-08-31T11:22:20.1714760Z  * branch            fe9f859d3aaba987ed19ef52dbfb57bc02a4973d -> FETCH_HEAD
2026-08-31T11:22:20.4269130Z From https://github.com/theos/templates
2026-08-31T11:22:20.4271930Z  * branch            022f31fd3457c8a0c181cd23b59c2980ca4d36b2 -> FETCH_HEAD
2026-08-31T11:22:20.4272560Z  * branch            0886f5a8ebb6f0e142f9e9a8a8924370939d1146 -> FETCH_HEAD
2026-08-31T11:22:20.4274650Z  * branch            09894865a641bae0b67456a6df6475df8d8a6ac7 -> FETCH_HEAD
2026-08-31T11:22:20.4275860Z  * branch            11488a997e6dc1ac4a5ae8612ab46a6e45394709 -> FETCH_HEAD
2026-08-31T11:22:20.4276380Z  * branch            1576043fbcea15b79a9b7931d93266fc1aedbecc -> FETCH_HEAD
2026-08-31T11:22:20.4276860Z  * branch            300ee0f33196f55ec7a7bb02b05910974216b831 -> FETCH_HEAD
2026-08-31T11:22:20.4277290Z  * branch            349468fc3d8f84cd38080f80f99bfe49a1ddc162 -> FETCH_HEAD
2026-08-31T11:22:20.4277720Z  * branch            3a20da8b1c61ec888ae1a926af3065366094ee77 -> FETCH_HEAD
2026-08-31T11:22:20.4278130Z  * branch            49defb6d052709417bc61e4c0c8f732639b28c1e -> FETCH_HEAD
2026-08-31T11:22:20.4278500Z  * branch            4c75fa2361f67deb4fe6c554e010cb1aaa48ca3d -> FETCH_HEAD
2026-08-31T11:22:20.4278900Z  * branch            5917b9947fbb3099df3c48e1001a3d8b17a8e55a -> FETCH_HEAD
2026-08-31T11:22:20.4279260Z  * branch            645bcd195b44e076474e097990bea47bcb3ed772 -> FETCH_HEAD
2026-08-31T11:22:20.4279620Z  * branch            7d98646871281e5b71e280e8f80d3fc27b69aeef -> FETCH_HEAD
2026-08-31T11:22:20.4280000Z  * branch            7e6b80d6f98c8b1ad4ab05b2e8bc659741d26d02 -> FETCH_HEAD
2026-08-31T11:22:20.4280410Z  * branch            8af2906bf6f6dd13d97302405316bd8a5419a265 -> FETCH_HEAD
2026-08-31T11:22:20.4280760Z  * branch            8d1a9f5a42ae2a48435303ea8fb07c3c1ccbd9d2 -> FETCH_HEAD
2026-08-31T11:22:20.4281130Z  * branch            8d9599b9054c93319ed35b35b3a826e437931904 -> FETCH_HEAD
2026-08-31T11:22:20.4282020Z  * branch            a22176f8b1a1759fec55a3b62c8200cc751f1638 -> FETCH_HEAD
2026-08-31T11:22:20.4282440Z  * branch            b3afce164abdeda0c9b1aa69fdc2f9fec0673792 -> FETCH_HEAD
2026-08-31T11:22:20.4282870Z  * branch            b68586f216239fe73f74326b59b1e66cd0a1b664 -> FETCH_HEAD
2026-08-31T11:22:20.4283240Z  * branch            da6a60b1d3f6bf4b7398000448209cd505eb1a74 -> FETCH_HEAD
2026-08-31T11:22:20.4283600Z  * branch            e3c1d67b1e8faae69b37fb525bd7f2c435ef9dab -> FETCH_HEAD
2026-08-31T11:22:20.4284360Z  * branch            efc61c3afeee514482f1702ffd5f6c07d14ecd2e -> FETCH_HEAD
2026-08-31T11:22:20.4284760Z  * branch            f466826075cc2acbd755ca096f4fdf7a82a27922 -> FETCH_HEAD
2026-08-31T11:22:20.4337810Z From https://github.com/theos/orion
2026-08-31T11:22:20.4338240Z  * branch            0031cd86865084f8e491182772a10e749cfc4e67 -> FETCH_HEAD
2026-08-31T11:22:20.4338630Z  * branch            06cb86f32e73e48241afa29df0861f55991cca61 -> FETCH_HEAD
2026-08-31T11:22:20.4339020Z  * branch            152dd53a25de653c4870a808ddfefb7e625b3294 -> FETCH_HEAD
2026-08-31T11:22:20.4339400Z  * branch            17357242fb4e60c60d3b86b260fba0a8b75cb11d -> FETCH_HEAD
2026-08-31T11:22:20.4339810Z  * branch            1cd69055ca503b2c6334f64211d3bc937fca4fc0 -> FETCH_HEAD
2026-08-31T11:22:20.4340180Z  * branch            225c463b57b268fcc02380c40356b585682bd67a -> FETCH_HEAD
2026-08-31T11:22:20.4340550Z  * branch            2e4d368231e88c797ab9879f8c018a50f4e25209 -> FETCH_HEAD
2026-08-31T11:22:20.4340930Z  * branch            335ba6eff3bedf06d2745aacca73cd9612dfa314 -> FETCH_HEAD
2026-08-31T11:22:20.4341290Z  * branch            3b7c6dc91fe5ede50c475f7f4f1a9c70ab5289db -> FETCH_HEAD
2026-08-31T11:22:20.4341810Z  * branch            3da7f4e5127e37e33fb6e4bc7de0e51768fbbc60 -> FETCH_HEAD
2026-08-31T11:22:20.4342270Z  * branch            42ea032b7ee01cea0121cbcecd47b998db3ce136 -> FETCH_HEAD
2026-08-31T11:22:20.4342630Z  * branch            485f5cc6f945035afc64027157e2f5cfa7c7059d -> FETCH_HEAD
2026-08-31T11:22:20.4343030Z  * branch            4a80d885e83a049b59cf90c81e40286eed160f08 -> FETCH_HEAD
2026-08-31T11:22:20.4343410Z  * branch            52c0c12b34fc358f04bc3052b82b72c2dfe2f42d -> FETCH_HEAD
2026-08-31T11:22:20.4343770Z  * branch            5a0bc2c9b87f2171b3c58bf3688cc89f39cfe4e7 -> FETCH_HEAD
2026-08-31T11:22:20.4344130Z  * branch            67b3c2a59e016a9951d471e7c9f1852203091753 -> FETCH_HEAD
2026-08-31T11:22:20.4344510Z  * branch            6f8ed1a59e70d7bf7dc5080ef7579ba2b9c975b0 -> FETCH_HEAD
2026-08-31T11:22:20.4344890Z  * branch            78df9785cc985260fb6eb2371876f5d8a3f180c8 -> FETCH_HEAD
2026-08-31T11:22:20.4345280Z  * branch            79b3835410a6f4be2c913334acb2b6a0055d3708 -> FETCH_HEAD
2026-08-31T11:22:20.4345630Z  * branch            9e7333bb9d529b4c41a43248fbdb5d2daf69cb0f -> FETCH_HEAD
2026-08-31T11:22:20.4346010Z  * branch            9eb6b9de83071ef7063c8d52545c87acd43e50ed -> FETCH_HEAD
2026-08-31T11:22:20.4346400Z  * branch            ae9fbf2f3a242506d79a49776f578f055a9ebf3c -> FETCH_HEAD
2026-08-31T11:22:20.4346760Z  * branch            b0349d6d540c956239148a95d05bea6dc559d8f7 -> FETCH_HEAD
2026-08-31T11:22:20.4347130Z  * branch            b4946bb467b450e04be7e25f8dcb5ed55349e2cc -> FETCH_HEAD
2026-08-31T11:22:20.4347650Z  * branch            b799eda1f1e86469db859df5384fb91094b52aed -> FETCH_HEAD
2026-08-31T11:22:20.4348010Z  * branch            b828e186278a3d29a5a10c5f3dea128e5d413a31 -> FETCH_HEAD
2026-08-31T11:22:20.4348380Z  * branch            cea8f533e199ba62cc543b9f44971bb295f9e8d2 -> FETCH_HEAD
2026-08-31T11:22:20.4348730Z  * branch            d4bc4a55170df50c137945923b381af13c1f7f34 -> FETCH_HEAD
2026-08-31T11:22:20.4349110Z  * branch            e37259fe10493ae95fa0d823b5f1469a26dc56db -> FETCH_HEAD
2026-08-31T11:22:20.4349480Z  * branch            e7a029a6bb37424cd9a4c474cb71d3f2a9071d66 -> FETCH_HEAD
2026-08-31T11:22:20.4349840Z  * branch            e8267b7324a2ff9e4a1d9ac0e618a1ee91573ec7 -> FETCH_HEAD
2026-08-31T11:22:20.4350390Z Fetching submodule vendor/orion/fishhook
2026-08-31T11:22:21.9009480Z From https://github.com/facebook/fishhook
2026-08-31T11:22:21.9010070Z  * branch            8ef82f0711494ecc78d16bf6ce76f5ad92e5f67b -> FETCH_HEAD
2026-08-31T11:22:21.9015600Z From https://github.com/theos/logos
2026-08-31T11:22:21.9017160Z  * branch            06726377b5603d03d7deb6c9bdd7b718ad1a63a4 -> FETCH_HEAD
2026-08-31T11:22:21.9017700Z  * branch            067802d95eb531006087d66f8a7b067e5d6bf237 -> FETCH_HEAD
2026-08-31T11:22:21.9018600Z  * branch            0aeaca09cb193a3fb9fb461ae972252585f5c0c8 -> FETCH_HEAD
2026-08-31T11:22:21.9019130Z  * branch            170f048edea7014debf8d628e7da495f5dbe4ea4 -> FETCH_HEAD
2026-08-31T11:22:21.9020440Z  * branch            197cb80c634a403bf812594f4adc9c7fc354271f -> FETCH_HEAD
2026-08-31T11:22:21.9020900Z  * branch            1fa39ebd22e4421eaa778e7dfb0f5d4b02c6f9f4 -> FETCH_HEAD
2026-08-31T11:22:21.9021420Z  * branch            404fed419a566c4d68fae1110a18fce63c85d619 -> FETCH_HEAD
2026-08-31T11:22:21.9021910Z  * branch            40ec61ef0d699ccd6b10dfd5511ede6213a9a278 -> FETCH_HEAD
2026-08-31T11:22:21.9022370Z  * branch            4f35cb65b1bc96ef1d7c9633ef0f6129f0e4036c -> FETCH_HEAD
2026-08-31T11:22:21.9022830Z  * branch            57c507eb9ef2da5765b1b7aab785c032b117d56a -> FETCH_HEAD
2026-08-31T11:22:21.9023320Z  * branch            5f1138cf79cc546e8cde64c93a1dab74b9918c3c -> FETCH_HEAD
2026-08-31T11:22:21.9023780Z  * branch            62814c1d7dbc9158a0f231ded9edc07f94debe23 -> FETCH_HEAD
2026-08-31T11:22:21.9024230Z  * branch            75623490073e68e457fe6680462d11c217d29341 -> FETCH_HEAD
2026-08-31T11:22:21.9024680Z  * branch            75b6c2e81c08c1efff4a4e558ce2e245a8956d10 -> FETCH_HEAD
2026-08-31T11:22:21.9025140Z  * branch            76488dfebd541dbd128994bc12c4647d8182c220 -> FETCH_HEAD
2026-08-31T11:22:21.9025590Z  * branch            7b81c55f97ac7dbd6696ebb4cb36b83900960964 -> FETCH_HEAD
2026-08-31T11:22:21.9026060Z  * branch            81cf08c23f886df2fb1db1d9ce9d87a2edadcceb -> FETCH_HEAD
2026-08-31T11:22:21.9026520Z  * branch            886885b273d38092687616c83ec5f452c3b2e965 -> FETCH_HEAD
2026-08-31T11:22:21.9026960Z  * branch            90051eb040590c25ea66f2dd886d72b8148e8801 -> FETCH_HEAD
2026-08-31T11:22:21.9027430Z  * branch            a54760ea60acf45fa48267b9fb344c0317d9351c -> FETCH_HEAD
2026-08-31T11:22:21.9027960Z  * branch            a733c99539ed9ef2a3914528d8c5522dc2396789 -> FETCH_HEAD
2026-08-31T11:22:21.9028440Z  * branch            ac2070c812f70579879a2b91ca77cb578c795c7b -> FETCH_HEAD
2026-08-31T11:22:21.9028900Z  * branch            c7d1cdbdc36880714dd9052d4f63f9c2a7bc102a -> FETCH_HEAD
2026-08-31T11:22:21.9029360Z  * branch            c920e6bb00854f6e2efe903def4aa87295d58627 -> FETCH_HEAD
2026-08-31T11:22:21.9029810Z  * branch            d57afb4417bca9198c5b165a7a4a07934add5c8b -> FETCH_HEAD
2026-08-31T11:22:21.9030260Z  * branch            e8a95e7ea3554d7ec2fabed3bb84d8e5b19898f4 -> FETCH_HEAD
2026-08-31T11:22:21.9030780Z  * branch            ecd39a797b2d17b6583b782fd661068b30eff61f -> FETCH_HEAD
2026-08-31T11:22:21.9031820Z  * branch            fd66169442a26c3609254a6f83ee383a154ddb8c -> FETCH_HEAD
2026-08-31T11:22:21.9032190Z From https://github.com/theos/lib
2026-08-31T11:22:21.9032600Z  * branch            013ea40121136f36ed67e6bd7dcc1b99613daa98 -> FETCH_HEAD
2026-08-31T11:22:21.9033140Z  * branch            07909619e8911d3ae14b07b9514a8209fe8e57cb -> FETCH_HEAD
2026-08-31T11:22:21.9033690Z  * branch            113e0cd132df53649a6bbee2572b2d39fd2beaa1 -> FETCH_HEAD
2026-08-31T11:22:21.9034260Z  * branch            1144e7b79effdcbdf3c0f2626bde3340365d6c41 -> FETCH_HEAD
2026-08-31T11:22:21.9034790Z  * branch            126a2dd4852ad435991bd8ac761ac56ec39869f2 -> FETCH_HEAD
2026-08-31T11:22:21.9035260Z  * branch            1397f8278d240a27482cbb94dda541ad9a57fd65 -> FETCH_HEAD
2026-08-31T11:22:21.9035710Z  * branch            18dbcbc41f9c95b8c7eaedc553fddfdd6201fd4b -> FETCH_HEAD
2026-08-31T11:22:21.9036270Z  * branch            194675ae21925e7e3efd71d0056222f79ea04aa7 -> FETCH_HEAD
2026-08-31T11:22:21.9037360Z  * branch            1eef222ea55cc5fb3b52435465b06f9b7d6dfba9 -> FETCH_HEAD
2026-08-31T11:22:21.9038030Z  * branch            2b6ab0c074c976d757dff0b4ecfc0efd0b5cdd1d -> FETCH_HEAD
2026-08-31T11:22:21.9048280Z  * branch            306eba89a20109cd37c878f008ef99c4eb8ae88d -> FETCH_HEAD
2026-08-31T11:22:21.9048750Z  * branch            34bb72035653a4abb6594be0a976cc766fcdc9c2 -> FETCH_HEAD
2026-08-31T11:22:21.9050430Z  * branch            3b9ec52b8d4150cfe372e946c7e18f4ea4cada66 -> FETCH_HEAD
2026-08-31T11:22:21.9050880Z  * branch            4047e8cd5e2fa602c6e38412dc7c197eacfbca50 -> FETCH_HEAD
2026-08-31T11:22:21.9051280Z  * branch            41b5b0d1ccdc483eb87b9c721e337c9f9548f456 -> FETCH_HEAD
2026-08-31T11:22:21.9051640Z  * branch            4648559115ed390c528d450c0d4b76689c579f2b -> FETCH_HEAD
2026-08-31T11:22:21.9052040Z  * branch            53ff05006e9a35c03787f05e3b4cdd44ff224452 -> FETCH_HEAD
2026-08-31T11:22:21.9052430Z  * branch            617dcfcbb6b7c28f9a565de872c8c993dbfe13ea -> FETCH_HEAD
2026-08-31T11:22:21.9052820Z  * branch            639633b40f1b3e0b9cedfad7ec1feab2e5432033 -> FETCH_HEAD
2026-08-31T11:22:21.9053600Z  * branch            6e3233aa73e67723cba49f89cabcfe3b2dca6ad9 -> FETCH_HEAD
2026-08-31T11:22:21.9053960Z  * branch            6e454510fa71fe6015f8e4febf44945308c014d3 -> FETCH_HEAD
2026-08-31T11:22:21.9054320Z  * branch            6e55e932c719f5ef42ac20e7e31d28169d5593fd -> FETCH_HEAD
2026-08-31T11:22:21.9054720Z  * branch            845205b1bafbb45a50fa4d5f3f29da097b433b7c -> FETCH_HEAD
2026-08-31T11:22:21.9055090Z  * branch            85494d2d30520edb9bbdf3c4066352811c8884d5 -> FETCH_HEAD
2026-08-31T11:22:21.9055470Z  * branch            8b7f487ee82d6a1357432ab2599f617ce8e5a82e -> FETCH_HEAD
2026-08-31T11:22:21.9055840Z  * branch            8df1bccbc66922d7b5d7b7c86d18dadc1d87ef91 -> FETCH_HEAD
2026-08-31T11:22:21.9056200Z  * branch            92f4e8ddb1a49654181f0414c3eff031cc876bcc -> FETCH_HEAD
2026-08-31T11:22:21.9056630Z  * branch            a27acf42f7d72eb8d7cf52ecf504d1d871155680 -> FETCH_HEAD
2026-08-31T11:22:21.9056990Z  * branch            b1d502cc632ec349f8e2b3df9d7630bad64fd25e -> FETCH_HEAD
2026-08-31T11:22:21.9057370Z  * branch            bc2fee541beb43e92db1c1558db3f34ec584efb8 -> FETCH_HEAD
2026-08-31T11:22:21.9057740Z  * branch            c15cf4f84cf4e8d294bac94aebf7ff0329e27f3f -> FETCH_HEAD
2026-08-31T11:22:21.9058090Z  * branch            c3b877651f50c4f683b9e02dc3e36dad551f5472 -> FETCH_HEAD
2026-08-31T11:22:21.9058460Z  * branch            cae351458c00f823d9ff9acb4695ce65d337671d -> FETCH_HEAD
2026-08-31T11:22:21.9058840Z  * branch            cd9b1d660c48529c9ae8a84becf5bcd147a350de -> FETCH_HEAD
2026-08-31T11:22:21.9059190Z  * branch            d4570cd03387bd9add3ba00449af11b49b1c8160 -> FETCH_HEAD
2026-08-31T11:22:21.9059540Z  * branch            df713f0dcd6efaa0ac9800844a895180ef74b483 -> FETCH_HEAD
2026-08-31T11:22:21.9059900Z  * branch            e66cb6851ea6d5b62898d322b02ce82def1148be -> FETCH_HEAD
2026-08-31T11:22:21.9060270Z  * branch            edb99bc316b019b8579103f189282bf10289e88a -> FETCH_HEAD
2026-08-31T11:22:21.9060640Z  * branch            eeaecc08b2ce111dd056fc2232c1a41be7091a7e -> FETCH_HEAD
2026-08-31T11:22:21.9061010Z  * branch            ef66c7316d186eddfdf4d0cb12a0a35cee41b3fe -> FETCH_HEAD
2026-08-31T11:22:21.9061360Z  * branch            f2a857a00e038df3a92a1c85d4e93b65a30cd7e9 -> FETCH_HEAD
2026-08-31T11:22:21.9061760Z  * branch            fd6b6e58b23b5b2f8f4e5c3757604a73bfdec7ea -> FETCH_HEAD
2026-08-31T11:22:21.9062130Z  * branch            ffeb5055506be882b0732f99673b9ff31795ba7b -> FETCH_HEAD
2026-08-31T11:22:21.9062510Z  * branch            ffec3480ec8016ebb9b13a09017807b62f5c9156 -> FETCH_HEAD
2026-08-31T11:22:21.9062830Z From https://github.com/theos/headers
2026-08-31T11:22:21.9063140Z  * branch            03c20cce033cfb9eafcb9ecf21c6eaaf0c26a7da -> FETCH_HEAD
2026-08-31T11:22:21.9063490Z  * branch            05405174749d912f7726121fcb5f27de73af0f08 -> FETCH_HEAD
2026-08-31T11:22:21.9064100Z  * branch            09a80f652d65b1caba560d8f50ad4c584d45d6a1 -> FETCH_HEAD
2026-08-31T11:22:21.9064460Z  * branch            0be47c237ef990d2d5c099e81d51f5c49cfe21ac -> FETCH_HEAD
2026-08-31T11:22:21.9064840Z  * branch            10c212801ce4ba99ff410b62637c7d50c3f6a37f -> FETCH_HEAD
2026-08-31T11:22:21.9065210Z  * branch            159a952c71bba3e7e3ae68b16d29c7fc549f5cdc -> FETCH_HEAD
2026-08-31T11:22:21.9065640Z  * branch            1bb142b515f5ff7c0b8e8f7ae173616e8cf2705e -> FETCH_HEAD
2026-08-31T11:22:21.9066180Z  * branch            1c6404be46f71071eb7d33b2ce30de30895bc2be -> FETCH_HEAD
2026-08-31T11:22:21.9066570Z  * branch            1c8c6efb030ff7221d97b8d4864847851aba9a67 -> FETCH_HEAD
2026-08-31T11:22:21.9066950Z  * branch            1fbaaf37d263538ee3e19aa2a78a2fd66f63b241 -> FETCH_HEAD
2026-08-31T11:22:21.9067300Z  * branch            27f17e2c2413d8f18d5d580f30bb0f67159d89be -> FETCH_HEAD
2026-08-31T11:22:21.9067660Z  * branch            28df0feeba0cdb768852e13920ad599c2375c96a -> FETCH_HEAD
2026-08-31T11:22:21.9068010Z  * branch            2c1421a4d6d24a9f930ad74924e628e95d383682 -> FETCH_HEAD
2026-08-31T11:22:21.9068370Z  * branch            30aabe179bb275646086a6249953a9f617395dcb -> FETCH_HEAD
2026-08-31T11:22:21.9068710Z  * branch            387230da73d43e19fff86a8b6cd5d3193ad99c9f -> FETCH_HEAD
2026-08-31T11:22:21.9069060Z  * branch            3998ff8c46acecb3c13dd8a65999111f41464357 -> FETCH_HEAD
2026-08-31T11:22:21.9069420Z  * branch            3ae47e085e9b4dc72613c99503f81f9d8ce093a6 -> FETCH_HEAD
2026-08-31T11:22:21.9070100Z  * branch            3d2c25b9f1202b5d97c374e64b719e7b2e565e8a -> FETCH_HEAD
2026-08-31T11:22:21.9070480Z  * branch            3f26abfa9d7f4d5c0185cf4c99e60086b9ad9ca9 -> FETCH_HEAD
2026-08-31T11:22:21.9070880Z  * branch            49424c3ed7e5545bd53c3250cea9fa45b2fabdd6 -> FETCH_HEAD
2026-08-31T11:22:21.9071270Z  * branch            4c7409e29260a7c47a27d52531a0ebc4bc034e72 -> FETCH_HEAD
2026-08-31T11:22:21.9071610Z  * branch            4daa96661264879b6545a14ac936bca51d8afd7f -> FETCH_HEAD
2026-08-31T11:22:21.9071980Z  * branch            521fa5563c7d6a6bf881d6cc7b36841c35e5e0d2 -> FETCH_HEAD
2026-08-31T11:22:21.9072330Z  * branch            55c97299b7064afd07f6acddeccb3154dd1ee69f -> FETCH_HEAD
2026-08-31T11:22:21.9072680Z  * branch            56bfc22d38c0cfbbbd9317ce9bf58e7915166c59 -> FETCH_HEAD
2026-08-31T11:22:21.9073020Z  * branch            5c13703c2c210a4347fc75dc87031e9cc597626d -> FETCH_HEAD
2026-08-31T11:22:21.9073370Z  * branch            609a308c1333ac3c409307fdd5ae2071981e4242 -> FETCH_HEAD
2026-08-31T11:22:21.9073720Z  * branch            64ba1fb3425ee69d568baa5bb59d22e8b04908af -> FETCH_HEAD
2026-08-31T11:22:21.9074070Z  * branch            6611d3b2c22527283cdcf81cb6c81327fbdcbaff -> FETCH_HEAD
2026-08-31T11:22:21.9074420Z  * branch            69fcaa7d2ecfbb6b2ecd38646f0ff3c9135cabc4 -> FETCH_HEAD
2026-08-31T11:22:21.9074770Z  * branch            6afc5085a16f51a36d0b49b45eaeeb09a13eb810 -> FETCH_HEAD
2026-08-31T11:22:21.9075120Z  * branch            6ee8506035aa5e48e76b423c89d66a4c7406e050 -> FETCH_HEAD
2026-08-31T11:22:21.9075460Z  * branch            6f59e8391b27b169067656601acbed30f4f205cc -> FETCH_HEAD
2026-08-31T11:22:21.9075800Z  * branch            77d639826e51e3f40517cfd96c616127a514e941 -> FETCH_HEAD
2026-08-31T11:22:21.9076140Z  * branch            79dd09fd14441e0e74394c5651de2a7ed0a60ffd -> FETCH_HEAD
2026-08-31T11:22:21.9076480Z  * branch            80bd5638d9e8e2437997f33f9f92f08f0e2705b7 -> FETCH_HEAD
2026-08-31T11:22:21.9076830Z  * branch            80da6b2d0bbe3806b9f6c8b6e43eca29c4c066d4 -> FETCH_HEAD
2026-08-31T11:22:21.9077200Z  * branch            819f49385304805f9a81e4210ae392c620505ea8 -> FETCH_HEAD
2026-08-31T11:22:21.9077550Z  * branch            85ffc75138a5fefce0b699b9e16fa514cb7ffc5c -> FETCH_HEAD
2026-08-31T11:22:21.9077900Z  * branch            889f159f6dd834ac35e193387b823539045cd374 -> FETCH_HEAD
2026-08-31T11:22:21.9078260Z  * branch            8fec425716958c1b709c0459d7f6762b73b2e291 -> FETCH_HEAD
2026-08-31T11:22:21.9078820Z  * branch            9220e3de07a7e24a50bf668796793d9bca5ad4c8 -> FETCH_HEAD
2026-08-31T11:22:21.9079160Z  * branch            9a50a89c6d0a92693427579dd0e4b46565d5d0de -> FETCH_HEAD
2026-08-31T11:22:21.9079500Z  * branch            9f00c9663aff892b512f87666dbfbf8fe4943e84 -> FETCH_HEAD
2026-08-31T11:22:21.9079850Z  * branch            a322ffce6b029caff5ce43e53678d276b2d86ff4 -> FETCH_HEAD
2026-08-31T11:22:21.9080200Z  * branch            aa509d29c41b7d27b201a9f477f0cb4e34dad108 -> FETCH_HEAD
2026-08-31T11:22:21.9080750Z  * branch            ad10b0115808b53cf825e034bc22d66af3481cfc -> FETCH_HEAD
2026-08-31T11:22:21.9081120Z  * branch            ad80ca22becd0748e1f11729b8f88d5c17206178 -> FETCH_HEAD
2026-08-31T11:22:21.9081470Z  * branch            b0b5198bc97bc56668f7fc071ae47a8a9f1e1b10 -> FETCH_HEAD
2026-08-31T11:22:21.9081820Z  * branch            b6ab96de6ba747eb7dd623d47c8865dd674f11fc -> FETCH_HEAD
2026-08-31T11:22:21.9082170Z  * branch            b875591e9b780872861d143cf973c142aace9bdb -> FETCH_HEAD
2026-08-31T11:22:21.9082520Z  * branch            bf8ff89cfa235410ac374e27fadee73982d44296 -> FETCH_HEAD
2026-08-31T11:22:21.9083020Z  * branch            c9f56473e9f2c7b72a2555963c49b7b7579acfbb -> FETCH_HEAD
2026-08-31T11:22:21.9083460Z  * branch            d09634a4dedb6be617f3b576102fc16b9403ba5e -> FETCH_HEAD
2026-08-31T11:22:21.9083840Z  * branch            e61600418fe6fe07f8e30c2c0d0c002ba31b99d1 -> FETCH_HEAD
2026-08-31T11:22:21.9085310Z  * branch            e8a358066f7426c285684aeaaff8ff23b3dd6b61 -> FETCH_HEAD
2026-08-31T11:22:21.9085690Z  * branch            ea1b95dba9530d2017907ec7542d309215d84e15 -> FETCH_HEAD
2026-08-31T11:22:21.9086060Z  * branch            ea969daefb5026b3aaed326b2db2fac80e410df0 -> FETCH_HEAD
2026-08-31T11:22:21.9086410Z  * branch            f3e596d896bae8f07c43cfb00ef55bf6224b4cdc -> FETCH_HEAD
2026-08-31T11:22:21.9086770Z  * branch            f3eef2127548c631b325a0b28c907cc59b1716ac -> FETCH_HEAD
2026-08-31T11:22:21.9087230Z  * branch            f82d323a5a50b4d6e3a21bce0aa20b0e531b118d -> FETCH_HEAD
2026-08-31T11:22:21.9087540Z From https://github.com/theos/dm.pl
2026-08-31T11:22:21.9087860Z  * branch            08d522b0b0723c2eff72505bf7cd9ae69614c0c0 -> FETCH_HEAD
2026-08-31T11:22:21.9088360Z  * branch            2f1417d7db30bba7ba58c4275e07b02521f52aa3 -> FETCH_HEAD
2026-08-31T11:22:21.9088820Z  * branch            34471b945dd5865544f0cf0c7d1a3151e6aa4c06 -> FETCH_HEAD
2026-08-31T11:22:21.9089290Z  * branch            3726df3e714e8189c23cb7e0c5505f0dbae2f88f -> FETCH_HEAD
2026-08-31T11:22:21.9089770Z  * branch            431955c2e5a2ca5e62ae773ef7036b1df14c80d7 -> FETCH_HEAD
2026-08-31T11:22:21.9090220Z  * branch            4699b543fdb9d3ebacde0b23db38322d27f20974 -> FETCH_HEAD
2026-08-31T11:22:21.9090790Z  * branch            4d3e455f632f77bbf500e03c3670b7cd951f546f -> FETCH_HEAD
2026-08-31T11:22:21.9091150Z  * branch            5b64eb9355f965f8ab0ffbe8c5ec92b0c8316432 -> FETCH_HEAD
2026-08-31T11:22:21.9091500Z  * branch            88d9005b0dbbfaf6d6e2f4948079e96c7b281957 -> FETCH_HEAD
2026-08-31T11:22:21.9091970Z  * branch            892a7c7266055a93013ab81002a8adcb578a2b25 -> FETCH_HEAD
2026-08-31T11:22:21.9092590Z  * branch            9462015e0f7e82f51b6df05bd223a484a6988042 -> FETCH_HEAD
2026-08-31T11:22:21.9092950Z  * branch            9723deb8b99cd7aa071ec1fad310df2ff80d1cf2 -> FETCH_HEAD
2026-08-31T11:22:21.9093300Z  * branch            af6fcc8ebfef5fc4c31d65b52556474409b2ed97 -> FETCH_HEAD
2026-08-31T11:22:21.9093810Z  * branch            b4f1d815d73a75edb5691ef0634e2264513a3ec8 -> FETCH_HEAD
2026-08-31T11:22:21.9094450Z  * branch            b77a3775a95b6929f5c2c44475eb1d0965e073f1 -> FETCH_HEAD
2026-08-31T11:22:21.9119320Z Already up to date.
2026-08-31T11:22:22.0757660Z 
2026-08-31T11:22:22.0759890Z [0;36m==> [1;36mNotice:[m Visit https://github.com/theos/theos/commits/master to view recent changes.
2026-08-31T11:22:22.0766820Z ##[end-action id=__waruhachi_theos-action.__run_5;outcome=success;conclusion=success;duration_ms=4671]
2026-08-31T11:22:22.0809420Z ##[group]Run make clean package FINALPACKAGE=1 THEOS_PACKAGE_SCHEME=rootless
2026-08-31T11:22:22.0809860Z [36;1mmake clean package FINALPACKAGE=1 THEOS_PACKAGE_SCHEME=rootless[0m
2026-08-31T11:22:22.0844040Z shell: /bin/bash -e {0}
2026-08-31T11:22:22.0844210Z env:
2026-08-31T11:22:22.0844400Z   THEOS: /Users/runner/work/matisu-replica/matisu-replica/theos
2026-08-31T11:22:22.0844660Z ##[endgroup]
2026-08-31T11:22:28.1287490Z [0;36m==> [1;39mCleaning…[m
2026-08-31T11:22:28.2405820Z [1;31m> [1;3;39mMaking all for tweak MatisuAuto…[m
2026-08-31T11:22:30.0376260Z [0;31m==> [1;39mPreprocessing Tweak.xm…[m
2026-08-31T11:22:30.0377650Z [0;31m==> [1;39mPreprocessing Tweak.xm…[m
2026-08-31T11:22:30.9056130Z [0;32m==> [1;39mCompiling ../src/MatisuTouch.m (arm64)…[m
2026-08-31T11:22:30.9057490Z [0;32m==> [1;39mCompiling ../src/MatisuTouch.m (arm64e)…[m
2026-08-31T11:22:32.3131940Z [0;32m==> [1;39mCompiling ../app/AXNodeDump.m (arm64e)…[m
2026-08-31T11:22:32.3133810Z [0;32m==> [1;39mCompiling ../app/AXNodeDump.m (arm64)…[m
2026-08-31T11:22:32.4479240Z [0;32m==> [1;39mCompiling ../app/DeviceInfo.m (arm64e)…[m
2026-08-31T11:22:32.5521320Z [0;32m==> [1;39mCompiling ../app/DeviceInfo.m (arm64)…[m
2026-08-31T11:22:34.1757340Z [0;32m==> [1;39mCompiling Tweak.xm (arm64)…[m
2026-08-31T11:22:34.2408900Z [0;32m==> [1;39mCompiling Tweak.xm (arm64e)…[m
2026-08-31T11:22:34.6509140Z ld: warning: -undefined dynamic_lookup is deprecated on iOS
2026-08-31T11:22:34.6510050Z [0;33m==> [1;39mLinking tweak MatisuAuto (arm64)…[m
2026-08-31T11:22:34.6519300Z ld: warning: -multiply_defined is obsolete
2026-08-31T11:22:34.6519850Z [0;34m==> [1;39mGenerating debug symbols for MatisuAuto…[m
2026-08-31T11:22:34.6520330Z ld: warning: -undefined dynamic_lookup is deprecated on iOS
2026-08-31T11:22:34.6520750Z [0;34m==> [1;39mStripping MatisuAuto (arm64)…[m
2026-08-31T11:22:34.6521760Z ld: warning: -multiply_defined is obsolete
2026-08-31T11:22:34.6522100Z [0;33m==> [1;39mLinking tweak MatisuAuto (arm64e)…[m
2026-08-31T11:22:34.6522450Z [0;34m==> [1;39mGenerating debug symbols for MatisuAuto…[m
2026-08-31T11:22:34.6522800Z [0;34m==> [1;39mStripping MatisuAuto (arm64e)…[m
2026-08-31T11:22:34.6579540Z [0;34m==> [1;39mMerging tweak MatisuAuto…[m
2026-08-31T11:22:34.6882510Z [0;34m==> [1;39mSigning MatisuAuto…[m
2026-08-31T11:22:34.8104040Z [1;31m> [1;3;39mMaking stage for tweak MatisuAuto…[m
2026-08-31T11:22:35.7537490Z dm.pl: building package `com.matisu.auto.tweak:iphoneos-arm64' in `./packages/com.matisu.auto.tweak_0.1.0_iphoneos-arm64.deb'
2026-08-31T11:22:35.7981390Z ##[group]Run make clean
2026-08-31T11:22:35.7981680Z [36;1mmake clean[0m
2026-08-31T11:22:35.7981880Z [36;1mmake FINALPACKAGE=1[0m
2026-08-31T11:22:35.7982310Z [36;1mBIN=$(find .theos/obj/MatisuAuto.app -name MatisuAuto -type f 2>/dev/null | head -1)[0m
2026-08-31T11:22:35.7982810Z [36;1m[ -z "$BIN" ] && { echo "!! binary not built"; exit 1; }[0m
2026-08-31T11:22:35.7983160Z [36;1mrm -rf /tmp/tipa[0m
2026-08-31T11:22:35.7983410Z [36;1mmkdir -p /tmp/tipa/Payload/MatisuAuto.app[0m
2026-08-31T11:22:35.7983740Z [36;1mcp "$BIN" /tmp/tipa/Payload/MatisuAuto.app/MatisuAuto[0m
2026-08-31T11:22:35.7984130Z [36;1mcp Info.plist Entitlements.plist /tmp/tipa/Payload/MatisuAuto.app/[0m
2026-08-31T11:22:35.7984560Z [36;1mLDID="$THEOS/bin/ldid"; [ -x "$LDID" ] || LDID=$(command -v ldid || true)[0m
2026-08-31T11:22:35.7984890Z [36;1mif [ -n "$LDID" ]; then[0m
2026-08-31T11:22:35.7985320Z [36;1m  "$LDID" -SEntitlements.plist /tmp/tipa/Payload/MatisuAuto.app/MatisuAuto && echo "signed with ldid"[0m
2026-08-31T11:22:35.7985760Z [36;1melse[0m
2026-08-31T11:22:35.7986000Z [36;1m  echo "!! ldid not found; TrollStore will re-sign on install"[0m
2026-08-31T11:22:35.7986290Z [36;1mfi[0m
2026-08-31T11:22:35.7986470Z [36;1mecho "== tipa app contents =="[0m
2026-08-31T11:22:35.7986720Z [36;1mls -la /tmp/tipa/Payload/MatisuAuto.app[0m
2026-08-31T11:22:35.7987060Z [36;1mcd /tmp/tipa && zip -r "$GITHUB_WORKSPACE/matisu-auto.tipa" Payload[0m
2026-08-31T11:22:35.7987810Z [36;1mecho "tipa size: $(wc -c < $GITHUB_WORKSPACE/matisu-auto.tipa) bytes"[0m
2026-08-31T11:22:35.8019770Z shell: /bin/bash -e {0}
2026-08-31T11:22:35.8019960Z env:
2026-08-31T11:22:35.8020190Z   THEOS: /Users/runner/work/matisu-replica/matisu-replica/theos
2026-08-31T11:22:35.8020470Z ##[endgroup]
2026-08-31T11:22:36.2465270Z [0;36m==> [1;39mCleaning…[m
2026-08-31T11:22:36.9626120Z [1;31m> [1;3;39mMaking all for application MatisuAuto…[m
2026-08-31T11:22:39.3623840Z [0;32m==> [1;39mCompiling main.mm (arm64)…[m
2026-08-31T11:22:39.4342790Z [0;32m==> [1;39mCompiling AppDelegate.mm (arm64e)…[m
2026-08-31T11:22:39.4406530Z [0;32m==> [1;39mCompiling AppDelegate.mm (arm64)…[m
2026-08-31T11:22:39.5290670Z [0;32m==> [1;39mCompiling TouchInject.mm (arm64e)…[m
2026-08-31T11:22:39.5297190Z [0;32m==> [1;39mCompiling TouchInject.mm (arm64)…[m
2026-08-31T11:22:39.5538190Z [0;32m==> [1;39mCompiling main.mm (arm64e)…[m
2026-08-31T11:22:39.6397870Z [0;32m==> [1;39mCompiling ControlServer.mm (arm64)…[m
2026-08-31T11:22:39.6445420Z [0;32m==> [1;39mCompiling ControlServer.mm (arm64e)…[m
2026-08-31T11:22:40.7103140Z [0;32m==> [1;39mCompiling ScreenShot.m (arm64e)…[m
2026-08-31T11:22:40.7891100Z [0;32m==> [1;39mCompiling ScreenShot.m (arm64)…[m
2026-08-31T11:22:40.8271500Z [0;32m==> [1;39mCompiling DeviceInfo.m (arm64e)…[m
2026-08-31T11:22:40.8348780Z [0;32m==> [1;39mCompiling AXNodeDump.m (arm64e)…[m
2026-08-31T11:22:40.9101130Z [0;32m==> [1;39mCompiling AXNodeDump.m (arm64)…[m
2026-08-31T11:22:40.9288990Z [0;32m==> [1;39mCompiling LuaEngine.mm (arm64e)…[m
2026-08-31T11:22:41.0153400Z [0;32m==> [1;39mCompiling DeviceInfo.m (arm64)…[m
2026-08-31T11:22:41.1045650Z [0;32m==> [1;39mCompiling sthid/STHIDEventGenerator.mm (arm64e)…[m
2026-08-31T11:22:41.1864910Z [0;32m==> [1;39mCompiling lua/lapi.c (arm64e)…[m
2026-08-31T11:22:41.2120990Z [0;32m==> [1;39mCompiling lua/lauxlib.c (arm64e)…[m
2026-08-31T11:22:41.2583640Z [0;32m==> [1;39mCompiling lua/lbaselib.c (arm64e)…[m
2026-08-31T11:22:41.2738410Z [0;32m==> [1;39mCompiling sthid/STHIDEventGenerator.mm (arm64)…[m
2026-08-31T11:22:41.3068860Z [0;32m==> [1;39mCompiling lua/lcorolib.c (arm64e)…[m
2026-08-31T11:22:41.3419460Z [0;32m==> [1;39mCompiling lua/lctype.c (arm64e)…[m
2026-08-31T11:22:41.3621000Z [0;32m==> [1;39mCompiling LuaEngine.mm (arm64)…[m
2026-08-31T11:22:41.3807590Z [0;32m==> [1;39mCompiling lua/lcode.c (arm64e)…[m
2026-08-31T11:22:41.4153300Z [0;32m==> [1;39mCompiling lua/ldblib.c (arm64e)…[m
2026-08-31T11:22:41.5006280Z [0;32m==> [1;39mCompiling lua/ldebug.c (arm64e)…[m
2026-08-31T11:22:41.5664090Z [0;32m==> [1;39mCompiling lua/ldo.c (arm64e)…[m
2026-08-31T11:22:41.6203850Z [0;32m==> [1;39mCompiling lua/ldump.c (arm64e)…[m
2026-08-31T11:22:41.6837040Z [0;32m==> [1;39mCompiling lua/lfunc.c (arm64e)…[m
2026-08-31T11:22:41.7050710Z [0;32m==> [1;39mCompiling lua/lapi.c (arm64)…[m
2026-08-31T11:22:41.7310880Z [0;32m==> [1;39mCompiling lua/linit.c (arm64e)…[m
2026-08-31T11:22:41.8877750Z [0;32m==> [1;39mCompiling lua/liolib.c (arm64e)…[m
2026-08-31T11:22:41.8896470Z [0;32m==> [1;39mCompiling lua/lauxlib.c (arm64)…[m
2026-08-31T11:22:41.9261470Z [0;32m==> [1;39mCompiling lua/lgc.c (arm64e)…[m
2026-08-31T11:22:42.0131780Z [0;32m==> [1;39mCompiling lua/lbaselib.c (arm64)…[m
2026-08-31T11:22:42.0300740Z [0;32m==> [1;39mCompiling lua/lmathlib.c (arm64e)…[m
2026-08-31T11:22:42.0460090Z [0;32m==> [1;39mCompiling lua/llex.c (arm64e)…[m
2026-08-31T11:22:42.1176930Z [0;32m==> [1;39mCompiling lua/lmem.c (arm64e)…[m
2026-08-31T11:22:42.1734570Z [0;32m==> [1;39mCompiling lua/loadlib.c (arm64e)…[m
2026-08-31T11:22:42.2544520Z [0;32m==> [1;39mCompiling lua/lcode.c (arm64)…[m
2026-08-31T11:22:42.2565050Z [0;32m==> [1;39mCompiling lua/lobject.c (arm64e)…[m
2026-08-31T11:22:42.2590780Z [0;32m==> [1;39mCompiling lua/lopcodes.c (arm64e)…[m
2026-08-31T11:22:42.3218740Z [0;32m==> [1;39mCompiling lua/lcorolib.c (arm64)…[m
2026-08-31T11:22:42.3340870Z [1mlua/loslib.c:146:10: [0m[0;1;31merror: [0m[1m'system' is unavailable: not available on iOS[0m
2026-08-31T11:22:42.3341370Z [0;32m==> [1;39mCompiling lua/loslib.c (arm64e)…[m
2026-08-31T11:22:42.3346160Z   146 |   stat = l_system(cmd);[0m
2026-08-31T11:22:42.3379820Z       | [0;1;32m         ^
2026-08-31T11:22:42.3384050Z [0m[1mlua/loslib.c:137:23: [0m[0;1;36mnote: [0mexpanded from macro 'l_system'[0m
2026-08-31T11:22:42.3415260Z   137 | #define l_system(cmd)   system(cmd)  /* default definition */[0m
2026-08-31T11:22:42.3420470Z       | [0;1;32m                        ^
2026-08-31T11:22:42.3439980Z [0m[1m/Applications/Xcode_26.6.app/Contents/Developer/Platforms/iPhoneOS.platform/Developer/SDKs/iPhoneOS26.5.sdk/usr/include/_stdlib.h:208:6: [0m[0;1;36mnote: [0m'system' has been explicitly marked unavailable here[0m
2026-08-31T11:22:42.3445950Z   208 | int      system(const char *) __DARWIN_ALIAS_C(system);[0m
2026-08-31T11:22:42.3450600Z       | [0;1;32m         ^
2026-08-31T11:22:42.3520630Z [0m[1mlua/loslib.c:174:3: [0m[0;1;31merror: [0m[1m'tmpnam' is deprecated: This function is provided for compatibility reasons only.  Due to security concerns inherent in the design of tmpnam(3), it is highly recommended that you use mkstemp(3) instead. [-Werror,-Wdeprecated-declarations][0m
2026-08-31T11:22:42.3625050Z   174 |   lua_tmpnam(buff, err);[0m
2026-08-31T11:22:42.3625430Z [0;32m==> [1;39mCompiling lua/lctype.c (arm64)…[m
2026-08-31T11:22:42.3649570Z       | [0;1;32m  ^
2026-08-31T11:22:42.3655440Z [0m[1mlua/loslib.c:124:33: [0m[0;1;36mnote: [0mexpanded from macro 'lua_tmpnam'[0m
2026-08-31T11:22:42.3675960Z   124 | #define lua_tmpnam(b,e)         { e = (tmpnam(b) == NULL); }[0m
2026-08-31T11:22:42.3695590Z       | [0;1;32m                                       ^
2026-08-31T11:22:42.3701490Z [0m[1m/Applications/Xcode_26.6.app/Contents/Developer/Platforms/iPhoneOS.platform/Developer/SDKs/iPhoneOS26.5.sdk/usr/include/_stdio.h:287:1: [0m[0;1;36mnote: [0m'tmpnam' has been explicitly marked deprecated here[0m
2026-08-31T11:22:42.3706860Z   287 | __deprecated_msg("This function is provided for compatibility reasons only.  Due to security concerns inherent in the design of tmpnam(3), it is highly recommended that you use mkstemp(3) instead.")[0m
2026-08-31T11:22:42.3773070Z       | [0;1;32m^
2026-08-31T11:22:42.3875220Z [0m[1m/Applications/Xcode_26.6.app/Contents/Developer/Platforms/iPhoneOS.platform/Developer/SDKs/iPhoneOS26.5.sdk/usr/include/sys/cdefs.h:227:48: [0m[0;1;36mnote: [0mexpanded from macro '__deprecated_msg'[0m
2026-08-31T11:22:42.3977130Z   227 |         #define __deprecated_msg(_msg) __attribute__((__deprecated__(_msg)))[0m
2026-08-31T11:22:42.3977620Z       | [0;1;32m                                                      ^
2026-08-31T11:22:42.4025780Z [0;32m==> [1;39mCompiling lua/ldblib.c (arm64)…[m
2026-08-31T11:22:42.4026510Z [0m2 errors generated.
2026-08-31T11:22:42.4051340Z make[3]: *** [/Users/runner/work/matisu-replica/matisu-replica/theos/makefiles/instance/rules.mk:321: /Users/runner/work/matisu-replica/matisu-replica/ios/app/.theos/obj/arm64e/lua/loslib.c.3510d680.o] Error 1
2026-08-31T11:22:42.4056040Z make[3]: *** Waiting for unfinished jobs....
2026-08-31T11:22:42.4751350Z make[2]: *** [/Users/runner/work/matisu-replica/matisu-replica/theos/makefiles/instance/application.mk:50: /Users/runner/work/matisu-replica/matisu-replica/ios/app/.theos/obj/arm64e/MatisuAuto.app/MatisuAuto] Error 2
2026-08-31T11:22:42.4752310Z [0;32m==> [1;39mCompiling lua/ldebug.c (arm64)…[m
2026-08-31T11:22:42.4752660Z make[2]: *** Waiting for unfinished jobs....
2026-08-31T11:22:42.4753060Z [0;32m==> [1;39mCompiling lua/lparser.c (arm64e)…[m
2026-08-31T11:22:42.5149620Z [0;32m==> [1;39mCompiling lua/ldo.c (arm64)…[m
2026-08-31T11:22:42.5390630Z [0;32m==> [1;39mCompiling lua/lfunc.c (arm64)…[m
2026-08-31T11:22:42.5429470Z [0;32m==> [1;39mCompiling lua/ldump.c (arm64)…[m
2026-08-31T11:22:42.5771200Z [0;32m==> [1;39mCompiling lua/linit.c (arm64)…[m
2026-08-31T11:22:42.6271330Z [0;32m==> [1;39mCompiling lua/liolib.c (arm64)…[m
2026-08-31T11:22:42.6736340Z [0;32m==> [1;39mCompiling lua/llex.c (arm64)…[m
2026-08-31T11:22:42.6761000Z [0;32m==> [1;39mCompiling lua/lgc.c (arm64)…[m
2026-08-31T11:22:42.6949430Z [0;32m==> [1;39mCompiling lua/lmathlib.c (arm64)…[m
2026-08-31T11:22:42.7204470Z [0;32m==> [1;39mCompiling lua/lmem.c (arm64)…[m
2026-08-31T11:22:42.7401410Z [0;32m==> [1;39mCompiling lua/loadlib.c (arm64)…[m
2026-08-31T11:22:42.7560660Z [0;32m==> [1;39mCompiling lua/lopcodes.c (arm64)…[m
2026-08-31T11:22:42.7743040Z [0;32m==> [1;39mCompiling lua/lobject.c (arm64)…[m
2026-08-31T11:22:42.7806440Z [1mlua/loslib.c:146:10: [0m[0;1;31merror: [0m[1m'system' is unavailable: not available on iOS[0m
2026-08-31T11:22:42.7806930Z [0;32m==> [1;39mCompiling lua/loslib.c (arm64)…[m
2026-08-31T11:22:42.7807540Z   146 |   stat = l_system(cmd);[0m
2026-08-31T11:22:42.7807900Z       | [0;1;32m         ^
2026-08-31T11:22:42.7808380Z [0m[1mlua/loslib.c:137:23: [0m[0;1;36mnote: [0mexpanded from macro 'l_system'[0m
2026-08-31T11:22:42.7808930Z   137 | #define l_system(cmd)   system(cmd)  /* default definition */[0m
2026-08-31T11:22:42.7809380Z       | [0;1;32m                        ^
2026-08-31T11:22:42.7810310Z [0m[1m/Applications/Xcode_26.6.app/Contents/Developer/Platforms/iPhoneOS.platform/Developer/SDKs/iPhoneOS26.5.sdk/usr/include/_stdlib.h:208:6: [0m[0;1;36mnote: [0m'system' has been explicitly marked unavailable here[0m
2026-08-31T11:22:42.7811210Z   208 | int      system(const char *) __DARWIN_ALIAS_C(system);[0m
2026-08-31T11:22:42.7811620Z       | [0;1;32m         ^
2026-08-31T11:22:42.7812670Z [0m[1mlua/loslib.c:174:3: [0m[0;1;31merror: [0m[1m'tmpnam' is deprecated: This function is provided for compatibility reasons only.  Due to security concerns inherent in the design of tmpnam(3), it is highly recommended that you use mkstemp(3) instead. [-Werror,-Wdeprecated-declarations][0m
2026-08-31T11:22:42.7813690Z   174 |   lua_tmpnam(buff, err);[0m
2026-08-31T11:22:42.7814020Z       | [0;1;32m  ^
2026-08-31T11:22:42.7814660Z [0m[1mlua/loslib.c:124:33: [0m[0;1;36mnote: [0mexpanded from macro 'lua_tmpnam'[0m
2026-08-31T11:22:42.7815330Z   124 | #define lua_tmpnam(b,e)         { e = (tmpnam(b) == NULL); }[0m
2026-08-31T11:22:42.7816030Z       | [0;1;32m                                       ^
2026-08-31T11:22:42.7817590Z [0m[1m/Applications/Xcode_26.6.app/Contents/Developer/Platforms/iPhoneOS.platform/Developer/SDKs/iPhoneOS26.5.sdk/usr/include/_stdio.h:287:1: [0m[0;1;36mnote: [0m'tmpnam' has been explicitly marked deprecated here[0m
2026-08-31T11:22:42.7819020Z   287 | __deprecated_msg("This function is provided for compatibility reasons only.  Due to security concerns inherent in the design of tmpnam(3), it is highly recommended that you use mkstemp(3) instead.")[0m
2026-08-31T11:22:42.7828680Z       | [0;1;32m^
2026-08-31T11:22:42.7829520Z [0m[1m/Applications/Xcode_26.6.app/Contents/Developer/Platforms/iPhoneOS.platform/Developer/SDKs/iPhoneOS26.5.sdk/usr/include/sys/cdefs.h:227:48: [0m[0;1;36mnote: [0mexpanded from macro '__deprecated_msg'[0m
2026-08-31T11:22:42.7830360Z   227 |         #define __deprecated_msg(_msg) __attribute__((__deprecated__(_msg)))[0m
2026-08-31T11:22:42.7830780Z       | [0;1;32m                                                      ^
2026-08-31T11:22:42.7831060Z [0m2 errors generated.
2026-08-31T11:22:42.7831710Z make[3]: *** [/Users/runner/work/matisu-replica/matisu-replica/theos/makefiles/instance/rules.mk:321: /Users/runner/work/matisu-replica/matisu-replica/ios/app/.theos/obj/arm64/lua/loslib.c.bcd70028.o] Error 1
2026-08-31T11:22:42.7832420Z make[3]: *** Waiting for unfinished jobs....
2026-08-31T11:22:42.8418000Z [0;32m==> [1;39mCompiling lua/lstate.c (arm64)…[m
2026-08-31T11:22:42.9398000Z [0;32m==> [1;39mCompiling lua/lparser.c (arm64)…[m
2026-08-31T11:22:42.9400410Z make[2]: *** [/Users/runner/work/matisu-replica/matisu-replica/theos/makefiles/instance/application.mk:50: /Users/runner/work/matisu-replica/matisu-replica/ios/app/.theos/obj/arm64/MatisuAuto.app/MatisuAuto] Error 2
2026-08-31T11:22:42.9402440Z make[1]: *** [/Users/runner/work/matisu-replica/matisu-replica/theos/makefiles/instance/application.mk:41: internal-application-all_] Error 2
2026-08-31T11:22:42.9407710Z make: *** [/Users/runner/work/matisu-replica/matisu-replica/theos/makefiles/master/rules.mk:146: MatisuAuto.all.application.variables] Error 2
2026-08-31T11:22:42.9416360Z ##[error]Process completed with exit code 2.
2026-08-31T11:22:42.9545530Z Post job cleanup.
2026-08-31T11:22:42.9548740Z ##[start-action display=Theos Cache;id=__a9de18dd-3c88-4b92-b8f5-9abece231eef.theos-cache]
2026-08-31T11:22:42.9550260Z ##[end-action id=__a9de18dd-3c88-4b92-b8f5-9abece231eef.theos-cache;outcome=skipped;conclusion=skipped;duration_ms=0]
2026-08-31T11:22:42.9613040Z Node 20 is being deprecated. This workflow is running with Node 24 by default. If you need to temporarily use Node 20, you can set the ACTIONS_ALLOW_USE_UNSECURE_NODE_VERSION=true environment variable. For more information see: https://github.blog/changelog/2025-09-19-deprecation-of-node-20-on-github-actions-runners/
2026-08-31T11:22:42.9614210Z Post job cleanup.
2026-08-31T11:22:43.0562620Z [command]/opt/homebrew/bin/git version
2026-08-31T11:22:43.0629160Z git version 2.55.0
2026-08-31T11:22:43.0646570Z Copying '/Users/runner/.gitconfig' to '/Users/runner/work/_temp/7304dc21-7712-4ebf-a33f-0b78904a2c06/.gitconfig'
2026-08-31T11:22:43.0652270Z Temporarily overriding HOME='/Users/runner/work/_temp/7304dc21-7712-4ebf-a33f-0b78904a2c06' before making global git config changes
2026-08-31T11:22:43.0653110Z Adding repository directory to the temporary git global config as a safe directory
2026-08-31T11:22:43.0656020Z [command]/opt/homebrew/bin/git config --global --add safe.directory /Users/runner/work/matisu-replica/matisu-replica
2026-08-31T11:22:43.0721130Z [command]/opt/homebrew/bin/git config --local --name-only --get-regexp core\.sshCommand
2026-08-31T11:22:43.0775900Z [command]/opt/homebrew/bin/git submodule foreach --recursive sh -c "git config --local --name-only --get-regexp 'core\.sshCommand' && git config --local --unset-all 'core.sshCommand' || :"
2026-08-31T11:22:43.1440300Z [command]/opt/homebrew/bin/git config --local --name-only --get-regexp http\.https\:\/\/github\.com\/\.extraheader
2026-08-31T11:22:43.1486420Z http.https://github.com/.extraheader
2026-08-31T11:22:43.1492270Z [command]/opt/homebrew/bin/git config --local --unset-all http.https://github.com/.extraheader
2026-08-31T11:22:43.1547490Z [command]/opt/homebrew/bin/git submodule foreach --recursive sh -c "git config --local --name-only --get-regexp 'http\.https\:\/\/github\.com\/\.extraheader' && git config --local --unset-all 'http.https://github.com/.extraheader' || :"
2026-08-31T11:22:43.2191950Z [command]/opt/homebrew/bin/git config --local --name-only --get-regexp ^includeIf\.gitdir:
2026-08-31T11:22:43.2243530Z [command]/opt/homebrew/bin/git submodule foreach --recursive git config --local --show-origin --name-only --get-regexp remote.origin.url
2026-08-31T11:22:43.3049900Z Cleaning up orphan processes
2026-08-31T11:22:44.0367050Z ##[warning]Node.js 20 is deprecated. The following actions target Node.js 20 but are being forced to run on Node.js 24: actions/cache@v4, actions/checkout@v4. For more information see: https://github.blog/changelog/2025-09-19-deprecation-of-node-20-on-github-actions-runners/
