2026-08-31T03:32:49.2066570Z Current runner version: '2.336.0'
2026-08-31T03:32:49.2101050Z ##[group]Runner Image Provisioner
2026-08-31T03:32:49.2102550Z Hosted Compute Agent
2026-08-31T03:32:49.2103540Z Version: 20260707.563
2026-08-31T03:32:49.2104610Z Commit: 02667638d2b423fbc733a8e32a88b44996a3ba6e
2026-08-31T03:32:49.2105840Z Build Date: 2026-07-07T19:33:50Z
2026-08-31T03:32:49.2107020Z Worker ID: {88844fbf-e5f4-4c6a-8c8b-23bac327fbd6}
2026-08-31T03:32:49.2108330Z Azure Region: westus
2026-08-31T03:32:49.2109300Z ##[endgroup]
2026-08-31T03:32:49.2111660Z ##[group]Operating System
2026-08-31T03:32:49.2113360Z macOS
2026-08-31T03:32:49.2113990Z 26.5.2
2026-08-31T03:32:49.2114350Z 25F84
2026-08-31T03:32:49.2114700Z ##[endgroup]
2026-08-31T03:32:49.2115080Z ##[group]Runner Image
2026-08-31T03:32:49.2115490Z Image: macos-26-arm64
2026-08-31T03:32:49.2115900Z Version: 20260728.0273.1
2026-08-31T03:32:49.2116980Z Included Software: https://github.com/actions/runner-images/blob/macos-26-arm64/20260728.0273/images/macos/macos-26-arm64-Readme.md
2026-08-31T03:32:49.2118170Z Image Release: https://github.com/actions/runner-images/releases/tag/macos-26-arm64%2F20260728.0273
2026-08-31T03:32:49.2118970Z ##[endgroup]
2026-08-31T03:32:49.2119900Z ##[group]GITHUB_TOKEN Permissions
2026-08-31T03:32:49.2121770Z Contents: read
2026-08-31T03:32:49.2122150Z Metadata: read
2026-08-31T03:32:49.2122520Z Packages: read
2026-08-31T03:32:49.2122960Z ##[endgroup]
2026-08-31T03:32:49.2124700Z Secret source: Actions
2026-08-31T03:32:49.2125380Z Prepare workflow directory
2026-08-31T03:32:49.2418920Z Prepare all required actions
2026-08-31T03:32:49.2499660Z Getting action download info
2026-08-31T03:32:49.5448340Z Download action repository 'actions/checkout@v4' (SHA:11d5960a326750d5838078e36cf38b85af677262)
2026-08-31T03:32:49.8703290Z Download action repository 'waruhachi/theos-action@v2.4.6' (SHA:9c45aeddc8a587a7b9d4a17d107e6a68b9bc910e)
2026-08-31T03:32:50.2245780Z Download action repository 'actions/upload-artifact@v4' (SHA:ea165f8d65b6e75b540449e92b4886f43607fa02)
2026-08-31T03:32:50.4657880Z Getting action download info
2026-08-31T03:32:50.5840640Z Download action repository 'actions/cache@v4' (SHA:0057852bfaa89a56745cba8c7296529d2fc39830)
2026-08-31T03:32:50.7753830Z Complete job name: build
2026-08-31T03:32:50.8301990Z Node 20 is being deprecated. This workflow is running with Node 24 by default. If you need to temporarily use Node 20, you can set the ACTIONS_ALLOW_USE_UNSECURE_NODE_VERSION=true environment variable. For more information see: https://github.blog/changelog/2025-09-19-deprecation-of-node-20-on-github-actions-runners/
2026-08-31T03:32:50.8308530Z ##[group]Run actions/checkout@v4
2026-08-31T03:32:50.8309170Z with:
2026-08-31T03:32:50.8309500Z   repository: sky5566jf/matisu-replica
2026-08-31T03:32:50.8312310Z   token: ***
2026-08-31T03:32:50.8312600Z   ssh-strict: true
2026-08-31T03:32:50.8312920Z   ssh-user: git
2026-08-31T03:32:50.8313230Z   persist-credentials: true
2026-08-31T03:32:50.8313580Z   clean: true
2026-08-31T03:32:50.8313900Z   sparse-checkout-cone-mode: true
2026-08-31T03:32:50.8314290Z   fetch-depth: 1
2026-08-31T03:32:50.8314590Z   fetch-tags: false
2026-08-31T03:32:50.8314910Z   show-progress: true
2026-08-31T03:32:50.8315230Z   lfs: false
2026-08-31T03:32:50.8315550Z   submodules: false
2026-08-31T03:32:50.8315870Z   set-safe-directory: true
2026-08-31T03:32:50.8316240Z   allow-unsafe-pr-checkout: false
2026-08-31T03:32:50.8317210Z ##[endgroup]
2026-08-31T03:32:51.2844790Z Syncing repository: sky5566jf/matisu-replica
2026-08-31T03:32:51.2846490Z ##[group]Getting Git version info
2026-08-31T03:32:51.2847110Z Working directory is '/Users/runner/work/matisu-replica/matisu-replica'
2026-08-31T03:32:51.2848000Z [command]/opt/homebrew/bin/git version
2026-08-31T03:32:51.3241240Z git version 2.55.0
2026-08-31T03:32:51.3258280Z ##[endgroup]
2026-08-31T03:32:51.3264080Z Copying '/Users/runner/.gitconfig' to '/Users/runner/work/_temp/e8fb3032-12bc-4a9b-96f1-059f198e7e91/.gitconfig'
2026-08-31T03:32:51.3265370Z Temporarily overriding HOME='/Users/runner/work/_temp/e8fb3032-12bc-4a9b-96f1-059f198e7e91' before making global git config changes
2026-08-31T03:32:51.3267220Z Adding repository directory to the temporary git global config as a safe directory
2026-08-31T03:32:51.3269690Z [command]/opt/homebrew/bin/git config --global --add safe.directory /Users/runner/work/matisu-replica/matisu-replica
2026-08-31T03:32:51.3399180Z Deleting the contents of '/Users/runner/work/matisu-replica/matisu-replica'
2026-08-31T03:32:51.3402150Z ##[group]Initializing the repository
2026-08-31T03:32:51.3404870Z [command]/opt/homebrew/bin/git init /Users/runner/work/matisu-replica/matisu-replica
2026-08-31T03:32:51.4018390Z hint: Using 'master' as the name for the initial branch. This default branch name
2026-08-31T03:32:51.4023660Z hint: will change to "main" in Git 3.0. To configure the initial branch name
2026-08-31T03:32:51.4032910Z hint: to use in all of your new repositories, which will suppress this warning,
2026-08-31T03:32:51.4034440Z hint: call:
2026-08-31T03:32:51.4035020Z hint:
2026-08-31T03:32:51.4035700Z hint: 	git config --global init.defaultBranch <name>
2026-08-31T03:32:51.4036330Z hint:
2026-08-31T03:32:51.4037020Z hint: Names commonly chosen instead of 'master' are 'main', 'trunk' and
2026-08-31T03:32:51.4037960Z hint: 'development'. The just-created branch can be renamed via this command:
2026-08-31T03:32:51.4039080Z hint:
2026-08-31T03:32:51.4039580Z hint: 	git branch -m <name>
2026-08-31T03:32:51.4040150Z hint:
2026-08-31T03:32:51.4040790Z hint: Disable this message with "git config set advice.defaultBranchName false"
2026-08-31T03:32:51.4042090Z Initialized empty Git repository in /Users/runner/work/matisu-replica/matisu-replica/.git/
2026-08-31T03:32:51.4048190Z [command]/opt/homebrew/bin/git remote add origin https://github.com/sky5566jf/matisu-replica
2026-08-31T03:32:51.4050210Z ##[endgroup]
2026-08-31T03:32:51.4051010Z ##[group]Disabling automatic garbage collection
2026-08-31T03:32:51.4051780Z [command]/opt/homebrew/bin/git config --local gc.auto 0
2026-08-31T03:32:51.4118630Z ##[endgroup]
2026-08-31T03:32:51.4123990Z ##[group]Setting up auth
2026-08-31T03:32:51.4128790Z [command]/opt/homebrew/bin/git config --local --name-only --get-regexp core\.sshCommand
2026-08-31T03:32:51.4211500Z [command]/opt/homebrew/bin/git submodule foreach --recursive sh -c "git config --local --name-only --get-regexp 'core\.sshCommand' && git config --local --unset-all 'core.sshCommand' || :"
2026-08-31T03:32:51.6547850Z [command]/opt/homebrew/bin/git config --local --name-only --get-regexp http\.https\:\/\/github\.com\/\.extraheader
2026-08-31T03:32:51.6692070Z [command]/opt/homebrew/bin/git submodule foreach --recursive sh -c "git config --local --name-only --get-regexp 'http\.https\:\/\/github\.com\/\.extraheader' && git config --local --unset-all 'http.https://github.com/.extraheader' || :"
2026-08-31T03:32:51.7666990Z [command]/opt/homebrew/bin/git config --local --name-only --get-regexp ^includeIf\.gitdir:
2026-08-31T03:32:51.8063980Z [command]/opt/homebrew/bin/git submodule foreach --recursive git config --local --show-origin --name-only --get-regexp remote.origin.url
2026-08-31T03:32:51.9699220Z [command]/opt/homebrew/bin/git config --local http.https://github.com/.extraheader AUTHORIZATION: basic ***
2026-08-31T03:32:51.9910060Z ##[endgroup]
2026-08-31T03:32:51.9911350Z ##[group]Fetching the repository
2026-08-31T03:32:51.9914760Z [command]/opt/homebrew/bin/git -c protocol.version=2 fetch --no-tags --prune --no-recurse-submodules --depth=1 origin +2bdb35afb11aeda6f5dc5a8162fcd15a88f1ded6:refs/remotes/origin/main
2026-08-31T03:32:52.5185650Z From https://github.com/sky5566jf/matisu-replica
2026-08-31T03:32:52.5187690Z  * [new ref]         2bdb35afb11aeda6f5dc5a8162fcd15a88f1ded6 -> origin/main
2026-08-31T03:32:52.5193190Z ##[endgroup]
2026-08-31T03:32:52.5195400Z ##[group]Determining the checkout info
2026-08-31T03:32:52.5197820Z ##[endgroup]
2026-08-31T03:32:52.5199640Z [command]/opt/homebrew/bin/git sparse-checkout disable
2026-08-31T03:32:52.5383490Z [command]/opt/homebrew/bin/git config --local --unset-all extensions.worktreeConfig
2026-08-31T03:32:52.5451970Z ##[group]Checking out the ref
2026-08-31T03:32:52.5454930Z [command]/opt/homebrew/bin/git checkout --progress --force -B main refs/remotes/origin/main
2026-08-31T03:32:52.5790270Z Switched to a new branch 'main'
2026-08-31T03:32:52.5809580Z branch 'main' set up to track 'origin/main'.
2026-08-31T03:32:52.6015740Z ##[endgroup]
2026-08-31T03:32:52.6018610Z [command]/opt/homebrew/bin/git log -1 --format=%H
2026-08-31T03:32:52.6019830Z 2bdb35afb11aeda6f5dc5a8162fcd15a88f1ded6
2026-08-31T03:32:52.6693340Z ##[group]Run waruhachi/theos-action@v2.4.6
2026-08-31T03:32:52.6694540Z with:
2026-08-31T03:32:52.6695300Z   theos-src: theos/theos
2026-08-31T03:32:52.6696140Z   theos-branch: master
2026-08-31T03:32:52.6697170Z   sdks-src: theos/sdks
2026-08-31T03:32:52.6697930Z   sdks-branch: master
2026-08-31T03:32:52.6698680Z   libgcuniversal: false
2026-08-31T03:32:52.6699690Z   libgcuniversal-src: MrGcGamer/LibGcUniversalDocumentation
2026-08-31T03:32:52.6700770Z   libgcuniversal-branch: master
2026-08-31T03:32:52.6701590Z   altlist: false
2026-08-31T03:32:52.6702250Z   altlist-src: opa334/AltList
2026-08-31T03:32:52.6704530Z   altlist-branch: main
2026-08-31T03:32:52.6705480Z ##[endgroup]
2026-08-31T03:32:52.6801760Z ##[start-action display=Adding Theos Environment Variables;id=__waruhachi_theos-action.__run]
2026-08-31T03:32:52.6878910Z ##[group]Run echo "THEOS=/Users/runner/work/matisu-replica/matisu-replica/theos" >> $GITHUB_ENV
2026-08-31T03:32:52.6883570Z [36;1mecho "THEOS=/Users/runner/work/matisu-replica/matisu-replica/theos" >> $GITHUB_ENV[0m
2026-08-31T03:32:52.7001750Z shell: /bin/bash --noprofile --norc -e -o pipefail {0}
2026-08-31T03:32:52.7002710Z ##[endgroup]
2026-08-31T03:32:52.7412220Z ##[end-action id=__waruhachi_theos-action.__run;outcome=success;conclusion=success;duration_ms=60]
2026-08-31T03:32:52.7422450Z ##[start-action display=Generate Cache Key;id=__waruhachi_theos-action.cache-key]
2026-08-31T03:32:52.7508710Z ##[group]Run set -euo pipefail
2026-08-31T03:32:52.7510380Z [36;1mset -euo pipefail[0m
2026-08-31T03:32:52.7511080Z [36;1m[0m
2026-08-31T03:32:52.7512140Z [36;1mtheos_sha=$(gh api -H 'Accept: application/vnd.github.sha' /repos/theos/theos/commits/master)[0m
2026-08-31T03:32:52.7513870Z [36;1msdks_sha=$(gh api -H 'Accept: application/vnd.github.sha' /repos/theos/sdks/commits/master)[0m
2026-08-31T03:32:52.7515090Z [36;1m[0m
2026-08-31T03:32:52.7515710Z [36;1mif [[ "false" == 'true' ]]; then[0m
2026-08-31T03:32:52.7517720Z [36;1m  libgc_sha=$(gh api -H 'Accept: application/vnd.github.sha' /repos/MrGcGamer/LibGcUniversalDocumentation/commits/master)[0m
2026-08-31T03:32:52.7521590Z [36;1melse[0m
2026-08-31T03:32:52.7523070Z [36;1m  libgc_sha="none"[0m
2026-08-31T03:32:52.7556430Z [36;1mfi[0m
2026-08-31T03:32:52.7557920Z [36;1m[0m
2026-08-31T03:32:52.7559400Z [36;1mif [[ "false" == 'true' ]]; then[0m
2026-08-31T03:32:52.7562530Z [36;1m  altlist_sha=$(gh api -H 'Accept: application/vnd.github.sha' /repos/opa334/AltList/commits/main)[0m
2026-08-31T03:32:52.7569250Z [36;1melse[0m
2026-08-31T03:32:52.7569880Z [36;1m  altlist_sha="none"[0m
2026-08-31T03:32:52.7570550Z [36;1mfi[0m
2026-08-31T03:32:52.7571100Z [36;1m[0m
2026-08-31T03:32:52.7573170Z [36;1mecho "key=theos/theos-master-$theos_sha|theos/sdks-master-$sdks_sha|MrGcGamer/LibGcUniversalDocumentation-master-$libgc_sha|opa334/AltList-main-$altlist_sha" >> $GITHUB_OUTPUT[0m
2026-08-31T03:32:52.7652820Z shell: /bin/bash --noprofile --norc -e -o pipefail {0}
2026-08-31T03:32:52.7653730Z env:
2026-08-31T03:32:52.7654570Z   THEOS: /Users/runner/work/matisu-replica/matisu-replica/theos
2026-08-31T03:32:52.7661070Z   GH_TOKEN: ***
2026-08-31T03:32:52.7661650Z ##[endgroup]
2026-08-31T03:32:53.7681990Z ##[end-action id=__waruhachi_theos-action.cache-key;outcome=success;conclusion=success;duration_ms=1025]
2026-08-31T03:32:53.7685830Z ##[start-action display=Install dependencies;id=__waruhachi_theos-action.__run_2]
2026-08-31T03:32:53.7710600Z ##[group]Run set -euo pipefail
2026-08-31T03:32:53.7710880Z [36;1mset -euo pipefail[0m
2026-08-31T03:32:53.7711060Z [36;1m[0m
2026-08-31T03:32:53.7711240Z [36;1mbrew install make ldid[0m
2026-08-31T03:32:53.7711520Z [36;1mecho "$(brew --prefix make)/libexec/gnubin" >> $GITHUB_PATH[0m
2026-08-31T03:32:53.7743990Z shell: /bin/bash --noprofile --norc -e -o pipefail {0}
2026-08-31T03:32:53.7744270Z env:
2026-08-31T03:32:53.7744520Z   THEOS: /Users/runner/work/matisu-replica/matisu-replica/theos
2026-08-31T03:32:53.7744800Z ##[endgroup]
2026-08-31T03:32:56.5195160Z ##[warning]The following taps are not trusted:
  aws/tap

Homebrew is currently ignoring formulae, casks and commands from these taps because tap trust is required.

Untap them with:
  brew untap aws/tap
Trust specific formulae, casks and commands with:
  brew trust --formula <user>/<tap>/<formula>
  brew trust --cask <user>/<tap>/<cask>
  brew trust --command <user>/<tap>/<command>
Whole-tap trust is broader and includes all current and future formulae,
casks and commands from the listed taps. Trust whole taps with:
  brew trust aws/tap
To disable trust checks:
  export HOMEBREW_NO_REQUIRE_TAP_TRUST=1
This is not recommended and will be removed in a later release.
For more information, see:
  https://docs.brew.sh/Tap-Trust
2026-08-31T03:32:56.9059870Z [34m==>[0m [1mWould install 2 formulae:[0m
2026-08-31T03:32:56.9060960Z make ldid
2026-08-31T03:32:56.9081530Z [34m==>[0m [1mDownloading https://ghcr.io/v2/homebrew/core/make/manifests/4.4.1-1[0m
2026-08-31T03:32:57.1976380Z [34m==>[0m [1mDownloading https://ghcr.io/v2/homebrew/core/ldid/manifests/2.1.5_1-1[0m
2026-08-31T03:32:57.4210020Z [34m==>[0m [1mWould install 1 dependency for ldid:[0m
2026-08-31T03:32:57.4211170Z libplist
2026-08-31T03:32:57.4212280Z [32m==>[0m [1mFetching downloads for: [32mmake[39m and [32mldid[39m[0m
2026-08-31T03:32:57.6796220Z ✔︎ Bottle Manifest libplist (2.7.0)
2026-08-31T03:32:57.7064670Z ✔︎ Bottle ldid (2.1.5_1)
2026-08-31T03:32:57.7339050Z ✔︎ Bottle libplist (2.7.0)
2026-08-31T03:32:57.7805000Z ✔︎ Bottle make (4.4.1)
2026-08-31T03:32:57.7842100Z [34m==>[0m [1mPouring make--4.4.1.arm64_tahoe.bottle.1.tar.gz[0m
2026-08-31T03:32:57.8987000Z [34m==>[0m [1mCaveats[0m
2026-08-31T03:32:57.8988220Z GNU "make" has been installed as "gmake".
2026-08-31T03:32:57.8989060Z If you need to use it as "make", you can add a "gnubin" directory
2026-08-31T03:32:57.8989960Z to your PATH from your bashrc like:
2026-08-31T03:32:57.8990360Z 
2026-08-31T03:32:57.8990780Z     PATH="/opt/homebrew/opt/make/libexec/gnubin:$PATH"
2026-08-31T03:32:57.8991600Z [34m==>[0m [1mSummary[0m
2026-08-31T03:32:57.8996150Z 🍺  /opt/homebrew/Cellar/make/4.4.1: 17 files, 1.3MB
2026-08-31T03:32:57.9093130Z [32m==>[0m [1mInstalling ldid dependency: [32mlibplist[39m[0m
2026-08-31T03:32:57.9136790Z [34m==>[0m [1mPouring libplist--2.7.0.arm64_tahoe.bottle.tar.gz[0m
2026-08-31T03:32:57.9436140Z 🍺  /opt/homebrew/Cellar/libplist/2.7.0: 32 files, 605.5KB
2026-08-31T03:32:57.9437470Z [32m==>[0m [1mInstalling [32mldid[39m[0m
2026-08-31T03:32:57.9438710Z [34m==>[0m [1mPouring ldid--2.1.5_1.arm64_tahoe.bottle.1.tar.gz[0m
2026-08-31T03:32:57.9928100Z 🍺  /opt/homebrew/Cellar/ldid/2.1.5_1: 6 files, 271KB
2026-08-31T03:32:57.9937840Z [32m==>[0m [1mCaveats[0m
2026-08-31T03:32:57.9939960Z [34m==>[0m [1mmake[0m
2026-08-31T03:32:57.9940690Z GNU "make" has been installed as "gmake".
2026-08-31T03:32:57.9941450Z If you need to use it as "make", you can add a "gnubin" directory
2026-08-31T03:32:57.9942310Z to your PATH from your bashrc like:
2026-08-31T03:32:57.9942700Z 
2026-08-31T03:32:57.9943030Z     PATH="/opt/homebrew/opt/make/libexec/gnubin:$PATH"
2026-08-31T03:32:58.0359150Z ##[end-action id=__waruhachi_theos-action.__run_2;outcome=success;conclusion=success;duration_ms=4267]
2026-08-31T03:32:58.0362120Z ##[start-action display=Theos Cache;id=__waruhachi_theos-action.theos-cache]
2026-08-31T03:32:58.0411930Z Node 20 is being deprecated. This workflow is running with Node 24 by default. If you need to temporarily use Node 20, you can set the ACTIONS_ALLOW_USE_UNSECURE_NODE_VERSION=true environment variable. For more information see: https://github.blog/changelog/2025-09-19-deprecation-of-node-20-on-github-actions-runners/
2026-08-31T03:32:58.0416020Z ##[group]Run actions/cache@v4
2026-08-31T03:32:58.0416230Z with:
2026-08-31T03:32:58.0416460Z   path: /Users/runner/work/matisu-replica/matisu-replica/theos
2026-08-31T03:32:58.0417420Z   key: theos/theos-master-5280bd038207e14f8bd76f5417aa2fe641c03228|theos/sdks-master-0222fd5413cf4b9af096f37b4621afa2688572f7|MrGcGamer/LibGcUniversalDocumentation-master-none|opa334/AltList-main-none
2026-08-31T03:32:58.0418160Z   enableCrossOsArchive: false
2026-08-31T03:32:58.0418360Z   fail-on-cache-miss: false
2026-08-31T03:32:58.0418630Z   lookup-only: false
2026-08-31T03:32:58.0418790Z   save-always: false
2026-08-31T03:32:58.0418950Z env:
2026-08-31T03:32:58.0419160Z   THEOS: /Users/runner/work/matisu-replica/matisu-replica/theos
2026-08-31T03:32:58.0419510Z ##[endgroup]
2026-08-31T03:32:58.1765720Z (node:10007) [DEP0040] DeprecationWarning: The `punycode` module is deprecated. Please use a userland alternative instead.
2026-08-31T03:32:58.1767320Z (Use `node --trace-deprecation ...` to show where the warning was created)
2026-08-31T03:32:58.3569820Z Cache hit for: theos/theos-master-5280bd038207e14f8bd76f5417aa2fe641c03228|theos/sdks-master-0222fd5413cf4b9af096f37b4621afa2688572f7|MrGcGamer/LibGcUniversalDocumentation-master-none|opa334/AltList-main-none
2026-08-31T03:32:58.3735810Z (node:10007) [DEP0169] DeprecationWarning: `url.parse()` behavior is not standardized and prone to errors that have security implications. Use the WHATWG URL API instead. CVEs are not issued for `url.parse()` vulnerabilities.
2026-08-31T03:32:59.5199100Z Received 62914560 of 224393996 (28.0%), 59.9 MBs/sec
2026-08-31T03:33:00.5206270Z Received 134217728 of 224393996 (59.8%), 63.9 MBs/sec
2026-08-31T03:33:01.2581210Z Received 224393996 of 224393996 (100.0%), 78.1 MBs/sec
2026-08-31T03:33:01.2598490Z Cache Size: ~214 MB (224393996 B)
2026-08-31T03:33:01.2722780Z [command]/opt/homebrew/bin/gtar -xf /Users/runner/work/_temp/66ae4b8e-a319-46af-88f9-8f66c2fcfcf0/cache.tzst -P -C /Users/runner/work/matisu-replica/matisu-replica --delay-directory-restore --use-compress-program unzstd
2026-08-31T03:33:21.0598510Z Cache restored successfully
2026-08-31T03:33:21.1158590Z Cache restored from key: theos/theos-master-5280bd038207e14f8bd76f5417aa2fe641c03228|theos/sdks-master-0222fd5413cf4b9af096f37b4621afa2688572f7|MrGcGamer/LibGcUniversalDocumentation-master-none|opa334/AltList-main-none
2026-08-31T03:33:21.1372100Z ##[end-action id=__waruhachi_theos-action.theos-cache;outcome=success;conclusion=success;duration_ms=23100]
2026-08-31T03:33:21.1381340Z ##[start-action display=Setup Theos;id=__waruhachi_theos-action.__actions_checkout]
2026-08-31T03:33:21.1417420Z ##[end-action id=__waruhachi_theos-action.__actions_checkout;outcome=skipped;conclusion=skipped;duration_ms=0]
2026-08-31T03:33:21.1421320Z ##[start-action display=Setup SDKs;id=__waruhachi_theos-action.__actions_checkout_2]
2026-08-31T03:33:21.1427970Z ##[end-action id=__waruhachi_theos-action.__actions_checkout_2;outcome=skipped;conclusion=skipped;duration_ms=0]
2026-08-31T03:33:21.1430360Z ##[start-action display=Setup LibGcUniversal;id=__waruhachi_theos-action.__actions_checkout_3]
2026-08-31T03:33:21.1437460Z ##[end-action id=__waruhachi_theos-action.__actions_checkout_3;outcome=skipped;conclusion=skipped;duration_ms=0]
2026-08-31T03:33:21.1440950Z ##[start-action display=Install LibGcUniversal;id=__waruhachi_theos-action.__run_3]
2026-08-31T03:33:21.1446390Z ##[end-action id=__waruhachi_theos-action.__run_3;outcome=skipped;conclusion=skipped;duration_ms=0]
2026-08-31T03:33:21.1448490Z ##[start-action display=Setup AltList;id=__waruhachi_theos-action.__actions_checkout_4]
2026-08-31T03:33:21.1453500Z ##[end-action id=__waruhachi_theos-action.__actions_checkout_4;outcome=skipped;conclusion=skipped;duration_ms=0]
2026-08-31T03:33:21.1467570Z ##[start-action display=Install AltList;id=__waruhachi_theos-action.__run_4]
2026-08-31T03:33:21.1479970Z ##[end-action id=__waruhachi_theos-action.__run_4;outcome=skipped;conclusion=skipped;duration_ms=0]
2026-08-31T03:33:21.1482660Z ##[start-action display=Update Theos;id=__waruhachi_theos-action.__run_5]
2026-08-31T03:33:21.1517250Z ##[group]Run $THEOS/bin/update-theos
2026-08-31T03:33:21.1517670Z [36;1m$THEOS/bin/update-theos[0m
2026-08-31T03:33:21.3178790Z shell: /bin/bash --noprofile --norc -e -o pipefail {0}
2026-08-31T03:33:21.3187650Z env:
2026-08-31T03:33:21.3188610Z   THEOS: /Users/runner/work/matisu-replica/matisu-replica/theos
2026-08-31T03:33:21.3189040Z ##[endgroup]
2026-08-31T03:33:22.5169060Z From https://github.com/theos/theos
2026-08-31T03:33:22.5170630Z  * [new branch]      dhowett/dev/experimental-rebased -> origin/dhowett/dev/experimental-rebased
2026-08-31T03:33:22.5172150Z  * [new branch]      dhowett/dev/instance-target -> origin/dhowett/dev/instance-target
2026-08-31T03:33:22.5173530Z  * [new branch]      dhowett/dev/syntel    -> origin/dhowett/dev/syntel
2026-08-31T03:33:22.5174830Z  * [new branch]      dhowett/dev/testing   -> origin/dhowett/dev/testing
2026-08-31T03:33:22.5175900Z  * [new branch]      kabiroberai/arch-schemas -> origin/kabiroberai/arch-schemas
2026-08-31T03:33:22.5177020Z  * [new branch]      kirb/break-stuff      -> origin/kirb/break-stuff
2026-08-31T03:33:22.5178270Z  * [new branch]      kirb/experimental/uikitformac-support -> origin/kirb/experimental/uikitformac-support
2026-08-31T03:33:22.5179670Z  * [new branch]      kirb/rootless         -> origin/kirb/rootless
2026-08-31T03:33:22.5180950Z  * [new branch]      kirb/unfinished/better-troubleshoot -> origin/kirb/unfinished/better-troubleshoot
2026-08-31T03:33:22.5182240Z  * [new branch]      legacy                -> origin/legacy
2026-08-31T03:33:22.5183180Z  * [new branch]      libhooker-rpaths      -> origin/libhooker-rpaths
2026-08-31T03:33:22.5184270Z  * [new branch]      orion                 -> origin/orion
2026-08-31T03:33:22.5185310Z  * [new branch]      orion-dev             -> origin/orion-dev
2026-08-31T03:33:22.5186400Z  * [new branch]      uroboro-minor-changes -> origin/uroboro-minor-changes
2026-08-31T03:33:22.5187300Z  * [new tag]         1.0.0                 -> 1.0.0
2026-08-31T03:33:22.5188010Z  * [new tag]         2.0.0                 -> 2.0.0
2026-08-31T03:33:22.5188700Z  * [new tag]         2.1.0                 -> 2.1.0
2026-08-31T03:33:22.5189370Z  * [new tag]         2.1.1                 -> 2.1.1
2026-08-31T03:33:22.5190030Z  * [new tag]         2.2                   -> 2.2
2026-08-31T03:33:22.5190890Z  * [new tag]         2.3                   -> 2.3
2026-08-31T03:33:22.5191670Z  * [new tag]         2.4                   -> 2.4
2026-08-31T03:33:22.5192360Z  * [new tag]         2.5                   -> 2.5
2026-08-31T03:33:22.7458730Z Fetching submodule vendor/dm.pl
2026-08-31T03:33:22.9958390Z Fetching submodule vendor/include
2026-08-31T03:33:23.2312060Z Fetching submodule vendor/logos
2026-08-31T03:33:23.2312380Z Fetching submodule vendor/lib
2026-08-31T03:33:23.3279710Z Fetching submodule vendor/swift-support
2026-08-31T03:33:23.3564680Z Fetching submodule vendor/nic
2026-08-31T03:33:23.3577600Z Fetching submodule vendor/orion
2026-08-31T03:33:24.3969810Z From https://github.com/theos/orion
2026-08-31T03:33:24.4033230Z  * branch            0031cd86865084f8e491182772a10e749cfc4e67 -> FETCH_HEAD
2026-08-31T03:33:24.4051840Z  * branch            06cb86f32e73e48241afa29df0861f55991cca61 -> FETCH_HEAD
2026-08-31T03:33:24.4057600Z  * branch            152dd53a25de653c4870a808ddfefb7e625b3294 -> FETCH_HEAD
2026-08-31T03:33:24.4059490Z  * branch            17357242fb4e60c60d3b86b260fba0a8b75cb11d -> FETCH_HEAD
2026-08-31T03:33:24.4060110Z  * branch            1cd69055ca503b2c6334f64211d3bc937fca4fc0 -> FETCH_HEAD
2026-08-31T03:33:24.4060780Z  * branch            225c463b57b268fcc02380c40356b585682bd67a -> FETCH_HEAD
2026-08-31T03:33:24.4061380Z  * branch            2e4d368231e88c797ab9879f8c018a50f4e25209 -> FETCH_HEAD
2026-08-31T03:33:24.4062520Z  * branch            335ba6eff3bedf06d2745aacca73cd9612dfa314 -> FETCH_HEAD
2026-08-31T03:33:24.4063310Z  * branch            3b7c6dc91fe5ede50c475f7f4f1a9c70ab5289db -> FETCH_HEAD
2026-08-31T03:33:24.4063940Z  * branch            3da7f4e5127e37e33fb6e4bc7de0e51768fbbc60 -> FETCH_HEAD
2026-08-31T03:33:24.4064540Z  * branch            42ea032b7ee01cea0121cbcecd47b998db3ce136 -> FETCH_HEAD
2026-08-31T03:33:24.4065420Z  * branch            485f5cc6f945035afc64027157e2f5cfa7c7059d -> FETCH_HEAD
2026-08-31T03:33:24.4066010Z  * branch            4a80d885e83a049b59cf90c81e40286eed160f08 -> FETCH_HEAD
2026-08-31T03:33:24.4066490Z  * branch            52c0c12b34fc358f04bc3052b82b72c2dfe2f42d -> FETCH_HEAD
2026-08-31T03:33:24.4067080Z  * branch            5a0bc2c9b87f2171b3c58bf3688cc89f39cfe4e7 -> FETCH_HEAD
2026-08-31T03:33:24.4067640Z  * branch            67b3c2a59e016a9951d471e7c9f1852203091753 -> FETCH_HEAD
2026-08-31T03:33:24.4068150Z  * branch            6f8ed1a59e70d7bf7dc5080ef7579ba2b9c975b0 -> FETCH_HEAD
2026-08-31T03:33:24.4068690Z  * branch            78df9785cc985260fb6eb2371876f5d8a3f180c8 -> FETCH_HEAD
2026-08-31T03:33:24.4069170Z  * branch            79b3835410a6f4be2c913334acb2b6a0055d3708 -> FETCH_HEAD
2026-08-31T03:33:24.4069630Z  * branch            9e7333bb9d529b4c41a43248fbdb5d2daf69cb0f -> FETCH_HEAD
2026-08-31T03:33:24.4070080Z  * branch            9eb6b9de83071ef7063c8d52545c87acd43e50ed -> FETCH_HEAD
2026-08-31T03:33:24.4070640Z  * branch            ae9fbf2f3a242506d79a49776f578f055a9ebf3c -> FETCH_HEAD
2026-08-31T03:33:24.4071180Z  * branch            b0349d6d540c956239148a95d05bea6dc559d8f7 -> FETCH_HEAD
2026-08-31T03:33:24.4071630Z  * branch            b4946bb467b450e04be7e25f8dcb5ed55349e2cc -> FETCH_HEAD
2026-08-31T03:33:24.4072110Z  * branch            b799eda1f1e86469db859df5384fb91094b52aed -> FETCH_HEAD
2026-08-31T03:33:24.4072820Z  * branch            b828e186278a3d29a5a10c5f3dea128e5d413a31 -> FETCH_HEAD
2026-08-31T03:33:24.4078830Z  * branch            cea8f533e199ba62cc543b9f44971bb295f9e8d2 -> FETCH_HEAD
2026-08-31T03:33:24.4079310Z  * branch            d4bc4a55170df50c137945923b381af13c1f7f34 -> FETCH_HEAD
2026-08-31T03:33:24.4079700Z  * branch            e37259fe10493ae95fa0d823b5f1469a26dc56db -> FETCH_HEAD
2026-08-31T03:33:24.4081970Z  * branch            e7a029a6bb37424cd9a4c474cb71d3f2a9071d66 -> FETCH_HEAD
2026-08-31T03:33:24.4082420Z  * branch            e8267b7324a2ff9e4a1d9ac0e618a1ee91573ec7 -> FETCH_HEAD
2026-08-31T03:33:24.5296630Z Fetching submodule vendor/orion/fishhook
2026-08-31T03:33:25.9451270Z From https://github.com/facebook/fishhook
2026-08-31T03:33:25.9463510Z  * branch            8ef82f0711494ecc78d16bf6ce76f5ad92e5f67b -> FETCH_HEAD
2026-08-31T03:33:25.9472870Z Fetching submodule vendor/templates
2026-08-31T03:33:25.9473340Z From https://github.com/theos/nic
2026-08-31T03:33:25.9473880Z  * branch            12db01f67994a232f8282f3ae0d0b61314ce0230 -> FETCH_HEAD
2026-08-31T03:33:25.9474510Z  * branch            1f2e89d4acb805a81503ac3ea4c7115ca55f75a1 -> FETCH_HEAD
2026-08-31T03:33:25.9474960Z  * branch            28d562c54f2d335a5f392191e7d2e8f08aca88fa -> FETCH_HEAD
2026-08-31T03:33:25.9475350Z  * branch            40464a39bfb31306521212936dbae3406ef4822c -> FETCH_HEAD
2026-08-31T03:33:25.9475750Z  * branch            6585e1e2d29bcd2452e14f8e92e62c76a1909554 -> FETCH_HEAD
2026-08-31T03:33:25.9476190Z  * branch            794d210f81198c6aef4f0ab8d04bd74ffe149f51 -> FETCH_HEAD
2026-08-31T03:33:25.9476720Z  * branch            8f065ac109706335661a6f8e9edfeacdbff0d80e -> FETCH_HEAD
2026-08-31T03:33:25.9477160Z  * branch            941bbf0173e3c9674331715f433c1ae6f9156362 -> FETCH_HEAD
2026-08-31T03:33:25.9477540Z  * branch            fd02465ca53cdb3bb07b4ff723c517e9a808641c -> FETCH_HEAD
2026-08-31T03:33:25.9477920Z  * branch            fe9f859d3aaba987ed19ef52dbfb57bc02a4973d -> FETCH_HEAD
2026-08-31T03:33:25.9478350Z From https://github.com/theos/swift-support
2026-08-31T03:33:25.9479320Z  * branch            0093a4ebcc9027c383c5d56d35a4d418d4592658 -> FETCH_HEAD
2026-08-31T03:33:25.9479690Z  * branch            019861f92a7ff16d422a63911e2313c877e1b828 -> FETCH_HEAD
2026-08-31T03:33:25.9480120Z  * branch            0205d5ab2d73fa52a1d9ff3eba0612c4e08c1003 -> FETCH_HEAD
2026-08-31T03:33:25.9480540Z  * branch            26d567b27545ed5830775ae8a487bdf4d67ff4b5 -> FETCH_HEAD
2026-08-31T03:33:25.9480900Z  * branch            2b9346b2e48a72e534d667cd45f83749ae278a15 -> FETCH_HEAD
2026-08-31T03:33:25.9481560Z  * branch            2ca7b66fc689058636242fe898b76df73e4d5609 -> FETCH_HEAD
2026-08-31T03:33:25.9481960Z  * branch            3b0005b557331b5df67913b98d003ec1e87d78bd -> FETCH_HEAD
2026-08-31T03:33:25.9482320Z  * branch            43055290ede755acbd186c398cae72dc4f12247d -> FETCH_HEAD
2026-08-31T03:33:25.9482700Z  * branch            5d427efa62c1bbb137e00e51f378d031b1d15699 -> FETCH_HEAD
2026-08-31T03:33:25.9483050Z  * branch            69b5d150a05272fc6273eaa3801c47d06d7f2813 -> FETCH_HEAD
2026-08-31T03:33:25.9483440Z  * branch            7ca75d0edc2ba7cc6f2928333d617292ac4683dd -> FETCH_HEAD
2026-08-31T03:33:25.9483830Z  * branch            86dd8e6a8dd9eac1195dbdacdc7e79a5c532d1f9 -> FETCH_HEAD
2026-08-31T03:33:25.9484210Z  * branch            b9b4ef3ed1d6a48b5e9e52db2eb27c5c9de35da9 -> FETCH_HEAD
2026-08-31T03:33:25.9484620Z  * branch            bb1ad344db2df5f099335cd6bff6045f71b8438c -> FETCH_HEAD
2026-08-31T03:33:25.9485010Z  * branch            c630ca8723ed631f896e10484934c336a26b83be -> FETCH_HEAD
2026-08-31T03:33:25.9485460Z  * branch            d9af6143ccc1bbd316b898def3fef732f87d9653 -> FETCH_HEAD
2026-08-31T03:33:25.9485860Z  * branch            fd6ff75bb620a4754f124381f0d7bce9bba79ca2 -> FETCH_HEAD
2026-08-31T03:33:25.9486240Z From https://github.com/theos/templates
2026-08-31T03:33:25.9486640Z  * branch            022f31fd3457c8a0c181cd23b59c2980ca4d36b2 -> FETCH_HEAD
2026-08-31T03:33:25.9487050Z  * branch            0886f5a8ebb6f0e142f9e9a8a8924370939d1146 -> FETCH_HEAD
2026-08-31T03:33:25.9487630Z  * branch            09894865a641bae0b67456a6df6475df8d8a6ac7 -> FETCH_HEAD
2026-08-31T03:33:25.9488020Z  * branch            11488a997e6dc1ac4a5ae8612ab46a6e45394709 -> FETCH_HEAD
2026-08-31T03:33:25.9488400Z  * branch            1576043fbcea15b79a9b7931d93266fc1aedbecc -> FETCH_HEAD
2026-08-31T03:33:25.9488790Z  * branch            300ee0f33196f55ec7a7bb02b05910974216b831 -> FETCH_HEAD
2026-08-31T03:33:25.9489240Z  * branch            349468fc3d8f84cd38080f80f99bfe49a1ddc162 -> FETCH_HEAD
2026-08-31T03:33:25.9489670Z  * branch            3a20da8b1c61ec888ae1a926af3065366094ee77 -> FETCH_HEAD
2026-08-31T03:33:25.9490070Z  * branch            49defb6d052709417bc61e4c0c8f732639b28c1e -> FETCH_HEAD
2026-08-31T03:33:25.9490550Z  * branch            4c75fa2361f67deb4fe6c554e010cb1aaa48ca3d -> FETCH_HEAD
2026-08-31T03:33:25.9491000Z  * branch            5917b9947fbb3099df3c48e1001a3d8b17a8e55a -> FETCH_HEAD
2026-08-31T03:33:25.9491430Z  * branch            645bcd195b44e076474e097990bea47bcb3ed772 -> FETCH_HEAD
2026-08-31T03:33:25.9491870Z  * branch            7d98646871281e5b71e280e8f80d3fc27b69aeef -> FETCH_HEAD
2026-08-31T03:33:25.9492330Z  * branch            7e6b80d6f98c8b1ad4ab05b2e8bc659741d26d02 -> FETCH_HEAD
2026-08-31T03:33:25.9492910Z  * branch            8af2906bf6f6dd13d97302405316bd8a5419a265 -> FETCH_HEAD
2026-08-31T03:33:25.9493340Z  * branch            8d1a9f5a42ae2a48435303ea8fb07c3c1ccbd9d2 -> FETCH_HEAD
2026-08-31T03:33:25.9493740Z  * branch            8d9599b9054c93319ed35b35b3a826e437931904 -> FETCH_HEAD
2026-08-31T03:33:25.9494260Z  * branch            a22176f8b1a1759fec55a3b62c8200cc751f1638 -> FETCH_HEAD
2026-08-31T03:33:25.9494720Z  * branch            b3afce164abdeda0c9b1aa69fdc2f9fec0673792 -> FETCH_HEAD
2026-08-31T03:33:25.9495100Z  * branch            b68586f216239fe73f74326b59b1e66cd0a1b664 -> FETCH_HEAD
2026-08-31T03:33:25.9495530Z  * branch            da6a60b1d3f6bf4b7398000448209cd505eb1a74 -> FETCH_HEAD
2026-08-31T03:33:25.9495940Z  * branch            e3c1d67b1e8faae69b37fb525bd7f2c435ef9dab -> FETCH_HEAD
2026-08-31T03:33:25.9496730Z  * branch            efc61c3afeee514482f1702ffd5f6c07d14ecd2e -> FETCH_HEAD
2026-08-31T03:33:25.9497220Z  * branch            f466826075cc2acbd755ca096f4fdf7a82a27922 -> FETCH_HEAD
2026-08-31T03:33:25.9497580Z From https://github.com/theos/lib
2026-08-31T03:33:25.9497910Z  * branch            013ea40121136f36ed67e6bd7dcc1b99613daa98 -> FETCH_HEAD
2026-08-31T03:33:25.9498380Z  * branch            07909619e8911d3ae14b07b9514a8209fe8e57cb -> FETCH_HEAD
2026-08-31T03:33:25.9498990Z  * branch            113e0cd132df53649a6bbee2572b2d39fd2beaa1 -> FETCH_HEAD
2026-08-31T03:33:25.9499520Z  * branch            1144e7b79effdcbdf3c0f2626bde3340365d6c41 -> FETCH_HEAD
2026-08-31T03:33:25.9499900Z  * branch            126a2dd4852ad435991bd8ac761ac56ec39869f2 -> FETCH_HEAD
2026-08-31T03:33:25.9500290Z  * branch            1397f8278d240a27482cbb94dda541ad9a57fd65 -> FETCH_HEAD
2026-08-31T03:33:25.9500650Z  * branch            18dbcbc41f9c95b8c7eaedc553fddfdd6201fd4b -> FETCH_HEAD
2026-08-31T03:33:25.9501140Z  * branch            194675ae21925e7e3efd71d0056222f79ea04aa7 -> FETCH_HEAD
2026-08-31T03:33:25.9501710Z  * branch            1eef222ea55cc5fb3b52435465b06f9b7d6dfba9 -> FETCH_HEAD
2026-08-31T03:33:25.9502150Z  * branch            2b6ab0c074c976d757dff0b4ecfc0efd0b5cdd1d -> FETCH_HEAD
2026-08-31T03:33:25.9502560Z  * branch            306eba89a20109cd37c878f008ef99c4eb8ae88d -> FETCH_HEAD
2026-08-31T03:33:25.9502990Z  * branch            34bb72035653a4abb6594be0a976cc766fcdc9c2 -> FETCH_HEAD
2026-08-31T03:33:25.9503370Z  * branch            3b9ec52b8d4150cfe372e946c7e18f4ea4cada66 -> FETCH_HEAD
2026-08-31T03:33:25.9503780Z  * branch            4047e8cd5e2fa602c6e38412dc7c197eacfbca50 -> FETCH_HEAD
2026-08-31T03:33:25.9504180Z  * branch            41b5b0d1ccdc483eb87b9c721e337c9f9548f456 -> FETCH_HEAD
2026-08-31T03:33:25.9504550Z  * branch            4648559115ed390c528d450c0d4b76689c579f2b -> FETCH_HEAD
2026-08-31T03:33:25.9504940Z  * branch            53ff05006e9a35c03787f05e3b4cdd44ff224452 -> FETCH_HEAD
2026-08-31T03:33:25.9505440Z  * branch            617dcfcbb6b7c28f9a565de872c8c993dbfe13ea -> FETCH_HEAD
2026-08-31T03:33:25.9505930Z  * branch            639633b40f1b3e0b9cedfad7ec1feab2e5432033 -> FETCH_HEAD
2026-08-31T03:33:25.9506350Z  * branch            6e3233aa73e67723cba49f89cabcfe3b2dca6ad9 -> FETCH_HEAD
2026-08-31T03:33:25.9506800Z  * branch            6e454510fa71fe6015f8e4febf44945308c014d3 -> FETCH_HEAD
2026-08-31T03:33:25.9507280Z  * branch            6e55e932c719f5ef42ac20e7e31d28169d5593fd -> FETCH_HEAD
2026-08-31T03:33:25.9508080Z  * branch            845205b1bafbb45a50fa4d5f3f29da097b433b7c -> FETCH_HEAD
2026-08-31T03:33:25.9508550Z  * branch            85494d2d30520edb9bbdf3c4066352811c8884d5 -> FETCH_HEAD
2026-08-31T03:33:25.9508990Z  * branch            8b7f487ee82d6a1357432ab2599f617ce8e5a82e -> FETCH_HEAD
2026-08-31T03:33:25.9509400Z  * branch            8df1bccbc66922d7b5d7b7c86d18dadc1d87ef91 -> FETCH_HEAD
2026-08-31T03:33:25.9509870Z  * branch            92f4e8ddb1a49654181f0414c3eff031cc876bcc -> FETCH_HEAD
2026-08-31T03:33:25.9510290Z  * branch            a27acf42f7d72eb8d7cf52ecf504d1d871155680 -> FETCH_HEAD
2026-08-31T03:33:25.9510770Z  * branch            b1d502cc632ec349f8e2b3df9d7630bad64fd25e -> FETCH_HEAD
2026-08-31T03:33:25.9511150Z  * branch            bc2fee541beb43e92db1c1558db3f34ec584efb8 -> FETCH_HEAD
2026-08-31T03:33:25.9511560Z  * branch            c15cf4f84cf4e8d294bac94aebf7ff0329e27f3f -> FETCH_HEAD
2026-08-31T03:33:25.9511950Z  * branch            c3b877651f50c4f683b9e02dc3e36dad551f5472 -> FETCH_HEAD
2026-08-31T03:33:25.9512340Z  * branch            cae351458c00f823d9ff9acb4695ce65d337671d -> FETCH_HEAD
2026-08-31T03:33:25.9512820Z  * branch            cd9b1d660c48529c9ae8a84becf5bcd147a350de -> FETCH_HEAD
2026-08-31T03:33:25.9513290Z  * branch            d4570cd03387bd9add3ba00449af11b49b1c8160 -> FETCH_HEAD
2026-08-31T03:33:25.9513760Z  * branch            df713f0dcd6efaa0ac9800844a895180ef74b483 -> FETCH_HEAD
2026-08-31T03:33:25.9514540Z  * branch            e66cb6851ea6d5b62898d322b02ce82def1148be -> FETCH_HEAD
2026-08-31T03:33:25.9514910Z  * branch            edb99bc316b019b8579103f189282bf10289e88a -> FETCH_HEAD
2026-08-31T03:33:25.9515410Z  * branch            eeaecc08b2ce111dd056fc2232c1a41be7091a7e -> FETCH_HEAD
2026-08-31T03:33:25.9515890Z  * branch            ef66c7316d186eddfdf4d0cb12a0a35cee41b3fe -> FETCH_HEAD
2026-08-31T03:33:25.9516400Z  * branch            f2a857a00e038df3a92a1c85d4e93b65a30cd7e9 -> FETCH_HEAD
2026-08-31T03:33:25.9516990Z  * branch            fd6b6e58b23b5b2f8f4e5c3757604a73bfdec7ea -> FETCH_HEAD
2026-08-31T03:33:25.9517430Z  * branch            ffeb5055506be882b0732f99673b9ff31795ba7b -> FETCH_HEAD
2026-08-31T03:33:25.9517920Z  * branch            ffec3480ec8016ebb9b13a09017807b62f5c9156 -> FETCH_HEAD
2026-08-31T03:33:25.9518490Z From https://github.com/theos/logos
2026-08-31T03:33:25.9518860Z  * branch            06726377b5603d03d7deb6c9bdd7b718ad1a63a4 -> FETCH_HEAD
2026-08-31T03:33:25.9519370Z  * branch            067802d95eb531006087d66f8a7b067e5d6bf237 -> FETCH_HEAD
2026-08-31T03:33:25.9519850Z  * branch            0aeaca09cb193a3fb9fb461ae972252585f5c0c8 -> FETCH_HEAD
2026-08-31T03:33:25.9520240Z  * branch            170f048edea7014debf8d628e7da495f5dbe4ea4 -> FETCH_HEAD
2026-08-31T03:33:25.9520630Z  * branch            197cb80c634a403bf812594f4adc9c7fc354271f -> FETCH_HEAD
2026-08-31T03:33:25.9521000Z  * branch            1fa39ebd22e4421eaa778e7dfb0f5d4b02c6f9f4 -> FETCH_HEAD
2026-08-31T03:33:25.9521390Z  * branch            404fed419a566c4d68fae1110a18fce63c85d619 -> FETCH_HEAD
2026-08-31T03:33:25.9521830Z  * branch            40ec61ef0d699ccd6b10dfd5511ede6213a9a278 -> FETCH_HEAD
2026-08-31T03:33:25.9522300Z  * branch            4f35cb65b1bc96ef1d7c9633ef0f6129f0e4036c -> FETCH_HEAD
2026-08-31T03:33:25.9522710Z  * branch            57c507eb9ef2da5765b1b7aab785c032b117d56a -> FETCH_HEAD
2026-08-31T03:33:25.9523220Z  * branch            5f1138cf79cc546e8cde64c93a1dab74b9918c3c -> FETCH_HEAD
2026-08-31T03:33:25.9523600Z  * branch            62814c1d7dbc9158a0f231ded9edc07f94debe23 -> FETCH_HEAD
2026-08-31T03:33:25.9523990Z  * branch            75623490073e68e457fe6680462d11c217d29341 -> FETCH_HEAD
2026-08-31T03:33:25.9524370Z  * branch            75b6c2e81c08c1efff4a4e558ce2e245a8956d10 -> FETCH_HEAD
2026-08-31T03:33:25.9524760Z  * branch            76488dfebd541dbd128994bc12c4647d8182c220 -> FETCH_HEAD
2026-08-31T03:33:25.9525150Z  * branch            7b81c55f97ac7dbd6696ebb4cb36b83900960964 -> FETCH_HEAD
2026-08-31T03:33:25.9525540Z  * branch            81cf08c23f886df2fb1db1d9ce9d87a2edadcceb -> FETCH_HEAD
2026-08-31T03:33:25.9525930Z  * branch            886885b273d38092687616c83ec5f452c3b2e965 -> FETCH_HEAD
2026-08-31T03:33:25.9526300Z  * branch            90051eb040590c25ea66f2dd886d72b8148e8801 -> FETCH_HEAD
2026-08-31T03:33:25.9526650Z  * branch            a54760ea60acf45fa48267b9fb344c0317d9351c -> FETCH_HEAD
2026-08-31T03:33:25.9527020Z  * branch            a733c99539ed9ef2a3914528d8c5522dc2396789 -> FETCH_HEAD
2026-08-31T03:33:25.9527400Z  * branch            ac2070c812f70579879a2b91ca77cb578c795c7b -> FETCH_HEAD
2026-08-31T03:33:25.9527770Z  * branch            c7d1cdbdc36880714dd9052d4f63f9c2a7bc102a -> FETCH_HEAD
2026-08-31T03:33:25.9528140Z  * branch            c920e6bb00854f6e2efe903def4aa87295d58627 -> FETCH_HEAD
2026-08-31T03:33:25.9528500Z  * branch            d57afb4417bca9198c5b165a7a4a07934add5c8b -> FETCH_HEAD
2026-08-31T03:33:25.9528920Z  * branch            e8a95e7ea3554d7ec2fabed3bb84d8e5b19898f4 -> FETCH_HEAD
2026-08-31T03:33:25.9529390Z  * branch            ecd39a797b2d17b6583b782fd661068b30eff61f -> FETCH_HEAD
2026-08-31T03:33:25.9529830Z  * branch            fd66169442a26c3609254a6f83ee383a154ddb8c -> FETCH_HEAD
2026-08-31T03:33:25.9530210Z From https://github.com/theos/dm.pl
2026-08-31T03:33:25.9530570Z  * branch            08d522b0b0723c2eff72505bf7cd9ae69614c0c0 -> FETCH_HEAD
2026-08-31T03:33:25.9530950Z  * branch            2f1417d7db30bba7ba58c4275e07b02521f52aa3 -> FETCH_HEAD
2026-08-31T03:33:25.9531580Z  * branch            34471b945dd5865544f0cf0c7d1a3151e6aa4c06 -> FETCH_HEAD
2026-08-31T03:33:25.9531940Z  * branch            3726df3e714e8189c23cb7e0c5505f0dbae2f88f -> FETCH_HEAD
2026-08-31T03:33:25.9532310Z  * branch            431955c2e5a2ca5e62ae773ef7036b1df14c80d7 -> FETCH_HEAD
2026-08-31T03:33:25.9532820Z  * branch            4699b543fdb9d3ebacde0b23db38322d27f20974 -> FETCH_HEAD
2026-08-31T03:33:25.9533250Z  * branch            4d3e455f632f77bbf500e03c3670b7cd951f546f -> FETCH_HEAD
2026-08-31T03:33:25.9533970Z  * branch            5b64eb9355f965f8ab0ffbe8c5ec92b0c8316432 -> FETCH_HEAD
2026-08-31T03:33:25.9534460Z  * branch            88d9005b0dbbfaf6d6e2f4948079e96c7b281957 -> FETCH_HEAD
2026-08-31T03:33:25.9534870Z  * branch            892a7c7266055a93013ab81002a8adcb578a2b25 -> FETCH_HEAD
2026-08-31T03:33:25.9535350Z  * branch            9462015e0f7e82f51b6df05bd223a484a6988042 -> FETCH_HEAD
2026-08-31T03:33:25.9535730Z  * branch            9723deb8b99cd7aa071ec1fad310df2ff80d1cf2 -> FETCH_HEAD
2026-08-31T03:33:25.9536270Z  * branch            af6fcc8ebfef5fc4c31d65b52556474409b2ed97 -> FETCH_HEAD
2026-08-31T03:33:25.9536790Z  * branch            b4f1d815d73a75edb5691ef0634e2264513a3ec8 -> FETCH_HEAD
2026-08-31T03:33:25.9546180Z  * branch            b77a3775a95b6929f5c2c44475eb1d0965e073f1 -> FETCH_HEAD
2026-08-31T03:33:25.9546640Z From https://github.com/theos/headers
2026-08-31T03:33:25.9546980Z  * branch            03c20cce033cfb9eafcb9ecf21c6eaaf0c26a7da -> FETCH_HEAD
2026-08-31T03:33:25.9547370Z  * branch            05405174749d912f7726121fcb5f27de73af0f08 -> FETCH_HEAD
2026-08-31T03:33:25.9547730Z  * branch            09a80f652d65b1caba560d8f50ad4c584d45d6a1 -> FETCH_HEAD
2026-08-31T03:33:25.9548170Z  * branch            0be47c237ef990d2d5c099e81d51f5c49cfe21ac -> FETCH_HEAD
2026-08-31T03:33:25.9548570Z  * branch            10c212801ce4ba99ff410b62637c7d50c3f6a37f -> FETCH_HEAD
2026-08-31T03:33:25.9548920Z  * branch            159a952c71bba3e7e3ae68b16d29c7fc549f5cdc -> FETCH_HEAD
2026-08-31T03:33:25.9549270Z  * branch            1bb142b515f5ff7c0b8e8f7ae173616e8cf2705e -> FETCH_HEAD
2026-08-31T03:33:25.9549620Z  * branch            1c6404be46f71071eb7d33b2ce30de30895bc2be -> FETCH_HEAD
2026-08-31T03:33:25.9549980Z  * branch            1c8c6efb030ff7221d97b8d4864847851aba9a67 -> FETCH_HEAD
2026-08-31T03:33:25.9550330Z  * branch            1fbaaf37d263538ee3e19aa2a78a2fd66f63b241 -> FETCH_HEAD
2026-08-31T03:33:25.9550720Z  * branch            27f17e2c2413d8f18d5d580f30bb0f67159d89be -> FETCH_HEAD
2026-08-31T03:33:25.9551120Z  * branch            28df0feeba0cdb768852e13920ad599c2375c96a -> FETCH_HEAD
2026-08-31T03:33:25.9551470Z  * branch            2c1421a4d6d24a9f930ad74924e628e95d383682 -> FETCH_HEAD
2026-08-31T03:33:25.9551880Z  * branch            30aabe179bb275646086a6249953a9f617395dcb -> FETCH_HEAD
2026-08-31T03:33:25.9552230Z  * branch            387230da73d43e19fff86a8b6cd5d3193ad99c9f -> FETCH_HEAD
2026-08-31T03:33:25.9552620Z  * branch            3998ff8c46acecb3c13dd8a65999111f41464357 -> FETCH_HEAD
2026-08-31T03:33:25.9553090Z  * branch            3ae47e085e9b4dc72613c99503f81f9d8ce093a6 -> FETCH_HEAD
2026-08-31T03:33:25.9553450Z  * branch            3d2c25b9f1202b5d97c374e64b719e7b2e565e8a -> FETCH_HEAD
2026-08-31T03:33:25.9553850Z  * branch            3f26abfa9d7f4d5c0185cf4c99e60086b9ad9ca9 -> FETCH_HEAD
2026-08-31T03:33:25.9554260Z  * branch            49424c3ed7e5545bd53c3250cea9fa45b2fabdd6 -> FETCH_HEAD
2026-08-31T03:33:25.9554620Z  * branch            4c7409e29260a7c47a27d52531a0ebc4bc034e72 -> FETCH_HEAD
2026-08-31T03:33:25.9554960Z  * branch            4daa96661264879b6545a14ac936bca51d8afd7f -> FETCH_HEAD
2026-08-31T03:33:25.9555310Z  * branch            521fa5563c7d6a6bf881d6cc7b36841c35e5e0d2 -> FETCH_HEAD
2026-08-31T03:33:25.9555660Z  * branch            55c97299b7064afd07f6acddeccb3154dd1ee69f -> FETCH_HEAD
2026-08-31T03:33:25.9556040Z  * branch            56bfc22d38c0cfbbbd9317ce9bf58e7915166c59 -> FETCH_HEAD
2026-08-31T03:33:25.9557280Z  * branch            5c13703c2c210a4347fc75dc87031e9cc597626d -> FETCH_HEAD
2026-08-31T03:33:25.9557700Z  * branch            609a308c1333ac3c409307fdd5ae2071981e4242 -> FETCH_HEAD
2026-08-31T03:33:25.9558060Z  * branch            64ba1fb3425ee69d568baa5bb59d22e8b04908af -> FETCH_HEAD
2026-08-31T03:33:25.9558420Z  * branch            6611d3b2c22527283cdcf81cb6c81327fbdcbaff -> FETCH_HEAD
2026-08-31T03:33:25.9558820Z  * branch            69fcaa7d2ecfbb6b2ecd38646f0ff3c9135cabc4 -> FETCH_HEAD
2026-08-31T03:33:25.9559450Z  * branch            6afc5085a16f51a36d0b49b45eaeeb09a13eb810 -> FETCH_HEAD
2026-08-31T03:33:25.9559830Z  * branch            6ee8506035aa5e48e76b423c89d66a4c7406e050 -> FETCH_HEAD
2026-08-31T03:33:25.9560190Z  * branch            6f59e8391b27b169067656601acbed30f4f205cc -> FETCH_HEAD
2026-08-31T03:33:25.9560550Z  * branch            77d639826e51e3f40517cfd96c616127a514e941 -> FETCH_HEAD
2026-08-31T03:33:25.9560980Z  * branch            79dd09fd14441e0e74394c5651de2a7ed0a60ffd -> FETCH_HEAD
2026-08-31T03:33:25.9561370Z  * branch            80bd5638d9e8e2437997f33f9f92f08f0e2705b7 -> FETCH_HEAD
2026-08-31T03:33:25.9561770Z  * branch            80da6b2d0bbe3806b9f6c8b6e43eca29c4c066d4 -> FETCH_HEAD
2026-08-31T03:33:25.9562110Z  * branch            819f49385304805f9a81e4210ae392c620505ea8 -> FETCH_HEAD
2026-08-31T03:33:25.9562450Z  * branch            85ffc75138a5fefce0b699b9e16fa514cb7ffc5c -> FETCH_HEAD
2026-08-31T03:33:25.9562800Z  * branch            889f159f6dd834ac35e193387b823539045cd374 -> FETCH_HEAD
2026-08-31T03:33:25.9563140Z  * branch            8fec425716958c1b709c0459d7f6762b73b2e291 -> FETCH_HEAD
2026-08-31T03:33:25.9563480Z  * branch            9220e3de07a7e24a50bf668796793d9bca5ad4c8 -> FETCH_HEAD
2026-08-31T03:33:25.9563890Z  * branch            9a50a89c6d0a92693427579dd0e4b46565d5d0de -> FETCH_HEAD
2026-08-31T03:33:25.9564270Z  * branch            9f00c9663aff892b512f87666dbfbf8fe4943e84 -> FETCH_HEAD
2026-08-31T03:33:25.9564620Z  * branch            a322ffce6b029caff5ce43e53678d276b2d86ff4 -> FETCH_HEAD
2026-08-31T03:33:25.9565360Z  * branch            aa509d29c41b7d27b201a9f477f0cb4e34dad108 -> FETCH_HEAD
2026-08-31T03:33:25.9565840Z  * branch            ad10b0115808b53cf825e034bc22d66af3481cfc -> FETCH_HEAD
2026-08-31T03:33:25.9566240Z  * branch            ad80ca22becd0748e1f11729b8f88d5c17206178 -> FETCH_HEAD
2026-08-31T03:33:25.9566610Z  * branch            b0b5198bc97bc56668f7fc071ae47a8a9f1e1b10 -> FETCH_HEAD
2026-08-31T03:33:25.9566970Z  * branch            b6ab96de6ba747eb7dd623d47c8865dd674f11fc -> FETCH_HEAD
2026-08-31T03:33:25.9567350Z  * branch            b875591e9b780872861d143cf973c142aace9bdb -> FETCH_HEAD
2026-08-31T03:33:25.9567720Z  * branch            bf8ff89cfa235410ac374e27fadee73982d44296 -> FETCH_HEAD
2026-08-31T03:33:25.9568070Z  * branch            c9f56473e9f2c7b72a2555963c49b7b7579acfbb -> FETCH_HEAD
2026-08-31T03:33:25.9568430Z  * branch            d09634a4dedb6be617f3b576102fc16b9403ba5e -> FETCH_HEAD
2026-08-31T03:33:25.9569030Z  * branch            e61600418fe6fe07f8e30c2c0d0c002ba31b99d1 -> FETCH_HEAD
2026-08-31T03:33:25.9570070Z  * branch            e8a358066f7426c285684aeaaff8ff23b3dd6b61 -> FETCH_HEAD
2026-08-31T03:33:25.9570530Z  * branch            ea1b95dba9530d2017907ec7542d309215d84e15 -> FETCH_HEAD
2026-08-31T03:33:25.9570990Z  * branch            ea969daefb5026b3aaed326b2db2fac80e410df0 -> FETCH_HEAD
2026-08-31T03:33:25.9571380Z  * branch            f3e596d896bae8f07c43cfb00ef55bf6224b4cdc -> FETCH_HEAD
2026-08-31T03:33:25.9571740Z  * branch            f3eef2127548c631b325a0b28c907cc59b1716ac -> FETCH_HEAD
2026-08-31T03:33:25.9572160Z  * branch            f82d323a5a50b4d6e3a21bce0aa20b0e531b118d -> FETCH_HEAD
2026-08-31T03:33:25.9630380Z Already up to date.
2026-08-31T03:33:26.1733360Z 
2026-08-31T03:33:26.1737090Z [0;36m==> [1;36mNotice:[m Visit https://github.com/theos/theos/commits/master to view recent changes.
2026-08-31T03:33:26.1748890Z ##[end-action id=__waruhachi_theos-action.__run_5;outcome=success;conclusion=success;duration_ms=5026]
2026-08-31T03:33:26.1824200Z ##[group]Run make clean package FINALPACKAGE=1 THEOS_PACKAGE_SCHEME=rootless
2026-08-31T03:33:26.1824810Z [36;1mmake clean package FINALPACKAGE=1 THEOS_PACKAGE_SCHEME=rootless[0m
2026-08-31T03:33:26.1865270Z shell: /bin/bash -e {0}
2026-08-31T03:33:26.1865470Z env:
2026-08-31T03:33:26.1865700Z   THEOS: /Users/runner/work/matisu-replica/matisu-replica/theos
2026-08-31T03:33:26.1865970Z ##[endgroup]
2026-08-31T03:33:34.9152220Z [0;36m==> [1;39mCleaning…[m
2026-08-31T03:33:35.1060610Z [1;31m> [1;3;39mMaking all for tweak MatisuAuto…[m
2026-08-31T03:33:37.4231820Z [0;31m==> [1;39mPreprocessing Tweak.xm…[m
2026-08-31T03:33:37.4282650Z [0;31m==> [1;39mPreprocessing Tweak.xm…[m
2026-08-31T03:33:39.2578280Z [0;32m==> [1;39mCompiling ../src/MatisuTouch.m (arm64)…[m
2026-08-31T03:33:39.2613060Z [0;32m==> [1;39mCompiling ../src/MatisuTouch.m (arm64e)…[m
2026-08-31T03:33:41.8075340Z [0;32m==> [1;39mCompiling Tweak.xm (arm64e)…[m
2026-08-31T03:33:41.8397130Z [0;32m==> [1;39mCompiling Tweak.xm (arm64)…[m
2026-08-31T03:33:42.4508620Z ld: warning: -undefined dynamic_lookup is deprecated on iOS
2026-08-31T03:33:42.4509170Z [0;33m==> [1;39mLinking tweak MatisuAuto (arm64)…[m
2026-08-31T03:33:42.4518550Z ld: warning: -multiply_defined is obsolete
2026-08-31T03:33:42.4519020Z [0;34m==> [1;39mGenerating debug symbols for MatisuAuto…[m
2026-08-31T03:33:42.4521440Z ld: warning: -undefined dynamic_lookup is deprecated on iOS
2026-08-31T03:33:42.4521840Z [0;34m==> [1;39mStripping MatisuAuto (arm64)…[m
2026-08-31T03:33:42.4549420Z ld: warning: -multiply_defined is obsolete
2026-08-31T03:33:42.4550820Z [0;33m==> [1;39mLinking tweak MatisuAuto (arm64e)…[m
2026-08-31T03:33:42.4552370Z [0;34m==> [1;39mGenerating debug symbols for MatisuAuto…[m
2026-08-31T03:33:42.4557630Z [0;34m==> [1;39mStripping MatisuAuto (arm64e)…[m
2026-08-31T03:33:42.4622450Z [0;34m==> [1;39mMerging tweak MatisuAuto…[m
2026-08-31T03:33:42.5124290Z [0;34m==> [1;39mSigning MatisuAuto…[m
2026-08-31T03:33:42.7599430Z [1;31m> [1;3;39mMaking stage for tweak MatisuAuto…[m
2026-08-31T03:33:44.2580370Z dm.pl: building package `com.matisu.auto:iphoneos-arm64' in `./packages/com.matisu.auto_0.1.0_iphoneos-arm64.deb'
2026-08-31T03:33:44.3145190Z ##[group]Run make clean
2026-08-31T03:33:44.3145450Z [36;1mmake clean[0m
2026-08-31T03:33:44.3145660Z [36;1mmake package FINALPACKAGE=1[0m
2026-08-31T03:33:44.3146080Z [36;1m# Theos only puts the compiled binary in .theos/obj/MatisuAuto.app.[0m
2026-08-31T03:33:44.3146560Z [36;1m# Assemble the full .app manually from the binary + source plist/entitlements[0m
2026-08-31T03:33:44.3147080Z [36;1m# so the tipa is always a valid, signed bundle (Info.plist + HID entitlements).[0m
2026-08-31T03:33:44.3147610Z [36;1mBIN=$(find .theos/obj/MatisuAuto.app -name MatisuAuto -type f 2>/dev/null | head -1)[0m
2026-08-31T03:33:44.3148050Z [36;1m[ -z "$BIN" ] && { echo "!! binary not built"; exit 1; }[0m
2026-08-31T03:33:44.3148330Z [36;1mrm -rf /tmp/tipa[0m
2026-08-31T03:33:44.3148610Z [36;1mmkdir -p /tmp/tipa/Payload/MatisuAuto.app[0m
2026-08-31T03:33:44.3148940Z [36;1mcp "$BIN" /tmp/tipa/Payload/MatisuAuto.app/MatisuAuto[0m
2026-08-31T03:33:44.3149410Z [36;1mcp Info.plist Entitlements.plist /tmp/tipa/Payload/MatisuAuto.app/[0m
2026-08-31T03:33:44.3149830Z [36;1mLDID="$THEOS/bin/ldid"; [ -x "$LDID" ] || LDID=$(command -v ldid || true)[0m
2026-08-31T03:33:44.3150170Z [36;1mif [ -n "$LDID" ]; then[0m
2026-08-31T03:33:44.3150590Z [36;1m  "$LDID" -SEntitlements.plist /tmp/tipa/Payload/MatisuAuto.app/MatisuAuto && echo "signed with ldid"[0m
2026-08-31T03:33:44.3150990Z [36;1melse[0m
2026-08-31T03:33:44.3151230Z [36;1m  echo "!! ldid not found; TrollStore will re-sign on install"[0m
2026-08-31T03:33:44.3151510Z [36;1mfi[0m
2026-08-31T03:33:44.3151690Z [36;1mecho "== tipa app contents =="[0m
2026-08-31T03:33:44.3151970Z [36;1mls -la /tmp/tipa/Payload/MatisuAuto.app[0m
2026-08-31T03:33:44.3152310Z [36;1mcd /tmp/tipa && zip -r "$GITHUB_WORKSPACE/matisu-auto.tipa" Payload[0m
2026-08-31T03:33:44.3153020Z [36;1mecho "tipa size: $(wc -c < $GITHUB_WORKSPACE/matisu-auto.tipa) bytes"[0m
2026-08-31T03:33:44.3188100Z shell: /bin/bash -e {0}
2026-08-31T03:33:44.3188380Z env:
2026-08-31T03:33:44.3188670Z   THEOS: /Users/runner/work/matisu-replica/matisu-replica/theos
2026-08-31T03:33:44.3189000Z ##[endgroup]
2026-08-31T03:33:45.1093150Z [0;36m==> [1;39mCleaning…[m
2026-08-31T03:33:46.0708540Z [1;31m> [1;3;39mMaking all for application MatisuAuto…[m
2026-08-31T03:33:49.4544790Z [0;32m==> [1;39mCompiling main.mm (arm64)…[m
2026-08-31T03:33:49.4847040Z [0;32m==> [1;39mCompiling main.mm (arm64e)…[m
2026-08-31T03:33:49.5670080Z [0;32m==> [1;39mCompiling TouchInject.mm (arm64e)…[m
2026-08-31T03:33:49.5885890Z [0;32m==> [1;39mCompiling AppDelegate.mm (arm64)…[m
2026-08-31T03:33:49.6704970Z [0;32m==> [1;39mCompiling TouchInject.mm (arm64)…[m
2026-08-31T03:33:49.6770890Z [0;32m==> [1;39mCompiling AppDelegate.mm (arm64e)…[m
2026-08-31T03:33:49.6780560Z In file included from ControlServer.mm:3:
2026-08-31T03:33:49.6781620Z [0;32m==> [1;39mCompiling ControlServer.mm (arm64e)…[m
2026-08-31T03:33:49.6785020Z [1m./ScreenShot.h:20:13: [0m[0;1;31merror: [0m[1mpointer is missing a nullability type specifier (_Nonnull, _Nullable, or _Null_unspecified) [-Werror,-Wnullability-completeness][0m
2026-08-31T03:33:49.6797990Z    20 | NSDictionary* MatisuScreenDiag(void);[0m
2026-08-31T03:33:49.6801820Z       | [0;1;32m            ^
2026-08-31T03:33:49.6802830Z [0m[1m./ScreenShot.h:20:13: [0m[0;1;36mnote: [0minsert '_Nullable' if the pointer may be null[0m
2026-08-31T03:33:49.6807070Z    20 | NSDictionary* MatisuScreenDiag(void);[0m
2026-08-31T03:33:49.6811000Z       | [0;1;32m            ^
2026-08-31T03:33:49.6827290Z [0m      | [0;32m              _Nullable
2026-08-31T03:33:49.6828980Z [0m[1m./ScreenShot.h:20:13: [0m[0;1;36mnote: [0minsert '_Nonnull' if the pointer should never be null[0m
2026-08-31T03:33:49.6839450Z    20 | NSDictionary* MatisuScreenDiag(void);[0m
2026-08-31T03:33:49.6852950Z       | [0;1;32m            ^
2026-08-31T03:33:49.6928840Z [0m      | [0;32m              _Nonnull
2026-08-31T03:33:49.6934170Z [0mIn file included from ControlServer.mm:4:
2026-08-31T03:33:49.6967970Z [1m./AXNodeDump.h:20:13: [0m[0;1;31merror: [0m[1mpointer is missing a nullability type specifier (_Nonnull, _Nullable, or _Null_unspecified) [-Werror,-Wnullability-completeness][0m
2026-08-31T03:33:49.6970330Z    20 | NSDictionary* MatisuAXDiag(void);[0m
2026-08-31T03:33:49.6971560Z       | [0;1;32m            ^
2026-08-31T03:33:49.6972180Z [0m[1m./AXNodeDump.h:20:13: [0m[0;1;36mnote: [0minsert '_Nullable' if the pointer may be null[0m
2026-08-31T03:33:49.6972810Z    20 | NSDictionary* MatisuAXDiag(void);[0m
2026-08-31T03:33:49.6973140Z       | [0;1;32m            ^
2026-08-31T03:33:49.6973430Z [0m      | [0;32m              _Nullable
2026-08-31T03:33:49.6974050Z [0m[1m./AXNodeDump.h:20:13: [0m[0;1;36mnote: [0minsert '_Nonnull' if the pointer should never be null[0m
2026-08-31T03:33:49.6974670Z    20 | NSDictionary* MatisuAXDiag(void);[0m
2026-08-31T03:33:49.6989970Z       | [0;1;32m            ^
2026-08-31T03:33:49.7083350Z [0m      | [0;32m              _Nonnull
2026-08-31T03:33:49.7136220Z [0m2 errors generated.
2026-08-31T03:33:49.7261930Z make[3]: *** [/Users/runner/work/matisu-replica/matisu-replica/theos/makefiles/instance/rules.mk:312: /Users/runner/work/matisu-replica/matisu-replica/ios/app/.theos/obj/arm64e/ControlServer.mm.3510d680.o] Error 1
2026-08-31T03:33:49.7364160Z make[3]: *** Waiting for unfinished jobs....
2026-08-31T03:33:49.7589930Z In file included from ControlServer.mm:3:
2026-08-31T03:33:49.7590430Z [0;32m==> [1;39mCompiling ControlServer.mm (arm64)…[m
2026-08-31T03:33:49.7605440Z [1m./ScreenShot.h:20:13: [0m[0;1;31merror: [0m[1mpointer is missing a nullability type specifier (_Nonnull, _Nullable, or _Null_unspecified) [-Werror,-Wnullability-completeness][0m
2026-08-31T03:33:49.7606710Z    20 | NSDictionary* MatisuScreenDiag(void);[0m
2026-08-31T03:33:49.7607050Z       | [0;1;32m            ^
2026-08-31T03:33:49.7607510Z [0m[1m./ScreenShot.h:20:13: [0m[0;1;36mnote: [0minsert '_Nullable' if the pointer may be null[0m
2026-08-31T03:33:49.7608010Z    20 | NSDictionary* MatisuScreenDiag(void);[0m
2026-08-31T03:33:49.7608320Z       | [0;1;32m            ^
2026-08-31T03:33:49.7608620Z [0m      | [0;32m              _Nullable
2026-08-31T03:33:49.7609110Z [0m[1m./ScreenShot.h:20:13: [0m[0;1;36mnote: [0minsert '_Nonnull' if the pointer should never be null[0m
2026-08-31T03:33:49.7609580Z    20 | NSDictionary* MatisuScreenDiag(void);[0m
2026-08-31T03:33:49.7609910Z       | [0;1;32m            ^
2026-08-31T03:33:49.7610190Z [0m      | [0;32m              _Nonnull
2026-08-31T03:33:49.7610500Z [0mIn file included from ControlServer.mm:4:
2026-08-31T03:33:49.7611250Z [1m./AXNodeDump.h:20:13: [0m[0;1;31merror: [0m[1mpointer is missing a nullability type specifier (_Nonnull, _Nullable, or _Null_unspecified) [-Werror,-Wnullability-completeness][0m
2026-08-31T03:33:49.7612430Z    20 | NSDictionary* MatisuAXDiag(void);[0m
2026-08-31T03:33:49.7612790Z       | [0;1;32m            ^
2026-08-31T03:33:49.7613270Z [0m[1m./AXNodeDump.h:20:13: [0m[0;1;36mnote: [0minsert '_Nullable' if the pointer may be null[0m
2026-08-31T03:33:49.7613760Z    20 | NSDictionary* MatisuAXDiag(void);[0m
2026-08-31T03:33:49.7614160Z       | [0;1;32m            ^
2026-08-31T03:33:49.7614470Z [0m      | [0;32m              _Nullable
2026-08-31T03:33:49.7614970Z [0m[1m./AXNodeDump.h:20:13: [0m[0;1;36mnote: [0minsert '_Nonnull' if the pointer should never be null[0m
2026-08-31T03:33:49.7615460Z    20 | NSDictionary* MatisuAXDiag(void);[0m
2026-08-31T03:33:49.7615760Z       | [0;1;32m            ^
2026-08-31T03:33:49.7616030Z [0m      | [0;32m              _Nonnull
2026-08-31T03:33:49.7616340Z [0m2 errors generated.
2026-08-31T03:33:49.7617070Z make[3]: *** [/Users/runner/work/matisu-replica/matisu-replica/theos/makefiles/instance/rules.mk:313: /Users/runner/work/matisu-replica/matisu-replica/ios/app/.theos/obj/arm64/ControlServer.mm.bcd70028.o] Error 1
2026-08-31T03:33:49.7618180Z make[3]: *** Waiting for unfinished jobs....
2026-08-31T03:33:51.2904660Z In file included from ScreenShot.m:1:
2026-08-31T03:33:51.2905170Z [0;32m==> [1;39mCompiling ScreenShot.m (arm64)…[m
2026-08-31T03:33:51.2907690Z [1m./ScreenShot.h:20:13: [0m[0;1;31merror: [0m[1mpointer is missing a nullability type specifier (_Nonnull, _Nullable, or _Null_unspecified) [-Werror,-Wnullability-completeness][0m
2026-08-31T03:33:51.2908420Z    20 | NSDictionary* MatisuScreenDiag(void);[0m
2026-08-31T03:33:51.2908740Z       | [0;1;32m            ^
2026-08-31T03:33:51.2909180Z [0m[1m./ScreenShot.h:20:13: [0m[0;1;36mnote: [0minsert '_Nullable' if the pointer may be null[0m
2026-08-31T03:33:51.2909630Z    20 | NSDictionary* MatisuScreenDiag(void);[0m
2026-08-31T03:33:51.2910440Z       | [0;1;32m            ^
2026-08-31T03:33:51.2910790Z [0m      | [0;32m              _Nullable
2026-08-31T03:33:51.2911280Z [0m[1m./ScreenShot.h:20:13: [0m[0;1;36mnote: [0minsert '_Nonnull' if the pointer should never be null[0m
2026-08-31T03:33:51.2911740Z    20 | NSDictionary* MatisuScreenDiag(void);[0m
2026-08-31T03:33:51.2912010Z       | [0;1;32m            ^
2026-08-31T03:33:51.2912250Z [0m      | [0;32m              _Nonnull
2026-08-31T03:33:51.2912490Z [0m1 error generated.
2026-08-31T03:33:51.2913170Z make[3]: *** [/Users/runner/work/matisu-replica/matisu-replica/theos/makefiles/instance/rules.mk:305: /Users/runner/work/matisu-replica/matisu-replica/ios/app/.theos/obj/arm64/ScreenShot.m.bcd70028.o] Error 1
2026-08-31T03:33:51.2914490Z make[2]: *** [/Users/runner/work/matisu-replica/matisu-replica/theos/makefiles/instance/application.mk:50: /Users/runner/work/matisu-replica/matisu-replica/ios/app/.theos/obj/arm64/MatisuAuto.app/MatisuAuto] Error 2
2026-08-31T03:33:51.2915230Z make[2]: *** Waiting for unfinished jobs....
2026-08-31T03:33:51.2960530Z In file included from ScreenShot.m:1:
2026-08-31T03:33:51.2960960Z [0;32m==> [1;39mCompiling ScreenShot.m (arm64e)…[m
2026-08-31T03:33:51.2968270Z [1m./ScreenShot.h:20:13: [0m[0;1;31merror: [0m[1mpointer is missing a nullability type specifier (_Nonnull, _Nullable, or _Null_unspecified) [-Werror,-Wnullability-completeness][0m
2026-08-31T03:33:51.2969100Z    20 | NSDictionary* MatisuScreenDiag(void);[0m
2026-08-31T03:33:51.2970330Z       | [0;1;32m            ^
2026-08-31T03:33:51.2970840Z [0m[1m./ScreenShot.h:20:13: [0m[0;1;36mnote: [0minsert '_Nullable' if the pointer may be null[0m
2026-08-31T03:33:51.2971360Z    20 | NSDictionary* MatisuScreenDiag(void);[0m
2026-08-31T03:33:51.2971730Z       | [0;1;32m            ^
2026-08-31T03:33:51.2972670Z [0m      | [0;32m              _Nullable
2026-08-31T03:33:51.2973200Z [0m[1m./ScreenShot.h:20:13: [0m[0;1;36mnote: [0minsert '_Nonnull' if the pointer should never be null[0m
2026-08-31T03:33:51.2973750Z    20 | NSDictionary* MatisuScreenDiag(void);[0m
2026-08-31T03:33:51.2974290Z       | [0;1;32m            ^
2026-08-31T03:33:51.2974620Z [0m      | [0;32m              _Nonnull
2026-08-31T03:33:51.2974930Z [0m1 error generated.
2026-08-31T03:33:51.2975730Z make[3]: *** [/Users/runner/work/matisu-replica/matisu-replica/theos/makefiles/instance/rules.mk:305: /Users/runner/work/matisu-replica/matisu-replica/ios/app/.theos/obj/arm64e/ScreenShot.m.3510d680.o] Error 1
2026-08-31T03:33:51.2990850Z make[2]: *** [/Users/runner/work/matisu-replica/matisu-replica/theos/makefiles/instance/application.mk:50: /Users/runner/work/matisu-replica/matisu-replica/ios/app/.theos/obj/arm64e/MatisuAuto.app/MatisuAuto] Error 2
2026-08-31T03:33:51.2999400Z make[1]: *** [/Users/runner/work/matisu-replica/matisu-replica/theos/makefiles/instance/application.mk:41: internal-application-all_] Error 2
2026-08-31T03:33:51.3004880Z make: *** [/Users/runner/work/matisu-replica/matisu-replica/theos/makefiles/master/rules.mk:146: MatisuAuto.all.application.variables] Error 2
2026-08-31T03:33:51.3020960Z ##[error]Process completed with exit code 2.
2026-08-31T03:33:51.3189470Z Post job cleanup.
2026-08-31T03:33:51.3193530Z ##[start-action display=Theos Cache;id=__966a1564-fc38-4342-9e0e-19ddd89ead52.theos-cache]
2026-08-31T03:33:51.3195450Z ##[end-action id=__966a1564-fc38-4342-9e0e-19ddd89ead52.theos-cache;outcome=skipped;conclusion=skipped;duration_ms=0]
2026-08-31T03:33:51.3264500Z Node 20 is being deprecated. This workflow is running with Node 24 by default. If you need to temporarily use Node 20, you can set the ACTIONS_ALLOW_USE_UNSECURE_NODE_VERSION=true environment variable. For more information see: https://github.blog/changelog/2025-09-19-deprecation-of-node-20-on-github-actions-runners/
2026-08-31T03:33:51.3265490Z Post job cleanup.
2026-08-31T03:33:51.4607950Z [command]/opt/homebrew/bin/git version
2026-08-31T03:33:51.4686140Z git version 2.55.0
2026-08-31T03:33:51.4708110Z Copying '/Users/runner/.gitconfig' to '/Users/runner/work/_temp/3640ae27-e70d-4a5a-842d-28289e22ab79/.gitconfig'
2026-08-31T03:33:51.4723550Z Temporarily overriding HOME='/Users/runner/work/_temp/3640ae27-e70d-4a5a-842d-28289e22ab79' before making global git config changes
2026-08-31T03:33:51.4725950Z Adding repository directory to the temporary git global config as a safe directory
2026-08-31T03:33:51.4728160Z [command]/opt/homebrew/bin/git config --global --add safe.directory /Users/runner/work/matisu-replica/matisu-replica
2026-08-31T03:33:51.4810330Z [command]/opt/homebrew/bin/git config --local --name-only --get-regexp core\.sshCommand
2026-08-31T03:33:51.4886050Z [command]/opt/homebrew/bin/git submodule foreach --recursive sh -c "git config --local --name-only --get-regexp 'core\.sshCommand' && git config --local --unset-all 'core.sshCommand' || :"
2026-08-31T03:33:51.5838230Z [command]/opt/homebrew/bin/git config --local --name-only --get-regexp http\.https\:\/\/github\.com\/\.extraheader
2026-08-31T03:33:51.5902550Z http.https://github.com/.extraheader
2026-08-31T03:33:51.5918670Z [command]/opt/homebrew/bin/git config --local --unset-all http.https://github.com/.extraheader
2026-08-31T03:33:51.5996530Z [command]/opt/homebrew/bin/git submodule foreach --recursive sh -c "git config --local --name-only --get-regexp 'http\.https\:\/\/github\.com\/\.extraheader' && git config --local --unset-all 'http.https://github.com/.extraheader' || :"
2026-08-31T03:33:51.7010440Z [command]/opt/homebrew/bin/git config --local --name-only --get-regexp ^includeIf\.gitdir:
2026-08-31T03:33:51.7388110Z [command]/opt/homebrew/bin/git submodule foreach --recursive git config --local --show-origin --name-only --get-regexp remote.origin.url
2026-08-31T03:33:51.9418830Z Cleaning up orphan processes
2026-08-31T03:33:52.9212850Z ##[warning]Node.js 20 is deprecated. The following actions target Node.js 20 but are being forced to run on Node.js 24: actions/cache@v4, actions/checkout@v4. For more information see: https://github.blog/changelog/2025-09-19-deprecation-of-node-20-on-github-actions-runners/
